CRITICAL - 2026-02-10 11:54:13 --> Undefined variable $porSupervisor
in APPPATH\Views\dashboard.php on line 360.
 1 APPPATH\Views\dashboard.php(360): CodeIgniter\Debug\Exceptions->errorHandler(2, 'Undefined variable $porSupervisor', 'C:\\xampp\\htdocs\\web.local\\app\\Views\\dashboard.php', 360)
 2 SYSTEMPATH\View\View.php(224): include('C:\\xampp\\htdocs\\web.local\\app\\Views\\dashboard.php')
 3 SYSTEMPATH\View\View.php(227): CodeIgniter\View\View->CodeIgniter\View\{closure}()
 4 SYSTEMPATH\Common.php(1180): CodeIgniter\View\View->render('dashboard', [], true)
 5 APPPATH\Controllers\Dashboard.php(74): view('dashboard', [...])
 6 SYSTEMPATH\CodeIgniter.php(932): App\Controllers\Dashboard->index()
 7 SYSTEMPATH\CodeIgniter.php(497): CodeIgniter\CodeIgniter->runController(Object(App\Controllers\Dashboard))
 8 SYSTEMPATH\CodeIgniter.php(366): CodeIgniter\CodeIgniter->handleRequest(null, Object(Config\Cache), false)
 9 FCPATH\index.php(67): CodeIgniter\CodeIgniter->run()
CRITICAL - 2026-02-10 11:54:52 --> Undefined variable $porSupervisor
in APPPATH\Views\dashboard.php on line 360.
 1 APPPATH\Views\dashboard.php(360): CodeIgniter\Debug\Exceptions->errorHandler(2, 'Undefined variable $porSupervisor', 'C:\\xampp\\htdocs\\web.local\\app\\Views\\dashboard.php', 360)
 2 SYSTEMPATH\View\View.php(224): include('C:\\xampp\\htdocs\\web.local\\app\\Views\\dashboard.php')
 3 SYSTEMPATH\View\View.php(227): CodeIgniter\View\View->CodeIgniter\View\{closure}()
 4 SYSTEMPATH\Common.php(1180): CodeIgniter\View\View->render('dashboard', [], true)
 5 APPPATH\Controllers\Dashboard.php(74): view('dashboard', [...])
 6 SYSTEMPATH\CodeIgniter.php(932): App\Controllers\Dashboard->index()
 7 SYSTEMPATH\CodeIgniter.php(497): CodeIgniter\CodeIgniter->runController(Object(App\Controllers\Dashboard))
 8 SYSTEMPATH\CodeIgniter.php(366): CodeIgniter\CodeIgniter->handleRequest(null, Object(Config\Cache), false)
 9 FCPATH\index.php(67): CodeIgniter\CodeIgniter->run()
CRITICAL - 2026-02-10 12:47:53 --> Class "App\Controllers\VisitasGabModel" not found
in APPPATH\Controllers\Visita.php on line 35.
 1 SYSTEMPATH\CodeIgniter.php(932): App\Controllers\Visita->cadastrar()
 2 SYSTEMPATH\CodeIgniter.php(497): CodeIgniter\CodeIgniter->runController(Object(App\Controllers\Visita))
 3 SYSTEMPATH\CodeIgniter.php(366): CodeIgniter\CodeIgniter->handleRequest(null, Object(Config\Cache), false)
 4 FCPATH\index.php(67): CodeIgniter\CodeIgniter->run()
INFO - 2026-02-10 12:54:21 --> Session: Class initialized using 'CodeIgniter\Session\Handlers\FileHandler' driver.
INFO - 2026-02-10 12:55:23 --> Session: Class initialized using 'CodeIgniter\Session\Handlers\FileHandler' driver.
CRITICAL - 2026-02-10 13:27:56 --> Undefined array key "TermoId"
in APPPATH\Views\termogab.php on line 250.
 1 APPPATH\Views\termogab.php(250): CodeIgniter\Debug\Exceptions->errorHandler(2, 'Undefined array key "TermoId"', 'C:\\xampp\\htdocs\\web.local\\app\\Views\\termogab.php', 250)
 2 SYSTEMPATH\View\View.php(224): include('C:\\xampp\\htdocs\\web.local\\app\\Views\\termogab.php')
 3 SYSTEMPATH\View\View.php(227): CodeIgniter\View\View->CodeIgniter\View\{closure}()
 4 SYSTEMPATH\Common.php(1180): CodeIgniter\View\View->render('termogab', [], true)
 5 APPPATH\Controllers\Termogab.php(45): view('termogab', [...])
 6 SYSTEMPATH\CodeIgniter.php(932): App\Controllers\Termogab->termogab()
 7 SYSTEMPATH\CodeIgniter.php(497): CodeIgniter\CodeIgniter->runController(Object(App\Controllers\Termogab))
 8 SYSTEMPATH\CodeIgniter.php(366): CodeIgniter\CodeIgniter->handleRequest(null, Object(Config\Cache), false)
 9 FCPATH\index.php(67): CodeIgniter\CodeIgniter->run()
CRITICAL - 2026-02-10 13:29:31 --> Undefined variable $visitaModel
in APPPATH\Views\termogab.php on line 248.
 1 APPPATH\Views\termogab.php(248): CodeIgniter\Debug\Exceptions->errorHandler(2, 'Undefined variable $visitaModel', 'C:\\xampp\\htdocs\\web.local\\app\\Views\\termogab.php', 248)
 2 SYSTEMPATH\View\View.php(224): include('C:\\xampp\\htdocs\\web.local\\app\\Views\\termogab.php')
 3 SYSTEMPATH\View\View.php(227): CodeIgniter\View\View->CodeIgniter\View\{closure}()
 4 SYSTEMPATH\Common.php(1180): CodeIgniter\View\View->render('termogab', [], true)
 5 APPPATH\Controllers\Termogab.php(45): view('termogab', [...])
 6 SYSTEMPATH\CodeIgniter.php(932): App\Controllers\Termogab->termogab()
 7 SYSTEMPATH\CodeIgniter.php(497): CodeIgniter\CodeIgniter->runController(Object(App\Controllers\Termogab))
 8 SYSTEMPATH\CodeIgniter.php(366): CodeIgniter\CodeIgniter->handleRequest(null, Object(Config\Cache), false)
 9 FCPATH\index.php(67): CodeIgniter\CodeIgniter->run()
CRITICAL - 2026-02-10 13:29:45 --> Undefined array key "TermoId"
in APPPATH\Views\termogab.php on line 250.
 1 APPPATH\Views\termogab.php(250): CodeIgniter\Debug\Exceptions->errorHandler(2, 'Undefined array key "TermoId"', 'C:\\xampp\\htdocs\\web.local\\app\\Views\\termogab.php', 250)
 2 SYSTEMPATH\View\View.php(224): include('C:\\xampp\\htdocs\\web.local\\app\\Views\\termogab.php')
 3 SYSTEMPATH\View\View.php(227): CodeIgniter\View\View->CodeIgniter\View\{closure}()
 4 SYSTEMPATH\Common.php(1180): CodeIgniter\View\View->render('termogab', [], true)
 5 APPPATH\Controllers\Termogab.php(45): view('termogab', [...])
 6 SYSTEMPATH\CodeIgniter.php(932): App\Controllers\Termogab->termogab()
 7 SYSTEMPATH\CodeIgniter.php(497): CodeIgniter\CodeIgniter->runController(Object(App\Controllers\Termogab))
 8 SYSTEMPATH\CodeIgniter.php(366): CodeIgniter\CodeIgniter->handleRequest(null, Object(Config\Cache), false)
 9 FCPATH\index.php(67): CodeIgniter\CodeIgniter->run()
CRITICAL - 2026-02-10 13:30:40 --> Undefined array key "Rede"
in APPPATH\Views\termogab.php on line 253.
 1 APPPATH\Views\termogab.php(253): CodeIgniter\Debug\Exceptions->errorHandler(2, 'Undefined array key "Rede"', 'C:\\xampp\\htdocs\\web.local\\app\\Views\\termogab.php', 253)
 2 SYSTEMPATH\View\View.php(224): include('C:\\xampp\\htdocs\\web.local\\app\\Views\\termogab.php')
 3 SYSTEMPATH\View\View.php(227): CodeIgniter\View\View->CodeIgniter\View\{closure}()
 4 SYSTEMPATH\Common.php(1180): CodeIgniter\View\View->render('termogab', [], true)
 5 APPPATH\Controllers\Termogab.php(45): view('termogab', [...])
 6 SYSTEMPATH\CodeIgniter.php(932): App\Controllers\Termogab->termogab()
 7 SYSTEMPATH\CodeIgniter.php(497): CodeIgniter\CodeIgniter->runController(Object(App\Controllers\Termogab))
 8 SYSTEMPATH\CodeIgniter.php(366): CodeIgniter\CodeIgniter->handleRequest(null, Object(Config\Cache), false)
 9 FCPATH\index.php(67): CodeIgniter\CodeIgniter->run()
CRITICAL - 2026-02-10 13:30:53 --> Undefined array key "TermoId"
in APPPATH\Views\termogab.php on line 259.
 1 APPPATH\Views\termogab.php(259): CodeIgniter\Debug\Exceptions->errorHandler(2, 'Undefined array key "TermoId"', 'C:\\xampp\\htdocs\\web.local\\app\\Views\\termogab.php', 259)
 2 SYSTEMPATH\View\View.php(224): include('C:\\xampp\\htdocs\\web.local\\app\\Views\\termogab.php')
 3 SYSTEMPATH\View\View.php(227): CodeIgniter\View\View->CodeIgniter\View\{closure}()
 4 SYSTEMPATH\Common.php(1180): CodeIgniter\View\View->render('termogab', [], true)
 5 APPPATH\Controllers\Termogab.php(45): view('termogab', [...])
 6 SYSTEMPATH\CodeIgniter.php(932): App\Controllers\Termogab->termogab()
 7 SYSTEMPATH\CodeIgniter.php(497): CodeIgniter\CodeIgniter->runController(Object(App\Controllers\Termogab))
 8 SYSTEMPATH\CodeIgniter.php(366): CodeIgniter\CodeIgniter->handleRequest(null, Object(Config\Cache), false)
 9 FCPATH\index.php(67): CodeIgniter\CodeIgniter->run()
CRITICAL - 2026-02-10 13:31:04 --> Undefined array key "TermoId"
in APPPATH\Views\termogab.php on line 259.
 1 APPPATH\Views\termogab.php(259): CodeIgniter\Debug\Exceptions->errorHandler(2, 'Undefined array key "TermoId"', 'C:\\xampp\\htdocs\\web.local\\app\\Views\\termogab.php', 259)
 2 SYSTEMPATH\View\View.php(224): include('C:\\xampp\\htdocs\\web.local\\app\\Views\\termogab.php')
 3 SYSTEMPATH\View\View.php(227): CodeIgniter\View\View->CodeIgniter\View\{closure}()
 4 SYSTEMPATH\Common.php(1180): CodeIgniter\View\View->render('termogab', [], true)
 5 APPPATH\Controllers\Termogab.php(45): view('termogab', [...])
 6 SYSTEMPATH\CodeIgniter.php(932): App\Controllers\Termogab->termogab()
 7 SYSTEMPATH\CodeIgniter.php(497): CodeIgniter\CodeIgniter->runController(Object(App\Controllers\Termogab))
 8 SYSTEMPATH\CodeIgniter.php(366): CodeIgniter\CodeIgniter->handleRequest(null, Object(Config\Cache), false)
 9 FCPATH\index.php(67): CodeIgniter\CodeIgniter->run()
INFO - 2026-02-10 14:02:35 --> Session: Class initialized using 'CodeIgniter\Session\Handlers\FileHandler' driver.
INFO - 2026-02-10 14:03:20 --> Session: Class initialized using 'CodeIgniter\Session\Handlers\FileHandler' driver.
CRITICAL - 2026-02-10 14:32:35 --> Class "App\Models\BancogabModel" not found
in APPPATH\Controllers\Bancogab.php on line 13.
 1 SYSTEMPATH\CodeIgniter.php(932): App\Controllers\Bancogab->Bancogab()
 2 SYSTEMPATH\CodeIgniter.php(497): CodeIgniter\CodeIgniter->runController(Object(App\Controllers\Bancogab))
 3 SYSTEMPATH\CodeIgniter.php(366): CodeIgniter\CodeIgniter->handleRequest(null, Object(Config\Cache), false)
 4 FCPATH\index.php(67): CodeIgniter\CodeIgniter->run()
