CRITICAL - 2026-07-27 13:17:36 --> Undefined array key "id_equipamento"
in APPPATH\Views\emprestimoequi.php on line 293.
 1 APPPATH\Views\emprestimoequi.php(293): CodeIgniter\Debug\Exceptions->errorHandler(2, 'Undefined array key "id_equipamento"', 'C:\\xampp\\htdocs\\web.local\\app\\Views\\emprestimoequi.php', 293)
 2 SYSTEMPATH\View\View.php(224): include('C:\\xampp\\htdocs\\web.local\\app\\Views\\emprestimoequi.php')
 3 SYSTEMPATH\View\View.php(227): CodeIgniter\View\View->CodeIgniter\View\{closure}()
 4 SYSTEMPATH\Common.php(1180): CodeIgniter\View\View->render('emprestimoequi', [], true)
 5 APPPATH\Controllers\Emprestimoequi.php(33): view('emprestimoequi', [...])
 6 SYSTEMPATH\CodeIgniter.php(932): App\Controllers\Emprestimoequi->index()
 7 SYSTEMPATH\CodeIgniter.php(497): CodeIgniter\CodeIgniter->runController(Object(App\Controllers\Emprestimoequi))
 8 SYSTEMPATH\CodeIgniter.php(366): CodeIgniter\CodeIgniter->handleRequest(null, Object(Config\Cache), false)
 9 FCPATH\index.php(67): CodeIgniter\CodeIgniter->run()
CRITICAL - 2026-07-27 13:19:30 --> Undefined array key "id_equipamento"
in APPPATH\Views\emprestimoequi.php on line 293.
 1 APPPATH\Views\emprestimoequi.php(293): CodeIgniter\Debug\Exceptions->errorHandler(2, 'Undefined array key "id_equipamento"', 'C:\\xampp\\htdocs\\web.local\\app\\Views\\emprestimoequi.php', 293)
 2 SYSTEMPATH\View\View.php(224): include('C:\\xampp\\htdocs\\web.local\\app\\Views\\emprestimoequi.php')
 3 SYSTEMPATH\View\View.php(227): CodeIgniter\View\View->CodeIgniter\View\{closure}()
 4 SYSTEMPATH\Common.php(1180): CodeIgniter\View\View->render('emprestimoequi', [], true)
 5 APPPATH\Controllers\Emprestimoequi.php(33): view('emprestimoequi', [...])
 6 SYSTEMPATH\CodeIgniter.php(932): App\Controllers\Emprestimoequi->index()
 7 SYSTEMPATH\CodeIgniter.php(497): CodeIgniter\CodeIgniter->runController(Object(App\Controllers\Emprestimoequi))
 8 SYSTEMPATH\CodeIgniter.php(366): CodeIgniter\CodeIgniter->handleRequest(null, Object(Config\Cache), false)
 9 FCPATH\index.php(67): CodeIgniter\CodeIgniter->run()
ERROR - 2026-07-27 13:23:24 --> mysqli_sql_exception: Unknown column 'id_equipamento' in 'field list' in C:\xampp\htdocs\web.local\system\Database\MySQLi\Connection.php:295
Stack trace:
#0 C:\xampp\htdocs\web.local\system\Database\MySQLi\Connection.php(295): mysqli->query('SELECT MAX(id_e...', 0)
#1 C:\xampp\htdocs\web.local\system\Database\BaseConnection.php(692): CodeIgniter\Database\MySQLi\Connection->execute('SELECT MAX(id_e...')
#2 C:\xampp\htdocs\web.local\system\Database\BaseConnection.php(606): CodeIgniter\Database\BaseConnection->simpleQuery('SELECT MAX(id_e...')
#3 C:\xampp\htdocs\web.local\system\Database\BaseBuilder.php(1616): CodeIgniter\Database\BaseConnection->query('SELECT MAX(id_e...', Array, false)
#4 C:\xampp\htdocs\web.local\system\Model.php(836): CodeIgniter\Database\BaseBuilder->get()
#5 C:\xampp\htdocs\web.local\app\Controllers\Emprestimoequi.php(51): CodeIgniter\Model->__call('get', Array)
#6 C:\xampp\htdocs\web.local\system\CodeIgniter.php(932): App\Controllers\Emprestimoequi->salvar()
#7 C:\xampp\htdocs\web.local\system\CodeIgniter.php(497): CodeIgniter\CodeIgniter->runController(Object(App\Controllers\Emprestimoequi))
#8 C:\xampp\htdocs\web.local\system\CodeIgniter.php(366): CodeIgniter\CodeIgniter->handleRequest(NULL, Object(Config\Cache), false)
#9 C:\xampp\htdocs\web.local\public\index.php(67): CodeIgniter\CodeIgniter->run()
#10 {main}
CRITICAL - 2026-07-27 13:23:24 --> Unknown column 'id_equipamento' in 'field list'
in SYSTEMPATH\Database\MySQLi\Connection.php on line 295.
 1 SYSTEMPATH\Database\MySQLi\Connection.php(295): mysqli->query('SELECT MAX(id_equipamento) as max_id
FROM `emprestimo_equips`', 0)
 2 SYSTEMPATH\Database\BaseConnection.php(692): CodeIgniter\Database\MySQLi\Connection->execute('SELECT MAX(id_equipamento) as max_id
FROM `emprestimo_equips`')
 3 SYSTEMPATH\Database\BaseConnection.php(606): CodeIgniter\Database\BaseConnection->simpleQuery('SELECT MAX(id_equipamento) as max_id
FROM `emprestimo_equips`')
 4 SYSTEMPATH\Database\BaseBuilder.php(1616): CodeIgniter\Database\BaseConnection->query('SELECT MAX(id_equipamento) as max_id
FROM `emprestimo_equips`', [], false)
 5 SYSTEMPATH\Model.php(836): CodeIgniter\Database\BaseBuilder->get()
 6 APPPATH\Controllers\Emprestimoequi.php(51): CodeIgniter\Model->__call('get', [])
 7 SYSTEMPATH\CodeIgniter.php(932): App\Controllers\Emprestimoequi->salvar()
 8 SYSTEMPATH\CodeIgniter.php(497): CodeIgniter\CodeIgniter->runController(Object(App\Controllers\Emprestimoequi))
 9 SYSTEMPATH\CodeIgniter.php(366): CodeIgniter\CodeIgniter->handleRequest(null, Object(Config\Cache), false)
10 FCPATH\index.php(67): CodeIgniter\CodeIgniter->run()
ERROR - 2026-07-27 13:25:48 --> mysqli_sql_exception: Duplicate entry '1' for key 'secao' in C:\xampp\htdocs\web.local\system\Database\MySQLi\Connection.php:295
Stack trace:
#0 C:\xampp\htdocs\web.local\system\Database\MySQLi\Connection.php(295): mysqli->query('INSERT INTO `em...', 0)
#1 C:\xampp\htdocs\web.local\system\Database\BaseConnection.php(692): CodeIgniter\Database\MySQLi\Connection->execute('INSERT INTO `em...')
#2 C:\xampp\htdocs\web.local\system\Database\BaseConnection.php(606): CodeIgniter\Database\BaseConnection->simpleQuery('INSERT INTO `em...')
#3 C:\xampp\htdocs\web.local\system\Database\BaseBuilder.php(2309): CodeIgniter\Database\BaseConnection->query('INSERT INTO `em...', Array, false)
#4 C:\xampp\htdocs\web.local\system\Model.php(330): CodeIgniter\Database\BaseBuilder->insert()
#5 C:\xampp\htdocs\web.local\system\BaseModel.php(782): CodeIgniter\Model->doInsert(Array)
#6 C:\xampp\htdocs\web.local\system\Model.php(730): CodeIgniter\BaseModel->insert(Array, true)
#7 C:\xampp\htdocs\web.local\app\Controllers\Emprestimoequi.php(58): CodeIgniter\Model->insert(Array)
#8 C:\xampp\htdocs\web.local\system\CodeIgniter.php(932): App\Controllers\Emprestimoequi->salvar()
#9 C:\xampp\htdocs\web.local\system\CodeIgniter.php(497): CodeIgniter\CodeIgniter->runController(Object(App\Controllers\Emprestimoequi))
#10 C:\xampp\htdocs\web.local\system\CodeIgniter.php(366): CodeIgniter\CodeIgniter->handleRequest(NULL, Object(Config\Cache), false)
#11 C:\xampp\htdocs\web.local\public\index.php(67): CodeIgniter\CodeIgniter->run()
#12 {main}
CRITICAL - 2026-07-27 13:25:48 --> Duplicate entry '1' for key 'secao'
in SYSTEMPATH\Database\MySQLi\Connection.php on line 295.
 1 SYSTEMPATH\Database\MySQLi\Connection.php(295): mysqli->query('INSERT INTO `emprestimo_equips` (`numero_mochila`, `nome_recebedor`, `email_recebedor`, `secao`, `nome_responsavel`, `status_equipamento`, `numero_chamado`, `data_emprestimo`, `data_devolucao`, `obs`, `id_emprestimo`) VALUES (\'4\', \'teste\', \'desvinit@servidor.educacao.sp.gov.br\', \'1\', \'teste2\', \'disponível para empréstimo\', NULL, \'2026-07-27T10:23\', \'\', \'\', 1001)', 0)
 2 SYSTEMPATH\Database\BaseConnection.php(692): CodeIgniter\Database\MySQLi\Connection->execute('INSERT INTO `emprestimo_equips` (`numero_mochila`, `nome_recebedor`, `email_recebedor`, `secao`, `nome_responsavel`, `status_equipamento`, `numero_chamado`, `data_emprestimo`, `data_devolucao`, `obs`, `id_emprestimo`) VALUES (\'4\', \'teste\', \'desvinit@servidor.educacao.sp.gov.br\', \'1\', \'teste2\', \'disponível para empréstimo\', NULL, \'2026-07-27T10:23\', \'\', \'\', 1001)')
 3 SYSTEMPATH\Database\BaseConnection.php(606): CodeIgniter\Database\BaseConnection->simpleQuery('INSERT INTO `emprestimo_equips` (`numero_mochila`, `nome_recebedor`, `email_recebedor`, `secao`, `nome_responsavel`, `status_equipamento`, `numero_chamado`, `data_emprestimo`, `data_devolucao`, `obs`, `id_emprestimo`) VALUES (\'4\', \'teste\', \'desvinit@servidor.educacao.sp.gov.br\', \'1\', \'teste2\', \'disponível para empréstimo\', NULL, \'2026-07-27T10:23\', \'\', \'\', 1001)')
 4 SYSTEMPATH\Database\BaseBuilder.php(2309): CodeIgniter\Database\BaseConnection->query('INSERT INTO `emprestimo_equips` (`numero_mochila`, `nome_recebedor`, `email_recebedor`, `secao`, `nome_responsavel`, `status_equipamento`, `numero_chamado`, `data_emprestimo`, `data_devolucao`, `obs`, `id_emprestimo`) VALUES (:numero_mochila:, :nome_recebedor:, :email_recebedor:, :secao:, :nome_responsavel:, :status_equipamento:, :numero_chamado:, :data_emprestimo:, :data_devolucao:, :obs:, :id_emprestimo:)', [...], false)
 5 SYSTEMPATH\Model.php(330): CodeIgniter\Database\BaseBuilder->insert()
 6 SYSTEMPATH\BaseModel.php(782): CodeIgniter\Model->doInsert([...])
 7 SYSTEMPATH\Model.php(730): CodeIgniter\BaseModel->insert([...], true)
 8 APPPATH\Controllers\Emprestimoequi.php(58): CodeIgniter\Model->insert([...])
 9 SYSTEMPATH\CodeIgniter.php(932): App\Controllers\Emprestimoequi->salvar()
10 SYSTEMPATH\CodeIgniter.php(497): CodeIgniter\CodeIgniter->runController(Object(App\Controllers\Emprestimoequi))
11 SYSTEMPATH\CodeIgniter.php(366): CodeIgniter\CodeIgniter->handleRequest(null, Object(Config\Cache), false)
12 FCPATH\index.php(67): CodeIgniter\CodeIgniter->run()
ERROR - 2026-07-27 13:26:28 --> mysqli_sql_exception: Duplicate entry '1' for key 'secao' in C:\xampp\htdocs\web.local\system\Database\MySQLi\Connection.php:295
Stack trace:
#0 C:\xampp\htdocs\web.local\system\Database\MySQLi\Connection.php(295): mysqli->query('INSERT INTO `em...', 0)
#1 C:\xampp\htdocs\web.local\system\Database\BaseConnection.php(692): CodeIgniter\Database\MySQLi\Connection->execute('INSERT INTO `em...')
#2 C:\xampp\htdocs\web.local\system\Database\BaseConnection.php(606): CodeIgniter\Database\BaseConnection->simpleQuery('INSERT INTO `em...')
#3 C:\xampp\htdocs\web.local\system\Database\BaseBuilder.php(2309): CodeIgniter\Database\BaseConnection->query('INSERT INTO `em...', Array, false)
#4 C:\xampp\htdocs\web.local\system\Model.php(330): CodeIgniter\Database\BaseBuilder->insert()
#5 C:\xampp\htdocs\web.local\system\BaseModel.php(782): CodeIgniter\Model->doInsert(Array)
#6 C:\xampp\htdocs\web.local\system\Model.php(730): CodeIgniter\BaseModel->insert(Array, true)
#7 C:\xampp\htdocs\web.local\app\Controllers\Emprestimoequi.php(58): CodeIgniter\Model->insert(Array)
#8 C:\xampp\htdocs\web.local\system\CodeIgniter.php(932): App\Controllers\Emprestimoequi->salvar()
#9 C:\xampp\htdocs\web.local\system\CodeIgniter.php(497): CodeIgniter\CodeIgniter->runController(Object(App\Controllers\Emprestimoequi))
#10 C:\xampp\htdocs\web.local\system\CodeIgniter.php(366): CodeIgniter\CodeIgniter->handleRequest(NULL, Object(Config\Cache), false)
#11 C:\xampp\htdocs\web.local\public\index.php(67): CodeIgniter\CodeIgniter->run()
#12 {main}
CRITICAL - 2026-07-27 13:26:28 --> Duplicate entry '1' for key 'secao'
in SYSTEMPATH\Database\MySQLi\Connection.php on line 295.
 1 SYSTEMPATH\Database\MySQLi\Connection.php(295): mysqli->query('INSERT INTO `emprestimo_equips` (`numero_mochila`, `nome_recebedor`, `email_recebedor`, `secao`, `nome_responsavel`, `status_equipamento`, `numero_chamado`, `data_emprestimo`, `data_devolucao`, `obs`, `id_emprestimo`) VALUES (\'5\', \'teste\', \'desvinit@servidor.educacao.sp.gov.br\', \'1\', \'teste2\', \'disponível para empréstimo\', NULL, \'2026-07-27T10:26\', \'\', \'\', 1002)', 0)
 2 SYSTEMPATH\Database\BaseConnection.php(692): CodeIgniter\Database\MySQLi\Connection->execute('INSERT INTO `emprestimo_equips` (`numero_mochila`, `nome_recebedor`, `email_recebedor`, `secao`, `nome_responsavel`, `status_equipamento`, `numero_chamado`, `data_emprestimo`, `data_devolucao`, `obs`, `id_emprestimo`) VALUES (\'5\', \'teste\', \'desvinit@servidor.educacao.sp.gov.br\', \'1\', \'teste2\', \'disponível para empréstimo\', NULL, \'2026-07-27T10:26\', \'\', \'\', 1002)')
 3 SYSTEMPATH\Database\BaseConnection.php(606): CodeIgniter\Database\BaseConnection->simpleQuery('INSERT INTO `emprestimo_equips` (`numero_mochila`, `nome_recebedor`, `email_recebedor`, `secao`, `nome_responsavel`, `status_equipamento`, `numero_chamado`, `data_emprestimo`, `data_devolucao`, `obs`, `id_emprestimo`) VALUES (\'5\', \'teste\', \'desvinit@servidor.educacao.sp.gov.br\', \'1\', \'teste2\', \'disponível para empréstimo\', NULL, \'2026-07-27T10:26\', \'\', \'\', 1002)')
 4 SYSTEMPATH\Database\BaseBuilder.php(2309): CodeIgniter\Database\BaseConnection->query('INSERT INTO `emprestimo_equips` (`numero_mochila`, `nome_recebedor`, `email_recebedor`, `secao`, `nome_responsavel`, `status_equipamento`, `numero_chamado`, `data_emprestimo`, `data_devolucao`, `obs`, `id_emprestimo`) VALUES (:numero_mochila:, :nome_recebedor:, :email_recebedor:, :secao:, :nome_responsavel:, :status_equipamento:, :numero_chamado:, :data_emprestimo:, :data_devolucao:, :obs:, :id_emprestimo:)', [...], false)
 5 SYSTEMPATH\Model.php(330): CodeIgniter\Database\BaseBuilder->insert()
 6 SYSTEMPATH\BaseModel.php(782): CodeIgniter\Model->doInsert([...])
 7 SYSTEMPATH\Model.php(730): CodeIgniter\BaseModel->insert([...], true)
 8 APPPATH\Controllers\Emprestimoequi.php(58): CodeIgniter\Model->insert([...])
 9 SYSTEMPATH\CodeIgniter.php(932): App\Controllers\Emprestimoequi->salvar()
10 SYSTEMPATH\CodeIgniter.php(497): CodeIgniter\CodeIgniter->runController(Object(App\Controllers\Emprestimoequi))
11 SYSTEMPATH\CodeIgniter.php(366): CodeIgniter\CodeIgniter->handleRequest(null, Object(Config\Cache), false)
12 FCPATH\index.php(67): CodeIgniter\CodeIgniter->run()
ERROR - 2026-07-27 14:41:19 --> mysqli_sql_exception: Column 'data_devolucao' cannot be null in C:\xampp\htdocs\web.local\system\Database\MySQLi\Connection.php:295
Stack trace:
#0 C:\xampp\htdocs\web.local\system\Database\MySQLi\Connection.php(295): mysqli->query('INSERT INTO `em...', 0)
#1 C:\xampp\htdocs\web.local\system\Database\BaseConnection.php(692): CodeIgniter\Database\MySQLi\Connection->execute('INSERT INTO `em...')
#2 C:\xampp\htdocs\web.local\system\Database\BaseConnection.php(606): CodeIgniter\Database\BaseConnection->simpleQuery('INSERT INTO `em...')
#3 C:\xampp\htdocs\web.local\system\Database\BaseBuilder.php(2309): CodeIgniter\Database\BaseConnection->query('INSERT INTO `em...', Array, false)
#4 C:\xampp\htdocs\web.local\system\Model.php(330): CodeIgniter\Database\BaseBuilder->insert()
#5 C:\xampp\htdocs\web.local\system\BaseModel.php(782): CodeIgniter\Model->doInsert(Array)
#6 C:\xampp\htdocs\web.local\system\Model.php(730): CodeIgniter\BaseModel->insert(Array, true)
#7 C:\xampp\htdocs\web.local\app\Controllers\Emprestimoequi.php(126): CodeIgniter\Model->insert(Array)
#8 C:\xampp\htdocs\web.local\system\CodeIgniter.php(932): App\Controllers\Emprestimoequi->salvar()
#9 C:\xampp\htdocs\web.local\system\CodeIgniter.php(497): CodeIgniter\CodeIgniter->runController(Object(App\Controllers\Emprestimoequi))
#10 C:\xampp\htdocs\web.local\system\CodeIgniter.php(366): CodeIgniter\CodeIgniter->handleRequest(NULL, Object(Config\Cache), false)
#11 C:\xampp\htdocs\web.local\public\index.php(67): CodeIgniter\CodeIgniter->run()
#12 {main}
CRITICAL - 2026-07-27 14:41:19 --> Column 'data_devolucao' cannot be null
in SYSTEMPATH\Database\MySQLi\Connection.php on line 295.
 1 SYSTEMPATH\Database\MySQLi\Connection.php(295): mysqli->query('INSERT INTO `emprestimo_equips` (`numero_mochila`, `nome_recebedor`, `email_recebedor`, `secao`, `nome_responsavel`, `status_equipamento`, `numero_chamado`, `data_emprestimo`, `data_devolucao`, `obs`, `id_emprestimo`) VALUES (\'3\', \'teste\', \'desvinit@servidor.educacao.sp.gov.br\', \'5\', \'teste2\', \'disponível para empréstimo\', NULL, \'2026-07-27T11:41\', NULL, \'\', 1004)', 0)
 2 SYSTEMPATH\Database\BaseConnection.php(692): CodeIgniter\Database\MySQLi\Connection->execute('INSERT INTO `emprestimo_equips` (`numero_mochila`, `nome_recebedor`, `email_recebedor`, `secao`, `nome_responsavel`, `status_equipamento`, `numero_chamado`, `data_emprestimo`, `data_devolucao`, `obs`, `id_emprestimo`) VALUES (\'3\', \'teste\', \'desvinit@servidor.educacao.sp.gov.br\', \'5\', \'teste2\', \'disponível para empréstimo\', NULL, \'2026-07-27T11:41\', NULL, \'\', 1004)')
 3 SYSTEMPATH\Database\BaseConnection.php(606): CodeIgniter\Database\BaseConnection->simpleQuery('INSERT INTO `emprestimo_equips` (`numero_mochila`, `nome_recebedor`, `email_recebedor`, `secao`, `nome_responsavel`, `status_equipamento`, `numero_chamado`, `data_emprestimo`, `data_devolucao`, `obs`, `id_emprestimo`) VALUES (\'3\', \'teste\', \'desvinit@servidor.educacao.sp.gov.br\', \'5\', \'teste2\', \'disponível para empréstimo\', NULL, \'2026-07-27T11:41\', NULL, \'\', 1004)')
 4 SYSTEMPATH\Database\BaseBuilder.php(2309): CodeIgniter\Database\BaseConnection->query('INSERT INTO `emprestimo_equips` (`numero_mochila`, `nome_recebedor`, `email_recebedor`, `secao`, `nome_responsavel`, `status_equipamento`, `numero_chamado`, `data_emprestimo`, `data_devolucao`, `obs`, `id_emprestimo`) VALUES (:numero_mochila:, :nome_recebedor:, :email_recebedor:, :secao:, :nome_responsavel:, :status_equipamento:, :numero_chamado:, :data_emprestimo:, :data_devolucao:, :obs:, :id_emprestimo:)', [...], false)
 5 SYSTEMPATH\Model.php(330): CodeIgniter\Database\BaseBuilder->insert()
 6 SYSTEMPATH\BaseModel.php(782): CodeIgniter\Model->doInsert([...])
 7 SYSTEMPATH\Model.php(730): CodeIgniter\BaseModel->insert([...], true)
 8 APPPATH\Controllers\Emprestimoequi.php(126): CodeIgniter\Model->insert([...])
 9 SYSTEMPATH\CodeIgniter.php(932): App\Controllers\Emprestimoequi->salvar()
10 SYSTEMPATH\CodeIgniter.php(497): CodeIgniter\CodeIgniter->runController(Object(App\Controllers\Emprestimoequi))
11 SYSTEMPATH\CodeIgniter.php(366): CodeIgniter\CodeIgniter->handleRequest(null, Object(Config\Cache), false)
12 FCPATH\index.php(67): CodeIgniter\CodeIgniter->run()
CRITICAL - 2026-07-27 14:57:31 --> Undefined array key "status_equipamento"
in APPPATH\Controllers\Emprestimoequi.php on line 140.
 1 APPPATH\Controllers\Emprestimoequi.php(140): CodeIgniter\Debug\Exceptions->errorHandler(2, 'Undefined array key "status_equipamento"', 'C:\\xampp\\htdocs\\web.local\\app\\Controllers\\Emprestimoequi.php', 140)
 2 SYSTEMPATH\CodeIgniter.php(932): App\Controllers\Emprestimoequi->editar()
 3 SYSTEMPATH\CodeIgniter.php(497): CodeIgniter\CodeIgniter->runController(Object(App\Controllers\Emprestimoequi))
 4 SYSTEMPATH\CodeIgniter.php(366): CodeIgniter\CodeIgniter->handleRequest(null, Object(Config\Cache), false)
 5 FCPATH\index.php(67): CodeIgniter\CodeIgniter->run()
CRITICAL - 2026-07-27 14:58:31 --> Undefined array key "status_equipamento"
in APPPATH\Controllers\Emprestimoequi.php on line 140.
 1 APPPATH\Controllers\Emprestimoequi.php(140): CodeIgniter\Debug\Exceptions->errorHandler(2, 'Undefined array key "status_equipamento"', 'C:\\xampp\\htdocs\\web.local\\app\\Controllers\\Emprestimoequi.php', 140)
 2 SYSTEMPATH\CodeIgniter.php(932): App\Controllers\Emprestimoequi->editar()
 3 SYSTEMPATH\CodeIgniter.php(497): CodeIgniter\CodeIgniter->runController(Object(App\Controllers\Emprestimoequi))
 4 SYSTEMPATH\CodeIgniter.php(366): CodeIgniter\CodeIgniter->handleRequest(null, Object(Config\Cache), false)
 5 FCPATH\index.php(67): CodeIgniter\CodeIgniter->run()
ERROR - 2026-07-27 16:14:29 --> mysqli_sql_exception: Column 'data_devolucao' cannot be null in C:\xampp\htdocs\web.local\system\Database\MySQLi\Connection.php:295
Stack trace:
#0 C:\xampp\htdocs\web.local\system\Database\MySQLi\Connection.php(295): mysqli->query('INSERT INTO `em...', 0)
#1 C:\xampp\htdocs\web.local\system\Database\BaseConnection.php(692): CodeIgniter\Database\MySQLi\Connection->execute('INSERT INTO `em...')
#2 C:\xampp\htdocs\web.local\system\Database\BaseConnection.php(606): CodeIgniter\Database\BaseConnection->simpleQuery('INSERT INTO `em...')
#3 C:\xampp\htdocs\web.local\system\Database\BaseBuilder.php(2309): CodeIgniter\Database\BaseConnection->query('INSERT INTO `em...', Array, false)
#4 C:\xampp\htdocs\web.local\system\Model.php(330): CodeIgniter\Database\BaseBuilder->insert()
#5 C:\xampp\htdocs\web.local\system\BaseModel.php(782): CodeIgniter\Model->doInsert(Array)
#6 C:\xampp\htdocs\web.local\system\Model.php(730): CodeIgniter\BaseModel->insert(Array, true)
#7 C:\xampp\htdocs\web.local\app\Controllers\Emprestimoequi.php(131): CodeIgniter\Model->insert(Array)
#8 C:\xampp\htdocs\web.local\system\CodeIgniter.php(932): App\Controllers\Emprestimoequi->salvar()
#9 C:\xampp\htdocs\web.local\system\CodeIgniter.php(497): CodeIgniter\CodeIgniter->runController(Object(App\Controllers\Emprestimoequi))
#10 C:\xampp\htdocs\web.local\system\CodeIgniter.php(366): CodeIgniter\CodeIgniter->handleRequest(NULL, Object(Config\Cache), false)
#11 C:\xampp\htdocs\web.local\public\index.php(67): CodeIgniter\CodeIgniter->run()
#12 {main}
CRITICAL - 2026-07-27 16:14:29 --> Column 'data_devolucao' cannot be null
in SYSTEMPATH\Database\MySQLi\Connection.php on line 295.
 1 SYSTEMPATH\Database\MySQLi\Connection.php(295): mysqli->query('INSERT INTO `emprestimo_equips` (`numero_mochila`, `nome_recebedor`, `email_recebedor`, `secao`, `nome_responsavel`, `status_equipamento`, `numero_chamado`, `data_emprestimo`, `data_devolucao`, `obs`, `id_emprestimo`) VALUES (\'12\', \'teste\', \'desvinit@servidor.educacao.sp.gov.br\', \'4\', \'teste2\', \'emprestado\', NULL, \'2026-07-27T13:14\', NULL, \'\', 1005)', 0)
 2 SYSTEMPATH\Database\BaseConnection.php(692): CodeIgniter\Database\MySQLi\Connection->execute('INSERT INTO `emprestimo_equips` (`numero_mochila`, `nome_recebedor`, `email_recebedor`, `secao`, `nome_responsavel`, `status_equipamento`, `numero_chamado`, `data_emprestimo`, `data_devolucao`, `obs`, `id_emprestimo`) VALUES (\'12\', \'teste\', \'desvinit@servidor.educacao.sp.gov.br\', \'4\', \'teste2\', \'emprestado\', NULL, \'2026-07-27T13:14\', NULL, \'\', 1005)')
 3 SYSTEMPATH\Database\BaseConnection.php(606): CodeIgniter\Database\BaseConnection->simpleQuery('INSERT INTO `emprestimo_equips` (`numero_mochila`, `nome_recebedor`, `email_recebedor`, `secao`, `nome_responsavel`, `status_equipamento`, `numero_chamado`, `data_emprestimo`, `data_devolucao`, `obs`, `id_emprestimo`) VALUES (\'12\', \'teste\', \'desvinit@servidor.educacao.sp.gov.br\', \'4\', \'teste2\', \'emprestado\', NULL, \'2026-07-27T13:14\', NULL, \'\', 1005)')
 4 SYSTEMPATH\Database\BaseBuilder.php(2309): CodeIgniter\Database\BaseConnection->query('INSERT INTO `emprestimo_equips` (`numero_mochila`, `nome_recebedor`, `email_recebedor`, `secao`, `nome_responsavel`, `status_equipamento`, `numero_chamado`, `data_emprestimo`, `data_devolucao`, `obs`, `id_emprestimo`) VALUES (:numero_mochila:, :nome_recebedor:, :email_recebedor:, :secao:, :nome_responsavel:, :status_equipamento:, :numero_chamado:, :data_emprestimo:, :data_devolucao:, :obs:, :id_emprestimo:)', [...], false)
 5 SYSTEMPATH\Model.php(330): CodeIgniter\Database\BaseBuilder->insert()
 6 SYSTEMPATH\BaseModel.php(782): CodeIgniter\Model->doInsert([...])
 7 SYSTEMPATH\Model.php(730): CodeIgniter\BaseModel->insert([...], true)
 8 APPPATH\Controllers\Emprestimoequi.php(131): CodeIgniter\Model->insert([...])
 9 SYSTEMPATH\CodeIgniter.php(932): App\Controllers\Emprestimoequi->salvar()
10 SYSTEMPATH\CodeIgniter.php(497): CodeIgniter\CodeIgniter->runController(Object(App\Controllers\Emprestimoequi))
11 SYSTEMPATH\CodeIgniter.php(366): CodeIgniter\CodeIgniter->handleRequest(null, Object(Config\Cache), false)
12 FCPATH\index.php(67): CodeIgniter\CodeIgniter->run()
ERROR - 2026-07-27 16:17:40 --> mysqli_sql_exception: Column 'data_devolucao' cannot be null in C:\xampp\htdocs\web.local\system\Database\MySQLi\Connection.php:295
Stack trace:
#0 C:\xampp\htdocs\web.local\system\Database\MySQLi\Connection.php(295): mysqli->query('INSERT INTO `em...', 0)
#1 C:\xampp\htdocs\web.local\system\Database\BaseConnection.php(692): CodeIgniter\Database\MySQLi\Connection->execute('INSERT INTO `em...')
#2 C:\xampp\htdocs\web.local\system\Database\BaseConnection.php(606): CodeIgniter\Database\BaseConnection->simpleQuery('INSERT INTO `em...')
#3 C:\xampp\htdocs\web.local\system\Database\BaseBuilder.php(2309): CodeIgniter\Database\BaseConnection->query('INSERT INTO `em...', Array, false)
#4 C:\xampp\htdocs\web.local\system\Model.php(330): CodeIgniter\Database\BaseBuilder->insert()
#5 C:\xampp\htdocs\web.local\system\BaseModel.php(782): CodeIgniter\Model->doInsert(Array)
#6 C:\xampp\htdocs\web.local\system\Model.php(730): CodeIgniter\BaseModel->insert(Array, true)
#7 C:\xampp\htdocs\web.local\app\Controllers\Emprestimoequi.php(131): CodeIgniter\Model->insert(Array)
#8 C:\xampp\htdocs\web.local\system\CodeIgniter.php(932): App\Controllers\Emprestimoequi->salvar()
#9 C:\xampp\htdocs\web.local\system\CodeIgniter.php(497): CodeIgniter\CodeIgniter->runController(Object(App\Controllers\Emprestimoequi))
#10 C:\xampp\htdocs\web.local\system\CodeIgniter.php(366): CodeIgniter\CodeIgniter->handleRequest(NULL, Object(Config\Cache), false)
#11 C:\xampp\htdocs\web.local\public\index.php(67): CodeIgniter\CodeIgniter->run()
#12 {main}
CRITICAL - 2026-07-27 16:17:40 --> Column 'data_devolucao' cannot be null
in SYSTEMPATH\Database\MySQLi\Connection.php on line 295.
 1 SYSTEMPATH\Database\MySQLi\Connection.php(295): mysqli->query('INSERT INTO `emprestimo_equips` (`numero_mochila`, `nome_recebedor`, `email_recebedor`, `secao`, `nome_responsavel`, `status_equipamento`, `numero_chamado`, `data_emprestimo`, `data_devolucao`, `obs`, `id_emprestimo`) VALUES (\'12\', \'teste\', \'desvinit@servidor.educacao.sp.gov.br\', \'4\', \'teste2\', \'emprestado\', NULL, \'2026-07-27T13:14\', NULL, \'\', 1005)', 0)
 2 SYSTEMPATH\Database\BaseConnection.php(692): CodeIgniter\Database\MySQLi\Connection->execute('INSERT INTO `emprestimo_equips` (`numero_mochila`, `nome_recebedor`, `email_recebedor`, `secao`, `nome_responsavel`, `status_equipamento`, `numero_chamado`, `data_emprestimo`, `data_devolucao`, `obs`, `id_emprestimo`) VALUES (\'12\', \'teste\', \'desvinit@servidor.educacao.sp.gov.br\', \'4\', \'teste2\', \'emprestado\', NULL, \'2026-07-27T13:14\', NULL, \'\', 1005)')
 3 SYSTEMPATH\Database\BaseConnection.php(606): CodeIgniter\Database\BaseConnection->simpleQuery('INSERT INTO `emprestimo_equips` (`numero_mochila`, `nome_recebedor`, `email_recebedor`, `secao`, `nome_responsavel`, `status_equipamento`, `numero_chamado`, `data_emprestimo`, `data_devolucao`, `obs`, `id_emprestimo`) VALUES (\'12\', \'teste\', \'desvinit@servidor.educacao.sp.gov.br\', \'4\', \'teste2\', \'emprestado\', NULL, \'2026-07-27T13:14\', NULL, \'\', 1005)')
 4 SYSTEMPATH\Database\BaseBuilder.php(2309): CodeIgniter\Database\BaseConnection->query('INSERT INTO `emprestimo_equips` (`numero_mochila`, `nome_recebedor`, `email_recebedor`, `secao`, `nome_responsavel`, `status_equipamento`, `numero_chamado`, `data_emprestimo`, `data_devolucao`, `obs`, `id_emprestimo`) VALUES (:numero_mochila:, :nome_recebedor:, :email_recebedor:, :secao:, :nome_responsavel:, :status_equipamento:, :numero_chamado:, :data_emprestimo:, :data_devolucao:, :obs:, :id_emprestimo:)', [...], false)
 5 SYSTEMPATH\Model.php(330): CodeIgniter\Database\BaseBuilder->insert()
 6 SYSTEMPATH\BaseModel.php(782): CodeIgniter\Model->doInsert([...])
 7 SYSTEMPATH\Model.php(730): CodeIgniter\BaseModel->insert([...], true)
 8 APPPATH\Controllers\Emprestimoequi.php(131): CodeIgniter\Model->insert([...])
 9 SYSTEMPATH\CodeIgniter.php(932): App\Controllers\Emprestimoequi->salvar()
10 SYSTEMPATH\CodeIgniter.php(497): CodeIgniter\CodeIgniter->runController(Object(App\Controllers\Emprestimoequi))
11 SYSTEMPATH\CodeIgniter.php(366): CodeIgniter\CodeIgniter->handleRequest(null, Object(Config\Cache), false)
12 FCPATH\index.php(67): CodeIgniter\CodeIgniter->run()
ERROR - 2026-07-27 16:18:16 --> mysqli_sql_exception: Column 'data_devolucao' cannot be null in C:\xampp\htdocs\web.local\system\Database\MySQLi\Connection.php:295
Stack trace:
#0 C:\xampp\htdocs\web.local\system\Database\MySQLi\Connection.php(295): mysqli->query('INSERT INTO `em...', 0)
#1 C:\xampp\htdocs\web.local\system\Database\BaseConnection.php(692): CodeIgniter\Database\MySQLi\Connection->execute('INSERT INTO `em...')
#2 C:\xampp\htdocs\web.local\system\Database\BaseConnection.php(606): CodeIgniter\Database\BaseConnection->simpleQuery('INSERT INTO `em...')
#3 C:\xampp\htdocs\web.local\system\Database\BaseBuilder.php(2309): CodeIgniter\Database\BaseConnection->query('INSERT INTO `em...', Array, false)
#4 C:\xampp\htdocs\web.local\system\Model.php(330): CodeIgniter\Database\BaseBuilder->insert()
#5 C:\xampp\htdocs\web.local\system\BaseModel.php(782): CodeIgniter\Model->doInsert(Array)
#6 C:\xampp\htdocs\web.local\system\Model.php(730): CodeIgniter\BaseModel->insert(Array, true)
#7 C:\xampp\htdocs\web.local\app\Controllers\Emprestimoequi.php(131): CodeIgniter\Model->insert(Array)
#8 C:\xampp\htdocs\web.local\system\CodeIgniter.php(932): App\Controllers\Emprestimoequi->salvar()
#9 C:\xampp\htdocs\web.local\system\CodeIgniter.php(497): CodeIgniter\CodeIgniter->runController(Object(App\Controllers\Emprestimoequi))
#10 C:\xampp\htdocs\web.local\system\CodeIgniter.php(366): CodeIgniter\CodeIgniter->handleRequest(NULL, Object(Config\Cache), false)
#11 C:\xampp\htdocs\web.local\public\index.php(67): CodeIgniter\CodeIgniter->run()
#12 {main}
CRITICAL - 2026-07-27 16:18:17 --> Column 'data_devolucao' cannot be null
in SYSTEMPATH\Database\MySQLi\Connection.php on line 295.
 1 SYSTEMPATH\Database\MySQLi\Connection.php(295): mysqli->query('INSERT INTO `emprestimo_equips` (`numero_mochila`, `nome_recebedor`, `email_recebedor`, `secao`, `nome_responsavel`, `status_equipamento`, `numero_chamado`, `data_emprestimo`, `data_devolucao`, `obs`, `id_emprestimo`) VALUES (\'9\', \'teste\', \'desvinit@servidor.educacao.sp.gov.br\', \'3\', \'teste2\', \'emprestado\', NULL, \'2026-07-27T13:18\', NULL, \'\', 1005)', 0)
 2 SYSTEMPATH\Database\BaseConnection.php(692): CodeIgniter\Database\MySQLi\Connection->execute('INSERT INTO `emprestimo_equips` (`numero_mochila`, `nome_recebedor`, `email_recebedor`, `secao`, `nome_responsavel`, `status_equipamento`, `numero_chamado`, `data_emprestimo`, `data_devolucao`, `obs`, `id_emprestimo`) VALUES (\'9\', \'teste\', \'desvinit@servidor.educacao.sp.gov.br\', \'3\', \'teste2\', \'emprestado\', NULL, \'2026-07-27T13:18\', NULL, \'\', 1005)')
 3 SYSTEMPATH\Database\BaseConnection.php(606): CodeIgniter\Database\BaseConnection->simpleQuery('INSERT INTO `emprestimo_equips` (`numero_mochila`, `nome_recebedor`, `email_recebedor`, `secao`, `nome_responsavel`, `status_equipamento`, `numero_chamado`, `data_emprestimo`, `data_devolucao`, `obs`, `id_emprestimo`) VALUES (\'9\', \'teste\', \'desvinit@servidor.educacao.sp.gov.br\', \'3\', \'teste2\', \'emprestado\', NULL, \'2026-07-27T13:18\', NULL, \'\', 1005)')
 4 SYSTEMPATH\Database\BaseBuilder.php(2309): CodeIgniter\Database\BaseConnection->query('INSERT INTO `emprestimo_equips` (`numero_mochila`, `nome_recebedor`, `email_recebedor`, `secao`, `nome_responsavel`, `status_equipamento`, `numero_chamado`, `data_emprestimo`, `data_devolucao`, `obs`, `id_emprestimo`) VALUES (:numero_mochila:, :nome_recebedor:, :email_recebedor:, :secao:, :nome_responsavel:, :status_equipamento:, :numero_chamado:, :data_emprestimo:, :data_devolucao:, :obs:, :id_emprestimo:)', [...], false)
 5 SYSTEMPATH\Model.php(330): CodeIgniter\Database\BaseBuilder->insert()
 6 SYSTEMPATH\BaseModel.php(782): CodeIgniter\Model->doInsert([...])
 7 SYSTEMPATH\Model.php(730): CodeIgniter\BaseModel->insert([...], true)
 8 APPPATH\Controllers\Emprestimoequi.php(131): CodeIgniter\Model->insert([...])
 9 SYSTEMPATH\CodeIgniter.php(932): App\Controllers\Emprestimoequi->salvar()
10 SYSTEMPATH\CodeIgniter.php(497): CodeIgniter\CodeIgniter->runController(Object(App\Controllers\Emprestimoequi))
11 SYSTEMPATH\CodeIgniter.php(366): CodeIgniter\CodeIgniter->handleRequest(null, Object(Config\Cache), false)
12 FCPATH\index.php(67): CodeIgniter\CodeIgniter->run()
ERROR - 2026-07-27 16:19:05 --> mysqli_sql_exception: Column 'data_devolucao' cannot be null in C:\xampp\htdocs\web.local\system\Database\MySQLi\Connection.php:295
Stack trace:
#0 C:\xampp\htdocs\web.local\system\Database\MySQLi\Connection.php(295): mysqli->query('INSERT INTO `em...', 0)
#1 C:\xampp\htdocs\web.local\system\Database\BaseConnection.php(692): CodeIgniter\Database\MySQLi\Connection->execute('INSERT INTO `em...')
#2 C:\xampp\htdocs\web.local\system\Database\BaseConnection.php(606): CodeIgniter\Database\BaseConnection->simpleQuery('INSERT INTO `em...')
#3 C:\xampp\htdocs\web.local\system\Database\BaseBuilder.php(2309): CodeIgniter\Database\BaseConnection->query('INSERT INTO `em...', Array, false)
#4 C:\xampp\htdocs\web.local\system\Model.php(330): CodeIgniter\Database\BaseBuilder->insert()
#5 C:\xampp\htdocs\web.local\system\BaseModel.php(782): CodeIgniter\Model->doInsert(Array)
#6 C:\xampp\htdocs\web.local\system\Model.php(730): CodeIgniter\BaseModel->insert(Array, true)
#7 C:\xampp\htdocs\web.local\app\Controllers\Emprestimoequi.php(131): CodeIgniter\Model->insert(Array)
#8 C:\xampp\htdocs\web.local\system\CodeIgniter.php(932): App\Controllers\Emprestimoequi->salvar()
#9 C:\xampp\htdocs\web.local\system\CodeIgniter.php(497): CodeIgniter\CodeIgniter->runController(Object(App\Controllers\Emprestimoequi))
#10 C:\xampp\htdocs\web.local\system\CodeIgniter.php(366): CodeIgniter\CodeIgniter->handleRequest(NULL, Object(Config\Cache), false)
#11 C:\xampp\htdocs\web.local\public\index.php(67): CodeIgniter\CodeIgniter->run()
#12 {main}
CRITICAL - 2026-07-27 16:19:05 --> Column 'data_devolucao' cannot be null
in SYSTEMPATH\Database\MySQLi\Connection.php on line 295.
 1 SYSTEMPATH\Database\MySQLi\Connection.php(295): mysqli->query('INSERT INTO `emprestimo_equips` (`numero_mochila`, `nome_recebedor`, `email_recebedor`, `secao`, `nome_responsavel`, `status_equipamento`, `numero_chamado`, `data_emprestimo`, `data_devolucao`, `obs`, `id_emprestimo`) VALUES (\'9\', \'teste\', \'desvinit@servidor.educacao.sp.gov.br\', \'3\', \'teste2\', \'emprestado\', NULL, \'2026-07-27T13:18\', NULL, \'\', 1005)', 0)
 2 SYSTEMPATH\Database\BaseConnection.php(692): CodeIgniter\Database\MySQLi\Connection->execute('INSERT INTO `emprestimo_equips` (`numero_mochila`, `nome_recebedor`, `email_recebedor`, `secao`, `nome_responsavel`, `status_equipamento`, `numero_chamado`, `data_emprestimo`, `data_devolucao`, `obs`, `id_emprestimo`) VALUES (\'9\', \'teste\', \'desvinit@servidor.educacao.sp.gov.br\', \'3\', \'teste2\', \'emprestado\', NULL, \'2026-07-27T13:18\', NULL, \'\', 1005)')
 3 SYSTEMPATH\Database\BaseConnection.php(606): CodeIgniter\Database\BaseConnection->simpleQuery('INSERT INTO `emprestimo_equips` (`numero_mochila`, `nome_recebedor`, `email_recebedor`, `secao`, `nome_responsavel`, `status_equipamento`, `numero_chamado`, `data_emprestimo`, `data_devolucao`, `obs`, `id_emprestimo`) VALUES (\'9\', \'teste\', \'desvinit@servidor.educacao.sp.gov.br\', \'3\', \'teste2\', \'emprestado\', NULL, \'2026-07-27T13:18\', NULL, \'\', 1005)')
 4 SYSTEMPATH\Database\BaseBuilder.php(2309): CodeIgniter\Database\BaseConnection->query('INSERT INTO `emprestimo_equips` (`numero_mochila`, `nome_recebedor`, `email_recebedor`, `secao`, `nome_responsavel`, `status_equipamento`, `numero_chamado`, `data_emprestimo`, `data_devolucao`, `obs`, `id_emprestimo`) VALUES (:numero_mochila:, :nome_recebedor:, :email_recebedor:, :secao:, :nome_responsavel:, :status_equipamento:, :numero_chamado:, :data_emprestimo:, :data_devolucao:, :obs:, :id_emprestimo:)', [...], false)
 5 SYSTEMPATH\Model.php(330): CodeIgniter\Database\BaseBuilder->insert()
 6 SYSTEMPATH\BaseModel.php(782): CodeIgniter\Model->doInsert([...])
 7 SYSTEMPATH\Model.php(730): CodeIgniter\BaseModel->insert([...], true)
 8 APPPATH\Controllers\Emprestimoequi.php(131): CodeIgniter\Model->insert([...])
 9 SYSTEMPATH\CodeIgniter.php(932): App\Controllers\Emprestimoequi->salvar()
10 SYSTEMPATH\CodeIgniter.php(497): CodeIgniter\CodeIgniter->runController(Object(App\Controllers\Emprestimoequi))
11 SYSTEMPATH\CodeIgniter.php(366): CodeIgniter\CodeIgniter->handleRequest(null, Object(Config\Cache), false)
12 FCPATH\index.php(67): CodeIgniter\CodeIgniter->run()
ERROR - 2026-07-27 16:21:30 --> mysqli_sql_exception: Column 'data_devolucao' cannot be null in C:\xampp\htdocs\web.local\system\Database\MySQLi\Connection.php:295
Stack trace:
#0 C:\xampp\htdocs\web.local\system\Database\MySQLi\Connection.php(295): mysqli->query('INSERT INTO `em...', 0)
#1 C:\xampp\htdocs\web.local\system\Database\BaseConnection.php(692): CodeIgniter\Database\MySQLi\Connection->execute('INSERT INTO `em...')
#2 C:\xampp\htdocs\web.local\system\Database\BaseConnection.php(606): CodeIgniter\Database\BaseConnection->simpleQuery('INSERT INTO `em...')
#3 C:\xampp\htdocs\web.local\system\Database\BaseBuilder.php(2309): CodeIgniter\Database\BaseConnection->query('INSERT INTO `em...', Array, false)
#4 C:\xampp\htdocs\web.local\system\Model.php(330): CodeIgniter\Database\BaseBuilder->insert()
#5 C:\xampp\htdocs\web.local\system\BaseModel.php(782): CodeIgniter\Model->doInsert(Array)
#6 C:\xampp\htdocs\web.local\system\Model.php(730): CodeIgniter\BaseModel->insert(Array, true)
#7 C:\xampp\htdocs\web.local\app\Controllers\Emprestimoequi.php(131): CodeIgniter\Model->insert(Array)
#8 C:\xampp\htdocs\web.local\system\CodeIgniter.php(932): App\Controllers\Emprestimoequi->salvar()
#9 C:\xampp\htdocs\web.local\system\CodeIgniter.php(497): CodeIgniter\CodeIgniter->runController(Object(App\Controllers\Emprestimoequi))
#10 C:\xampp\htdocs\web.local\system\CodeIgniter.php(366): CodeIgniter\CodeIgniter->handleRequest(NULL, Object(Config\Cache), false)
#11 C:\xampp\htdocs\web.local\public\index.php(67): CodeIgniter\CodeIgniter->run()
#12 {main}
CRITICAL - 2026-07-27 16:21:30 --> Column 'data_devolucao' cannot be null
in SYSTEMPATH\Database\MySQLi\Connection.php on line 295.
 1 SYSTEMPATH\Database\MySQLi\Connection.php(295): mysqli->query('INSERT INTO `emprestimo_equips` (`numero_mochila`, `nome_recebedor`, `email_recebedor`, `secao`, `nome_responsavel`, `status_equipamento`, `numero_chamado`, `data_emprestimo`, `data_devolucao`, `obs`, `id_emprestimo`) VALUES (\'11\', \'teste\', \'desvinit@servidor.educacao.sp.gov.br\', \'8\', \'teste2\', \'emprestado\', NULL, \'2026-07-27T13:21\', NULL, \'\', 1005)', 0)
 2 SYSTEMPATH\Database\BaseConnection.php(692): CodeIgniter\Database\MySQLi\Connection->execute('INSERT INTO `emprestimo_equips` (`numero_mochila`, `nome_recebedor`, `email_recebedor`, `secao`, `nome_responsavel`, `status_equipamento`, `numero_chamado`, `data_emprestimo`, `data_devolucao`, `obs`, `id_emprestimo`) VALUES (\'11\', \'teste\', \'desvinit@servidor.educacao.sp.gov.br\', \'8\', \'teste2\', \'emprestado\', NULL, \'2026-07-27T13:21\', NULL, \'\', 1005)')
 3 SYSTEMPATH\Database\BaseConnection.php(606): CodeIgniter\Database\BaseConnection->simpleQuery('INSERT INTO `emprestimo_equips` (`numero_mochila`, `nome_recebedor`, `email_recebedor`, `secao`, `nome_responsavel`, `status_equipamento`, `numero_chamado`, `data_emprestimo`, `data_devolucao`, `obs`, `id_emprestimo`) VALUES (\'11\', \'teste\', \'desvinit@servidor.educacao.sp.gov.br\', \'8\', \'teste2\', \'emprestado\', NULL, \'2026-07-27T13:21\', NULL, \'\', 1005)')
 4 SYSTEMPATH\Database\BaseBuilder.php(2309): CodeIgniter\Database\BaseConnection->query('INSERT INTO `emprestimo_equips` (`numero_mochila`, `nome_recebedor`, `email_recebedor`, `secao`, `nome_responsavel`, `status_equipamento`, `numero_chamado`, `data_emprestimo`, `data_devolucao`, `obs`, `id_emprestimo`) VALUES (:numero_mochila:, :nome_recebedor:, :email_recebedor:, :secao:, :nome_responsavel:, :status_equipamento:, :numero_chamado:, :data_emprestimo:, :data_devolucao:, :obs:, :id_emprestimo:)', [...], false)
 5 SYSTEMPATH\Model.php(330): CodeIgniter\Database\BaseBuilder->insert()
 6 SYSTEMPATH\BaseModel.php(782): CodeIgniter\Model->doInsert([...])
 7 SYSTEMPATH\Model.php(730): CodeIgniter\BaseModel->insert([...], true)
 8 APPPATH\Controllers\Emprestimoequi.php(131): CodeIgniter\Model->insert([...])
 9 SYSTEMPATH\CodeIgniter.php(932): App\Controllers\Emprestimoequi->salvar()
10 SYSTEMPATH\CodeIgniter.php(497): CodeIgniter\CodeIgniter->runController(Object(App\Controllers\Emprestimoequi))
11 SYSTEMPATH\CodeIgniter.php(366): CodeIgniter\CodeIgniter->handleRequest(null, Object(Config\Cache), false)
12 FCPATH\index.php(67): CodeIgniter\CodeIgniter->run()
