ERROR - 2026-01-28 16:10:43 --> mysqli_sql_exception: Table 'sistema_web.atendimentogabs' doesn't exist in C:\xampp\htdocs\web.local\system\Database\MySQLi\Connection.php:295
Stack trace:
#0 C:\xampp\htdocs\web.local\system\Database\MySQLi\Connection.php(295): mysqli->query('SELECT *\nFROM `...', 0)
#1 C:\xampp\htdocs\web.local\system\Database\BaseConnection.php(692): CodeIgniter\Database\MySQLi\Connection->execute('SELECT *\nFROM `...')
#2 C:\xampp\htdocs\web.local\system\Database\BaseConnection.php(606): CodeIgniter\Database\BaseConnection->simpleQuery('SELECT *\nFROM `...')
#3 C:\xampp\htdocs\web.local\system\Database\BaseBuilder.php(1616): CodeIgniter\Database\BaseConnection->query('SELECT *\nFROM `...', Array, false)
#4 C:\xampp\htdocs\web.local\system\Model.php(241): CodeIgniter\Database\BaseBuilder->get()
#5 C:\xampp\htdocs\web.local\system\BaseModel.php(618): CodeIgniter\Model->doFindAll(0, 0)
#6 C:\xampp\htdocs\web.local\app\Controllers\Atendimentogab.php(16): CodeIgniter\BaseModel->findAll()
#7 C:\xampp\htdocs\web.local\system\CodeIgniter.php(932): App\Controllers\Atendimentogab->index()
#8 C:\xampp\htdocs\web.local\system\CodeIgniter.php(497): CodeIgniter\CodeIgniter->runController(Object(App\Controllers\Atendimentogab))
#9 C:\xampp\htdocs\web.local\system\CodeIgniter.php(366): CodeIgniter\CodeIgniter->handleRequest(NULL, Object(Config\Cache), false)
#10 C:\xampp\htdocs\web.local\public\index.php(67): CodeIgniter\CodeIgniter->run()
#11 {main}
CRITICAL - 2026-01-28 16:10:43 --> Table 'sistema_web.atendimentogabs' doesn't exist
in SYSTEMPATH\Database\MySQLi\Connection.php on line 295.
 1 SYSTEMPATH\Database\MySQLi\Connection.php(295): mysqli->query('SELECT *
FROM `atendimentogabs`', 0)
 2 SYSTEMPATH\Database\BaseConnection.php(692): CodeIgniter\Database\MySQLi\Connection->execute('SELECT *
FROM `atendimentogabs`')
 3 SYSTEMPATH\Database\BaseConnection.php(606): CodeIgniter\Database\BaseConnection->simpleQuery('SELECT *
FROM `atendimentogabs`')
 4 SYSTEMPATH\Database\BaseBuilder.php(1616): CodeIgniter\Database\BaseConnection->query('SELECT *
FROM `atendimentogabs`', [], false)
 5 SYSTEMPATH\Model.php(241): CodeIgniter\Database\BaseBuilder->get()
 6 SYSTEMPATH\BaseModel.php(618): CodeIgniter\Model->doFindAll(0, 0)
 7 APPPATH\Controllers\Atendimentogab.php(16): CodeIgniter\BaseModel->findAll()
 8 SYSTEMPATH\CodeIgniter.php(932): App\Controllers\Atendimentogab->index()
 9 SYSTEMPATH\CodeIgniter.php(497): CodeIgniter\CodeIgniter->runController(Object(App\Controllers\Atendimentogab))
10 SYSTEMPATH\CodeIgniter.php(366): CodeIgniter\CodeIgniter->handleRequest(null, Object(Config\Cache), false)
11 FCPATH\index.php(67): CodeIgniter\CodeIgniter->run()
CRITICAL - 2026-01-28 16:14:22 --> Undefined variable $produtos
in APPPATH\Views\atendimentogab.php on line 206.
 1 APPPATH\Views\atendimentogab.php(206): CodeIgniter\Debug\Exceptions->errorHandler(2, 'Undefined variable $produtos', 'C:\\xampp\\htdocs\\web.local\\app\\Views\\atendimentogab.php', 206)
 2 SYSTEMPATH\View\View.php(224): include('C:\\xampp\\htdocs\\web.local\\app\\Views\\atendimentogab.php')
 3 SYSTEMPATH\View\View.php(227): CodeIgniter\View\View->CodeIgniter\View\{closure}()
 4 SYSTEMPATH\Common.php(1180): CodeIgniter\View\View->render('atendimentogab', [], true)
 5 APPPATH\Controllers\Atendimentogab.php(21): view('atendimentogab', [...])
 6 SYSTEMPATH\CodeIgniter.php(932): App\Controllers\Atendimentogab->index()
 7 SYSTEMPATH\CodeIgniter.php(497): CodeIgniter\CodeIgniter->runController(Object(App\Controllers\Atendimentogab))
 8 SYSTEMPATH\CodeIgniter.php(366): CodeIgniter\CodeIgniter->handleRequest(null, Object(Config\Cache), false)
 9 FCPATH\index.php(67): CodeIgniter\CodeIgniter->run()
CRITICAL - 2026-01-28 16:15:44 --> Undefined variable $produtos
in APPPATH\Views\atendimentogab.php on line 206.
 1 APPPATH\Views\atendimentogab.php(206): CodeIgniter\Debug\Exceptions->errorHandler(2, 'Undefined variable $produtos', 'C:\\xampp\\htdocs\\web.local\\app\\Views\\atendimentogab.php', 206)
 2 SYSTEMPATH\View\View.php(224): include('C:\\xampp\\htdocs\\web.local\\app\\Views\\atendimentogab.php')
 3 SYSTEMPATH\View\View.php(227): CodeIgniter\View\View->CodeIgniter\View\{closure}()
 4 SYSTEMPATH\Common.php(1180): CodeIgniter\View\View->render('atendimentogab', [], true)
 5 APPPATH\Controllers\Atendimentogab.php(21): view('atendimentogab', [...])
 6 SYSTEMPATH\CodeIgniter.php(932): App\Controllers\Atendimentogab->index()
 7 SYSTEMPATH\CodeIgniter.php(497): CodeIgniter\CodeIgniter->runController(Object(App\Controllers\Atendimentogab))
 8 SYSTEMPATH\CodeIgniter.php(366): CodeIgniter\CodeIgniter->handleRequest(null, Object(Config\Cache), false)
 9 FCPATH\index.php(67): CodeIgniter\CodeIgniter->run()
CRITICAL - 2026-01-28 16:17:40 --> Undefined variable $atendimentos
in APPPATH\Views\atendimentogab.php on line 206.
 1 APPPATH\Views\atendimentogab.php(206): CodeIgniter\Debug\Exceptions->errorHandler(2, 'Undefined variable $atendimentos', 'C:\\xampp\\htdocs\\web.local\\app\\Views\\atendimentogab.php', 206)
 2 SYSTEMPATH\View\View.php(224): include('C:\\xampp\\htdocs\\web.local\\app\\Views\\atendimentogab.php')
 3 SYSTEMPATH\View\View.php(227): CodeIgniter\View\View->CodeIgniter\View\{closure}()
 4 SYSTEMPATH\Common.php(1180): CodeIgniter\View\View->render('atendimentogab', [], true)
 5 APPPATH\Controllers\Atendimentogab.php(21): view('atendimentogab', [...])
 6 SYSTEMPATH\CodeIgniter.php(932): App\Controllers\Atendimentogab->index()
 7 SYSTEMPATH\CodeIgniter.php(497): CodeIgniter\CodeIgniter->runController(Object(App\Controllers\Atendimentogab))
 8 SYSTEMPATH\CodeIgniter.php(366): CodeIgniter\CodeIgniter->handleRequest(null, Object(Config\Cache), false)
 9 FCPATH\index.php(67): CodeIgniter\CodeIgniter->run()
CRITICAL - 2026-01-28 16:22:37 --> Undefined variable $atendimentos
in APPPATH\Views\atendimentogab.php on line 206.
 1 APPPATH\Views\atendimentogab.php(206): CodeIgniter\Debug\Exceptions->errorHandler(2, 'Undefined variable $atendimentos', 'C:\\xampp\\htdocs\\web.local\\app\\Views\\atendimentogab.php', 206)
 2 SYSTEMPATH\View\View.php(224): include('C:\\xampp\\htdocs\\web.local\\app\\Views\\atendimentogab.php')
 3 SYSTEMPATH\View\View.php(227): CodeIgniter\View\View->CodeIgniter\View\{closure}()
 4 SYSTEMPATH\Common.php(1180): CodeIgniter\View\View->render('atendimentogab', [], true)
 5 APPPATH\Controllers\Atendimentogab.php(21): view('atendimentogab', [...])
 6 SYSTEMPATH\CodeIgniter.php(932): App\Controllers\Atendimentogab->index()
 7 SYSTEMPATH\CodeIgniter.php(497): CodeIgniter\CodeIgniter->runController(Object(App\Controllers\Atendimentogab))
 8 SYSTEMPATH\CodeIgniter.php(366): CodeIgniter\CodeIgniter->handleRequest(null, Object(Config\Cache), false)
 9 FCPATH\index.php(67): CodeIgniter\CodeIgniter->run()
CRITICAL - 2026-01-28 16:26:01 --> Undefined variable $atendimentos
in APPPATH\Views\atendimentogab.php on line 206.
 1 APPPATH\Views\atendimentogab.php(206): CodeIgniter\Debug\Exceptions->errorHandler(2, 'Undefined variable $atendimentos', 'C:\\xampp\\htdocs\\web.local\\app\\Views\\atendimentogab.php', 206)
 2 SYSTEMPATH\View\View.php(224): include('C:\\xampp\\htdocs\\web.local\\app\\Views\\atendimentogab.php')
 3 SYSTEMPATH\View\View.php(227): CodeIgniter\View\View->CodeIgniter\View\{closure}()
 4 SYSTEMPATH\Common.php(1180): CodeIgniter\View\View->render('atendimentogab', [], true)
 5 APPPATH\Controllers\Atendimentogab.php(21): view('atendimentogab', [...])
 6 SYSTEMPATH\CodeIgniter.php(932): App\Controllers\Atendimentogab->index()
 7 SYSTEMPATH\CodeIgniter.php(497): CodeIgniter\CodeIgniter->runController(Object(App\Controllers\Atendimentogab))
 8 SYSTEMPATH\CodeIgniter.php(366): CodeIgniter\CodeIgniter->handleRequest(null, Object(Config\Cache), false)
 9 FCPATH\index.php(67): CodeIgniter\CodeIgniter->run()
CRITICAL - 2026-01-28 16:27:03 --> Undefined variable $atendimentos
in APPPATH\Views\atendimentogab.php on line 206.
 1 APPPATH\Views\atendimentogab.php(206): CodeIgniter\Debug\Exceptions->errorHandler(2, 'Undefined variable $atendimentos', 'C:\\xampp\\htdocs\\web.local\\app\\Views\\atendimentogab.php', 206)
 2 SYSTEMPATH\View\View.php(224): include('C:\\xampp\\htdocs\\web.local\\app\\Views\\atendimentogab.php')
 3 SYSTEMPATH\View\View.php(227): CodeIgniter\View\View->CodeIgniter\View\{closure}()
 4 SYSTEMPATH\Common.php(1180): CodeIgniter\View\View->render('atendimentogab', [], true)
 5 APPPATH\Controllers\Atendimentogab.php(21): view('atendimentogab', [...])
 6 SYSTEMPATH\CodeIgniter.php(932): App\Controllers\Atendimentogab->index()
 7 SYSTEMPATH\CodeIgniter.php(497): CodeIgniter\CodeIgniter->runController(Object(App\Controllers\Atendimentogab))
 8 SYSTEMPATH\CodeIgniter.php(366): CodeIgniter\CodeIgniter->handleRequest(null, Object(Config\Cache), false)
 9 FCPATH\index.php(67): CodeIgniter\CodeIgniter->run()
CRITICAL - 2026-01-28 16:29:24 --> Undefined variable $atendimentos
in APPPATH\Views\atendimentogab.php on line 206.
 1 APPPATH\Views\atendimentogab.php(206): CodeIgniter\Debug\Exceptions->errorHandler(2, 'Undefined variable $atendimentos', 'C:\\xampp\\htdocs\\web.local\\app\\Views\\atendimentogab.php', 206)
 2 SYSTEMPATH\View\View.php(224): include('C:\\xampp\\htdocs\\web.local\\app\\Views\\atendimentogab.php')
 3 SYSTEMPATH\View\View.php(227): CodeIgniter\View\View->CodeIgniter\View\{closure}()
 4 SYSTEMPATH\Common.php(1180): CodeIgniter\View\View->render('atendimentogab', [], true)
 5 APPPATH\Controllers\Atendimentogab.php(21): view('atendimentogab', [...])
 6 SYSTEMPATH\CodeIgniter.php(932): App\Controllers\Atendimentogab->Index()
 7 SYSTEMPATH\CodeIgniter.php(497): CodeIgniter\CodeIgniter->runController(Object(App\Controllers\Atendimentogab))
 8 SYSTEMPATH\CodeIgniter.php(366): CodeIgniter\CodeIgniter->handleRequest(null, Object(Config\Cache), false)
 9 FCPATH\index.php(67): CodeIgniter\CodeIgniter->run()
CRITICAL - 2026-01-28 16:36:47 --> Undefined variable $atendimentos
in APPPATH\Views\atendimentogab.php on line 206.
 1 APPPATH\Views\atendimentogab.php(206): CodeIgniter\Debug\Exceptions->errorHandler(2, 'Undefined variable $atendimentos', 'C:\\xampp\\htdocs\\web.local\\app\\Views\\atendimentogab.php', 206)
 2 SYSTEMPATH\View\View.php(224): include('C:\\xampp\\htdocs\\web.local\\app\\Views\\atendimentogab.php')
 3 SYSTEMPATH\View\View.php(227): CodeIgniter\View\View->CodeIgniter\View\{closure}()
 4 SYSTEMPATH\Common.php(1180): CodeIgniter\View\View->render('atendimentogab', [], true)
 5 APPPATH\Controllers\Atendimentogab.php(21): view('atendimentogab', [...])
 6 SYSTEMPATH\CodeIgniter.php(932): App\Controllers\Atendimentogab->Atendimentogab()
 7 SYSTEMPATH\CodeIgniter.php(497): CodeIgniter\CodeIgniter->runController(Object(App\Controllers\Atendimentogab))
 8 SYSTEMPATH\CodeIgniter.php(366): CodeIgniter\CodeIgniter->handleRequest(null, Object(Config\Cache), false)
 9 FCPATH\index.php(67): CodeIgniter\CodeIgniter->run()
CRITICAL - 2026-01-28 16:38:24 --> Undefined variable $atendimentos
in APPPATH\Views\atendimentogab.php on line 206.
 1 APPPATH\Views\atendimentogab.php(206): CodeIgniter\Debug\Exceptions->errorHandler(2, 'Undefined variable $atendimentos', 'C:\\xampp\\htdocs\\web.local\\app\\Views\\atendimentogab.php', 206)
 2 SYSTEMPATH\View\View.php(224): include('C:\\xampp\\htdocs\\web.local\\app\\Views\\atendimentogab.php')
 3 SYSTEMPATH\View\View.php(227): CodeIgniter\View\View->CodeIgniter\View\{closure}()
 4 SYSTEMPATH\Common.php(1180): CodeIgniter\View\View->render('atendimentogab', [], true)
 5 APPPATH\Controllers\Atendimentogab.php(21): view('atendimentogab', [...])
 6 SYSTEMPATH\CodeIgniter.php(932): App\Controllers\Atendimentogab->Atendimentogab()
 7 SYSTEMPATH\CodeIgniter.php(497): CodeIgniter\CodeIgniter->runController(Object(App\Controllers\Atendimentogab))
 8 SYSTEMPATH\CodeIgniter.php(366): CodeIgniter\CodeIgniter->handleRequest(null, Object(Config\Cache), false)
 9 FCPATH\index.php(67): CodeIgniter\CodeIgniter->run()
CRITICAL - 2026-01-28 16:39:47 --> Undefined variable $atendimentos
in APPPATH\Views\atendimentogab.php on line 206.
 1 APPPATH\Views\atendimentogab.php(206): CodeIgniter\Debug\Exceptions->errorHandler(2, 'Undefined variable $atendimentos', 'C:\\xampp\\htdocs\\web.local\\app\\Views\\atendimentogab.php', 206)
 2 SYSTEMPATH\View\View.php(224): include('C:\\xampp\\htdocs\\web.local\\app\\Views\\atendimentogab.php')
 3 SYSTEMPATH\View\View.php(227): CodeIgniter\View\View->CodeIgniter\View\{closure}()
 4 SYSTEMPATH\Common.php(1180): CodeIgniter\View\View->render('atendimentogab', [], true)
 5 APPPATH\Controllers\Atendimentogab.php(21): view('atendimentogab', [...])
 6 SYSTEMPATH\CodeIgniter.php(932): App\Controllers\Atendimentogab->Atendimentogab()
 7 SYSTEMPATH\CodeIgniter.php(497): CodeIgniter\CodeIgniter->runController(Object(App\Controllers\Atendimentogab))
 8 SYSTEMPATH\CodeIgniter.php(366): CodeIgniter\CodeIgniter->handleRequest(null, Object(Config\Cache), false)
 9 FCPATH\index.php(67): CodeIgniter\CodeIgniter->run()
CRITICAL - 2026-01-28 16:45:58 --> Undefined variable $atendimentos
in APPPATH\Views\atendimentogab.php on line 206.
 1 APPPATH\Views\atendimentogab.php(206): CodeIgniter\Debug\Exceptions->errorHandler(2, 'Undefined variable $atendimentos', 'C:\\xampp\\htdocs\\web.local\\app\\Views\\atendimentogab.php', 206)
 2 SYSTEMPATH\View\View.php(224): include('C:\\xampp\\htdocs\\web.local\\app\\Views\\atendimentogab.php')
 3 SYSTEMPATH\View\View.php(227): CodeIgniter\View\View->CodeIgniter\View\{closure}()
 4 SYSTEMPATH\Common.php(1180): CodeIgniter\View\View->render('atendimentogab', [], true)
 5 APPPATH\Controllers\Atendimentogab.php(21): view('atendimentogab', [...])
 6 SYSTEMPATH\CodeIgniter.php(932): App\Controllers\Atendimentogab->Atendimentogab()
 7 SYSTEMPATH\CodeIgniter.php(497): CodeIgniter\CodeIgniter->runController(Object(App\Controllers\Atendimentogab))
 8 SYSTEMPATH\CodeIgniter.php(366): CodeIgniter\CodeIgniter->handleRequest(null, Object(Config\Cache), false)
 9 FCPATH\index.php(67): CodeIgniter\CodeIgniter->run()
CRITICAL - 2026-01-28 16:46:36 --> Undefined variable $atendimentos
in APPPATH\Views\atendimentogab.php on line 206.
 1 APPPATH\Views\atendimentogab.php(206): CodeIgniter\Debug\Exceptions->errorHandler(2, 'Undefined variable $atendimentos', 'C:\\xampp\\htdocs\\web.local\\app\\Views\\atendimentogab.php', 206)
 2 SYSTEMPATH\View\View.php(224): include('C:\\xampp\\htdocs\\web.local\\app\\Views\\atendimentogab.php')
 3 SYSTEMPATH\View\View.php(227): CodeIgniter\View\View->CodeIgniter\View\{closure}()
 4 SYSTEMPATH\Common.php(1180): CodeIgniter\View\View->render('atendimentogab', [], true)
 5 APPPATH\Controllers\Atendimentogab.php(21): view('atendimentogab', [...])
 6 SYSTEMPATH\CodeIgniter.php(932): App\Controllers\Atendimentogab->Atendimentogab()
 7 SYSTEMPATH\CodeIgniter.php(497): CodeIgniter\CodeIgniter->runController(Object(App\Controllers\Atendimentogab))
 8 SYSTEMPATH\CodeIgniter.php(366): CodeIgniter\CodeIgniter->handleRequest(null, Object(Config\Cache), false)
 9 FCPATH\index.php(67): CodeIgniter\CodeIgniter->run()
