ERROR - 2026-06-30 13:11:21 --> mysqli_sql_exception: Unknown column 'data_agenda' in 'where clause' in C:\xampp\htdocs\web.local\system\Database\MySQLi\Connection.php:295
Stack trace:
#0 C:\xampp\htdocs\web.local\system\Database\MySQLi\Connection.php(295): mysqli->query('SELECT COUNT(*)...', 0)
#1 C:\xampp\htdocs\web.local\system\Database\BaseConnection.php(692): CodeIgniter\Database\MySQLi\Connection->execute('SELECT COUNT(*)...')
#2 C:\xampp\htdocs\web.local\system\Database\BaseConnection.php(606): CodeIgniter\Database\BaseConnection->simpleQuery('SELECT COUNT(*)...')
#3 C:\xampp\htdocs\web.local\system\Database\BaseBuilder.php(1700): CodeIgniter\Database\BaseConnection->query('SELECT COUNT(*)...', Array, false)
#4 C:\xampp\htdocs\web.local\system\Model.php(606): CodeIgniter\Database\BaseBuilder->countAllResults(true)
#5 C:\xampp\htdocs\web.local\app\Controllers\Dashboard.php(33): CodeIgniter\Model->countAllResults()
#6 C:\xampp\htdocs\web.local\system\CodeIgniter.php(932): App\Controllers\Dashboard->index()
#7 C:\xampp\htdocs\web.local\system\CodeIgniter.php(497): CodeIgniter\CodeIgniter->runController(Object(App\Controllers\Dashboard))
#8 C:\xampp\htdocs\web.local\system\CodeIgniter.php(366): CodeIgniter\CodeIgniter->handleRequest(NULL, Object(Config\Cache), false)
#9 C:\xampp\htdocs\web.local\public\index.php(67): CodeIgniter\CodeIgniter->run()
#10 {main}
CRITICAL - 2026-06-30 13:11:21 --> Unknown column 'data_agenda' in 'where clause'
in SYSTEMPATH\Database\MySQLi\Connection.php on line 295.
 1 SYSTEMPATH\Database\MySQLi\Connection.php(295): mysqli->query('SELECT COUNT(*) AS `numrows`
FROM `agendas`
WHERE MONTH(data_agenda) = \'06\'
AND YEAR(data_agenda) = \'2026\'', 0)
 2 SYSTEMPATH\Database\BaseConnection.php(692): CodeIgniter\Database\MySQLi\Connection->execute('SELECT COUNT(*) AS `numrows`
FROM `agendas`
WHERE MONTH(data_agenda) = \'06\'
AND YEAR(data_agenda) = \'2026\'')
 3 SYSTEMPATH\Database\BaseConnection.php(606): CodeIgniter\Database\BaseConnection->simpleQuery('SELECT COUNT(*) AS `numrows`
FROM `agendas`
WHERE MONTH(data_agenda) = \'06\'
AND YEAR(data_agenda) = \'2026\'')
 4 SYSTEMPATH\Database\BaseBuilder.php(1700): CodeIgniter\Database\BaseConnection->query('SELECT COUNT(*) AS `numrows`
FROM `agendas`
WHERE MONTH(data_agenda) = :MONTH(data_agenda):
AND YEAR(data_agenda) = :YEAR(data_agenda):', [...], false)
 5 SYSTEMPATH\Model.php(606): CodeIgniter\Database\BaseBuilder->countAllResults(true)
 6 APPPATH\Controllers\Dashboard.php(33): CodeIgniter\Model->countAllResults()
 7 SYSTEMPATH\CodeIgniter.php(932): App\Controllers\Dashboard->index()
 8 SYSTEMPATH\CodeIgniter.php(497): CodeIgniter\CodeIgniter->runController(Object(App\Controllers\Dashboard))
 9 SYSTEMPATH\CodeIgniter.php(366): CodeIgniter\CodeIgniter->handleRequest(null, Object(Config\Cache), false)
10 FCPATH\index.php(67): CodeIgniter\CodeIgniter->run()
ERROR - 2026-06-30 13:12:44 --> mysqli_sql_exception: Cannot add or update a child row: a foreign key constraint fails in C:\xampp\htdocs\web.local\system\Database\MySQLi\Connection.php:295
Stack trace:
#0 C:\xampp\htdocs\web.local\system\Database\MySQLi\Connection.php(295): mysqli->query('INSERT INTO `ag...', 0)
#1 C:\xampp\htdocs\web.local\system\Database\BaseConnection.php(692): CodeIgniter\Database\MySQLi\Connection->execute('INSERT INTO `ag...')
#2 C:\xampp\htdocs\web.local\system\Database\BaseConnection.php(606): CodeIgniter\Database\BaseConnection->simpleQuery('INSERT INTO `ag...')
#3 C:\xampp\htdocs\web.local\system\Database\BaseBuilder.php(2309): CodeIgniter\Database\BaseConnection->query('INSERT INTO `ag...', Array, false)
#4 C:\xampp\htdocs\web.local\system\Model.php(330): CodeIgniter\Database\BaseBuilder->insert()
#5 C:\xampp\htdocs\web.local\system\BaseModel.php(782): CodeIgniter\Model->doInsert(Array)
#6 C:\xampp\htdocs\web.local\system\Model.php(730): CodeIgniter\BaseModel->insert(Array, true)
#7 C:\xampp\htdocs\web.local\app\Controllers\Agenda.php(45): CodeIgniter\Model->insert(Array)
#8 C:\xampp\htdocs\web.local\system\CodeIgniter.php(932): App\Controllers\Agenda->cadastrar()
#9 C:\xampp\htdocs\web.local\system\CodeIgniter.php(497): CodeIgniter\CodeIgniter->runController(Object(App\Controllers\Agenda))
#10 C:\xampp\htdocs\web.local\system\CodeIgniter.php(366): CodeIgniter\CodeIgniter->handleRequest(NULL, Object(Config\Cache), false)
#11 C:\xampp\htdocs\web.local\public\index.php(67): CodeIgniter\CodeIgniter->run()
#12 {main}
CRITICAL - 2026-06-30 13:12:44 --> Cannot add or update a child row: a foreign key constraint fails
in SYSTEMPATH\Database\MySQLi\Connection.php on line 295.
 1 SYSTEMPATH\Database\MySQLi\Connection.php(295): mysqli->query('INSERT INTO `agendas` (`Nomelocal`, `Data`, `Tipo`, `Descricao`, `Solicitadopor`, `Atendidopor`) VALUES (\'Sala de reuinão\', \'2026-06-30\', \'Reclamação\', \'FDE\', \'Marcio \', \'Thiago\')', 0)
 2 SYSTEMPATH\Database\BaseConnection.php(692): CodeIgniter\Database\MySQLi\Connection->execute('INSERT INTO `agendas` (`Nomelocal`, `Data`, `Tipo`, `Descricao`, `Solicitadopor`, `Atendidopor`) VALUES (\'Sala de reuinão\', \'2026-06-30\', \'Reclamação\', \'FDE\', \'Marcio \', \'Thiago\')')
 3 SYSTEMPATH\Database\BaseConnection.php(606): CodeIgniter\Database\BaseConnection->simpleQuery('INSERT INTO `agendas` (`Nomelocal`, `Data`, `Tipo`, `Descricao`, `Solicitadopor`, `Atendidopor`) VALUES (\'Sala de reuinão\', \'2026-06-30\', \'Reclamação\', \'FDE\', \'Marcio \', \'Thiago\')')
 4 SYSTEMPATH\Database\BaseBuilder.php(2309): CodeIgniter\Database\BaseConnection->query('INSERT INTO `agendas` (`Nomelocal`, `Data`, `Tipo`, `Descricao`, `Solicitadopor`, `Atendidopor`) VALUES (:Nomelocal:, :Data:, :Tipo:, :Descricao:, :Solicitadopor:, :Atendidopor:)', [...], false)
 5 SYSTEMPATH\Model.php(330): CodeIgniter\Database\BaseBuilder->insert()
 6 SYSTEMPATH\BaseModel.php(782): CodeIgniter\Model->doInsert([...])
 7 SYSTEMPATH\Model.php(730): CodeIgniter\BaseModel->insert([...], true)
 8 APPPATH\Controllers\Agenda.php(45): CodeIgniter\Model->insert([...])
 9 SYSTEMPATH\CodeIgniter.php(932): App\Controllers\Agenda->cadastrar()
10 SYSTEMPATH\CodeIgniter.php(497): CodeIgniter\CodeIgniter->runController(Object(App\Controllers\Agenda))
11 SYSTEMPATH\CodeIgniter.php(366): CodeIgniter\CodeIgniter->handleRequest(null, Object(Config\Cache), false)
12 FCPATH\index.php(67): CodeIgniter\CodeIgniter->run()
ERROR - 2026-06-30 13:13:08 --> mysqli_sql_exception: Cannot add or update a child row: a foreign key constraint fails in C:\xampp\htdocs\web.local\system\Database\MySQLi\Connection.php:295
Stack trace:
#0 C:\xampp\htdocs\web.local\system\Database\MySQLi\Connection.php(295): mysqli->query('INSERT INTO `ag...', 0)
#1 C:\xampp\htdocs\web.local\system\Database\BaseConnection.php(692): CodeIgniter\Database\MySQLi\Connection->execute('INSERT INTO `ag...')
#2 C:\xampp\htdocs\web.local\system\Database\BaseConnection.php(606): CodeIgniter\Database\BaseConnection->simpleQuery('INSERT INTO `ag...')
#3 C:\xampp\htdocs\web.local\system\Database\BaseBuilder.php(2309): CodeIgniter\Database\BaseConnection->query('INSERT INTO `ag...', Array, false)
#4 C:\xampp\htdocs\web.local\system\Model.php(330): CodeIgniter\Database\BaseBuilder->insert()
#5 C:\xampp\htdocs\web.local\system\BaseModel.php(782): CodeIgniter\Model->doInsert(Array)
#6 C:\xampp\htdocs\web.local\system\Model.php(730): CodeIgniter\BaseModel->insert(Array, true)
#7 C:\xampp\htdocs\web.local\app\Controllers\Agenda.php(45): CodeIgniter\Model->insert(Array)
#8 C:\xampp\htdocs\web.local\system\CodeIgniter.php(932): App\Controllers\Agenda->cadastrar()
#9 C:\xampp\htdocs\web.local\system\CodeIgniter.php(497): CodeIgniter\CodeIgniter->runController(Object(App\Controllers\Agenda))
#10 C:\xampp\htdocs\web.local\system\CodeIgniter.php(366): CodeIgniter\CodeIgniter->handleRequest(NULL, Object(Config\Cache), false)
#11 C:\xampp\htdocs\web.local\public\index.php(67): CodeIgniter\CodeIgniter->run()
#12 {main}
CRITICAL - 2026-06-30 13:13:08 --> Cannot add or update a child row: a foreign key constraint fails
in SYSTEMPATH\Database\MySQLi\Connection.php on line 295.
 1 SYSTEMPATH\Database\MySQLi\Connection.php(295): mysqli->query('INSERT INTO `agendas` (`Nomelocal`, `Data`, `Tipo`, `Descricao`, `Solicitadopor`, `Atendidopor`) VALUES (\'Sala de reuinão\', \'2026-06-30\', \'VERIFICAÇÃO DE RACK\', \'Lorem ipsum dolor sit amet.\', \'Marcio \', \'Não consta\')', 0)
 2 SYSTEMPATH\Database\BaseConnection.php(692): CodeIgniter\Database\MySQLi\Connection->execute('INSERT INTO `agendas` (`Nomelocal`, `Data`, `Tipo`, `Descricao`, `Solicitadopor`, `Atendidopor`) VALUES (\'Sala de reuinão\', \'2026-06-30\', \'VERIFICAÇÃO DE RACK\', \'Lorem ipsum dolor sit amet.\', \'Marcio \', \'Não consta\')')
 3 SYSTEMPATH\Database\BaseConnection.php(606): CodeIgniter\Database\BaseConnection->simpleQuery('INSERT INTO `agendas` (`Nomelocal`, `Data`, `Tipo`, `Descricao`, `Solicitadopor`, `Atendidopor`) VALUES (\'Sala de reuinão\', \'2026-06-30\', \'VERIFICAÇÃO DE RACK\', \'Lorem ipsum dolor sit amet.\', \'Marcio \', \'Não consta\')')
 4 SYSTEMPATH\Database\BaseBuilder.php(2309): CodeIgniter\Database\BaseConnection->query('INSERT INTO `agendas` (`Nomelocal`, `Data`, `Tipo`, `Descricao`, `Solicitadopor`, `Atendidopor`) VALUES (:Nomelocal:, :Data:, :Tipo:, :Descricao:, :Solicitadopor:, :Atendidopor:)', [...], false)
 5 SYSTEMPATH\Model.php(330): CodeIgniter\Database\BaseBuilder->insert()
 6 SYSTEMPATH\BaseModel.php(782): CodeIgniter\Model->doInsert([...])
 7 SYSTEMPATH\Model.php(730): CodeIgniter\BaseModel->insert([...], true)
 8 APPPATH\Controllers\Agenda.php(45): CodeIgniter\Model->insert([...])
 9 SYSTEMPATH\CodeIgniter.php(932): App\Controllers\Agenda->cadastrar()
10 SYSTEMPATH\CodeIgniter.php(497): CodeIgniter\CodeIgniter->runController(Object(App\Controllers\Agenda))
11 SYSTEMPATH\CodeIgniter.php(366): CodeIgniter\CodeIgniter->handleRequest(null, Object(Config\Cache), false)
12 FCPATH\index.php(67): CodeIgniter\CodeIgniter->run()
ERROR - 2026-06-30 13:20:27 --> mysqli_sql_exception: Cannot add or update a child row: a foreign key constraint fails in C:\xampp\htdocs\web.local\system\Database\MySQLi\Connection.php:295
Stack trace:
#0 C:\xampp\htdocs\web.local\system\Database\MySQLi\Connection.php(295): mysqli->query('INSERT INTO `ag...', 0)
#1 C:\xampp\htdocs\web.local\system\Database\BaseConnection.php(692): CodeIgniter\Database\MySQLi\Connection->execute('INSERT INTO `ag...')
#2 C:\xampp\htdocs\web.local\system\Database\BaseConnection.php(606): CodeIgniter\Database\BaseConnection->simpleQuery('INSERT INTO `ag...')
#3 C:\xampp\htdocs\web.local\system\Database\BaseBuilder.php(2309): CodeIgniter\Database\BaseConnection->query('INSERT INTO `ag...', Array, false)
#4 C:\xampp\htdocs\web.local\system\Model.php(330): CodeIgniter\Database\BaseBuilder->insert()
#5 C:\xampp\htdocs\web.local\system\BaseModel.php(782): CodeIgniter\Model->doInsert(Array)
#6 C:\xampp\htdocs\web.local\system\Model.php(730): CodeIgniter\BaseModel->insert(Array, true)
#7 C:\xampp\htdocs\web.local\app\Controllers\Agenda.php(45): CodeIgniter\Model->insert(Array)
#8 C:\xampp\htdocs\web.local\system\CodeIgniter.php(932): App\Controllers\Agenda->cadastrar()
#9 C:\xampp\htdocs\web.local\system\CodeIgniter.php(497): CodeIgniter\CodeIgniter->runController(Object(App\Controllers\Agenda))
#10 C:\xampp\htdocs\web.local\system\CodeIgniter.php(366): CodeIgniter\CodeIgniter->handleRequest(NULL, Object(Config\Cache), false)
#11 C:\xampp\htdocs\web.local\public\index.php(67): CodeIgniter\CodeIgniter->run()
#12 {main}
CRITICAL - 2026-06-30 13:20:27 --> Cannot add or update a child row: a foreign key constraint fails
in SYSTEMPATH\Database\MySQLi\Connection.php on line 295.
 1 SYSTEMPATH\Database\MySQLi\Connection.php(295): mysqli->query('INSERT INTO `agendas` (`Nomelocal`, `Data`, `Tipo`, `Descricao`, `Solicitadopor`, `Atendidopor`) VALUES (\'Sala de reuinão\', \'2026-06-30\', \'VERIFICAÇÃO DE RACK\', \'Lorem ipsum dolor sit amet.\', \'Marcio \', \'Não consta\')', 0)
 2 SYSTEMPATH\Database\BaseConnection.php(692): CodeIgniter\Database\MySQLi\Connection->execute('INSERT INTO `agendas` (`Nomelocal`, `Data`, `Tipo`, `Descricao`, `Solicitadopor`, `Atendidopor`) VALUES (\'Sala de reuinão\', \'2026-06-30\', \'VERIFICAÇÃO DE RACK\', \'Lorem ipsum dolor sit amet.\', \'Marcio \', \'Não consta\')')
 3 SYSTEMPATH\Database\BaseConnection.php(606): CodeIgniter\Database\BaseConnection->simpleQuery('INSERT INTO `agendas` (`Nomelocal`, `Data`, `Tipo`, `Descricao`, `Solicitadopor`, `Atendidopor`) VALUES (\'Sala de reuinão\', \'2026-06-30\', \'VERIFICAÇÃO DE RACK\', \'Lorem ipsum dolor sit amet.\', \'Marcio \', \'Não consta\')')
 4 SYSTEMPATH\Database\BaseBuilder.php(2309): CodeIgniter\Database\BaseConnection->query('INSERT INTO `agendas` (`Nomelocal`, `Data`, `Tipo`, `Descricao`, `Solicitadopor`, `Atendidopor`) VALUES (:Nomelocal:, :Data:, :Tipo:, :Descricao:, :Solicitadopor:, :Atendidopor:)', [...], false)
 5 SYSTEMPATH\Model.php(330): CodeIgniter\Database\BaseBuilder->insert()
 6 SYSTEMPATH\BaseModel.php(782): CodeIgniter\Model->doInsert([...])
 7 SYSTEMPATH\Model.php(730): CodeIgniter\BaseModel->insert([...], true)
 8 APPPATH\Controllers\Agenda.php(45): CodeIgniter\Model->insert([...])
 9 SYSTEMPATH\CodeIgniter.php(932): App\Controllers\Agenda->cadastrar()
10 SYSTEMPATH\CodeIgniter.php(497): CodeIgniter\CodeIgniter->runController(Object(App\Controllers\Agenda))
11 SYSTEMPATH\CodeIgniter.php(366): CodeIgniter\CodeIgniter->handleRequest(null, Object(Config\Cache), false)
12 FCPATH\index.php(67): CodeIgniter\CodeIgniter->run()
ERROR - 2026-06-30 13:20:44 --> mysqli_sql_exception: Cannot add or update a child row: a foreign key constraint fails in C:\xampp\htdocs\web.local\system\Database\MySQLi\Connection.php:295
Stack trace:
#0 C:\xampp\htdocs\web.local\system\Database\MySQLi\Connection.php(295): mysqli->query('INSERT INTO `ag...', 0)
#1 C:\xampp\htdocs\web.local\system\Database\BaseConnection.php(692): CodeIgniter\Database\MySQLi\Connection->execute('INSERT INTO `ag...')
#2 C:\xampp\htdocs\web.local\system\Database\BaseConnection.php(606): CodeIgniter\Database\BaseConnection->simpleQuery('INSERT INTO `ag...')
#3 C:\xampp\htdocs\web.local\system\Database\BaseBuilder.php(2309): CodeIgniter\Database\BaseConnection->query('INSERT INTO `ag...', Array, false)
#4 C:\xampp\htdocs\web.local\system\Model.php(330): CodeIgniter\Database\BaseBuilder->insert()
#5 C:\xampp\htdocs\web.local\system\BaseModel.php(782): CodeIgniter\Model->doInsert(Array)
#6 C:\xampp\htdocs\web.local\system\Model.php(730): CodeIgniter\BaseModel->insert(Array, true)
#7 C:\xampp\htdocs\web.local\app\Controllers\Agenda.php(45): CodeIgniter\Model->insert(Array)
#8 C:\xampp\htdocs\web.local\system\CodeIgniter.php(932): App\Controllers\Agenda->cadastrar()
#9 C:\xampp\htdocs\web.local\system\CodeIgniter.php(497): CodeIgniter\CodeIgniter->runController(Object(App\Controllers\Agenda))
#10 C:\xampp\htdocs\web.local\system\CodeIgniter.php(366): CodeIgniter\CodeIgniter->handleRequest(NULL, Object(Config\Cache), false)
#11 C:\xampp\htdocs\web.local\public\index.php(67): CodeIgniter\CodeIgniter->run()
#12 {main}
CRITICAL - 2026-06-30 13:20:44 --> Cannot add or update a child row: a foreign key constraint fails
in SYSTEMPATH\Database\MySQLi\Connection.php on line 295.
 1 SYSTEMPATH\Database\MySQLi\Connection.php(295): mysqli->query('INSERT INTO `agendas` (`Nomelocal`, `Data`, `Tipo`, `Descricao`, `Solicitadopor`, `Atendidopor`) VALUES (\'Sala de reuinão\', \'2026-06-30\', \'VERIFICAÇÃO DE RACK\', \'Lorem ipsum dolor sit amet.\', \'dasdasd\', \'Não consta\')', 0)
 2 SYSTEMPATH\Database\BaseConnection.php(692): CodeIgniter\Database\MySQLi\Connection->execute('INSERT INTO `agendas` (`Nomelocal`, `Data`, `Tipo`, `Descricao`, `Solicitadopor`, `Atendidopor`) VALUES (\'Sala de reuinão\', \'2026-06-30\', \'VERIFICAÇÃO DE RACK\', \'Lorem ipsum dolor sit amet.\', \'dasdasd\', \'Não consta\')')
 3 SYSTEMPATH\Database\BaseConnection.php(606): CodeIgniter\Database\BaseConnection->simpleQuery('INSERT INTO `agendas` (`Nomelocal`, `Data`, `Tipo`, `Descricao`, `Solicitadopor`, `Atendidopor`) VALUES (\'Sala de reuinão\', \'2026-06-30\', \'VERIFICAÇÃO DE RACK\', \'Lorem ipsum dolor sit amet.\', \'dasdasd\', \'Não consta\')')
 4 SYSTEMPATH\Database\BaseBuilder.php(2309): CodeIgniter\Database\BaseConnection->query('INSERT INTO `agendas` (`Nomelocal`, `Data`, `Tipo`, `Descricao`, `Solicitadopor`, `Atendidopor`) VALUES (:Nomelocal:, :Data:, :Tipo:, :Descricao:, :Solicitadopor:, :Atendidopor:)', [...], false)
 5 SYSTEMPATH\Model.php(330): CodeIgniter\Database\BaseBuilder->insert()
 6 SYSTEMPATH\BaseModel.php(782): CodeIgniter\Model->doInsert([...])
 7 SYSTEMPATH\Model.php(730): CodeIgniter\BaseModel->insert([...], true)
 8 APPPATH\Controllers\Agenda.php(45): CodeIgniter\Model->insert([...])
 9 SYSTEMPATH\CodeIgniter.php(932): App\Controllers\Agenda->cadastrar()
10 SYSTEMPATH\CodeIgniter.php(497): CodeIgniter\CodeIgniter->runController(Object(App\Controllers\Agenda))
11 SYSTEMPATH\CodeIgniter.php(366): CodeIgniter\CodeIgniter->handleRequest(null, Object(Config\Cache), false)
12 FCPATH\index.php(67): CodeIgniter\CodeIgniter->run()
INFO - 2026-06-30 13:26:41 --> Session: Class initialized using 'CodeIgniter\Session\Handlers\FileHandler' driver.
ERROR - 2026-06-30 13:44:37 --> mysqli_sql_exception: Unknown column 'data_agenda' in 'where clause' in C:\xampp\htdocs\web.local\system\Database\MySQLi\Connection.php:295
Stack trace:
#0 C:\xampp\htdocs\web.local\system\Database\MySQLi\Connection.php(295): mysqli->query('SELECT COUNT(*)...', 0)
#1 C:\xampp\htdocs\web.local\system\Database\BaseConnection.php(692): CodeIgniter\Database\MySQLi\Connection->execute('SELECT COUNT(*)...')
#2 C:\xampp\htdocs\web.local\system\Database\BaseConnection.php(606): CodeIgniter\Database\BaseConnection->simpleQuery('SELECT COUNT(*)...')
#3 C:\xampp\htdocs\web.local\system\Database\BaseBuilder.php(1700): CodeIgniter\Database\BaseConnection->query('SELECT COUNT(*)...', Array, false)
#4 C:\xampp\htdocs\web.local\system\Model.php(606): CodeIgniter\Database\BaseBuilder->countAllResults(true)
#5 C:\xampp\htdocs\web.local\app\Controllers\Dashboard.php(38): CodeIgniter\Model->countAllResults()
#6 C:\xampp\htdocs\web.local\system\CodeIgniter.php(932): App\Controllers\Dashboard->index()
#7 C:\xampp\htdocs\web.local\system\CodeIgniter.php(497): CodeIgniter\CodeIgniter->runController(Object(App\Controllers\Dashboard))
#8 C:\xampp\htdocs\web.local\system\CodeIgniter.php(366): CodeIgniter\CodeIgniter->handleRequest(NULL, Object(Config\Cache), false)
#9 C:\xampp\htdocs\web.local\public\index.php(67): CodeIgniter\CodeIgniter->run()
#10 {main}
CRITICAL - 2026-06-30 13:44:37 --> Unknown column 'data_agenda' in 'where clause'
in SYSTEMPATH\Database\MySQLi\Connection.php on line 295.
 1 SYSTEMPATH\Database\MySQLi\Connection.php(295): mysqli->query('SELECT COUNT(*) AS `numrows`
FROM `agendas`
WHERE MONTH(data_agenda) = \'06\'
AND YEAR(data_agenda) = \'2026\'', 0)
 2 SYSTEMPATH\Database\BaseConnection.php(692): CodeIgniter\Database\MySQLi\Connection->execute('SELECT COUNT(*) AS `numrows`
FROM `agendas`
WHERE MONTH(data_agenda) = \'06\'
AND YEAR(data_agenda) = \'2026\'')
 3 SYSTEMPATH\Database\BaseConnection.php(606): CodeIgniter\Database\BaseConnection->simpleQuery('SELECT COUNT(*) AS `numrows`
FROM `agendas`
WHERE MONTH(data_agenda) = \'06\'
AND YEAR(data_agenda) = \'2026\'')
 4 SYSTEMPATH\Database\BaseBuilder.php(1700): CodeIgniter\Database\BaseConnection->query('SELECT COUNT(*) AS `numrows`
FROM `agendas`
WHERE MONTH(data_agenda) = :MONTH(data_agenda):
AND YEAR(data_agenda) = :YEAR(data_agenda):', [...], false)
 5 SYSTEMPATH\Model.php(606): CodeIgniter\Database\BaseBuilder->countAllResults(true)
 6 APPPATH\Controllers\Dashboard.php(38): CodeIgniter\Model->countAllResults()
 7 SYSTEMPATH\CodeIgniter.php(932): App\Controllers\Dashboard->index()
 8 SYSTEMPATH\CodeIgniter.php(497): CodeIgniter\CodeIgniter->runController(Object(App\Controllers\Dashboard))
 9 SYSTEMPATH\CodeIgniter.php(366): CodeIgniter\CodeIgniter->handleRequest(null, Object(Config\Cache), false)
10 FCPATH\index.php(67): CodeIgniter\CodeIgniter->run()
INFO - 2026-06-30 13:45:13 --> Session: Class initialized using 'CodeIgniter\Session\Handlers\FileHandler' driver.
CRITICAL - 2026-06-30 16:04:47 --> Undefined variable $mesAtual
in APPPATH\Views\agendas.php on line 169.
 1 APPPATH\Views\agendas.php(169): CodeIgniter\Debug\Exceptions->errorHandler(2, 'Undefined variable $mesAtual', 'C:\\xampp\\htdocs\\web.local\\app\\Views\\agendas.php', 169)
 2 SYSTEMPATH\View\View.php(224): include('C:\\xampp\\htdocs\\web.local\\app\\Views\\agendas.php')
 3 SYSTEMPATH\View\View.php(227): CodeIgniter\View\View->CodeIgniter\View\{closure}()
 4 SYSTEMPATH\Common.php(1180): CodeIgniter\View\View->render('agendas', [], true)
 5 APPPATH\Controllers\Agenda.php(34): view('agendas', [...])
 6 SYSTEMPATH\CodeIgniter.php(932): App\Controllers\Agenda->Agenda()
 7 SYSTEMPATH\CodeIgniter.php(497): CodeIgniter\CodeIgniter->runController(Object(App\Controllers\Agenda))
 8 SYSTEMPATH\CodeIgniter.php(366): CodeIgniter\CodeIgniter->handleRequest(null, Object(Config\Cache), false)
 9 FCPATH\index.php(67): CodeIgniter\CodeIgniter->run()
