CRITICAL - 2026-03-03 14:14:55 --> Undefined array key "Status"
in APPPATH\Views\agendas.php on line 219.
 1 APPPATH\Views\agendas.php(219): CodeIgniter\Debug\Exceptions->errorHandler(2, 'Undefined array key "Status"', 'C:\\xampp\\htdocs\\web.local\\app\\Views\\agendas.php', 219)
 2 SYSTEMPATH\View\View.php(224): include('C:\\xampp\\htdocs\\web.local\\app\\Views\\agendas.php')
 3 SYSTEMPATH\View\View.php(227): CodeIgniter\View\View->CodeIgniter\View\{closure}()
 4 SYSTEMPATH\Common.php(1180): CodeIgniter\View\View->render('agendas', [], true)
 5 APPPATH\Controllers\Agenda.php(20): view('agendas', [...])
 6 SYSTEMPATH\CodeIgniter.php(932): App\Controllers\Agenda->Agenda()
 7 SYSTEMPATH\CodeIgniter.php(497): CodeIgniter\CodeIgniter->runController(Object(App\Controllers\Agenda))
 8 SYSTEMPATH\CodeIgniter.php(366): CodeIgniter\CodeIgniter->handleRequest(null, Object(Config\Cache), false)
 9 FCPATH\index.php(67): CodeIgniter\CodeIgniter->run()
CRITICAL - 2026-03-03 14:16:18 --> Undefined array key "Status"
in APPPATH\Views\agendas.php on line 219.
 1 APPPATH\Views\agendas.php(219): CodeIgniter\Debug\Exceptions->errorHandler(2, 'Undefined array key "Status"', 'C:\\xampp\\htdocs\\web.local\\app\\Views\\agendas.php', 219)
 2 SYSTEMPATH\View\View.php(224): include('C:\\xampp\\htdocs\\web.local\\app\\Views\\agendas.php')
 3 SYSTEMPATH\View\View.php(227): CodeIgniter\View\View->CodeIgniter\View\{closure}()
 4 SYSTEMPATH\Common.php(1180): CodeIgniter\View\View->render('agendas', [], true)
 5 APPPATH\Controllers\Agenda.php(20): view('agendas', [...])
 6 SYSTEMPATH\CodeIgniter.php(932): App\Controllers\Agenda->Agenda()
 7 SYSTEMPATH\CodeIgniter.php(497): CodeIgniter\CodeIgniter->runController(Object(App\Controllers\Agenda))
 8 SYSTEMPATH\CodeIgniter.php(366): CodeIgniter\CodeIgniter->handleRequest(null, Object(Config\Cache), false)
 9 FCPATH\index.php(67): CodeIgniter\CodeIgniter->run()
CRITICAL - 2026-03-03 14:16:19 --> Undefined array key "Status"
in APPPATH\Views\agendas.php on line 219.
 1 APPPATH\Views\agendas.php(219): CodeIgniter\Debug\Exceptions->errorHandler(2, 'Undefined array key "Status"', 'C:\\xampp\\htdocs\\web.local\\app\\Views\\agendas.php', 219)
 2 SYSTEMPATH\View\View.php(224): include('C:\\xampp\\htdocs\\web.local\\app\\Views\\agendas.php')
 3 SYSTEMPATH\View\View.php(227): CodeIgniter\View\View->CodeIgniter\View\{closure}()
 4 SYSTEMPATH\Common.php(1180): CodeIgniter\View\View->render('agendas', [], true)
 5 APPPATH\Controllers\Agenda.php(20): view('agendas', [...])
 6 SYSTEMPATH\CodeIgniter.php(932): App\Controllers\Agenda->Agenda()
 7 SYSTEMPATH\CodeIgniter.php(497): CodeIgniter\CodeIgniter->runController(Object(App\Controllers\Agenda))
 8 SYSTEMPATH\CodeIgniter.php(366): CodeIgniter\CodeIgniter->handleRequest(null, Object(Config\Cache), false)
 9 FCPATH\index.php(67): CodeIgniter\CodeIgniter->run()
CRITICAL - 2026-03-03 14:16:19 --> Undefined array key "Status"
in APPPATH\Views\agendas.php on line 219.
 1 APPPATH\Views\agendas.php(219): CodeIgniter\Debug\Exceptions->errorHandler(2, 'Undefined array key "Status"', 'C:\\xampp\\htdocs\\web.local\\app\\Views\\agendas.php', 219)
 2 SYSTEMPATH\View\View.php(224): include('C:\\xampp\\htdocs\\web.local\\app\\Views\\agendas.php')
 3 SYSTEMPATH\View\View.php(227): CodeIgniter\View\View->CodeIgniter\View\{closure}()
 4 SYSTEMPATH\Common.php(1180): CodeIgniter\View\View->render('agendas', [], true)
 5 APPPATH\Controllers\Agenda.php(20): view('agendas', [...])
 6 SYSTEMPATH\CodeIgniter.php(932): App\Controllers\Agenda->Agenda()
 7 SYSTEMPATH\CodeIgniter.php(497): CodeIgniter\CodeIgniter->runController(Object(App\Controllers\Agenda))
 8 SYSTEMPATH\CodeIgniter.php(366): CodeIgniter\CodeIgniter->handleRequest(null, Object(Config\Cache), false)
 9 FCPATH\index.php(67): CodeIgniter\CodeIgniter->run()
CRITICAL - 2026-03-03 14:16:20 --> Undefined array key "Status"
in APPPATH\Views\agendas.php on line 219.
 1 APPPATH\Views\agendas.php(219): CodeIgniter\Debug\Exceptions->errorHandler(2, 'Undefined array key "Status"', 'C:\\xampp\\htdocs\\web.local\\app\\Views\\agendas.php', 219)
 2 SYSTEMPATH\View\View.php(224): include('C:\\xampp\\htdocs\\web.local\\app\\Views\\agendas.php')
 3 SYSTEMPATH\View\View.php(227): CodeIgniter\View\View->CodeIgniter\View\{closure}()
 4 SYSTEMPATH\Common.php(1180): CodeIgniter\View\View->render('agendas', [], true)
 5 APPPATH\Controllers\Agenda.php(20): view('agendas', [...])
 6 SYSTEMPATH\CodeIgniter.php(932): App\Controllers\Agenda->Agenda()
 7 SYSTEMPATH\CodeIgniter.php(497): CodeIgniter\CodeIgniter->runController(Object(App\Controllers\Agenda))
 8 SYSTEMPATH\CodeIgniter.php(366): CodeIgniter\CodeIgniter->handleRequest(null, Object(Config\Cache), false)
 9 FCPATH\index.php(67): CodeIgniter\CodeIgniter->run()
CRITICAL - 2026-03-03 14:17:40 --> Undefined array key "Status"
in APPPATH\Views\agendas.php on line 219.
 1 APPPATH\Views\agendas.php(219): CodeIgniter\Debug\Exceptions->errorHandler(2, 'Undefined array key "Status"', 'C:\\xampp\\htdocs\\web.local\\app\\Views\\agendas.php', 219)
 2 SYSTEMPATH\View\View.php(224): include('C:\\xampp\\htdocs\\web.local\\app\\Views\\agendas.php')
 3 SYSTEMPATH\View\View.php(227): CodeIgniter\View\View->CodeIgniter\View\{closure}()
 4 SYSTEMPATH\Common.php(1180): CodeIgniter\View\View->render('agendas', [], true)
 5 APPPATH\Controllers\Agenda.php(20): view('agendas', [...])
 6 SYSTEMPATH\CodeIgniter.php(932): App\Controllers\Agenda->Agenda()
 7 SYSTEMPATH\CodeIgniter.php(497): CodeIgniter\CodeIgniter->runController(Object(App\Controllers\Agenda))
 8 SYSTEMPATH\CodeIgniter.php(366): CodeIgniter\CodeIgniter->handleRequest(null, Object(Config\Cache), false)
 9 FCPATH\index.php(67): CodeIgniter\CodeIgniter->run()
CRITICAL - 2026-03-03 14:17:42 --> Undefined array key "Status"
in APPPATH\Views\agendas.php on line 219.
 1 APPPATH\Views\agendas.php(219): CodeIgniter\Debug\Exceptions->errorHandler(2, 'Undefined array key "Status"', 'C:\\xampp\\htdocs\\web.local\\app\\Views\\agendas.php', 219)
 2 SYSTEMPATH\View\View.php(224): include('C:\\xampp\\htdocs\\web.local\\app\\Views\\agendas.php')
 3 SYSTEMPATH\View\View.php(227): CodeIgniter\View\View->CodeIgniter\View\{closure}()
 4 SYSTEMPATH\Common.php(1180): CodeIgniter\View\View->render('agendas', [], true)
 5 APPPATH\Controllers\Agenda.php(20): view('agendas', [...])
 6 SYSTEMPATH\CodeIgniter.php(932): App\Controllers\Agenda->Agenda()
 7 SYSTEMPATH\CodeIgniter.php(497): CodeIgniter\CodeIgniter->runController(Object(App\Controllers\Agenda))
 8 SYSTEMPATH\CodeIgniter.php(366): CodeIgniter\CodeIgniter->handleRequest(null, Object(Config\Cache), false)
 9 FCPATH\index.php(67): CodeIgniter\CodeIgniter->run()
CRITICAL - 2026-03-03 14:18:55 --> Undefined array key "Status"
in APPPATH\Views\agendas.php on line 219.
 1 APPPATH\Views\agendas.php(219): CodeIgniter\Debug\Exceptions->errorHandler(2, 'Undefined array key "Status"', 'C:\\xampp\\htdocs\\web.local\\app\\Views\\agendas.php', 219)
 2 SYSTEMPATH\View\View.php(224): include('C:\\xampp\\htdocs\\web.local\\app\\Views\\agendas.php')
 3 SYSTEMPATH\View\View.php(227): CodeIgniter\View\View->CodeIgniter\View\{closure}()
 4 SYSTEMPATH\Common.php(1180): CodeIgniter\View\View->render('agendas', [], true)
 5 APPPATH\Controllers\Agenda.php(20): view('agendas', [...])
 6 SYSTEMPATH\CodeIgniter.php(932): App\Controllers\Agenda->Agenda()
 7 SYSTEMPATH\CodeIgniter.php(497): CodeIgniter\CodeIgniter->runController(Object(App\Controllers\Agenda))
 8 SYSTEMPATH\CodeIgniter.php(366): CodeIgniter\CodeIgniter->handleRequest(null, Object(Config\Cache), false)
 9 FCPATH\index.php(67): CodeIgniter\CodeIgniter->run()
CRITICAL - 2026-03-03 14:18:56 --> Undefined array key "Status"
in APPPATH\Views\agendas.php on line 219.
 1 APPPATH\Views\agendas.php(219): CodeIgniter\Debug\Exceptions->errorHandler(2, 'Undefined array key "Status"', 'C:\\xampp\\htdocs\\web.local\\app\\Views\\agendas.php', 219)
 2 SYSTEMPATH\View\View.php(224): include('C:\\xampp\\htdocs\\web.local\\app\\Views\\agendas.php')
 3 SYSTEMPATH\View\View.php(227): CodeIgniter\View\View->CodeIgniter\View\{closure}()
 4 SYSTEMPATH\Common.php(1180): CodeIgniter\View\View->render('agendas', [], true)
 5 APPPATH\Controllers\Agenda.php(20): view('agendas', [...])
 6 SYSTEMPATH\CodeIgniter.php(932): App\Controllers\Agenda->Agenda()
 7 SYSTEMPATH\CodeIgniter.php(497): CodeIgniter\CodeIgniter->runController(Object(App\Controllers\Agenda))
 8 SYSTEMPATH\CodeIgniter.php(366): CodeIgniter\CodeIgniter->handleRequest(null, Object(Config\Cache), false)
 9 FCPATH\index.php(67): CodeIgniter\CodeIgniter->run()
CRITICAL - 2026-03-03 14:20:09 --> Undefined array key "Status"
in APPPATH\Views\agendas.php on line 219.
 1 APPPATH\Views\agendas.php(219): CodeIgniter\Debug\Exceptions->errorHandler(2, 'Undefined array key "Status"', 'C:\\xampp\\htdocs\\web.local\\app\\Views\\agendas.php', 219)
 2 SYSTEMPATH\View\View.php(224): include('C:\\xampp\\htdocs\\web.local\\app\\Views\\agendas.php')
 3 SYSTEMPATH\View\View.php(227): CodeIgniter\View\View->CodeIgniter\View\{closure}()
 4 SYSTEMPATH\Common.php(1180): CodeIgniter\View\View->render('agendas', [], true)
 5 APPPATH\Controllers\Agenda.php(20): view('agendas', [...])
 6 SYSTEMPATH\CodeIgniter.php(932): App\Controllers\Agenda->Agenda()
 7 SYSTEMPATH\CodeIgniter.php(497): CodeIgniter\CodeIgniter->runController(Object(App\Controllers\Agenda))
 8 SYSTEMPATH\CodeIgniter.php(366): CodeIgniter\CodeIgniter->handleRequest(null, Object(Config\Cache), false)
 9 FCPATH\index.php(67): CodeIgniter\CodeIgniter->run()
CRITICAL - 2026-03-03 14:21:32 --> Undefined array key "Status"
in APPPATH\Views\agendas.php on line 219.
 1 APPPATH\Views\agendas.php(219): CodeIgniter\Debug\Exceptions->errorHandler(2, 'Undefined array key "Status"', 'C:\\xampp\\htdocs\\web.local\\app\\Views\\agendas.php', 219)
 2 SYSTEMPATH\View\View.php(224): include('C:\\xampp\\htdocs\\web.local\\app\\Views\\agendas.php')
 3 SYSTEMPATH\View\View.php(227): CodeIgniter\View\View->CodeIgniter\View\{closure}()
 4 SYSTEMPATH\Common.php(1180): CodeIgniter\View\View->render('agendas', [], true)
 5 APPPATH\Controllers\Agenda.php(20): view('agendas', [...])
 6 SYSTEMPATH\CodeIgniter.php(932): App\Controllers\Agenda->Agenda()
 7 SYSTEMPATH\CodeIgniter.php(497): CodeIgniter\CodeIgniter->runController(Object(App\Controllers\Agenda))
 8 SYSTEMPATH\CodeIgniter.php(366): CodeIgniter\CodeIgniter->handleRequest(null, Object(Config\Cache), false)
 9 FCPATH\index.php(67): CodeIgniter\CodeIgniter->run()
CRITICAL - 2026-03-03 14:21:53 --> Undefined array key "Status"
in APPPATH\Views\agendas.php on line 222.
 1 APPPATH\Views\agendas.php(222): CodeIgniter\Debug\Exceptions->errorHandler(2, 'Undefined array key "Status"', 'C:\\xampp\\htdocs\\web.local\\app\\Views\\agendas.php', 222)
 2 SYSTEMPATH\View\View.php(224): include('C:\\xampp\\htdocs\\web.local\\app\\Views\\agendas.php')
 3 SYSTEMPATH\View\View.php(227): CodeIgniter\View\View->CodeIgniter\View\{closure}()
 4 SYSTEMPATH\Common.php(1180): CodeIgniter\View\View->render('agendas', [], true)
 5 APPPATH\Controllers\Agenda.php(20): view('agendas', [...])
 6 SYSTEMPATH\CodeIgniter.php(932): App\Controllers\Agenda->Agenda()
 7 SYSTEMPATH\CodeIgniter.php(497): CodeIgniter\CodeIgniter->runController(Object(App\Controllers\Agenda))
 8 SYSTEMPATH\CodeIgniter.php(366): CodeIgniter\CodeIgniter->handleRequest(null, Object(Config\Cache), false)
 9 FCPATH\index.php(67): CodeIgniter\CodeIgniter->run()
CRITICAL - 2026-03-03 14:23:27 --> Undefined array key "Status"
in APPPATH\Views\agendas.php on line 219.
 1 APPPATH\Views\agendas.php(219): CodeIgniter\Debug\Exceptions->errorHandler(2, 'Undefined array key "Status"', 'C:\\xampp\\htdocs\\web.local\\app\\Views\\agendas.php', 219)
 2 SYSTEMPATH\View\View.php(224): include('C:\\xampp\\htdocs\\web.local\\app\\Views\\agendas.php')
 3 SYSTEMPATH\View\View.php(227): CodeIgniter\View\View->CodeIgniter\View\{closure}()
 4 SYSTEMPATH\Common.php(1180): CodeIgniter\View\View->render('agendas', [], true)
 5 APPPATH\Controllers\Agenda.php(20): view('agendas', [...])
 6 SYSTEMPATH\CodeIgniter.php(932): App\Controllers\Agenda->Agenda()
 7 SYSTEMPATH\CodeIgniter.php(497): CodeIgniter\CodeIgniter->runController(Object(App\Controllers\Agenda))
 8 SYSTEMPATH\CodeIgniter.php(366): CodeIgniter\CodeIgniter->handleRequest(null, Object(Config\Cache), false)
 9 FCPATH\index.php(67): CodeIgniter\CodeIgniter->run()
CRITICAL - 2026-03-03 14:23:46 --> Undefined array key "Status"
in APPPATH\Views\agendas.php on line 222.
 1 APPPATH\Views\agendas.php(222): CodeIgniter\Debug\Exceptions->errorHandler(2, 'Undefined array key "Status"', 'C:\\xampp\\htdocs\\web.local\\app\\Views\\agendas.php', 222)
 2 SYSTEMPATH\View\View.php(224): include('C:\\xampp\\htdocs\\web.local\\app\\Views\\agendas.php')
 3 SYSTEMPATH\View\View.php(227): CodeIgniter\View\View->CodeIgniter\View\{closure}()
 4 SYSTEMPATH\Common.php(1180): CodeIgniter\View\View->render('agendas', [], true)
 5 APPPATH\Controllers\Agenda.php(20): view('agendas', [...])
 6 SYSTEMPATH\CodeIgniter.php(932): App\Controllers\Agenda->Agenda()
 7 SYSTEMPATH\CodeIgniter.php(497): CodeIgniter\CodeIgniter->runController(Object(App\Controllers\Agenda))
 8 SYSTEMPATH\CodeIgniter.php(366): CodeIgniter\CodeIgniter->handleRequest(null, Object(Config\Cache), false)
 9 FCPATH\index.php(67): CodeIgniter\CodeIgniter->run()
CRITICAL - 2026-03-03 14:49:12 --> Undefined array key "AgendId"
in APPPATH\Views\agendas.php on line 227.
 1 APPPATH\Views\agendas.php(227): CodeIgniter\Debug\Exceptions->errorHandler(2, 'Undefined array key "AgendId"', 'C:\\xampp\\htdocs\\web.local\\app\\Views\\agendas.php', 227)
 2 SYSTEMPATH\View\View.php(224): include('C:\\xampp\\htdocs\\web.local\\app\\Views\\agendas.php')
 3 SYSTEMPATH\View\View.php(227): CodeIgniter\View\View->CodeIgniter\View\{closure}()
 4 SYSTEMPATH\Common.php(1180): CodeIgniter\View\View->render('agendas', [], true)
 5 APPPATH\Controllers\Agenda.php(27): view('agendas', [...])
 6 SYSTEMPATH\CodeIgniter.php(932): App\Controllers\Agenda->Agenda()
 7 SYSTEMPATH\CodeIgniter.php(497): CodeIgniter\CodeIgniter->runController(Object(App\Controllers\Agenda))
 8 SYSTEMPATH\CodeIgniter.php(366): CodeIgniter\CodeIgniter->handleRequest(null, Object(Config\Cache), false)
 9 FCPATH\index.php(67): CodeIgniter\CodeIgniter->run()
