INFO - 2026-08-12 08:46:13 --> Session: Class initialized using 'CodeIgniter\Session\Handlers\FileHandler' driver.
INFO - 2026-08-12 10:06:14 --> Session: Class initialized using 'CodeIgniter\Session\Handlers\FileHandler' driver.
INFO - 2026-08-12 10:06:58 --> Session: Class initialized using 'CodeIgniter\Session\Handlers\FileHandler' driver.
INFO - 2026-08-12 10:08:08 --> Session: Class initialized using 'CodeIgniter\Session\Handlers\FileHandler' driver.
INFO - 2026-08-12 10:11:40 --> Session: Class initialized using 'CodeIgniter\Session\Handlers\FileHandler' driver.
INFO - 2026-08-12 10:23:39 --> Session: Class initialized using 'CodeIgniter\Session\Handlers\FileHandler' driver.
INFO - 2026-08-12 11:22:27 --> Session: Class initialized using 'CodeIgniter\Session\Handlers\FileHandler' driver.
INFO - 2026-08-12 11:22:54 --> Session: Class initialized using 'CodeIgniter\Session\Handlers\FileHandler' driver.
INFO - 2026-08-12 11:28:46 --> Session: Class initialized using 'CodeIgniter\Session\Handlers\FileHandler' driver.
INFO - 2026-08-12 11:29:02 --> Session: Class initialized using 'CodeIgniter\Session\Handlers\FileHandler' driver.
INFO - 2026-08-12 11:29:13 --> Session: Class initialized using 'CodeIgniter\Session\Handlers\FileHandler' driver.
INFO - 2026-08-12 11:29:20 --> Session: Class initialized using 'CodeIgniter\Session\Handlers\FileHandler' driver.
INFO - 2026-08-12 11:29:27 --> Session: Class initialized using 'CodeIgniter\Session\Handlers\FileHandler' driver.
INFO - 2026-08-12 11:29:50 --> Session: Class initialized using 'CodeIgniter\Session\Handlers\FileHandler' driver.
INFO - 2026-08-12 11:29:59 --> Session: Class initialized using 'CodeIgniter\Session\Handlers\FileHandler' driver.
INFO - 2026-08-12 11:30:05 --> Session: Class initialized using 'CodeIgniter\Session\Handlers\FileHandler' driver.
INFO - 2026-08-12 11:30:09 --> Session: Class initialized using 'CodeIgniter\Session\Handlers\FileHandler' driver.
ERROR - 2026-08-12 11:30:14 --> mysqli_sql_exception: Cannot delete or update a parent row: a foreign key constraint fails (`sistema_web`.`emprestimos`, CONSTRAINT `fk_emprestimos_kit` FOREIGN KEY (`numero_mochila`) REFERENCES `kits` (`id_kit`)) in C:\xampp\htdocs\web.local\system\Database\MySQLi\Connection.php:295
Stack trace:
#0 C:\xampp\htdocs\web.local\system\Database\MySQLi\Connection.php(295): mysqli->query('UPDATE `kits` S...', 0)
#1 C:\xampp\htdocs\web.local\system\Database\BaseConnection.php(692): CodeIgniter\Database\MySQLi\Connection->execute('UPDATE `kits` S...')
#2 C:\xampp\htdocs\web.local\system\Database\BaseConnection.php(606): CodeIgniter\Database\BaseConnection->simpleQuery('UPDATE `kits` S...')
#3 C:\xampp\htdocs\web.local\system\Database\BaseBuilder.php(2476): CodeIgniter\Database\BaseConnection->query('UPDATE `kits` S...', Array, false)
#4 C:\xampp\htdocs\web.local\app\Models\InventarioModel.php(175): CodeIgniter\Database\BaseBuilder->update(Array)
#5 C:\xampp\htdocs\web.local\app\Models\InventarioModel.php(351): App\Models\InventarioModel->saveKit(Array)
#6 C:\xampp\htdocs\web.local\app\Controllers\Inventario.php(71): App\Models\InventarioModel->saveKitMultiplo(Array, true)
#7 C:\xampp\htdocs\web.local\system\CodeIgniter.php(932): App\Controllers\Inventario->editarMultiplo()
#8 C:\xampp\htdocs\web.local\system\CodeIgniter.php(497): CodeIgniter\CodeIgniter->runController(Object(App\Controllers\Inventario))
#9 C:\xampp\htdocs\web.local\system\CodeIgniter.php(366): CodeIgniter\CodeIgniter->handleRequest(NULL, Object(Config\Cache), false)
#10 C:\xampp\htdocs\web.local\public\index.php(67): CodeIgniter\CodeIgniter->run()
#11 {main}
ERROR - 2026-08-12 11:30:14 --> mysqli_sql_exception: Cannot add or update a child row: a foreign key constraint fails (`sistema_web`.`itens`, CONSTRAINT `fk_itens_kit` FOREIGN KEY (`numero_mochila`) REFERENCES `kits` (`id_kit`) ON DELETE CASCADE ON UPDATE CASCADE) in C:\xampp\htdocs\web.local\system\Database\MySQLi\Connection.php:295
Stack trace:
#0 C:\xampp\htdocs\web.local\system\Database\MySQLi\Connection.php(295): mysqli->query('UPDATE `itens` ...', 0)
#1 C:\xampp\htdocs\web.local\system\Database\BaseConnection.php(692): CodeIgniter\Database\MySQLi\Connection->execute('UPDATE `itens` ...')
#2 C:\xampp\htdocs\web.local\system\Database\BaseConnection.php(606): CodeIgniter\Database\BaseConnection->simpleQuery('UPDATE `itens` ...')
#3 C:\xampp\htdocs\web.local\system\Database\BaseBuilder.php(2476): CodeIgniter\Database\BaseConnection->query('UPDATE `itens` ...', Array, false)
#4 C:\xampp\htdocs\web.local\app\Models\InventarioModel.php(239): CodeIgniter\Database\BaseBuilder->update(Array)
#5 C:\xampp\htdocs\web.local\app\Models\InventarioModel.php(351): App\Models\InventarioModel->saveKit(Array)
#6 C:\xampp\htdocs\web.local\app\Controllers\Inventario.php(71): App\Models\InventarioModel->saveKitMultiplo(Array, true)
#7 C:\xampp\htdocs\web.local\system\CodeIgniter.php(932): App\Controllers\Inventario->editarMultiplo()
#8 C:\xampp\htdocs\web.local\system\CodeIgniter.php(497): CodeIgniter\CodeIgniter->runController(Object(App\Controllers\Inventario))
#9 C:\xampp\htdocs\web.local\system\CodeIgniter.php(366): CodeIgniter\CodeIgniter->handleRequest(NULL, Object(Config\Cache), false)
#10 C:\xampp\htdocs\web.local\public\index.php(67): CodeIgniter\CodeIgniter->run()
#11 {main}
INFO - 2026-08-12 11:30:14 --> Session: Class initialized using 'CodeIgniter\Session\Handlers\FileHandler' driver.
ERROR - 2026-08-12 11:30:20 --> mysqli_sql_exception: Cannot delete or update a parent row: a foreign key constraint fails (`sistema_web`.`emprestimos`, CONSTRAINT `fk_emprestimos_kit` FOREIGN KEY (`numero_mochila`) REFERENCES `kits` (`id_kit`)) in C:\xampp\htdocs\web.local\system\Database\MySQLi\Connection.php:295
Stack trace:
#0 C:\xampp\htdocs\web.local\system\Database\MySQLi\Connection.php(295): mysqli->query('UPDATE `kits` S...', 0)
#1 C:\xampp\htdocs\web.local\system\Database\BaseConnection.php(692): CodeIgniter\Database\MySQLi\Connection->execute('UPDATE `kits` S...')
#2 C:\xampp\htdocs\web.local\system\Database\BaseConnection.php(606): CodeIgniter\Database\BaseConnection->simpleQuery('UPDATE `kits` S...')
#3 C:\xampp\htdocs\web.local\system\Database\BaseBuilder.php(2476): CodeIgniter\Database\BaseConnection->query('UPDATE `kits` S...', Array, false)
#4 C:\xampp\htdocs\web.local\app\Models\InventarioModel.php(175): CodeIgniter\Database\BaseBuilder->update(Array)
#5 C:\xampp\htdocs\web.local\app\Models\InventarioModel.php(351): App\Models\InventarioModel->saveKit(Array)
#6 C:\xampp\htdocs\web.local\app\Controllers\Inventario.php(71): App\Models\InventarioModel->saveKitMultiplo(Array, true)
#7 C:\xampp\htdocs\web.local\system\CodeIgniter.php(932): App\Controllers\Inventario->editarMultiplo()
#8 C:\xampp\htdocs\web.local\system\CodeIgniter.php(497): CodeIgniter\CodeIgniter->runController(Object(App\Controllers\Inventario))
#9 C:\xampp\htdocs\web.local\system\CodeIgniter.php(366): CodeIgniter\CodeIgniter->handleRequest(NULL, Object(Config\Cache), false)
#10 C:\xampp\htdocs\web.local\public\index.php(67): CodeIgniter\CodeIgniter->run()
#11 {main}
ERROR - 2026-08-12 11:30:20 --> mysqli_sql_exception: Cannot add or update a child row: a foreign key constraint fails (`sistema_web`.`itens`, CONSTRAINT `fk_itens_kit` FOREIGN KEY (`numero_mochila`) REFERENCES `kits` (`id_kit`) ON DELETE CASCADE ON UPDATE CASCADE) in C:\xampp\htdocs\web.local\system\Database\MySQLi\Connection.php:295
Stack trace:
#0 C:\xampp\htdocs\web.local\system\Database\MySQLi\Connection.php(295): mysqli->query('UPDATE `itens` ...', 0)
#1 C:\xampp\htdocs\web.local\system\Database\BaseConnection.php(692): CodeIgniter\Database\MySQLi\Connection->execute('UPDATE `itens` ...')
#2 C:\xampp\htdocs\web.local\system\Database\BaseConnection.php(606): CodeIgniter\Database\BaseConnection->simpleQuery('UPDATE `itens` ...')
#3 C:\xampp\htdocs\web.local\system\Database\BaseBuilder.php(2476): CodeIgniter\Database\BaseConnection->query('UPDATE `itens` ...', Array, false)
#4 C:\xampp\htdocs\web.local\app\Models\InventarioModel.php(239): CodeIgniter\Database\BaseBuilder->update(Array)
#5 C:\xampp\htdocs\web.local\app\Models\InventarioModel.php(351): App\Models\InventarioModel->saveKit(Array)
#6 C:\xampp\htdocs\web.local\app\Controllers\Inventario.php(71): App\Models\InventarioModel->saveKitMultiplo(Array, true)
#7 C:\xampp\htdocs\web.local\system\CodeIgniter.php(932): App\Controllers\Inventario->editarMultiplo()
#8 C:\xampp\htdocs\web.local\system\CodeIgniter.php(497): CodeIgniter\CodeIgniter->runController(Object(App\Controllers\Inventario))
#9 C:\xampp\htdocs\web.local\system\CodeIgniter.php(366): CodeIgniter\CodeIgniter->handleRequest(NULL, Object(Config\Cache), false)
#10 C:\xampp\htdocs\web.local\public\index.php(67): CodeIgniter\CodeIgniter->run()
#11 {main}
INFO - 2026-08-12 11:30:20 --> Session: Class initialized using 'CodeIgniter\Session\Handlers\FileHandler' driver.
ERROR - 2026-08-12 11:31:02 --> mysqli_sql_exception: Cannot delete or update a parent row: a foreign key constraint fails (`sistema_web`.`emprestimos`, CONSTRAINT `fk_emprestimos_kit` FOREIGN KEY (`numero_mochila`) REFERENCES `kits` (`id_kit`)) in C:\xampp\htdocs\web.local\system\Database\MySQLi\Connection.php:295
Stack trace:
#0 C:\xampp\htdocs\web.local\system\Database\MySQLi\Connection.php(295): mysqli->query('UPDATE `kits` S...', 0)
#1 C:\xampp\htdocs\web.local\system\Database\BaseConnection.php(692): CodeIgniter\Database\MySQLi\Connection->execute('UPDATE `kits` S...')
#2 C:\xampp\htdocs\web.local\system\Database\BaseConnection.php(606): CodeIgniter\Database\BaseConnection->simpleQuery('UPDATE `kits` S...')
#3 C:\xampp\htdocs\web.local\system\Database\BaseBuilder.php(2476): CodeIgniter\Database\BaseConnection->query('UPDATE `kits` S...', Array, false)
#4 C:\xampp\htdocs\web.local\app\Models\InventarioModel.php(175): CodeIgniter\Database\BaseBuilder->update(Array)
#5 C:\xampp\htdocs\web.local\app\Models\InventarioModel.php(351): App\Models\InventarioModel->saveKit(Array)
#6 C:\xampp\htdocs\web.local\app\Controllers\Inventario.php(71): App\Models\InventarioModel->saveKitMultiplo(Array, true)
#7 C:\xampp\htdocs\web.local\system\CodeIgniter.php(932): App\Controllers\Inventario->editarMultiplo()
#8 C:\xampp\htdocs\web.local\system\CodeIgniter.php(497): CodeIgniter\CodeIgniter->runController(Object(App\Controllers\Inventario))
#9 C:\xampp\htdocs\web.local\system\CodeIgniter.php(366): CodeIgniter\CodeIgniter->handleRequest(NULL, Object(Config\Cache), false)
#10 C:\xampp\htdocs\web.local\public\index.php(67): CodeIgniter\CodeIgniter->run()
#11 {main}
ERROR - 2026-08-12 11:31:02 --> mysqli_sql_exception: Cannot add or update a child row: a foreign key constraint fails (`sistema_web`.`itens`, CONSTRAINT `fk_itens_kit` FOREIGN KEY (`numero_mochila`) REFERENCES `kits` (`id_kit`) ON DELETE CASCADE ON UPDATE CASCADE) in C:\xampp\htdocs\web.local\system\Database\MySQLi\Connection.php:295
Stack trace:
#0 C:\xampp\htdocs\web.local\system\Database\MySQLi\Connection.php(295): mysqli->query('UPDATE `itens` ...', 0)
#1 C:\xampp\htdocs\web.local\system\Database\BaseConnection.php(692): CodeIgniter\Database\MySQLi\Connection->execute('UPDATE `itens` ...')
#2 C:\xampp\htdocs\web.local\system\Database\BaseConnection.php(606): CodeIgniter\Database\BaseConnection->simpleQuery('UPDATE `itens` ...')
#3 C:\xampp\htdocs\web.local\system\Database\BaseBuilder.php(2476): CodeIgniter\Database\BaseConnection->query('UPDATE `itens` ...', Array, false)
#4 C:\xampp\htdocs\web.local\app\Models\InventarioModel.php(239): CodeIgniter\Database\BaseBuilder->update(Array)
#5 C:\xampp\htdocs\web.local\app\Models\InventarioModel.php(351): App\Models\InventarioModel->saveKit(Array)
#6 C:\xampp\htdocs\web.local\app\Controllers\Inventario.php(71): App\Models\InventarioModel->saveKitMultiplo(Array, true)
#7 C:\xampp\htdocs\web.local\system\CodeIgniter.php(932): App\Controllers\Inventario->editarMultiplo()
#8 C:\xampp\htdocs\web.local\system\CodeIgniter.php(497): CodeIgniter\CodeIgniter->runController(Object(App\Controllers\Inventario))
#9 C:\xampp\htdocs\web.local\system\CodeIgniter.php(366): CodeIgniter\CodeIgniter->handleRequest(NULL, Object(Config\Cache), false)
#10 C:\xampp\htdocs\web.local\public\index.php(67): CodeIgniter\CodeIgniter->run()
#11 {main}
INFO - 2026-08-12 11:31:02 --> Session: Class initialized using 'CodeIgniter\Session\Handlers\FileHandler' driver.
INFO - 2026-08-12 11:43:59 --> Session: Class initialized using 'CodeIgniter\Session\Handlers\FileHandler' driver.
INFO - 2026-08-12 11:44:23 --> Session: Class initialized using 'CodeIgniter\Session\Handlers\FileHandler' driver.
INFO - 2026-08-12 11:44:49 --> Session: Class initialized using 'CodeIgniter\Session\Handlers\FileHandler' driver.
INFO - 2026-08-12 11:45:22 --> Session: Class initialized using 'CodeIgniter\Session\Handlers\FileHandler' driver.
INFO - 2026-08-12 11:45:29 --> Session: Class initialized using 'CodeIgniter\Session\Handlers\FileHandler' driver.
INFO - 2026-08-12 11:45:54 --> Session: Class initialized using 'CodeIgniter\Session\Handlers\FileHandler' driver.
INFO - 2026-08-12 11:46:21 --> Session: Class initialized using 'CodeIgniter\Session\Handlers\FileHandler' driver.
ERROR - 2026-08-12 11:47:44 --> mysqli_sql_exception: Duplicate entry '10' for key 'PRIMARY' in C:\xampp\htdocs\web.local\system\Database\MySQLi\Connection.php:295
Stack trace:
#0 C:\xampp\htdocs\web.local\system\Database\MySQLi\Connection.php(295): mysqli->query('INSERT INTO `ki...', 0)
#1 C:\xampp\htdocs\web.local\system\Database\BaseConnection.php(692): CodeIgniter\Database\MySQLi\Connection->execute('INSERT INTO `ki...')
#2 C:\xampp\htdocs\web.local\system\Database\BaseConnection.php(606): CodeIgniter\Database\BaseConnection->simpleQuery('INSERT INTO `ki...')
#3 C:\xampp\htdocs\web.local\system\Database\BaseBuilder.php(2309): CodeIgniter\Database\BaseConnection->query('INSERT INTO `ki...', Array, false)
#4 C:\xampp\htdocs\web.local\app\Models\InventarioModel.php(187): CodeIgniter\Database\BaseBuilder->insert(Array)
#5 C:\xampp\htdocs\web.local\app\Models\InventarioModel.php(351): App\Models\InventarioModel->saveKit(Array)
#6 C:\xampp\htdocs\web.local\app\Controllers\Inventario.php(71): App\Models\InventarioModel->saveKitMultiplo(Array, true)
#7 C:\xampp\htdocs\web.local\system\CodeIgniter.php(932): App\Controllers\Inventario->editarMultiplo()
#8 C:\xampp\htdocs\web.local\system\CodeIgniter.php(497): CodeIgniter\CodeIgniter->runController(Object(App\Controllers\Inventario))
#9 C:\xampp\htdocs\web.local\system\CodeIgniter.php(366): CodeIgniter\CodeIgniter->handleRequest(NULL, Object(Config\Cache), false)
#10 C:\xampp\htdocs\web.local\public\index.php(67): CodeIgniter\CodeIgniter->run()
#11 {main}
INFO - 2026-08-12 11:47:44 --> Session: Class initialized using 'CodeIgniter\Session\Handlers\FileHandler' driver.
ERROR - 2026-08-12 11:47:52 --> mysqli_sql_exception: Duplicate entry '10' for key 'PRIMARY' in C:\xampp\htdocs\web.local\system\Database\MySQLi\Connection.php:295
Stack trace:
#0 C:\xampp\htdocs\web.local\system\Database\MySQLi\Connection.php(295): mysqli->query('INSERT INTO `ki...', 0)
#1 C:\xampp\htdocs\web.local\system\Database\BaseConnection.php(692): CodeIgniter\Database\MySQLi\Connection->execute('INSERT INTO `ki...')
#2 C:\xampp\htdocs\web.local\system\Database\BaseConnection.php(606): CodeIgniter\Database\BaseConnection->simpleQuery('INSERT INTO `ki...')
#3 C:\xampp\htdocs\web.local\system\Database\BaseBuilder.php(2309): CodeIgniter\Database\BaseConnection->query('INSERT INTO `ki...', Array, false)
#4 C:\xampp\htdocs\web.local\app\Models\InventarioModel.php(187): CodeIgniter\Database\BaseBuilder->insert(Array)
#5 C:\xampp\htdocs\web.local\app\Models\InventarioModel.php(351): App\Models\InventarioModel->saveKit(Array)
#6 C:\xampp\htdocs\web.local\app\Controllers\Inventario.php(71): App\Models\InventarioModel->saveKitMultiplo(Array, true)
#7 C:\xampp\htdocs\web.local\system\CodeIgniter.php(932): App\Controllers\Inventario->editarMultiplo()
#8 C:\xampp\htdocs\web.local\system\CodeIgniter.php(497): CodeIgniter\CodeIgniter->runController(Object(App\Controllers\Inventario))
#9 C:\xampp\htdocs\web.local\system\CodeIgniter.php(366): CodeIgniter\CodeIgniter->handleRequest(NULL, Object(Config\Cache), false)
#10 C:\xampp\htdocs\web.local\public\index.php(67): CodeIgniter\CodeIgniter->run()
#11 {main}
INFO - 2026-08-12 11:47:52 --> Session: Class initialized using 'CodeIgniter\Session\Handlers\FileHandler' driver.
INFO - 2026-08-12 11:47:58 --> Session: Class initialized using 'CodeIgniter\Session\Handlers\FileHandler' driver.
ERROR - 2026-08-12 11:48:12 --> mysqli_sql_exception: Duplicate entry '10' for key 'PRIMARY' in C:\xampp\htdocs\web.local\system\Database\MySQLi\Connection.php:295
Stack trace:
#0 C:\xampp\htdocs\web.local\system\Database\MySQLi\Connection.php(295): mysqli->query('INSERT INTO `ki...', 0)
#1 C:\xampp\htdocs\web.local\system\Database\BaseConnection.php(692): CodeIgniter\Database\MySQLi\Connection->execute('INSERT INTO `ki...')
#2 C:\xampp\htdocs\web.local\system\Database\BaseConnection.php(606): CodeIgniter\Database\BaseConnection->simpleQuery('INSERT INTO `ki...')
#3 C:\xampp\htdocs\web.local\system\Database\BaseBuilder.php(2309): CodeIgniter\Database\BaseConnection->query('INSERT INTO `ki...', Array, false)
#4 C:\xampp\htdocs\web.local\app\Models\InventarioModel.php(187): CodeIgniter\Database\BaseBuilder->insert(Array)
#5 C:\xampp\htdocs\web.local\app\Models\InventarioModel.php(351): App\Models\InventarioModel->saveKit(Array)
#6 C:\xampp\htdocs\web.local\app\Controllers\Inventario.php(71): App\Models\InventarioModel->saveKitMultiplo(Array, true)
#7 C:\xampp\htdocs\web.local\system\CodeIgniter.php(932): App\Controllers\Inventario->editarMultiplo()
#8 C:\xampp\htdocs\web.local\system\CodeIgniter.php(497): CodeIgniter\CodeIgniter->runController(Object(App\Controllers\Inventario))
#9 C:\xampp\htdocs\web.local\system\CodeIgniter.php(366): CodeIgniter\CodeIgniter->handleRequest(NULL, Object(Config\Cache), false)
#10 C:\xampp\htdocs\web.local\public\index.php(67): CodeIgniter\CodeIgniter->run()
#11 {main}
INFO - 2026-08-12 11:48:12 --> Session: Class initialized using 'CodeIgniter\Session\Handlers\FileHandler' driver.
INFO - 2026-08-12 11:53:11 --> Session: Class initialized using 'CodeIgniter\Session\Handlers\FileHandler' driver.
INFO - 2026-08-12 11:53:21 --> Session: Class initialized using 'CodeIgniter\Session\Handlers\FileHandler' driver.
INFO - 2026-08-12 11:53:28 --> Session: Class initialized using 'CodeIgniter\Session\Handlers\FileHandler' driver.
INFO - 2026-08-12 11:53:34 --> Session: Class initialized using 'CodeIgniter\Session\Handlers\FileHandler' driver.
INFO - 2026-08-12 11:53:39 --> Session: Class initialized using 'CodeIgniter\Session\Handlers\FileHandler' driver.
INFO - 2026-08-12 11:53:48 --> Session: Class initialized using 'CodeIgniter\Session\Handlers\FileHandler' driver.
INFO - 2026-08-12 11:53:54 --> Session: Class initialized using 'CodeIgniter\Session\Handlers\FileHandler' driver.
INFO - 2026-08-12 11:54:10 --> Session: Class initialized using 'CodeIgniter\Session\Handlers\FileHandler' driver.
INFO - 2026-08-12 12:12:10 --> Session: Class initialized using 'CodeIgniter\Session\Handlers\FileHandler' driver.
INFO - 2026-08-12 12:12:22 --> Session: Class initialized using 'CodeIgniter\Session\Handlers\FileHandler' driver.
INFO - 2026-08-12 12:14:30 --> Session: Class initialized using 'CodeIgniter\Session\Handlers\FileHandler' driver.
INFO - 2026-08-12 12:23:50 --> Session: Class initialized using 'CodeIgniter\Session\Handlers\FileHandler' driver.
INFO - 2026-08-12 12:23:59 --> Session: Class initialized using 'CodeIgniter\Session\Handlers\FileHandler' driver.
INFO - 2026-08-12 12:24:45 --> Session: Class initialized using 'CodeIgniter\Session\Handlers\FileHandler' driver.
INFO - 2026-08-12 12:24:50 --> Session: Class initialized using 'CodeIgniter\Session\Handlers\FileHandler' driver.
INFO - 2026-08-12 12:25:12 --> Session: Class initialized using 'CodeIgniter\Session\Handlers\FileHandler' driver.
INFO - 2026-08-12 12:25:50 --> Session: Class initialized using 'CodeIgniter\Session\Handlers\FileHandler' driver.
INFO - 2026-08-12 12:26:02 --> Session: Class initialized using 'CodeIgniter\Session\Handlers\FileHandler' driver.
INFO - 2026-08-12 12:26:07 --> Session: Class initialized using 'CodeIgniter\Session\Handlers\FileHandler' driver.
INFO - 2026-08-12 12:26:17 --> Session: Class initialized using 'CodeIgniter\Session\Handlers\FileHandler' driver.
INFO - 2026-08-12 12:27:22 --> Session: Class initialized using 'CodeIgniter\Session\Handlers\FileHandler' driver.
INFO - 2026-08-12 12:27:30 --> Session: Class initialized using 'CodeIgniter\Session\Handlers\FileHandler' driver.
INFO - 2026-08-12 12:28:57 --> Session: Class initialized using 'CodeIgniter\Session\Handlers\FileHandler' driver.
INFO - 2026-08-12 12:33:09 --> Session: Class initialized using 'CodeIgniter\Session\Handlers\FileHandler' driver.
INFO - 2026-08-12 12:33:32 --> Session: Class initialized using 'CodeIgniter\Session\Handlers\FileHandler' driver.
INFO - 2026-08-12 12:52:11 --> Session: Class initialized using 'CodeIgniter\Session\Handlers\FileHandler' driver.
ERROR - 2026-08-12 12:52:39 --> mysqli_sql_exception: Duplicate entry '15' for key 'PRIMARY' in C:\xampp\htdocs\web.local\system\Database\MySQLi\Connection.php:295
Stack trace:
#0 C:\xampp\htdocs\web.local\system\Database\MySQLi\Connection.php(295): mysqli->query('INSERT INTO `ki...', 0)
#1 C:\xampp\htdocs\web.local\system\Database\BaseConnection.php(692): CodeIgniter\Database\MySQLi\Connection->execute('INSERT INTO `ki...')
#2 C:\xampp\htdocs\web.local\system\Database\BaseConnection.php(606): CodeIgniter\Database\BaseConnection->simpleQuery('INSERT INTO `ki...')
#3 C:\xampp\htdocs\web.local\system\Database\BaseBuilder.php(2309): CodeIgniter\Database\BaseConnection->query('INSERT INTO `ki...', Array, false)
#4 C:\xampp\htdocs\web.local\app\Models\InventarioModel.php(187): CodeIgniter\Database\BaseBuilder->insert(Array)
#5 C:\xampp\htdocs\web.local\app\Models\InventarioModel.php(351): App\Models\InventarioModel->saveKit(Array)
#6 C:\xampp\htdocs\web.local\app\Controllers\Inventario.php(45): App\Models\InventarioModel->saveKitMultiplo(Array)
#7 C:\xampp\htdocs\web.local\system\CodeIgniter.php(932): App\Controllers\Inventario->salvarMultiplo()
#8 C:\xampp\htdocs\web.local\system\CodeIgniter.php(497): CodeIgniter\CodeIgniter->runController(Object(App\Controllers\Inventario))
#9 C:\xampp\htdocs\web.local\system\CodeIgniter.php(366): CodeIgniter\CodeIgniter->handleRequest(NULL, Object(Config\Cache), false)
#10 C:\xampp\htdocs\web.local\public\index.php(67): CodeIgniter\CodeIgniter->run()
#11 {main}
INFO - 2026-08-12 12:52:39 --> Session: Class initialized using 'CodeIgniter\Session\Handlers\FileHandler' driver.
INFO - 2026-08-12 13:32:21 --> Session: Class initialized using 'CodeIgniter\Session\Handlers\FileHandler' driver.
INFO - 2026-08-12 13:32:45 --> Session: Class initialized using 'CodeIgniter\Session\Handlers\FileHandler' driver.
INFO - 2026-08-12 13:32:55 --> Session: Class initialized using 'CodeIgniter\Session\Handlers\FileHandler' driver.
INFO - 2026-08-12 13:34:40 --> Session: Class initialized using 'CodeIgniter\Session\Handlers\FileHandler' driver.
INFO - 2026-08-12 13:35:32 --> Session: Class initialized using 'CodeIgniter\Session\Handlers\FileHandler' driver.
INFO - 2026-08-12 13:35:47 --> Session: Class initialized using 'CodeIgniter\Session\Handlers\FileHandler' driver.
