INFO - 2026-05-05 11:21:08 --> Session: Class initialized using 'CodeIgniter\Session\Handlers\FileHandler' driver.
CRITICAL - 2026-05-05 11:21:41 --> Undefined variable $dados
in APPPATH\Controllers\Termogab.php on line 66.
 1 APPPATH\Controllers\Termogab.php(66): CodeIgniter\Debug\Exceptions->errorHandler(2, 'Undefined variable $dados', 'C:\\xampp\\htdocs\\web.local\\app\\Controllers\\Termogab.php', 66)
 2 SYSTEMPATH\CodeIgniter.php(932): App\Controllers\Termogab->cadastrar()
 3 SYSTEMPATH\CodeIgniter.php(497): CodeIgniter\CodeIgniter->runController(Object(App\Controllers\Termogab))
 4 SYSTEMPATH\CodeIgniter.php(366): CodeIgniter\CodeIgniter->handleRequest(null, Object(Config\Cache), false)
 5 FCPATH\index.php(67): CodeIgniter\CodeIgniter->run()
ERROR - 2026-05-05 11:33:19 --> mysqli_sql_exception: Cannot add or update a child row: a foreign key constraint fails (`sistema_web`.`ouvidoria`, CONSTRAINT `fk_ouvidoria_escola` FOREIGN KEY (`escola_id`) REFERENCES `escolas` (`EscolaId`) ON UPDATE CASCADE) in C:\xampp\htdocs\web.local\system\Database\MySQLi\Connection.php:295
Stack trace:
#0 C:\xampp\htdocs\web.local\system\Database\MySQLi\Connection.php(295): mysqli->query('INSERT INTO `ou...', 0)
#1 C:\xampp\htdocs\web.local\system\Database\BaseConnection.php(692): CodeIgniter\Database\MySQLi\Connection->execute('INSERT INTO `ou...')
#2 C:\xampp\htdocs\web.local\system\Database\BaseConnection.php(606): CodeIgniter\Database\BaseConnection->simpleQuery('INSERT INTO `ou...')
#3 C:\xampp\htdocs\web.local\system\Database\BaseBuilder.php(2309): CodeIgniter\Database\BaseConnection->query('INSERT INTO `ou...', Array, false)
#4 C:\xampp\htdocs\web.local\system\Model.php(330): CodeIgniter\Database\BaseBuilder->insert()
#5 C:\xampp\htdocs\web.local\system\BaseModel.php(782): CodeIgniter\Model->doInsert(Array)
#6 C:\xampp\htdocs\web.local\system\Model.php(730): CodeIgniter\BaseModel->insert(Array, true)
#7 C:\xampp\htdocs\web.local\app\Controllers\Ouvidoriagab.php(34): CodeIgniter\Model->insert(Array)
#8 C:\xampp\htdocs\web.local\system\CodeIgniter.php(932): App\Controllers\Ouvidoriagab->cadastrar()
#9 C:\xampp\htdocs\web.local\system\CodeIgniter.php(497): CodeIgniter\CodeIgniter->runController(Object(App\Controllers\Ouvidoriagab))
#10 C:\xampp\htdocs\web.local\system\CodeIgniter.php(366): CodeIgniter\CodeIgniter->handleRequest(NULL, Object(Config\Cache), false)
#11 C:\xampp\htdocs\web.local\public\index.php(67): CodeIgniter\CodeIgniter->run()
#12 {main}
CRITICAL - 2026-05-05 11:33:19 --> Cannot add or update a child row: a foreign key constraint fails (`sistema_web`.`ouvidoria`, CONSTRAINT `fk_ouvidoria_escola` FOREIGN KEY (`escola_id`) REFERENCES `escolas` (`EscolaId`) ON UPDATE CASCADE)
in SYSTEMPATH\Database\MySQLi\Connection.php on line 295.
 1 SYSTEMPATH\Database\MySQLi\Connection.php(295): mysqli->query('INSERT INTO `ouvidoria` (`tipo_manifestacao`, `data_recebimento`, `responsavel`, `data_envio`, `prazo`, `data_devolutiva`) VALUES (\'aasd\', \'2026-05-07\', \'asda\', \'2026-05-07\', \'1231\', \'2026-04-29\')', 0)
 2 SYSTEMPATH\Database\BaseConnection.php(692): CodeIgniter\Database\MySQLi\Connection->execute('INSERT INTO `ouvidoria` (`tipo_manifestacao`, `data_recebimento`, `responsavel`, `data_envio`, `prazo`, `data_devolutiva`) VALUES (\'aasd\', \'2026-05-07\', \'asda\', \'2026-05-07\', \'1231\', \'2026-04-29\')')
 3 SYSTEMPATH\Database\BaseConnection.php(606): CodeIgniter\Database\BaseConnection->simpleQuery('INSERT INTO `ouvidoria` (`tipo_manifestacao`, `data_recebimento`, `responsavel`, `data_envio`, `prazo`, `data_devolutiva`) VALUES (\'aasd\', \'2026-05-07\', \'asda\', \'2026-05-07\', \'1231\', \'2026-04-29\')')
 4 SYSTEMPATH\Database\BaseBuilder.php(2309): CodeIgniter\Database\BaseConnection->query('INSERT INTO `ouvidoria` (`tipo_manifestacao`, `data_recebimento`, `responsavel`, `data_envio`, `prazo`, `data_devolutiva`) VALUES (:tipo_manifestacao:, :data_recebimento:, :responsavel:, :data_envio:, :prazo:, :data_devolutiva:)', [...], false)
 5 SYSTEMPATH\Model.php(330): CodeIgniter\Database\BaseBuilder->insert()
 6 SYSTEMPATH\BaseModel.php(782): CodeIgniter\Model->doInsert([...])
 7 SYSTEMPATH\Model.php(730): CodeIgniter\BaseModel->insert([...], true)
 8 APPPATH\Controllers\Ouvidoriagab.php(34): CodeIgniter\Model->insert([...])
 9 SYSTEMPATH\CodeIgniter.php(932): App\Controllers\Ouvidoriagab->cadastrar()
10 SYSTEMPATH\CodeIgniter.php(497): CodeIgniter\CodeIgniter->runController(Object(App\Controllers\Ouvidoriagab))
11 SYSTEMPATH\CodeIgniter.php(366): CodeIgniter\CodeIgniter->handleRequest(null, Object(Config\Cache), false)
12 FCPATH\index.php(67): CodeIgniter\CodeIgniter->run()
ERROR - 2026-05-05 11:33:36 --> mysqli_sql_exception: Cannot add or update a child row: a foreign key constraint fails (`sistema_web`.`ouvidoria`, CONSTRAINT `fk_ouvidoria_escola` FOREIGN KEY (`escola_id`) REFERENCES `escolas` (`EscolaId`) ON UPDATE CASCADE) in C:\xampp\htdocs\web.local\system\Database\MySQLi\Connection.php:295
Stack trace:
#0 C:\xampp\htdocs\web.local\system\Database\MySQLi\Connection.php(295): mysqli->query('INSERT INTO `ou...', 0)
#1 C:\xampp\htdocs\web.local\system\Database\BaseConnection.php(692): CodeIgniter\Database\MySQLi\Connection->execute('INSERT INTO `ou...')
#2 C:\xampp\htdocs\web.local\system\Database\BaseConnection.php(606): CodeIgniter\Database\BaseConnection->simpleQuery('INSERT INTO `ou...')
#3 C:\xampp\htdocs\web.local\system\Database\BaseBuilder.php(2309): CodeIgniter\Database\BaseConnection->query('INSERT INTO `ou...', Array, false)
#4 C:\xampp\htdocs\web.local\system\Model.php(330): CodeIgniter\Database\BaseBuilder->insert()
#5 C:\xampp\htdocs\web.local\system\BaseModel.php(782): CodeIgniter\Model->doInsert(Array)
#6 C:\xampp\htdocs\web.local\system\Model.php(730): CodeIgniter\BaseModel->insert(Array, true)
#7 C:\xampp\htdocs\web.local\app\Controllers\Ouvidoriagab.php(34): CodeIgniter\Model->insert(Array)
#8 C:\xampp\htdocs\web.local\system\CodeIgniter.php(932): App\Controllers\Ouvidoriagab->cadastrar()
#9 C:\xampp\htdocs\web.local\system\CodeIgniter.php(497): CodeIgniter\CodeIgniter->runController(Object(App\Controllers\Ouvidoriagab))
#10 C:\xampp\htdocs\web.local\system\CodeIgniter.php(366): CodeIgniter\CodeIgniter->handleRequest(NULL, Object(Config\Cache), false)
#11 C:\xampp\htdocs\web.local\public\index.php(67): CodeIgniter\CodeIgniter->run()
#12 {main}
CRITICAL - 2026-05-05 11:33:36 --> Cannot add or update a child row: a foreign key constraint fails (`sistema_web`.`ouvidoria`, CONSTRAINT `fk_ouvidoria_escola` FOREIGN KEY (`escola_id`) REFERENCES `escolas` (`EscolaId`) ON UPDATE CASCADE)
in SYSTEMPATH\Database\MySQLi\Connection.php on line 295.
 1 SYSTEMPATH\Database\MySQLi\Connection.php(295): mysqli->query('INSERT INTO `ouvidoria` (`tipo_manifestacao`, `data_recebimento`, `responsavel`, `data_envio`, `prazo`, `data_devolutiva`) VALUES (\'aasd\', \'2026-05-07\', \'asda\', \'2026-05-07\', \'1231\', \'2026-04-29\')', 0)
 2 SYSTEMPATH\Database\BaseConnection.php(692): CodeIgniter\Database\MySQLi\Connection->execute('INSERT INTO `ouvidoria` (`tipo_manifestacao`, `data_recebimento`, `responsavel`, `data_envio`, `prazo`, `data_devolutiva`) VALUES (\'aasd\', \'2026-05-07\', \'asda\', \'2026-05-07\', \'1231\', \'2026-04-29\')')
 3 SYSTEMPATH\Database\BaseConnection.php(606): CodeIgniter\Database\BaseConnection->simpleQuery('INSERT INTO `ouvidoria` (`tipo_manifestacao`, `data_recebimento`, `responsavel`, `data_envio`, `prazo`, `data_devolutiva`) VALUES (\'aasd\', \'2026-05-07\', \'asda\', \'2026-05-07\', \'1231\', \'2026-04-29\')')
 4 SYSTEMPATH\Database\BaseBuilder.php(2309): CodeIgniter\Database\BaseConnection->query('INSERT INTO `ouvidoria` (`tipo_manifestacao`, `data_recebimento`, `responsavel`, `data_envio`, `prazo`, `data_devolutiva`) VALUES (:tipo_manifestacao:, :data_recebimento:, :responsavel:, :data_envio:, :prazo:, :data_devolutiva:)', [...], false)
 5 SYSTEMPATH\Model.php(330): CodeIgniter\Database\BaseBuilder->insert()
 6 SYSTEMPATH\BaseModel.php(782): CodeIgniter\Model->doInsert([...])
 7 SYSTEMPATH\Model.php(730): CodeIgniter\BaseModel->insert([...], true)
 8 APPPATH\Controllers\Ouvidoriagab.php(34): CodeIgniter\Model->insert([...])
 9 SYSTEMPATH\CodeIgniter.php(932): App\Controllers\Ouvidoriagab->cadastrar()
10 SYSTEMPATH\CodeIgniter.php(497): CodeIgniter\CodeIgniter->runController(Object(App\Controllers\Ouvidoriagab))
11 SYSTEMPATH\CodeIgniter.php(366): CodeIgniter\CodeIgniter->handleRequest(null, Object(Config\Cache), false)
12 FCPATH\index.php(67): CodeIgniter\CodeIgniter->run()
ERROR - 2026-05-05 11:33:54 --> mysqli_sql_exception: Cannot add or update a child row: a foreign key constraint fails (`sistema_web`.`ouvidoria`, CONSTRAINT `fk_ouvidoria_escola` FOREIGN KEY (`escola_id`) REFERENCES `escolas` (`EscolaId`) ON UPDATE CASCADE) in C:\xampp\htdocs\web.local\system\Database\MySQLi\Connection.php:295
Stack trace:
#0 C:\xampp\htdocs\web.local\system\Database\MySQLi\Connection.php(295): mysqli->query('INSERT INTO `ou...', 0)
#1 C:\xampp\htdocs\web.local\system\Database\BaseConnection.php(692): CodeIgniter\Database\MySQLi\Connection->execute('INSERT INTO `ou...')
#2 C:\xampp\htdocs\web.local\system\Database\BaseConnection.php(606): CodeIgniter\Database\BaseConnection->simpleQuery('INSERT INTO `ou...')
#3 C:\xampp\htdocs\web.local\system\Database\BaseBuilder.php(2309): CodeIgniter\Database\BaseConnection->query('INSERT INTO `ou...', Array, false)
#4 C:\xampp\htdocs\web.local\system\Model.php(330): CodeIgniter\Database\BaseBuilder->insert()
#5 C:\xampp\htdocs\web.local\system\BaseModel.php(782): CodeIgniter\Model->doInsert(Array)
#6 C:\xampp\htdocs\web.local\system\Model.php(730): CodeIgniter\BaseModel->insert(Array, true)
#7 C:\xampp\htdocs\web.local\app\Controllers\Ouvidoriagab.php(34): CodeIgniter\Model->insert(Array)
#8 C:\xampp\htdocs\web.local\system\CodeIgniter.php(932): App\Controllers\Ouvidoriagab->cadastrar()
#9 C:\xampp\htdocs\web.local\system\CodeIgniter.php(497): CodeIgniter\CodeIgniter->runController(Object(App\Controllers\Ouvidoriagab))
#10 C:\xampp\htdocs\web.local\system\CodeIgniter.php(366): CodeIgniter\CodeIgniter->handleRequest(NULL, Object(Config\Cache), false)
#11 C:\xampp\htdocs\web.local\public\index.php(67): CodeIgniter\CodeIgniter->run()
#12 {main}
CRITICAL - 2026-05-05 11:33:54 --> Cannot add or update a child row: a foreign key constraint fails (`sistema_web`.`ouvidoria`, CONSTRAINT `fk_ouvidoria_escola` FOREIGN KEY (`escola_id`) REFERENCES `escolas` (`EscolaId`) ON UPDATE CASCADE)
in SYSTEMPATH\Database\MySQLi\Connection.php on line 295.
 1 SYSTEMPATH\Database\MySQLi\Connection.php(295): mysqli->query('INSERT INTO `ouvidoria` (`tipo_manifestacao`, `data_recebimento`, `responsavel`, `data_envio`, `prazo`, `data_devolutiva`) VALUES (\'aasd\', \'2026-05-07\', \'asda\', \'2026-05-07\', \'1231\', \'2026-04-29\')', 0)
 2 SYSTEMPATH\Database\BaseConnection.php(692): CodeIgniter\Database\MySQLi\Connection->execute('INSERT INTO `ouvidoria` (`tipo_manifestacao`, `data_recebimento`, `responsavel`, `data_envio`, `prazo`, `data_devolutiva`) VALUES (\'aasd\', \'2026-05-07\', \'asda\', \'2026-05-07\', \'1231\', \'2026-04-29\')')
 3 SYSTEMPATH\Database\BaseConnection.php(606): CodeIgniter\Database\BaseConnection->simpleQuery('INSERT INTO `ouvidoria` (`tipo_manifestacao`, `data_recebimento`, `responsavel`, `data_envio`, `prazo`, `data_devolutiva`) VALUES (\'aasd\', \'2026-05-07\', \'asda\', \'2026-05-07\', \'1231\', \'2026-04-29\')')
 4 SYSTEMPATH\Database\BaseBuilder.php(2309): CodeIgniter\Database\BaseConnection->query('INSERT INTO `ouvidoria` (`tipo_manifestacao`, `data_recebimento`, `responsavel`, `data_envio`, `prazo`, `data_devolutiva`) VALUES (:tipo_manifestacao:, :data_recebimento:, :responsavel:, :data_envio:, :prazo:, :data_devolutiva:)', [...], false)
 5 SYSTEMPATH\Model.php(330): CodeIgniter\Database\BaseBuilder->insert()
 6 SYSTEMPATH\BaseModel.php(782): CodeIgniter\Model->doInsert([...])
 7 SYSTEMPATH\Model.php(730): CodeIgniter\BaseModel->insert([...], true)
 8 APPPATH\Controllers\Ouvidoriagab.php(34): CodeIgniter\Model->insert([...])
 9 SYSTEMPATH\CodeIgniter.php(932): App\Controllers\Ouvidoriagab->cadastrar()
10 SYSTEMPATH\CodeIgniter.php(497): CodeIgniter\CodeIgniter->runController(Object(App\Controllers\Ouvidoriagab))
11 SYSTEMPATH\CodeIgniter.php(366): CodeIgniter\CodeIgniter->handleRequest(null, Object(Config\Cache), false)
12 FCPATH\index.php(67): CodeIgniter\CodeIgniter->run()
ERROR - 2026-05-05 11:33:57 --> mysqli_sql_exception: Cannot add or update a child row: a foreign key constraint fails (`sistema_web`.`ouvidoria`, CONSTRAINT `fk_ouvidoria_escola` FOREIGN KEY (`escola_id`) REFERENCES `escolas` (`EscolaId`) ON UPDATE CASCADE) in C:\xampp\htdocs\web.local\system\Database\MySQLi\Connection.php:295
Stack trace:
#0 C:\xampp\htdocs\web.local\system\Database\MySQLi\Connection.php(295): mysqli->query('INSERT INTO `ou...', 0)
#1 C:\xampp\htdocs\web.local\system\Database\BaseConnection.php(692): CodeIgniter\Database\MySQLi\Connection->execute('INSERT INTO `ou...')
#2 C:\xampp\htdocs\web.local\system\Database\BaseConnection.php(606): CodeIgniter\Database\BaseConnection->simpleQuery('INSERT INTO `ou...')
#3 C:\xampp\htdocs\web.local\system\Database\BaseBuilder.php(2309): CodeIgniter\Database\BaseConnection->query('INSERT INTO `ou...', Array, false)
#4 C:\xampp\htdocs\web.local\system\Model.php(330): CodeIgniter\Database\BaseBuilder->insert()
#5 C:\xampp\htdocs\web.local\system\BaseModel.php(782): CodeIgniter\Model->doInsert(Array)
#6 C:\xampp\htdocs\web.local\system\Model.php(730): CodeIgniter\BaseModel->insert(Array, true)
#7 C:\xampp\htdocs\web.local\app\Controllers\Ouvidoriagab.php(34): CodeIgniter\Model->insert(Array)
#8 C:\xampp\htdocs\web.local\system\CodeIgniter.php(932): App\Controllers\Ouvidoriagab->cadastrar()
#9 C:\xampp\htdocs\web.local\system\CodeIgniter.php(497): CodeIgniter\CodeIgniter->runController(Object(App\Controllers\Ouvidoriagab))
#10 C:\xampp\htdocs\web.local\system\CodeIgniter.php(366): CodeIgniter\CodeIgniter->handleRequest(NULL, Object(Config\Cache), false)
#11 C:\xampp\htdocs\web.local\public\index.php(67): CodeIgniter\CodeIgniter->run()
#12 {main}
CRITICAL - 2026-05-05 11:33:57 --> Cannot add or update a child row: a foreign key constraint fails (`sistema_web`.`ouvidoria`, CONSTRAINT `fk_ouvidoria_escola` FOREIGN KEY (`escola_id`) REFERENCES `escolas` (`EscolaId`) ON UPDATE CASCADE)
in SYSTEMPATH\Database\MySQLi\Connection.php on line 295.
 1 SYSTEMPATH\Database\MySQLi\Connection.php(295): mysqli->query('INSERT INTO `ouvidoria` (`tipo_manifestacao`, `data_recebimento`, `responsavel`, `data_envio`, `prazo`, `data_devolutiva`) VALUES (\'aasd\', \'2026-05-07\', \'asda\', \'2026-05-07\', \'1231\', \'2026-04-29\')', 0)
 2 SYSTEMPATH\Database\BaseConnection.php(692): CodeIgniter\Database\MySQLi\Connection->execute('INSERT INTO `ouvidoria` (`tipo_manifestacao`, `data_recebimento`, `responsavel`, `data_envio`, `prazo`, `data_devolutiva`) VALUES (\'aasd\', \'2026-05-07\', \'asda\', \'2026-05-07\', \'1231\', \'2026-04-29\')')
 3 SYSTEMPATH\Database\BaseConnection.php(606): CodeIgniter\Database\BaseConnection->simpleQuery('INSERT INTO `ouvidoria` (`tipo_manifestacao`, `data_recebimento`, `responsavel`, `data_envio`, `prazo`, `data_devolutiva`) VALUES (\'aasd\', \'2026-05-07\', \'asda\', \'2026-05-07\', \'1231\', \'2026-04-29\')')
 4 SYSTEMPATH\Database\BaseBuilder.php(2309): CodeIgniter\Database\BaseConnection->query('INSERT INTO `ouvidoria` (`tipo_manifestacao`, `data_recebimento`, `responsavel`, `data_envio`, `prazo`, `data_devolutiva`) VALUES (:tipo_manifestacao:, :data_recebimento:, :responsavel:, :data_envio:, :prazo:, :data_devolutiva:)', [...], false)
 5 SYSTEMPATH\Model.php(330): CodeIgniter\Database\BaseBuilder->insert()
 6 SYSTEMPATH\BaseModel.php(782): CodeIgniter\Model->doInsert([...])
 7 SYSTEMPATH\Model.php(730): CodeIgniter\BaseModel->insert([...], true)
 8 APPPATH\Controllers\Ouvidoriagab.php(34): CodeIgniter\Model->insert([...])
 9 SYSTEMPATH\CodeIgniter.php(932): App\Controllers\Ouvidoriagab->cadastrar()
10 SYSTEMPATH\CodeIgniter.php(497): CodeIgniter\CodeIgniter->runController(Object(App\Controllers\Ouvidoriagab))
11 SYSTEMPATH\CodeIgniter.php(366): CodeIgniter\CodeIgniter->handleRequest(null, Object(Config\Cache), false)
12 FCPATH\index.php(67): CodeIgniter\CodeIgniter->run()
ERROR - 2026-05-05 11:34:14 --> mysqli_sql_exception: Cannot add or update a child row: a foreign key constraint fails (`sistema_web`.`ouvidoria`, CONSTRAINT `fk_ouvidoria_escola` FOREIGN KEY (`escola_id`) REFERENCES `escolas` (`EscolaId`) ON UPDATE CASCADE) in C:\xampp\htdocs\web.local\system\Database\MySQLi\Connection.php:295
Stack trace:
#0 C:\xampp\htdocs\web.local\system\Database\MySQLi\Connection.php(295): mysqli->query('INSERT INTO `ou...', 0)
#1 C:\xampp\htdocs\web.local\system\Database\BaseConnection.php(692): CodeIgniter\Database\MySQLi\Connection->execute('INSERT INTO `ou...')
#2 C:\xampp\htdocs\web.local\system\Database\BaseConnection.php(606): CodeIgniter\Database\BaseConnection->simpleQuery('INSERT INTO `ou...')
#3 C:\xampp\htdocs\web.local\system\Database\BaseBuilder.php(2309): CodeIgniter\Database\BaseConnection->query('INSERT INTO `ou...', Array, false)
#4 C:\xampp\htdocs\web.local\system\Model.php(330): CodeIgniter\Database\BaseBuilder->insert()
#5 C:\xampp\htdocs\web.local\system\BaseModel.php(782): CodeIgniter\Model->doInsert(Array)
#6 C:\xampp\htdocs\web.local\system\Model.php(730): CodeIgniter\BaseModel->insert(Array, true)
#7 C:\xampp\htdocs\web.local\app\Controllers\Ouvidoriagab.php(34): CodeIgniter\Model->insert(Array)
#8 C:\xampp\htdocs\web.local\system\CodeIgniter.php(932): App\Controllers\Ouvidoriagab->cadastrar()
#9 C:\xampp\htdocs\web.local\system\CodeIgniter.php(497): CodeIgniter\CodeIgniter->runController(Object(App\Controllers\Ouvidoriagab))
#10 C:\xampp\htdocs\web.local\system\CodeIgniter.php(366): CodeIgniter\CodeIgniter->handleRequest(NULL, Object(Config\Cache), false)
#11 C:\xampp\htdocs\web.local\public\index.php(67): CodeIgniter\CodeIgniter->run()
#12 {main}
CRITICAL - 2026-05-05 11:34:14 --> Cannot add or update a child row: a foreign key constraint fails (`sistema_web`.`ouvidoria`, CONSTRAINT `fk_ouvidoria_escola` FOREIGN KEY (`escola_id`) REFERENCES `escolas` (`EscolaId`) ON UPDATE CASCADE)
in SYSTEMPATH\Database\MySQLi\Connection.php on line 295.
 1 SYSTEMPATH\Database\MySQLi\Connection.php(295): mysqli->query('INSERT INTO `ouvidoria` (`tipo_manifestacao`, `data_recebimento`, `responsavel`, `data_envio`, `prazo`, `data_devolutiva`) VALUES (\'aasd\', \'2026-05-04\', \'asda\', \'2026-05-20\', \'1231\', \'2026-04-29\')', 0)
 2 SYSTEMPATH\Database\BaseConnection.php(692): CodeIgniter\Database\MySQLi\Connection->execute('INSERT INTO `ouvidoria` (`tipo_manifestacao`, `data_recebimento`, `responsavel`, `data_envio`, `prazo`, `data_devolutiva`) VALUES (\'aasd\', \'2026-05-04\', \'asda\', \'2026-05-20\', \'1231\', \'2026-04-29\')')
 3 SYSTEMPATH\Database\BaseConnection.php(606): CodeIgniter\Database\BaseConnection->simpleQuery('INSERT INTO `ouvidoria` (`tipo_manifestacao`, `data_recebimento`, `responsavel`, `data_envio`, `prazo`, `data_devolutiva`) VALUES (\'aasd\', \'2026-05-04\', \'asda\', \'2026-05-20\', \'1231\', \'2026-04-29\')')
 4 SYSTEMPATH\Database\BaseBuilder.php(2309): CodeIgniter\Database\BaseConnection->query('INSERT INTO `ouvidoria` (`tipo_manifestacao`, `data_recebimento`, `responsavel`, `data_envio`, `prazo`, `data_devolutiva`) VALUES (:tipo_manifestacao:, :data_recebimento:, :responsavel:, :data_envio:, :prazo:, :data_devolutiva:)', [...], false)
 5 SYSTEMPATH\Model.php(330): CodeIgniter\Database\BaseBuilder->insert()
 6 SYSTEMPATH\BaseModel.php(782): CodeIgniter\Model->doInsert([...])
 7 SYSTEMPATH\Model.php(730): CodeIgniter\BaseModel->insert([...], true)
 8 APPPATH\Controllers\Ouvidoriagab.php(34): CodeIgniter\Model->insert([...])
 9 SYSTEMPATH\CodeIgniter.php(932): App\Controllers\Ouvidoriagab->cadastrar()
10 SYSTEMPATH\CodeIgniter.php(497): CodeIgniter\CodeIgniter->runController(Object(App\Controllers\Ouvidoriagab))
11 SYSTEMPATH\CodeIgniter.php(366): CodeIgniter\CodeIgniter->handleRequest(null, Object(Config\Cache), false)
12 FCPATH\index.php(67): CodeIgniter\CodeIgniter->run()
CRITICAL - 2026-05-05 11:42:20 --> Undefined array key "ouvidoria_id "
in APPPATH\Views\ouvidoria.php on line 229.
 1 APPPATH\Views\ouvidoria.php(229): CodeIgniter\Debug\Exceptions->errorHandler(2, 'Undefined array key "ouvidoria_id "', 'C:\\xampp\\htdocs\\web.local\\app\\Views\\ouvidoria.php', 229)
 2 SYSTEMPATH\View\View.php(224): include('C:\\xampp\\htdocs\\web.local\\app\\Views\\ouvidoria.php')
 3 SYSTEMPATH\View\View.php(227): CodeIgniter\View\View->CodeIgniter\View\{closure}()
 4 SYSTEMPATH\Common.php(1180): CodeIgniter\View\View->render('ouvidoria', [], true)
 5 APPPATH\Controllers\Ouvidoriagab.php(24): view('ouvidoria', [...])
 6 SYSTEMPATH\CodeIgniter.php(932): App\Controllers\Ouvidoriagab->Ouvidoriagab()
 7 SYSTEMPATH\CodeIgniter.php(497): CodeIgniter\CodeIgniter->runController(Object(App\Controllers\Ouvidoriagab))
 8 SYSTEMPATH\CodeIgniter.php(366): CodeIgniter\CodeIgniter->handleRequest(null, Object(Config\Cache), false)
 9 FCPATH\index.php(67): CodeIgniter\CodeIgniter->run()
CRITICAL - 2026-05-05 11:42:24 --> Undefined array key "ouvidoria_id "
in APPPATH\Views\ouvidoria.php on line 229.
 1 APPPATH\Views\ouvidoria.php(229): CodeIgniter\Debug\Exceptions->errorHandler(2, 'Undefined array key "ouvidoria_id "', 'C:\\xampp\\htdocs\\web.local\\app\\Views\\ouvidoria.php', 229)
 2 SYSTEMPATH\View\View.php(224): include('C:\\xampp\\htdocs\\web.local\\app\\Views\\ouvidoria.php')
 3 SYSTEMPATH\View\View.php(227): CodeIgniter\View\View->CodeIgniter\View\{closure}()
 4 SYSTEMPATH\Common.php(1180): CodeIgniter\View\View->render('ouvidoria', [], true)
 5 APPPATH\Controllers\Ouvidoriagab.php(24): view('ouvidoria', [...])
 6 SYSTEMPATH\CodeIgniter.php(932): App\Controllers\Ouvidoriagab->Ouvidoriagab()
 7 SYSTEMPATH\CodeIgniter.php(497): CodeIgniter\CodeIgniter->runController(Object(App\Controllers\Ouvidoriagab))
 8 SYSTEMPATH\CodeIgniter.php(366): CodeIgniter\CodeIgniter->handleRequest(null, Object(Config\Cache), false)
 9 FCPATH\index.php(67): CodeIgniter\CodeIgniter->run()
CRITICAL - 2026-05-05 11:42:26 --> Undefined array key "ouvidoria_id "
in APPPATH\Views\ouvidoria.php on line 229.
 1 APPPATH\Views\ouvidoria.php(229): CodeIgniter\Debug\Exceptions->errorHandler(2, 'Undefined array key "ouvidoria_id "', 'C:\\xampp\\htdocs\\web.local\\app\\Views\\ouvidoria.php', 229)
 2 SYSTEMPATH\View\View.php(224): include('C:\\xampp\\htdocs\\web.local\\app\\Views\\ouvidoria.php')
 3 SYSTEMPATH\View\View.php(227): CodeIgniter\View\View->CodeIgniter\View\{closure}()
 4 SYSTEMPATH\Common.php(1180): CodeIgniter\View\View->render('ouvidoria', [], true)
 5 APPPATH\Controllers\Ouvidoriagab.php(24): view('ouvidoria', [...])
 6 SYSTEMPATH\CodeIgniter.php(932): App\Controllers\Ouvidoriagab->Ouvidoriagab()
 7 SYSTEMPATH\CodeIgniter.php(497): CodeIgniter\CodeIgniter->runController(Object(App\Controllers\Ouvidoriagab))
 8 SYSTEMPATH\CodeIgniter.php(366): CodeIgniter\CodeIgniter->handleRequest(null, Object(Config\Cache), false)
 9 FCPATH\index.php(67): CodeIgniter\CodeIgniter->run()
CRITICAL - 2026-05-05 11:42:37 --> Undefined array key "escola_id "
in APPPATH\Views\ouvidoria.php on line 239.
 1 APPPATH\Views\ouvidoria.php(239): CodeIgniter\Debug\Exceptions->errorHandler(2, 'Undefined array key "escola_id "', 'C:\\xampp\\htdocs\\web.local\\app\\Views\\ouvidoria.php', 239)
 2 SYSTEMPATH\View\View.php(224): include('C:\\xampp\\htdocs\\web.local\\app\\Views\\ouvidoria.php')
 3 SYSTEMPATH\View\View.php(227): CodeIgniter\View\View->CodeIgniter\View\{closure}()
 4 SYSTEMPATH\Common.php(1180): CodeIgniter\View\View->render('ouvidoria', [], true)
 5 APPPATH\Controllers\Ouvidoriagab.php(24): view('ouvidoria', [...])
 6 SYSTEMPATH\CodeIgniter.php(932): App\Controllers\Ouvidoriagab->Ouvidoriagab()
 7 SYSTEMPATH\CodeIgniter.php(497): CodeIgniter\CodeIgniter->runController(Object(App\Controllers\Ouvidoriagab))
 8 SYSTEMPATH\CodeIgniter.php(366): CodeIgniter\CodeIgniter->handleRequest(null, Object(Config\Cache), false)
 9 FCPATH\index.php(67): CodeIgniter\CodeIgniter->run()
CRITICAL - 2026-05-05 11:56:09 --> Undefined array key "escola_id"
in APPPATH\Controllers\Ouvidoriagab.php on line 31.
 1 APPPATH\Controllers\Ouvidoriagab.php(31): CodeIgniter\Debug\Exceptions->errorHandler(2, 'Undefined array key "escola_id"', 'C:\\xampp\\htdocs\\web.local\\app\\Controllers\\Ouvidoriagab.php', 31)
 2 SYSTEMPATH\CodeIgniter.php(932): App\Controllers\Ouvidoriagab->cadastrar()
 3 SYSTEMPATH\CodeIgniter.php(497): CodeIgniter\CodeIgniter->runController(Object(App\Controllers\Ouvidoriagab))
 4 SYSTEMPATH\CodeIgniter.php(366): CodeIgniter\CodeIgniter->handleRequest(null, Object(Config\Cache), false)
 5 FCPATH\index.php(67): CodeIgniter\CodeIgniter->run()
ERROR - 2026-05-05 11:56:35 --> mysqli_sql_exception: Cannot add or update a child row: a foreign key constraint fails (`sistema_web`.`ouvidoria`, CONSTRAINT `fk_ouvidoria_escola` FOREIGN KEY (`escola_id`) REFERENCES `escolas` (`EscolaId`) ON UPDATE CASCADE) in C:\xampp\htdocs\web.local\system\Database\MySQLi\Connection.php:295
Stack trace:
#0 C:\xampp\htdocs\web.local\system\Database\MySQLi\Connection.php(295): mysqli->query('INSERT INTO `ou...', 0)
#1 C:\xampp\htdocs\web.local\system\Database\BaseConnection.php(692): CodeIgniter\Database\MySQLi\Connection->execute('INSERT INTO `ou...')
#2 C:\xampp\htdocs\web.local\system\Database\BaseConnection.php(606): CodeIgniter\Database\BaseConnection->simpleQuery('INSERT INTO `ou...')
#3 C:\xampp\htdocs\web.local\system\Database\BaseBuilder.php(2309): CodeIgniter\Database\BaseConnection->query('INSERT INTO `ou...', Array, false)
#4 C:\xampp\htdocs\web.local\system\Model.php(330): CodeIgniter\Database\BaseBuilder->insert()
#5 C:\xampp\htdocs\web.local\system\BaseModel.php(782): CodeIgniter\Model->doInsert(Array)
#6 C:\xampp\htdocs\web.local\system\Model.php(730): CodeIgniter\BaseModel->insert(Array, true)
#7 C:\xampp\htdocs\web.local\app\Controllers\Ouvidoriagab.php(33): CodeIgniter\Model->insert(Array)
#8 C:\xampp\htdocs\web.local\system\CodeIgniter.php(932): App\Controllers\Ouvidoriagab->cadastrar()
#9 C:\xampp\htdocs\web.local\system\CodeIgniter.php(497): CodeIgniter\CodeIgniter->runController(Object(App\Controllers\Ouvidoriagab))
#10 C:\xampp\htdocs\web.local\system\CodeIgniter.php(366): CodeIgniter\CodeIgniter->handleRequest(NULL, Object(Config\Cache), false)
#11 C:\xampp\htdocs\web.local\public\index.php(67): CodeIgniter\CodeIgniter->run()
#12 {main}
CRITICAL - 2026-05-05 11:56:35 --> Cannot add or update a child row: a foreign key constraint fails (`sistema_web`.`ouvidoria`, CONSTRAINT `fk_ouvidoria_escola` FOREIGN KEY (`escola_id`) REFERENCES `escolas` (`EscolaId`) ON UPDATE CASCADE)
in SYSTEMPATH\Database\MySQLi\Connection.php on line 295.
 1 SYSTEMPATH\Database\MySQLi\Connection.php(295): mysqli->query('INSERT INTO `ouvidoria` (`tipo_manifestacao`, `data_recebimento`, `responsavel`, `data_envio`, `prazo`, `data_devolutiva`) VALUES (\'aasd\', \'2026-04-29\', \'asda\', \'2026-04-29\', \'1231\', \'2026-04-30\')', 0)
 2 SYSTEMPATH\Database\BaseConnection.php(692): CodeIgniter\Database\MySQLi\Connection->execute('INSERT INTO `ouvidoria` (`tipo_manifestacao`, `data_recebimento`, `responsavel`, `data_envio`, `prazo`, `data_devolutiva`) VALUES (\'aasd\', \'2026-04-29\', \'asda\', \'2026-04-29\', \'1231\', \'2026-04-30\')')
 3 SYSTEMPATH\Database\BaseConnection.php(606): CodeIgniter\Database\BaseConnection->simpleQuery('INSERT INTO `ouvidoria` (`tipo_manifestacao`, `data_recebimento`, `responsavel`, `data_envio`, `prazo`, `data_devolutiva`) VALUES (\'aasd\', \'2026-04-29\', \'asda\', \'2026-04-29\', \'1231\', \'2026-04-30\')')
 4 SYSTEMPATH\Database\BaseBuilder.php(2309): CodeIgniter\Database\BaseConnection->query('INSERT INTO `ouvidoria` (`tipo_manifestacao`, `data_recebimento`, `responsavel`, `data_envio`, `prazo`, `data_devolutiva`) VALUES (:tipo_manifestacao:, :data_recebimento:, :responsavel:, :data_envio:, :prazo:, :data_devolutiva:)', [...], false)
 5 SYSTEMPATH\Model.php(330): CodeIgniter\Database\BaseBuilder->insert()
 6 SYSTEMPATH\BaseModel.php(782): CodeIgniter\Model->doInsert([...])
 7 SYSTEMPATH\Model.php(730): CodeIgniter\BaseModel->insert([...], true)
 8 APPPATH\Controllers\Ouvidoriagab.php(33): CodeIgniter\Model->insert([...])
 9 SYSTEMPATH\CodeIgniter.php(932): App\Controllers\Ouvidoriagab->cadastrar()
10 SYSTEMPATH\CodeIgniter.php(497): CodeIgniter\CodeIgniter->runController(Object(App\Controllers\Ouvidoriagab))
11 SYSTEMPATH\CodeIgniter.php(366): CodeIgniter\CodeIgniter->handleRequest(null, Object(Config\Cache), false)
12 FCPATH\index.php(67): CodeIgniter\CodeIgniter->run()
CRITICAL - 2026-05-05 11:56:39 --> Undefined array key "escola_id"
in APPPATH\Controllers\Ouvidoriagab.php on line 31.
 1 APPPATH\Controllers\Ouvidoriagab.php(31): CodeIgniter\Debug\Exceptions->errorHandler(2, 'Undefined array key "escola_id"', 'C:\\xampp\\htdocs\\web.local\\app\\Controllers\\Ouvidoriagab.php', 31)
 2 SYSTEMPATH\CodeIgniter.php(932): App\Controllers\Ouvidoriagab->cadastrar()
 3 SYSTEMPATH\CodeIgniter.php(497): CodeIgniter\CodeIgniter->runController(Object(App\Controllers\Ouvidoriagab))
 4 SYSTEMPATH\CodeIgniter.php(366): CodeIgniter\CodeIgniter->handleRequest(null, Object(Config\Cache), false)
 5 FCPATH\index.php(67): CodeIgniter\CodeIgniter->run()
CRITICAL - 2026-05-05 11:57:58 --> Undefined array key "escola_id"
in APPPATH\Controllers\Ouvidoriagab.php on line 31.
 1 APPPATH\Controllers\Ouvidoriagab.php(31): CodeIgniter\Debug\Exceptions->errorHandler(2, 'Undefined array key "escola_id"', 'C:\\xampp\\htdocs\\web.local\\app\\Controllers\\Ouvidoriagab.php', 31)
 2 SYSTEMPATH\CodeIgniter.php(932): App\Controllers\Ouvidoriagab->cadastrar()
 3 SYSTEMPATH\CodeIgniter.php(497): CodeIgniter\CodeIgniter->runController(Object(App\Controllers\Ouvidoriagab))
 4 SYSTEMPATH\CodeIgniter.php(366): CodeIgniter\CodeIgniter->handleRequest(null, Object(Config\Cache), false)
 5 FCPATH\index.php(67): CodeIgniter\CodeIgniter->run()
CRITICAL - 2026-05-05 11:58:02 --> Undefined array key "escola_id"
in APPPATH\Controllers\Ouvidoriagab.php on line 31.
 1 APPPATH\Controllers\Ouvidoriagab.php(31): CodeIgniter\Debug\Exceptions->errorHandler(2, 'Undefined array key "escola_id"', 'C:\\xampp\\htdocs\\web.local\\app\\Controllers\\Ouvidoriagab.php', 31)
 2 SYSTEMPATH\CodeIgniter.php(932): App\Controllers\Ouvidoriagab->cadastrar()
 3 SYSTEMPATH\CodeIgniter.php(497): CodeIgniter\CodeIgniter->runController(Object(App\Controllers\Ouvidoriagab))
 4 SYSTEMPATH\CodeIgniter.php(366): CodeIgniter\CodeIgniter->handleRequest(null, Object(Config\Cache), false)
 5 FCPATH\index.php(67): CodeIgniter\CodeIgniter->run()
