ERROR - 2026-01-13 12:56:05 --> Error connecting to the database: mysqli_sql_exception: Nenhuma conexão pôde ser feita porque a máquina de destino as recusou ativamente in C:\xampp\htdocs\web.local\system\Database\MySQLi\Connection.php:173
Stack trace:
#0 C:\xampp\htdocs\web.local\system\Database\MySQLi\Connection.php(173): mysqli->real_connect('localhost', 'root', Object(SensitiveParameterValue), 'sistema_web', 3306, '', 0)
#1 C:\xampp\htdocs\web.local\system\Database\BaseConnection.php(391): CodeIgniter\Database\MySQLi\Connection->connect(false)
#2 C:\xampp\htdocs\web.local\system\Database\BaseConnection.php(574): CodeIgniter\Database\BaseConnection->initialize()
#3 C:\xampp\htdocs\web.local\system\Database\BaseConnection.php(1409): CodeIgniter\Database\BaseConnection->query('SHOW TABLES FRO...')
#4 C:\xampp\htdocs\web.local\system\Database\BaseConnection.php(1428): CodeIgniter\Database\BaseConnection->listTables()
#5 C:\xampp\htdocs\web.local\system\Database\MigrationRunner.php(768): CodeIgniter\Database\BaseConnection->tableExists('migrations')
#6 C:\xampp\htdocs\web.local\system\Database\MigrationRunner.php(168): CodeIgniter\Database\MigrationRunner->ensureTable()
#7 C:\xampp\htdocs\web.local\system\Commands\Database\Migrate.php(84): CodeIgniter\Database\MigrationRunner->latest(NULL)
#8 C:\xampp\htdocs\web.local\system\CLI\Commands.php(65): CodeIgniter\Commands\Database\Migrate->run(Array)
#9 C:\xampp\htdocs\web.local\system\CLI\Console.php(37): CodeIgniter\CLI\Commands->run('migrate', Array)
#10 C:\xampp\htdocs\web.local\spark(97): CodeIgniter\CLI\Console->run()
#11 {main}

Next CodeIgniter\Database\Exceptions\DatabaseException: Nenhuma conexão pôde ser feita porque a máquina de destino as recusou ativamente in C:\xampp\htdocs\web.local\system\Database\MySQLi\Connection.php:218
Stack trace:
#0 C:\xampp\htdocs\web.local\system\Database\BaseConnection.php(391): CodeIgniter\Database\MySQLi\Connection->connect(false)
#1 C:\xampp\htdocs\web.local\system\Database\BaseConnection.php(574): CodeIgniter\Database\BaseConnection->initialize()
#2 C:\xampp\htdocs\web.local\system\Database\BaseConnection.php(1409): CodeIgniter\Database\BaseConnection->query('SHOW TABLES FRO...')
#3 C:\xampp\htdocs\web.local\system\Database\BaseConnection.php(1428): CodeIgniter\Database\BaseConnection->listTables()
#4 C:\xampp\htdocs\web.local\system\Database\MigrationRunner.php(768): CodeIgniter\Database\BaseConnection->tableExists('migrations')
#5 C:\xampp\htdocs\web.local\system\Database\MigrationRunner.php(168): CodeIgniter\Database\MigrationRunner->ensureTable()
#6 C:\xampp\htdocs\web.local\system\Commands\Database\Migrate.php(84): CodeIgniter\Database\MigrationRunner->latest(NULL)
#7 C:\xampp\htdocs\web.local\system\CLI\Commands.php(65): CodeIgniter\Commands\Database\Migrate->run(Array)
#8 C:\xampp\htdocs\web.local\system\CLI\Console.php(37): CodeIgniter\CLI\Commands->run('migrate', Array)
#9 C:\xampp\htdocs\web.local\spark(97): CodeIgniter\CLI\Console->run()
#10 {main}
ERROR - 2026-01-13 12:57:09 --> Error connecting to the database: mysqli_sql_exception: Nenhuma conexão pôde ser feita porque a máquina de destino as recusou ativamente in C:\xampp\htdocs\web.local\system\Database\MySQLi\Connection.php:173
Stack trace:
#0 C:\xampp\htdocs\web.local\system\Database\MySQLi\Connection.php(173): mysqli->real_connect('localhost', 'root', Object(SensitiveParameterValue), 'sistema_web', 3306, '', 0)
#1 C:\xampp\htdocs\web.local\system\Database\BaseConnection.php(391): CodeIgniter\Database\MySQLi\Connection->connect(false)
#2 C:\xampp\htdocs\web.local\system\Database\BaseConnection.php(574): CodeIgniter\Database\BaseConnection->initialize()
#3 C:\xampp\htdocs\web.local\system\Database\BaseConnection.php(1409): CodeIgniter\Database\BaseConnection->query('SHOW TABLES FRO...')
#4 C:\xampp\htdocs\web.local\system\Database\BaseConnection.php(1428): CodeIgniter\Database\BaseConnection->listTables()
#5 C:\xampp\htdocs\web.local\system\Database\MigrationRunner.php(768): CodeIgniter\Database\BaseConnection->tableExists('migrations')
#6 C:\xampp\htdocs\web.local\system\Database\MigrationRunner.php(168): CodeIgniter\Database\MigrationRunner->ensureTable()
#7 C:\xampp\htdocs\web.local\system\Commands\Database\Migrate.php(84): CodeIgniter\Database\MigrationRunner->latest(NULL)
#8 C:\xampp\htdocs\web.local\system\CLI\Commands.php(65): CodeIgniter\Commands\Database\Migrate->run(Array)
#9 C:\xampp\htdocs\web.local\system\CLI\Console.php(37): CodeIgniter\CLI\Commands->run('migrate', Array)
#10 C:\xampp\htdocs\web.local\spark(97): CodeIgniter\CLI\Console->run()
#11 {main}

Next CodeIgniter\Database\Exceptions\DatabaseException: Nenhuma conexão pôde ser feita porque a máquina de destino as recusou ativamente in C:\xampp\htdocs\web.local\system\Database\MySQLi\Connection.php:218
Stack trace:
#0 C:\xampp\htdocs\web.local\system\Database\BaseConnection.php(391): CodeIgniter\Database\MySQLi\Connection->connect(false)
#1 C:\xampp\htdocs\web.local\system\Database\BaseConnection.php(574): CodeIgniter\Database\BaseConnection->initialize()
#2 C:\xampp\htdocs\web.local\system\Database\BaseConnection.php(1409): CodeIgniter\Database\BaseConnection->query('SHOW TABLES FRO...')
#3 C:\xampp\htdocs\web.local\system\Database\BaseConnection.php(1428): CodeIgniter\Database\BaseConnection->listTables()
#4 C:\xampp\htdocs\web.local\system\Database\MigrationRunner.php(768): CodeIgniter\Database\BaseConnection->tableExists('migrations')
#5 C:\xampp\htdocs\web.local\system\Database\MigrationRunner.php(168): CodeIgniter\Database\MigrationRunner->ensureTable()
#6 C:\xampp\htdocs\web.local\system\Commands\Database\Migrate.php(84): CodeIgniter\Database\MigrationRunner->latest(NULL)
#7 C:\xampp\htdocs\web.local\system\CLI\Commands.php(65): CodeIgniter\Commands\Database\Migrate->run(Array)
#8 C:\xampp\htdocs\web.local\system\CLI\Console.php(37): CodeIgniter\CLI\Commands->run('migrate', Array)
#9 C:\xampp\htdocs\web.local\spark(97): CodeIgniter\CLI\Console->run()
#10 {main}
ERROR - 2026-01-13 12:57:59 --> Error connecting to the database: mysqli_sql_exception: Nenhuma conexão pôde ser feita porque a máquina de destino as recusou ativamente in C:\xampp\htdocs\web.local\system\Database\MySQLi\Connection.php:173
Stack trace:
#0 C:\xampp\htdocs\web.local\system\Database\MySQLi\Connection.php(173): mysqli->real_connect('localhost', 'root', Object(SensitiveParameterValue), 'sistema_web', 3306, '', 0)
#1 C:\xampp\htdocs\web.local\system\Database\BaseConnection.php(391): CodeIgniter\Database\MySQLi\Connection->connect(false)
#2 C:\xampp\htdocs\web.local\system\Database\BaseConnection.php(574): CodeIgniter\Database\BaseConnection->initialize()
#3 C:\xampp\htdocs\web.local\system\Database\BaseConnection.php(1409): CodeIgniter\Database\BaseConnection->query('SHOW TABLES FRO...')
#4 C:\xampp\htdocs\web.local\system\Database\BaseConnection.php(1428): CodeIgniter\Database\BaseConnection->listTables()
#5 C:\xampp\htdocs\web.local\system\Database\MigrationRunner.php(768): CodeIgniter\Database\BaseConnection->tableExists('migrations')
#6 C:\xampp\htdocs\web.local\system\Database\MigrationRunner.php(168): CodeIgniter\Database\MigrationRunner->ensureTable()
#7 C:\xampp\htdocs\web.local\system\Commands\Database\Migrate.php(84): CodeIgniter\Database\MigrationRunner->latest(NULL)
#8 C:\xampp\htdocs\web.local\system\CLI\Commands.php(65): CodeIgniter\Commands\Database\Migrate->run(Array)
#9 C:\xampp\htdocs\web.local\system\CLI\Console.php(37): CodeIgniter\CLI\Commands->run('migrate', Array)
#10 C:\xampp\htdocs\web.local\spark(97): CodeIgniter\CLI\Console->run()
#11 {main}

Next CodeIgniter\Database\Exceptions\DatabaseException: Nenhuma conexão pôde ser feita porque a máquina de destino as recusou ativamente in C:\xampp\htdocs\web.local\system\Database\MySQLi\Connection.php:218
Stack trace:
#0 C:\xampp\htdocs\web.local\system\Database\BaseConnection.php(391): CodeIgniter\Database\MySQLi\Connection->connect(false)
#1 C:\xampp\htdocs\web.local\system\Database\BaseConnection.php(574): CodeIgniter\Database\BaseConnection->initialize()
#2 C:\xampp\htdocs\web.local\system\Database\BaseConnection.php(1409): CodeIgniter\Database\BaseConnection->query('SHOW TABLES FRO...')
#3 C:\xampp\htdocs\web.local\system\Database\BaseConnection.php(1428): CodeIgniter\Database\BaseConnection->listTables()
#4 C:\xampp\htdocs\web.local\system\Database\MigrationRunner.php(768): CodeIgniter\Database\BaseConnection->tableExists('migrations')
#5 C:\xampp\htdocs\web.local\system\Database\MigrationRunner.php(168): CodeIgniter\Database\MigrationRunner->ensureTable()
#6 C:\xampp\htdocs\web.local\system\Commands\Database\Migrate.php(84): CodeIgniter\Database\MigrationRunner->latest(NULL)
#7 C:\xampp\htdocs\web.local\system\CLI\Commands.php(65): CodeIgniter\Commands\Database\Migrate->run(Array)
#8 C:\xampp\htdocs\web.local\system\CLI\Console.php(37): CodeIgniter\CLI\Commands->run('migrate', Array)
#9 C:\xampp\htdocs\web.local\spark(97): CodeIgniter\CLI\Console->run()
#10 {main}
ERROR - 2026-01-13 12:58:36 --> Error connecting to the database: mysqli_sql_exception: Nenhuma conexão pôde ser feita porque a máquina de destino as recusou ativamente in C:\xampp\htdocs\web.local\system\Database\MySQLi\Connection.php:173
Stack trace:
#0 C:\xampp\htdocs\web.local\system\Database\MySQLi\Connection.php(173): mysqli->real_connect('localhost', 'root', Object(SensitiveParameterValue), 'sistema_web', 3306, '', 0)
#1 C:\xampp\htdocs\web.local\system\Database\BaseConnection.php(391): CodeIgniter\Database\MySQLi\Connection->connect(false)
#2 C:\xampp\htdocs\web.local\system\Database\BaseConnection.php(574): CodeIgniter\Database\BaseConnection->initialize()
#3 C:\xampp\htdocs\web.local\system\Database\BaseConnection.php(1409): CodeIgniter\Database\BaseConnection->query('SHOW TABLES FRO...')
#4 C:\xampp\htdocs\web.local\system\Database\BaseConnection.php(1428): CodeIgniter\Database\BaseConnection->listTables()
#5 C:\xampp\htdocs\web.local\system\Database\MigrationRunner.php(768): CodeIgniter\Database\BaseConnection->tableExists('migrations')
#6 C:\xampp\htdocs\web.local\system\Database\MigrationRunner.php(168): CodeIgniter\Database\MigrationRunner->ensureTable()
#7 C:\xampp\htdocs\web.local\system\Commands\Database\Migrate.php(84): CodeIgniter\Database\MigrationRunner->latest(NULL)
#8 C:\xampp\htdocs\web.local\system\CLI\Commands.php(65): CodeIgniter\Commands\Database\Migrate->run(Array)
#9 C:\xampp\htdocs\web.local\system\CLI\Console.php(37): CodeIgniter\CLI\Commands->run('migrate', Array)
#10 C:\xampp\htdocs\web.local\spark(97): CodeIgniter\CLI\Console->run()
#11 {main}

Next CodeIgniter\Database\Exceptions\DatabaseException: Nenhuma conexão pôde ser feita porque a máquina de destino as recusou ativamente in C:\xampp\htdocs\web.local\system\Database\MySQLi\Connection.php:218
Stack trace:
#0 C:\xampp\htdocs\web.local\system\Database\BaseConnection.php(391): CodeIgniter\Database\MySQLi\Connection->connect(false)
#1 C:\xampp\htdocs\web.local\system\Database\BaseConnection.php(574): CodeIgniter\Database\BaseConnection->initialize()
#2 C:\xampp\htdocs\web.local\system\Database\BaseConnection.php(1409): CodeIgniter\Database\BaseConnection->query('SHOW TABLES FRO...')
#3 C:\xampp\htdocs\web.local\system\Database\BaseConnection.php(1428): CodeIgniter\Database\BaseConnection->listTables()
#4 C:\xampp\htdocs\web.local\system\Database\MigrationRunner.php(768): CodeIgniter\Database\BaseConnection->tableExists('migrations')
#5 C:\xampp\htdocs\web.local\system\Database\MigrationRunner.php(168): CodeIgniter\Database\MigrationRunner->ensureTable()
#6 C:\xampp\htdocs\web.local\system\Commands\Database\Migrate.php(84): CodeIgniter\Database\MigrationRunner->latest(NULL)
#7 C:\xampp\htdocs\web.local\system\CLI\Commands.php(65): CodeIgniter\Commands\Database\Migrate->run(Array)
#8 C:\xampp\htdocs\web.local\system\CLI\Console.php(37): CodeIgniter\CLI\Commands->run('migrate', Array)
#9 C:\xampp\htdocs\web.local\spark(97): CodeIgniter\CLI\Console->run()
#10 {main}
ERROR - 2026-01-13 12:59:47 --> Error connecting to the database: mysqli_sql_exception: Nenhuma conexão pôde ser feita porque a máquina de destino as recusou ativamente in C:\xampp\htdocs\web.local\system\Database\MySQLi\Connection.php:173
Stack trace:
#0 C:\xampp\htdocs\web.local\system\Database\MySQLi\Connection.php(173): mysqli->real_connect('localhost', 'root', Object(SensitiveParameterValue), 'sistema_web', 3306, '', 0)
#1 C:\xampp\htdocs\web.local\system\Database\BaseConnection.php(391): CodeIgniter\Database\MySQLi\Connection->connect(false)
#2 C:\xampp\htdocs\web.local\system\Database\BaseConnection.php(574): CodeIgniter\Database\BaseConnection->initialize()
#3 C:\xampp\htdocs\web.local\system\Database\BaseConnection.php(1409): CodeIgniter\Database\BaseConnection->query('SHOW TABLES FRO...')
#4 C:\xampp\htdocs\web.local\system\Database\BaseConnection.php(1428): CodeIgniter\Database\BaseConnection->listTables()
#5 C:\xampp\htdocs\web.local\system\Database\MigrationRunner.php(768): CodeIgniter\Database\BaseConnection->tableExists('migrations')
#6 C:\xampp\htdocs\web.local\system\Database\MigrationRunner.php(168): CodeIgniter\Database\MigrationRunner->ensureTable()
#7 C:\xampp\htdocs\web.local\system\Commands\Database\Migrate.php(84): CodeIgniter\Database\MigrationRunner->latest(NULL)
#8 C:\xampp\htdocs\web.local\system\CLI\Commands.php(65): CodeIgniter\Commands\Database\Migrate->run(Array)
#9 C:\xampp\htdocs\web.local\system\CLI\Console.php(37): CodeIgniter\CLI\Commands->run('migrate', Array)
#10 C:\xampp\htdocs\web.local\spark(97): CodeIgniter\CLI\Console->run()
#11 {main}

Next CodeIgniter\Database\Exceptions\DatabaseException: Nenhuma conexão pôde ser feita porque a máquina de destino as recusou ativamente in C:\xampp\htdocs\web.local\system\Database\MySQLi\Connection.php:218
Stack trace:
#0 C:\xampp\htdocs\web.local\system\Database\BaseConnection.php(391): CodeIgniter\Database\MySQLi\Connection->connect(false)
#1 C:\xampp\htdocs\web.local\system\Database\BaseConnection.php(574): CodeIgniter\Database\BaseConnection->initialize()
#2 C:\xampp\htdocs\web.local\system\Database\BaseConnection.php(1409): CodeIgniter\Database\BaseConnection->query('SHOW TABLES FRO...')
#3 C:\xampp\htdocs\web.local\system\Database\BaseConnection.php(1428): CodeIgniter\Database\BaseConnection->listTables()
#4 C:\xampp\htdocs\web.local\system\Database\MigrationRunner.php(768): CodeIgniter\Database\BaseConnection->tableExists('migrations')
#5 C:\xampp\htdocs\web.local\system\Database\MigrationRunner.php(168): CodeIgniter\Database\MigrationRunner->ensureTable()
#6 C:\xampp\htdocs\web.local\system\Commands\Database\Migrate.php(84): CodeIgniter\Database\MigrationRunner->latest(NULL)
#7 C:\xampp\htdocs\web.local\system\CLI\Commands.php(65): CodeIgniter\Commands\Database\Migrate->run(Array)
#8 C:\xampp\htdocs\web.local\system\CLI\Console.php(37): CodeIgniter\CLI\Commands->run('migrate', Array)
#9 C:\xampp\htdocs\web.local\spark(97): CodeIgniter\CLI\Console->run()
#10 {main}
ERROR - 2026-01-13 13:01:41 --> Error connecting to the database: mysqli_sql_exception: Nenhuma conexão pôde ser feita porque a máquina de destino as recusou ativamente in C:\xampp\htdocs\web.local\system\Database\MySQLi\Connection.php:173
Stack trace:
#0 C:\xampp\htdocs\web.local\system\Database\MySQLi\Connection.php(173): mysqli->real_connect('localhost', 'root', Object(SensitiveParameterValue), 'sistema_web', 3306, '', 0)
#1 C:\xampp\htdocs\web.local\system\Database\BaseConnection.php(391): CodeIgniter\Database\MySQLi\Connection->connect(false)
#2 C:\xampp\htdocs\web.local\system\Database\BaseConnection.php(574): CodeIgniter\Database\BaseConnection->initialize()
#3 C:\xampp\htdocs\web.local\system\Database\BaseConnection.php(1409): CodeIgniter\Database\BaseConnection->query('SHOW TABLES FRO...')
#4 C:\xampp\htdocs\web.local\system\Database\BaseConnection.php(1428): CodeIgniter\Database\BaseConnection->listTables()
#5 C:\xampp\htdocs\web.local\system\Database\MigrationRunner.php(768): CodeIgniter\Database\BaseConnection->tableExists('migrations')
#6 C:\xampp\htdocs\web.local\system\Database\MigrationRunner.php(648): CodeIgniter\Database\MigrationRunner->ensureTable()
#7 C:\xampp\htdocs\web.local\system\Commands\Database\MigrateStatus.php(112): CodeIgniter\Database\MigrationRunner->getHistory('')
#8 C:\xampp\htdocs\web.local\system\CLI\Commands.php(65): CodeIgniter\Commands\Database\MigrateStatus->run(Array)
#9 C:\xampp\htdocs\web.local\system\CLI\Console.php(37): CodeIgniter\CLI\Commands->run('migrate:status', Array)
#10 C:\xampp\htdocs\web.local\spark(97): CodeIgniter\CLI\Console->run()
#11 {main}

Next CodeIgniter\Database\Exceptions\DatabaseException: Nenhuma conexão pôde ser feita porque a máquina de destino as recusou ativamente in C:\xampp\htdocs\web.local\system\Database\MySQLi\Connection.php:218
Stack trace:
#0 C:\xampp\htdocs\web.local\system\Database\BaseConnection.php(391): CodeIgniter\Database\MySQLi\Connection->connect(false)
#1 C:\xampp\htdocs\web.local\system\Database\BaseConnection.php(574): CodeIgniter\Database\BaseConnection->initialize()
#2 C:\xampp\htdocs\web.local\system\Database\BaseConnection.php(1409): CodeIgniter\Database\BaseConnection->query('SHOW TABLES FRO...')
#3 C:\xampp\htdocs\web.local\system\Database\BaseConnection.php(1428): CodeIgniter\Database\BaseConnection->listTables()
#4 C:\xampp\htdocs\web.local\system\Database\MigrationRunner.php(768): CodeIgniter\Database\BaseConnection->tableExists('migrations')
#5 C:\xampp\htdocs\web.local\system\Database\MigrationRunner.php(648): CodeIgniter\Database\MigrationRunner->ensureTable()
#6 C:\xampp\htdocs\web.local\system\Commands\Database\MigrateStatus.php(112): CodeIgniter\Database\MigrationRunner->getHistory('')
#7 C:\xampp\htdocs\web.local\system\CLI\Commands.php(65): CodeIgniter\Commands\Database\MigrateStatus->run(Array)
#8 C:\xampp\htdocs\web.local\system\CLI\Console.php(37): CodeIgniter\CLI\Commands->run('migrate:status', Array)
#9 C:\xampp\htdocs\web.local\spark(97): CodeIgniter\CLI\Console->run()
#10 {main}
CRITICAL - 2026-01-13 13:01:41 --> Unable to connect to the database.
Main connection [MySQLi]: Nenhuma conexão pôde ser feita porque a máquina de destino as recusou ativamente
in SYSTEMPATH\Database\BaseConnection.php on line 427.
 1 SYSTEMPATH\Database\BaseConnection.php(574): CodeIgniter\Database\BaseConnection->initialize()
 2 SYSTEMPATH\Database\BaseConnection.php(1409): CodeIgniter\Database\BaseConnection->query('SHOW TABLES FROM `sistema_web`')
 3 SYSTEMPATH\Database\BaseConnection.php(1428): CodeIgniter\Database\BaseConnection->listTables()
 4 SYSTEMPATH\Database\MigrationRunner.php(768): CodeIgniter\Database\BaseConnection->tableExists('migrations')
 5 SYSTEMPATH\Database\MigrationRunner.php(648): CodeIgniter\Database\MigrationRunner->ensureTable()
 6 SYSTEMPATH\Commands\Database\MigrateStatus.php(112): CodeIgniter\Database\MigrationRunner->getHistory('')
 7 SYSTEMPATH\CLI\Commands.php(65): CodeIgniter\Commands\Database\MigrateStatus->run([])
 8 SYSTEMPATH\CLI\Console.php(37): CodeIgniter\CLI\Commands->run('migrate:status', [])
 9 ROOTPATH\spark(97): CodeIgniter\CLI\Console->run()
ERROR - 2026-01-13 13:02:25 --> Error connecting to the database: mysqli_sql_exception: Nenhuma conexão pôde ser feita porque a máquina de destino as recusou ativamente in C:\xampp\htdocs\web.local\system\Database\MySQLi\Connection.php:173
Stack trace:
#0 C:\xampp\htdocs\web.local\system\Database\MySQLi\Connection.php(173): mysqli->real_connect('localhost', 'root', Object(SensitiveParameterValue), 'sistema_web', 3306, '', 0)
#1 C:\xampp\htdocs\web.local\system\Database\BaseConnection.php(391): CodeIgniter\Database\MySQLi\Connection->connect(false)
#2 C:\xampp\htdocs\web.local\system\Database\BaseConnection.php(574): CodeIgniter\Database\BaseConnection->initialize()
#3 C:\xampp\htdocs\web.local\system\Database\BaseConnection.php(1409): CodeIgniter\Database\BaseConnection->query('SHOW TABLES FRO...')
#4 C:\xampp\htdocs\web.local\system\Database\BaseConnection.php(1428): CodeIgniter\Database\BaseConnection->listTables()
#5 C:\xampp\htdocs\web.local\system\Database\MigrationRunner.php(768): CodeIgniter\Database\BaseConnection->tableExists('migrations')
#6 C:\xampp\htdocs\web.local\system\Database\MigrationRunner.php(706): CodeIgniter\Database\MigrationRunner->ensureTable()
#7 C:\xampp\htdocs\web.local\system\Commands\Database\MigrateRollback.php(89): CodeIgniter\Database\MigrationRunner->getLastBatch()
#8 C:\xampp\htdocs\web.local\system\CLI\Commands.php(65): CodeIgniter\Commands\Database\MigrateRollback->run(Array)
#9 C:\xampp\htdocs\web.local\system\CLI\Console.php(37): CodeIgniter\CLI\Commands->run('migrate:rollbac...', Array)
#10 C:\xampp\htdocs\web.local\spark(97): CodeIgniter\CLI\Console->run()
#11 {main}

Next CodeIgniter\Database\Exceptions\DatabaseException: Nenhuma conexão pôde ser feita porque a máquina de destino as recusou ativamente in C:\xampp\htdocs\web.local\system\Database\MySQLi\Connection.php:218
Stack trace:
#0 C:\xampp\htdocs\web.local\system\Database\BaseConnection.php(391): CodeIgniter\Database\MySQLi\Connection->connect(false)
#1 C:\xampp\htdocs\web.local\system\Database\BaseConnection.php(574): CodeIgniter\Database\BaseConnection->initialize()
#2 C:\xampp\htdocs\web.local\system\Database\BaseConnection.php(1409): CodeIgniter\Database\BaseConnection->query('SHOW TABLES FRO...')
#3 C:\xampp\htdocs\web.local\system\Database\BaseConnection.php(1428): CodeIgniter\Database\BaseConnection->listTables()
#4 C:\xampp\htdocs\web.local\system\Database\MigrationRunner.php(768): CodeIgniter\Database\BaseConnection->tableExists('migrations')
#5 C:\xampp\htdocs\web.local\system\Database\MigrationRunner.php(706): CodeIgniter\Database\MigrationRunner->ensureTable()
#6 C:\xampp\htdocs\web.local\system\Commands\Database\MigrateRollback.php(89): CodeIgniter\Database\MigrationRunner->getLastBatch()
#7 C:\xampp\htdocs\web.local\system\CLI\Commands.php(65): CodeIgniter\Commands\Database\MigrateRollback->run(Array)
#8 C:\xampp\htdocs\web.local\system\CLI\Console.php(37): CodeIgniter\CLI\Commands->run('migrate:rollbac...', Array)
#9 C:\xampp\htdocs\web.local\spark(97): CodeIgniter\CLI\Console->run()
#10 {main}
ERROR - 2026-01-13 13:03:15 --> mysqli_sql_exception: Incorrect table definition; there can be only one auto column and it must be defined as a key in C:\xampp\htdocs\web.local\system\Database\MySQLi\Connection.php:295
Stack trace:
#0 C:\xampp\htdocs\web.local\system\Database\MySQLi\Connection.php(295): mysqli->query('CREATE TABLE `a...', 0)
#1 C:\xampp\htdocs\web.local\system\Database\BaseConnection.php(692): CodeIgniter\Database\MySQLi\Connection->execute('CREATE TABLE `a...')
#2 C:\xampp\htdocs\web.local\system\Database\BaseConnection.php(606): CodeIgniter\Database\BaseConnection->simpleQuery('CREATE TABLE `a...')
#3 C:\xampp\htdocs\web.local\system\Database\Forge.php(546): CodeIgniter\Database\BaseConnection->query('CREATE TABLE `a...')
#4 C:\xampp\htdocs\web.local\app\Database\Migrations\2026-01-13-125356_Agenda.php(37): CodeIgniter\Database\Forge->createTable('agenda')
#5 C:\xampp\htdocs\web.local\system\Database\MigrationRunner.php(877): App\Database\Migrations\Agenda->up()
#6 C:\xampp\htdocs\web.local\system\Database\MigrationRunner.php(188): CodeIgniter\Database\MigrationRunner->migrate('up', Object(stdClass))
#7 C:\xampp\htdocs\web.local\system\Commands\Database\Migrate.php(84): CodeIgniter\Database\MigrationRunner->latest(NULL)
#8 C:\xampp\htdocs\web.local\system\CLI\Commands.php(65): CodeIgniter\Commands\Database\Migrate->run(Array)
#9 C:\xampp\htdocs\web.local\system\CLI\Console.php(37): CodeIgniter\CLI\Commands->run('migrate', Array)
#10 C:\xampp\htdocs\web.local\spark(97): CodeIgniter\CLI\Console->run()
#11 {main}
ERROR - 2026-01-13 13:04:46 --> mysqli_sql_exception: Incorrect table definition; there can be only one auto column and it must be defined as a key in C:\xampp\htdocs\web.local\system\Database\MySQLi\Connection.php:295
Stack trace:
#0 C:\xampp\htdocs\web.local\system\Database\MySQLi\Connection.php(295): mysqli->query('CREATE TABLE `a...', 0)
#1 C:\xampp\htdocs\web.local\system\Database\BaseConnection.php(692): CodeIgniter\Database\MySQLi\Connection->execute('CREATE TABLE `a...')
#2 C:\xampp\htdocs\web.local\system\Database\BaseConnection.php(606): CodeIgniter\Database\BaseConnection->simpleQuery('CREATE TABLE `a...')
#3 C:\xampp\htdocs\web.local\system\Database\Forge.php(546): CodeIgniter\Database\BaseConnection->query('CREATE TABLE `a...')
#4 C:\xampp\htdocs\web.local\app\Database\Migrations\2026-01-13-125356_Agenda.php(37): CodeIgniter\Database\Forge->createTable('agenda')
#5 C:\xampp\htdocs\web.local\system\Database\MigrationRunner.php(877): App\Database\Migrations\Agenda->up()
#6 C:\xampp\htdocs\web.local\system\Database\MigrationRunner.php(188): CodeIgniter\Database\MigrationRunner->migrate('up', Object(stdClass))
#7 C:\xampp\htdocs\web.local\system\Commands\Database\Migrate.php(84): CodeIgniter\Database\MigrationRunner->latest(NULL)
#8 C:\xampp\htdocs\web.local\system\CLI\Commands.php(65): CodeIgniter\Commands\Database\Migrate->run(Array)
#9 C:\xampp\htdocs\web.local\system\CLI\Console.php(37): CodeIgniter\CLI\Commands->run('migrate', Array)
#10 C:\xampp\htdocs\web.local\spark(97): CodeIgniter\CLI\Console->run()
#11 {main}
CRITICAL - 2026-01-13 13:08:21 --> Invalid file: "Agenda/agenda.php"
in SYSTEMPATH\Exceptions\FrameworkException.php on line 33.
 1 SYSTEMPATH\View\View.php(212): CodeIgniter\Exceptions\FrameworkException::forInvalidFile('Agenda/agenda.php')
 2 SYSTEMPATH\Common.php(1180): CodeIgniter\View\View->render('Agenda/agenda', [], true)
 3 APPPATH\Controllers\Agenda.php(14): view('Agenda/agenda')
 4 SYSTEMPATH\CodeIgniter.php(932): App\Controllers\Agenda->Agenda()
 5 SYSTEMPATH\CodeIgniter.php(497): CodeIgniter\CodeIgniter->runController(Object(App\Controllers\Agenda))
 6 SYSTEMPATH\CodeIgniter.php(366): CodeIgniter\CodeIgniter->handleRequest(null, Object(Config\Cache), false)
 7 FCPATH\index.php(67): CodeIgniter\CodeIgniter->run()
CRITICAL - 2026-01-13 13:08:26 --> Invalid file: "Agenda/agenda.php"
in SYSTEMPATH\Exceptions\FrameworkException.php on line 33.
 1 SYSTEMPATH\View\View.php(212): CodeIgniter\Exceptions\FrameworkException::forInvalidFile('Agenda/agenda.php')
 2 SYSTEMPATH\Common.php(1180): CodeIgniter\View\View->render('Agenda/agenda', [], true)
 3 APPPATH\Controllers\Agenda.php(14): view('Agenda/agenda')
 4 SYSTEMPATH\CodeIgniter.php(932): App\Controllers\Agenda->Agenda()
 5 SYSTEMPATH\CodeIgniter.php(497): CodeIgniter\CodeIgniter->runController(Object(App\Controllers\Agenda))
 6 SYSTEMPATH\CodeIgniter.php(366): CodeIgniter\CodeIgniter->handleRequest(null, Object(Config\Cache), false)
 7 FCPATH\index.php(67): CodeIgniter\CodeIgniter->run()
CRITICAL - 2026-01-13 13:08:30 --> Invalid file: "Agenda/agenda.php"
in SYSTEMPATH\Exceptions\FrameworkException.php on line 33.
 1 SYSTEMPATH\View\View.php(212): CodeIgniter\Exceptions\FrameworkException::forInvalidFile('Agenda/agenda.php')
 2 SYSTEMPATH\Common.php(1180): CodeIgniter\View\View->render('Agenda/agenda', [], true)
 3 APPPATH\Controllers\Agenda.php(14): view('Agenda/agenda')
 4 SYSTEMPATH\CodeIgniter.php(932): App\Controllers\Agenda->Agenda()
 5 SYSTEMPATH\CodeIgniter.php(497): CodeIgniter\CodeIgniter->runController(Object(App\Controllers\Agenda))
 6 SYSTEMPATH\CodeIgniter.php(366): CodeIgniter\CodeIgniter->handleRequest(null, Object(Config\Cache), false)
 7 FCPATH\index.php(67): CodeIgniter\CodeIgniter->run()
CRITICAL - 2026-01-13 13:08:56 --> Invalid file: "Agenda/agendas.php"
in SYSTEMPATH\Exceptions\FrameworkException.php on line 33.
 1 SYSTEMPATH\View\View.php(212): CodeIgniter\Exceptions\FrameworkException::forInvalidFile('Agenda/agendas.php')
 2 SYSTEMPATH\Common.php(1180): CodeIgniter\View\View->render('Agenda/agendas', [], true)
 3 APPPATH\Controllers\Agenda.php(14): view('Agenda/agendas')
 4 SYSTEMPATH\CodeIgniter.php(932): App\Controllers\Agenda->Agenda()
 5 SYSTEMPATH\CodeIgniter.php(497): CodeIgniter\CodeIgniter->runController(Object(App\Controllers\Agenda))
 6 SYSTEMPATH\CodeIgniter.php(366): CodeIgniter\CodeIgniter->handleRequest(null, Object(Config\Cache), false)
 7 FCPATH\index.php(67): CodeIgniter\CodeIgniter->run()
CRITICAL - 2026-01-13 13:08:58 --> Invalid file: "Agenda/agendas.php"
in SYSTEMPATH\Exceptions\FrameworkException.php on line 33.
 1 SYSTEMPATH\View\View.php(212): CodeIgniter\Exceptions\FrameworkException::forInvalidFile('Agenda/agendas.php')
 2 SYSTEMPATH\Common.php(1180): CodeIgniter\View\View->render('Agenda/agendas', [], true)
 3 APPPATH\Controllers\Agenda.php(14): view('Agenda/agendas')
 4 SYSTEMPATH\CodeIgniter.php(932): App\Controllers\Agenda->Agenda()
 5 SYSTEMPATH\CodeIgniter.php(497): CodeIgniter\CodeIgniter->runController(Object(App\Controllers\Agenda))
 6 SYSTEMPATH\CodeIgniter.php(366): CodeIgniter\CodeIgniter->handleRequest(null, Object(Config\Cache), false)
 7 FCPATH\index.php(67): CodeIgniter\CodeIgniter->run()
CRITICAL - 2026-01-13 13:09:06 --> Invalid file: "Agenda/agendas.php"
in SYSTEMPATH\Exceptions\FrameworkException.php on line 33.
 1 SYSTEMPATH\View\View.php(212): CodeIgniter\Exceptions\FrameworkException::forInvalidFile('Agenda/agendas.php')
 2 SYSTEMPATH\Common.php(1180): CodeIgniter\View\View->render('Agenda/agendas', [], true)
 3 APPPATH\Controllers\Agenda.php(14): view('Agenda/agendas')
 4 SYSTEMPATH\CodeIgniter.php(932): App\Controllers\Agenda->Agenda()
 5 SYSTEMPATH\CodeIgniter.php(497): CodeIgniter\CodeIgniter->runController(Object(App\Controllers\Agenda))
 6 SYSTEMPATH\CodeIgniter.php(366): CodeIgniter\CodeIgniter->handleRequest(null, Object(Config\Cache), false)
 7 FCPATH\index.php(67): CodeIgniter\CodeIgniter->run()
CRITICAL - 2026-01-13 13:10:16 --> Invalid file: "Agenda/agendas.php"
in SYSTEMPATH\Exceptions\FrameworkException.php on line 33.
 1 SYSTEMPATH\View\View.php(212): CodeIgniter\Exceptions\FrameworkException::forInvalidFile('Agenda/agendas.php')
 2 SYSTEMPATH\Common.php(1180): CodeIgniter\View\View->render('Agenda/agendas', [], true)
 3 APPPATH\Controllers\Agenda.php(14): view('Agenda/agendas')
 4 SYSTEMPATH\CodeIgniter.php(932): App\Controllers\Agenda->Agenda()
 5 SYSTEMPATH\CodeIgniter.php(497): CodeIgniter\CodeIgniter->runController(Object(App\Controllers\Agenda))
 6 SYSTEMPATH\CodeIgniter.php(366): CodeIgniter\CodeIgniter->handleRequest(null, Object(Config\Cache), false)
 7 FCPATH\index.php(67): CodeIgniter\CodeIgniter->run()
CRITICAL - 2026-01-13 13:10:20 --> Invalid file: "Agenda/agendas.php"
in SYSTEMPATH\Exceptions\FrameworkException.php on line 33.
 1 SYSTEMPATH\View\View.php(212): CodeIgniter\Exceptions\FrameworkException::forInvalidFile('Agenda/agendas.php')
 2 SYSTEMPATH\Common.php(1180): CodeIgniter\View\View->render('Agenda/agendas', [], true)
 3 APPPATH\Controllers\Agenda.php(14): view('Agenda/agendas')
 4 SYSTEMPATH\CodeIgniter.php(932): App\Controllers\Agenda->Agenda()
 5 SYSTEMPATH\CodeIgniter.php(497): CodeIgniter\CodeIgniter->runController(Object(App\Controllers\Agenda))
 6 SYSTEMPATH\CodeIgniter.php(366): CodeIgniter\CodeIgniter->handleRequest(null, Object(Config\Cache), false)
 7 FCPATH\index.php(67): CodeIgniter\CodeIgniter->run()
CRITICAL - 2026-01-13 13:11:22 --> Invalid file: "Agenda/agendas.php"
in SYSTEMPATH\Exceptions\FrameworkException.php on line 33.
 1 SYSTEMPATH\View\View.php(212): CodeIgniter\Exceptions\FrameworkException::forInvalidFile('Agenda/agendas.php')
 2 SYSTEMPATH\Common.php(1180): CodeIgniter\View\View->render('Agenda/agendas', [], true)
 3 APPPATH\Controllers\Agenda.php(14): view('Agenda/agendas')
 4 SYSTEMPATH\CodeIgniter.php(932): App\Controllers\Agenda->Agenda()
 5 SYSTEMPATH\CodeIgniter.php(497): CodeIgniter\CodeIgniter->runController(Object(App\Controllers\Agenda))
 6 SYSTEMPATH\CodeIgniter.php(366): CodeIgniter\CodeIgniter->handleRequest(null, Object(Config\Cache), false)
 7 FCPATH\index.php(67): CodeIgniter\CodeIgniter->run()
CRITICAL - 2026-01-13 13:11:26 --> Invalid file: "Agenda/agendas.php"
in SYSTEMPATH\Exceptions\FrameworkException.php on line 33.
 1 SYSTEMPATH\View\View.php(212): CodeIgniter\Exceptions\FrameworkException::forInvalidFile('Agenda/agendas.php')
 2 SYSTEMPATH\Common.php(1180): CodeIgniter\View\View->render('Agenda/agendas', [], true)
 3 APPPATH\Controllers\Agenda.php(14): view('Agenda/agendas')
 4 SYSTEMPATH\CodeIgniter.php(932): App\Controllers\Agenda->Agenda()
 5 SYSTEMPATH\CodeIgniter.php(497): CodeIgniter\CodeIgniter->runController(Object(App\Controllers\Agenda))
 6 SYSTEMPATH\CodeIgniter.php(366): CodeIgniter\CodeIgniter->handleRequest(null, Object(Config\Cache), false)
 7 FCPATH\index.php(67): CodeIgniter\CodeIgniter->run()
CRITICAL - 2026-01-13 13:20:21 --> Invalid file: "Agenda/agendas.php"
in SYSTEMPATH\Exceptions\FrameworkException.php on line 33.
 1 SYSTEMPATH\View\View.php(212): CodeIgniter\Exceptions\FrameworkException::forInvalidFile('Agenda/agendas.php')
 2 SYSTEMPATH\Common.php(1180): CodeIgniter\View\View->render('Agenda/agendas', [], true)
 3 APPPATH\Controllers\Agenda.php(14): view('Agenda/agendas')
 4 SYSTEMPATH\CodeIgniter.php(932): App\Controllers\Agenda->Agenda()
 5 SYSTEMPATH\CodeIgniter.php(497): CodeIgniter\CodeIgniter->runController(Object(App\Controllers\Agenda))
 6 SYSTEMPATH\CodeIgniter.php(366): CodeIgniter\CodeIgniter->handleRequest(null, Object(Config\Cache), false)
 7 FCPATH\index.php(67): CodeIgniter\CodeIgniter->run()
CRITICAL - 2026-01-13 13:20:34 --> Invalid file: "Agenda/agendas.php"
in SYSTEMPATH\Exceptions\FrameworkException.php on line 33.
 1 SYSTEMPATH\View\View.php(212): CodeIgniter\Exceptions\FrameworkException::forInvalidFile('Agenda/agendas.php')
 2 SYSTEMPATH\Common.php(1180): CodeIgniter\View\View->render('Agenda/agendas', [], true)
 3 APPPATH\Controllers\Agenda.php(14): view('Agenda/agendas')
 4 SYSTEMPATH\CodeIgniter.php(932): App\Controllers\Agenda->Agenda()
 5 SYSTEMPATH\CodeIgniter.php(497): CodeIgniter\CodeIgniter->runController(Object(App\Controllers\Agenda))
 6 SYSTEMPATH\CodeIgniter.php(366): CodeIgniter\CodeIgniter->handleRequest(null, Object(Config\Cache), false)
 7 FCPATH\index.php(67): CodeIgniter\CodeIgniter->run()
CRITICAL - 2026-01-13 13:20:36 --> Invalid file: "Agenda/agendas.php"
in SYSTEMPATH\Exceptions\FrameworkException.php on line 33.
 1 SYSTEMPATH\View\View.php(212): CodeIgniter\Exceptions\FrameworkException::forInvalidFile('Agenda/agendas.php')
 2 SYSTEMPATH\Common.php(1180): CodeIgniter\View\View->render('Agenda/agendas', [], true)
 3 APPPATH\Controllers\Agenda.php(14): view('Agenda/agendas')
 4 SYSTEMPATH\CodeIgniter.php(932): App\Controllers\Agenda->Agenda()
 5 SYSTEMPATH\CodeIgniter.php(497): CodeIgniter\CodeIgniter->runController(Object(App\Controllers\Agenda))
 6 SYSTEMPATH\CodeIgniter.php(366): CodeIgniter\CodeIgniter->handleRequest(null, Object(Config\Cache), false)
 7 FCPATH\index.php(67): CodeIgniter\CodeIgniter->run()
CRITICAL - 2026-01-13 13:36:47 --> Invalid file: "Agenda/produtos/agendas.php"
in SYSTEMPATH\Exceptions\FrameworkException.php on line 33.
 1 SYSTEMPATH\View\View.php(212): CodeIgniter\Exceptions\FrameworkException::forInvalidFile('Agenda/produtos/agendas.php')
 2 SYSTEMPATH\Common.php(1180): CodeIgniter\View\View->render('Agenda/produtos/agendas', [], true)
 3 APPPATH\Controllers\Agenda.php(14): view('Agenda/produtos/agendas')
 4 SYSTEMPATH\CodeIgniter.php(932): App\Controllers\Agenda->Agenda()
 5 SYSTEMPATH\CodeIgniter.php(497): CodeIgniter\CodeIgniter->runController(Object(App\Controllers\Agenda))
 6 SYSTEMPATH\CodeIgniter.php(366): CodeIgniter\CodeIgniter->handleRequest(null, Object(Config\Cache), false)
 7 FCPATH\index.php(67): CodeIgniter\CodeIgniter->run()
CRITICAL - 2026-01-13 13:36:48 --> Invalid file: "Agenda/produtos/agendas.php"
in SYSTEMPATH\Exceptions\FrameworkException.php on line 33.
 1 SYSTEMPATH\View\View.php(212): CodeIgniter\Exceptions\FrameworkException::forInvalidFile('Agenda/produtos/agendas.php')
 2 SYSTEMPATH\Common.php(1180): CodeIgniter\View\View->render('Agenda/produtos/agendas', [], true)
 3 APPPATH\Controllers\Agenda.php(14): view('Agenda/produtos/agendas')
 4 SYSTEMPATH\CodeIgniter.php(932): App\Controllers\Agenda->Agenda()
 5 SYSTEMPATH\CodeIgniter.php(497): CodeIgniter\CodeIgniter->runController(Object(App\Controllers\Agenda))
 6 SYSTEMPATH\CodeIgniter.php(366): CodeIgniter\CodeIgniter->handleRequest(null, Object(Config\Cache), false)
 7 FCPATH\index.php(67): CodeIgniter\CodeIgniter->run()
CRITICAL - 2026-01-13 13:36:49 --> Invalid file: "Agenda/produtos/agendas.php"
in SYSTEMPATH\Exceptions\FrameworkException.php on line 33.
 1 SYSTEMPATH\View\View.php(212): CodeIgniter\Exceptions\FrameworkException::forInvalidFile('Agenda/produtos/agendas.php')
 2 SYSTEMPATH\Common.php(1180): CodeIgniter\View\View->render('Agenda/produtos/agendas', [], true)
 3 APPPATH\Controllers\Agenda.php(14): view('Agenda/produtos/agendas')
 4 SYSTEMPATH\CodeIgniter.php(932): App\Controllers\Agenda->Agenda()
 5 SYSTEMPATH\CodeIgniter.php(497): CodeIgniter\CodeIgniter->runController(Object(App\Controllers\Agenda))
 6 SYSTEMPATH\CodeIgniter.php(366): CodeIgniter\CodeIgniter->handleRequest(null, Object(Config\Cache), false)
 7 FCPATH\index.php(67): CodeIgniter\CodeIgniter->run()
CRITICAL - 2026-01-13 13:36:49 --> Invalid file: "Agenda/produtos/agendas.php"
in SYSTEMPATH\Exceptions\FrameworkException.php on line 33.
 1 SYSTEMPATH\View\View.php(212): CodeIgniter\Exceptions\FrameworkException::forInvalidFile('Agenda/produtos/agendas.php')
 2 SYSTEMPATH\Common.php(1180): CodeIgniter\View\View->render('Agenda/produtos/agendas', [], true)
 3 APPPATH\Controllers\Agenda.php(14): view('Agenda/produtos/agendas')
 4 SYSTEMPATH\CodeIgniter.php(932): App\Controllers\Agenda->Agenda()
 5 SYSTEMPATH\CodeIgniter.php(497): CodeIgniter\CodeIgniter->runController(Object(App\Controllers\Agenda))
 6 SYSTEMPATH\CodeIgniter.php(366): CodeIgniter\CodeIgniter->handleRequest(null, Object(Config\Cache), false)
 7 FCPATH\index.php(67): CodeIgniter\CodeIgniter->run()
CRITICAL - 2026-01-13 13:36:49 --> Invalid file: "Agenda/produtos/agendas.php"
in SYSTEMPATH\Exceptions\FrameworkException.php on line 33.
 1 SYSTEMPATH\View\View.php(212): CodeIgniter\Exceptions\FrameworkException::forInvalidFile('Agenda/produtos/agendas.php')
 2 SYSTEMPATH\Common.php(1180): CodeIgniter\View\View->render('Agenda/produtos/agendas', [], true)
 3 APPPATH\Controllers\Agenda.php(14): view('Agenda/produtos/agendas')
 4 SYSTEMPATH\CodeIgniter.php(932): App\Controllers\Agenda->Agenda()
 5 SYSTEMPATH\CodeIgniter.php(497): CodeIgniter\CodeIgniter->runController(Object(App\Controllers\Agenda))
 6 SYSTEMPATH\CodeIgniter.php(366): CodeIgniter\CodeIgniter->handleRequest(null, Object(Config\Cache), false)
 7 FCPATH\index.php(67): CodeIgniter\CodeIgniter->run()
CRITICAL - 2026-01-13 13:36:49 --> Invalid file: "Agenda/produtos/agendas.php"
in SYSTEMPATH\Exceptions\FrameworkException.php on line 33.
 1 SYSTEMPATH\View\View.php(212): CodeIgniter\Exceptions\FrameworkException::forInvalidFile('Agenda/produtos/agendas.php')
 2 SYSTEMPATH\Common.php(1180): CodeIgniter\View\View->render('Agenda/produtos/agendas', [], true)
 3 APPPATH\Controllers\Agenda.php(14): view('Agenda/produtos/agendas')
 4 SYSTEMPATH\CodeIgniter.php(932): App\Controllers\Agenda->Agenda()
 5 SYSTEMPATH\CodeIgniter.php(497): CodeIgniter\CodeIgniter->runController(Object(App\Controllers\Agenda))
 6 SYSTEMPATH\CodeIgniter.php(366): CodeIgniter\CodeIgniter->handleRequest(null, Object(Config\Cache), false)
 7 FCPATH\index.php(67): CodeIgniter\CodeIgniter->run()
CRITICAL - 2026-01-13 13:36:50 --> Invalid file: "Agenda/produtos/agendas.php"
in SYSTEMPATH\Exceptions\FrameworkException.php on line 33.
 1 SYSTEMPATH\View\View.php(212): CodeIgniter\Exceptions\FrameworkException::forInvalidFile('Agenda/produtos/agendas.php')
 2 SYSTEMPATH\Common.php(1180): CodeIgniter\View\View->render('Agenda/produtos/agendas', [], true)
 3 APPPATH\Controllers\Agenda.php(14): view('Agenda/produtos/agendas')
 4 SYSTEMPATH\CodeIgniter.php(932): App\Controllers\Agenda->Agenda()
 5 SYSTEMPATH\CodeIgniter.php(497): CodeIgniter\CodeIgniter->runController(Object(App\Controllers\Agenda))
 6 SYSTEMPATH\CodeIgniter.php(366): CodeIgniter\CodeIgniter->handleRequest(null, Object(Config\Cache), false)
 7 FCPATH\index.php(67): CodeIgniter\CodeIgniter->run()
CRITICAL - 2026-01-13 13:36:50 --> Invalid file: "Agenda/produtos/agendas.php"
in SYSTEMPATH\Exceptions\FrameworkException.php on line 33.
 1 SYSTEMPATH\View\View.php(212): CodeIgniter\Exceptions\FrameworkException::forInvalidFile('Agenda/produtos/agendas.php')
 2 SYSTEMPATH\Common.php(1180): CodeIgniter\View\View->render('Agenda/produtos/agendas', [], true)
 3 APPPATH\Controllers\Agenda.php(14): view('Agenda/produtos/agendas')
 4 SYSTEMPATH\CodeIgniter.php(932): App\Controllers\Agenda->Agenda()
 5 SYSTEMPATH\CodeIgniter.php(497): CodeIgniter\CodeIgniter->runController(Object(App\Controllers\Agenda))
 6 SYSTEMPATH\CodeIgniter.php(366): CodeIgniter\CodeIgniter->handleRequest(null, Object(Config\Cache), false)
 7 FCPATH\index.php(67): CodeIgniter\CodeIgniter->run()
CRITICAL - 2026-01-13 13:36:50 --> Invalid file: "Agenda/produtos/agendas.php"
in SYSTEMPATH\Exceptions\FrameworkException.php on line 33.
 1 SYSTEMPATH\View\View.php(212): CodeIgniter\Exceptions\FrameworkException::forInvalidFile('Agenda/produtos/agendas.php')
 2 SYSTEMPATH\Common.php(1180): CodeIgniter\View\View->render('Agenda/produtos/agendas', [], true)
 3 APPPATH\Controllers\Agenda.php(14): view('Agenda/produtos/agendas')
 4 SYSTEMPATH\CodeIgniter.php(932): App\Controllers\Agenda->Agenda()
 5 SYSTEMPATH\CodeIgniter.php(497): CodeIgniter\CodeIgniter->runController(Object(App\Controllers\Agenda))
 6 SYSTEMPATH\CodeIgniter.php(366): CodeIgniter\CodeIgniter->handleRequest(null, Object(Config\Cache), false)
 7 FCPATH\index.php(67): CodeIgniter\CodeIgniter->run()
CRITICAL - 2026-01-13 13:36:51 --> Invalid file: "Agenda/produtos/agendas.php"
in SYSTEMPATH\Exceptions\FrameworkException.php on line 33.
 1 SYSTEMPATH\View\View.php(212): CodeIgniter\Exceptions\FrameworkException::forInvalidFile('Agenda/produtos/agendas.php')
 2 SYSTEMPATH\Common.php(1180): CodeIgniter\View\View->render('Agenda/produtos/agendas', [], true)
 3 APPPATH\Controllers\Agenda.php(14): view('Agenda/produtos/agendas')
 4 SYSTEMPATH\CodeIgniter.php(932): App\Controllers\Agenda->Agenda()
 5 SYSTEMPATH\CodeIgniter.php(497): CodeIgniter\CodeIgniter->runController(Object(App\Controllers\Agenda))
 6 SYSTEMPATH\CodeIgniter.php(366): CodeIgniter\CodeIgniter->handleRequest(null, Object(Config\Cache), false)
 7 FCPATH\index.php(67): CodeIgniter\CodeIgniter->run()
CRITICAL - 2026-01-13 13:36:51 --> Invalid file: "Agenda/produtos/agendas.php"
in SYSTEMPATH\Exceptions\FrameworkException.php on line 33.
 1 SYSTEMPATH\View\View.php(212): CodeIgniter\Exceptions\FrameworkException::forInvalidFile('Agenda/produtos/agendas.php')
 2 SYSTEMPATH\Common.php(1180): CodeIgniter\View\View->render('Agenda/produtos/agendas', [], true)
 3 APPPATH\Controllers\Agenda.php(14): view('Agenda/produtos/agendas')
 4 SYSTEMPATH\CodeIgniter.php(932): App\Controllers\Agenda->Agenda()
 5 SYSTEMPATH\CodeIgniter.php(497): CodeIgniter\CodeIgniter->runController(Object(App\Controllers\Agenda))
 6 SYSTEMPATH\CodeIgniter.php(366): CodeIgniter\CodeIgniter->handleRequest(null, Object(Config\Cache), false)
 7 FCPATH\index.php(67): CodeIgniter\CodeIgniter->run()
CRITICAL - 2026-01-13 13:39:38 --> Undefined array key "Solicitadopor"
in APPPATH\Views\produtos\agendas.php on line 218.
 1 APPPATH\Views\produtos\agendas.php(218): CodeIgniter\Debug\Exceptions->errorHandler(2, 'Undefined array key "Solicitadopor"', 'C:\\xampp\\htdocs\\web.local\\app\\Views\\produtos\\agendas.php', 218)
 2 SYSTEMPATH\View\View.php(224): include('C:\\xampp\\htdocs\\web.local\\app\\Views\\produtos\\agendas.php')
 3 SYSTEMPATH\View\View.php(227): CodeIgniter\View\View->CodeIgniter\View\{closure}()
 4 SYSTEMPATH\Common.php(1180): CodeIgniter\View\View->render('produtos/agendas', [], true)
 5 APPPATH\Controllers\Produtos.php(21): view('produtos/agendas', [...])
 6 SYSTEMPATH\CodeIgniter.php(932): App\Controllers\Produtos->listar()
 7 SYSTEMPATH\CodeIgniter.php(497): CodeIgniter\CodeIgniter->runController(Object(App\Controllers\Produtos))
 8 SYSTEMPATH\CodeIgniter.php(366): CodeIgniter\CodeIgniter->handleRequest(null, Object(Config\Cache), false)
 9 FCPATH\index.php(67): CodeIgniter\CodeIgniter->run()
CRITICAL - 2026-01-13 13:42:10 --> Invalid file: "Agenda/agendas.php"
in SYSTEMPATH\Exceptions\FrameworkException.php on line 33.
 1 SYSTEMPATH\View\View.php(212): CodeIgniter\Exceptions\FrameworkException::forInvalidFile('Agenda/agendas.php')
 2 SYSTEMPATH\Common.php(1180): CodeIgniter\View\View->render('Agenda/agendas', [], true)
 3 APPPATH\Controllers\Agenda.php(14): view('Agenda/agendas')
 4 SYSTEMPATH\CodeIgniter.php(932): App\Controllers\Agenda->Agenda()
 5 SYSTEMPATH\CodeIgniter.php(497): CodeIgniter\CodeIgniter->runController(Object(App\Controllers\Agenda))
 6 SYSTEMPATH\CodeIgniter.php(366): CodeIgniter\CodeIgniter->handleRequest(null, Object(Config\Cache), false)
 7 FCPATH\index.php(67): CodeIgniter\CodeIgniter->run()
CRITICAL - 2026-01-13 13:42:43 --> Invalid file: "Agenda/agendas.php"
in SYSTEMPATH\Exceptions\FrameworkException.php on line 33.
 1 SYSTEMPATH\View\View.php(212): CodeIgniter\Exceptions\FrameworkException::forInvalidFile('Agenda/agendas.php')
 2 SYSTEMPATH\Common.php(1180): CodeIgniter\View\View->render('Agenda/agendas', [], true)
 3 APPPATH\Controllers\Agenda.php(14): view('Agenda/agendas')
 4 SYSTEMPATH\CodeIgniter.php(932): App\Controllers\Agenda->Agenda()
 5 SYSTEMPATH\CodeIgniter.php(497): CodeIgniter\CodeIgniter->runController(Object(App\Controllers\Agenda))
 6 SYSTEMPATH\CodeIgniter.php(366): CodeIgniter\CodeIgniter->handleRequest(null, Object(Config\Cache), false)
 7 FCPATH\index.php(67): CodeIgniter\CodeIgniter->run()
CRITICAL - 2026-01-13 13:42:44 --> Invalid file: "Agenda/agendas.php"
in SYSTEMPATH\Exceptions\FrameworkException.php on line 33.
 1 SYSTEMPATH\View\View.php(212): CodeIgniter\Exceptions\FrameworkException::forInvalidFile('Agenda/agendas.php')
 2 SYSTEMPATH\Common.php(1180): CodeIgniter\View\View->render('Agenda/agendas', [], true)
 3 APPPATH\Controllers\Agenda.php(14): view('Agenda/agendas')
 4 SYSTEMPATH\CodeIgniter.php(932): App\Controllers\Agenda->Agenda()
 5 SYSTEMPATH\CodeIgniter.php(497): CodeIgniter\CodeIgniter->runController(Object(App\Controllers\Agenda))
 6 SYSTEMPATH\CodeIgniter.php(366): CodeIgniter\CodeIgniter->handleRequest(null, Object(Config\Cache), false)
 7 FCPATH\index.php(67): CodeIgniter\CodeIgniter->run()
CRITICAL - 2026-01-13 13:46:25 --> Invalid file: "Agenda/agendas.php"
in SYSTEMPATH\Exceptions\FrameworkException.php on line 33.
 1 SYSTEMPATH\View\View.php(212): CodeIgniter\Exceptions\FrameworkException::forInvalidFile('Agenda/agendas.php')
 2 SYSTEMPATH\Common.php(1180): CodeIgniter\View\View->render('Agenda/agendas', [], true)
 3 APPPATH\Controllers\Agenda.php(14): view('Agenda/agendas')
 4 SYSTEMPATH\CodeIgniter.php(932): App\Controllers\Agenda->Agenda()
 5 SYSTEMPATH\CodeIgniter.php(497): CodeIgniter\CodeIgniter->runController(Object(App\Controllers\Agenda))
 6 SYSTEMPATH\CodeIgniter.php(366): CodeIgniter\CodeIgniter->handleRequest(null, Object(Config\Cache), false)
 7 FCPATH\index.php(67): CodeIgniter\CodeIgniter->run()
CRITICAL - 2026-01-13 13:47:27 --> Invalid file: "Agenda/agendas.php"
in SYSTEMPATH\Exceptions\FrameworkException.php on line 33.
 1 SYSTEMPATH\View\View.php(212): CodeIgniter\Exceptions\FrameworkException::forInvalidFile('Agenda/agendas.php')
 2 SYSTEMPATH\Common.php(1180): CodeIgniter\View\View->render('Agenda/agendas', [], true)
 3 APPPATH\Controllers\Agenda.php(14): view('Agenda/agendas')
 4 SYSTEMPATH\CodeIgniter.php(932): App\Controllers\Agenda->Agenda()
 5 SYSTEMPATH\CodeIgniter.php(497): CodeIgniter\CodeIgniter->runController(Object(App\Controllers\Agenda))
 6 SYSTEMPATH\CodeIgniter.php(366): CodeIgniter\CodeIgniter->handleRequest(null, Object(Config\Cache), false)
 7 FCPATH\index.php(67): CodeIgniter\CodeIgniter->run()
CRITICAL - 2026-01-13 13:51:54 --> Invalid file: "Agenda/agendas.php"
in SYSTEMPATH\Exceptions\FrameworkException.php on line 33.
 1 SYSTEMPATH\View\View.php(212): CodeIgniter\Exceptions\FrameworkException::forInvalidFile('Agenda/agendas.php')
 2 SYSTEMPATH\Common.php(1180): CodeIgniter\View\View->render('Agenda/agendas', [], true)
 3 APPPATH\Controllers\Agenda.php(13): view('Agenda/agendas')
 4 SYSTEMPATH\CodeIgniter.php(932): App\Controllers\Agenda->Agenda()
 5 SYSTEMPATH\CodeIgniter.php(497): CodeIgniter\CodeIgniter->runController(Object(App\Controllers\Agenda))
 6 SYSTEMPATH\CodeIgniter.php(366): CodeIgniter\CodeIgniter->handleRequest(null, Object(Config\Cache), false)
 7 FCPATH\index.php(67): CodeIgniter\CodeIgniter->run()
CRITICAL - 2026-01-13 13:52:14 --> Invalid file: "Agenda/agendas.php"
in SYSTEMPATH\Exceptions\FrameworkException.php on line 33.
 1 SYSTEMPATH\View\View.php(212): CodeIgniter\Exceptions\FrameworkException::forInvalidFile('Agenda/agendas.php')
 2 SYSTEMPATH\Common.php(1180): CodeIgniter\View\View->render('Agenda/agendas', [], true)
 3 APPPATH\Controllers\Agenda.php(14): view('Agenda/agendas')
 4 SYSTEMPATH\CodeIgniter.php(932): App\Controllers\Agenda->Agenda()
 5 SYSTEMPATH\CodeIgniter.php(497): CodeIgniter\CodeIgniter->runController(Object(App\Controllers\Agenda))
 6 SYSTEMPATH\CodeIgniter.php(366): CodeIgniter\CodeIgniter->handleRequest(null, Object(Config\Cache), false)
 7 FCPATH\index.php(67): CodeIgniter\CodeIgniter->run()
CRITICAL - 2026-01-13 13:52:32 --> Invalid file: "Agenda/agendas.php"
in SYSTEMPATH\Exceptions\FrameworkException.php on line 33.
 1 SYSTEMPATH\View\View.php(212): CodeIgniter\Exceptions\FrameworkException::forInvalidFile('Agenda/agendas.php')
 2 SYSTEMPATH\Common.php(1180): CodeIgniter\View\View->render('Agenda/agendas', [], true)
 3 APPPATH\Controllers\Agenda.php(14): view('Agenda/agendas')
 4 SYSTEMPATH\CodeIgniter.php(932): App\Controllers\Agenda->Agenda()
 5 SYSTEMPATH\CodeIgniter.php(497): CodeIgniter\CodeIgniter->runController(Object(App\Controllers\Agenda))
 6 SYSTEMPATH\CodeIgniter.php(366): CodeIgniter\CodeIgniter->handleRequest(null, Object(Config\Cache), false)
 7 FCPATH\index.php(67): CodeIgniter\CodeIgniter->run()
CRITICAL - 2026-01-13 13:57:08 --> Undefined variable $produtos
in APPPATH\Views\produtos\agendas.php on line 211.
 1 APPPATH\Views\produtos\agendas.php(211): CodeIgniter\Debug\Exceptions->errorHandler(2, 'Undefined variable $produtos', 'C:\\xampp\\htdocs\\web.local\\app\\Views\\produtos\\agendas.php', 211)
 2 SYSTEMPATH\View\View.php(224): include('C:\\xampp\\htdocs\\web.local\\app\\Views\\produtos\\agendas.php')
 3 SYSTEMPATH\View\View.php(227): CodeIgniter\View\View->CodeIgniter\View\{closure}()
 4 SYSTEMPATH\Common.php(1180): CodeIgniter\View\View->render('produtos/agendas', [], true)
 5 APPPATH\Controllers\Agenda.php(14): view('produtos/agendas')
 6 SYSTEMPATH\CodeIgniter.php(932): App\Controllers\Agenda->Agenda()
 7 SYSTEMPATH\CodeIgniter.php(497): CodeIgniter\CodeIgniter->runController(Object(App\Controllers\Agenda))
 8 SYSTEMPATH\CodeIgniter.php(366): CodeIgniter\CodeIgniter->handleRequest(null, Object(Config\Cache), false)
 9 FCPATH\index.php(67): CodeIgniter\CodeIgniter->run()
CRITICAL - 2026-01-13 14:02:24 --> Invalid file: "Agenda/agendas.php"
in SYSTEMPATH\Exceptions\FrameworkException.php on line 33.
 1 SYSTEMPATH\View\View.php(212): CodeIgniter\Exceptions\FrameworkException::forInvalidFile('Agenda/agendas.php')
 2 SYSTEMPATH\Common.php(1180): CodeIgniter\View\View->render('Agenda/agendas', [], true)
 3 APPPATH\Controllers\Agenda.php(14): view('Agenda/agendas')
 4 SYSTEMPATH\CodeIgniter.php(932): App\Controllers\Agenda->Agenda()
 5 SYSTEMPATH\CodeIgniter.php(497): CodeIgniter\CodeIgniter->runController(Object(App\Controllers\Agenda))
 6 SYSTEMPATH\CodeIgniter.php(366): CodeIgniter\CodeIgniter->handleRequest(null, Object(Config\Cache), false)
 7 FCPATH\index.php(67): CodeIgniter\CodeIgniter->run()
CRITICAL - 2026-01-13 14:02:25 --> Invalid file: "Agenda/agendas.php"
in SYSTEMPATH\Exceptions\FrameworkException.php on line 33.
 1 SYSTEMPATH\View\View.php(212): CodeIgniter\Exceptions\FrameworkException::forInvalidFile('Agenda/agendas.php')
 2 SYSTEMPATH\Common.php(1180): CodeIgniter\View\View->render('Agenda/agendas', [], true)
 3 APPPATH\Controllers\Agenda.php(14): view('Agenda/agendas')
 4 SYSTEMPATH\CodeIgniter.php(932): App\Controllers\Agenda->Agenda()
 5 SYSTEMPATH\CodeIgniter.php(497): CodeIgniter\CodeIgniter->runController(Object(App\Controllers\Agenda))
 6 SYSTEMPATH\CodeIgniter.php(366): CodeIgniter\CodeIgniter->handleRequest(null, Object(Config\Cache), false)
 7 FCPATH\index.php(67): CodeIgniter\CodeIgniter->run()
CRITICAL - 2026-01-13 14:05:08 --> Invalid file: "agenda/agendas.php"
in SYSTEMPATH\Exceptions\FrameworkException.php on line 33.
 1 SYSTEMPATH\View\View.php(212): CodeIgniter\Exceptions\FrameworkException::forInvalidFile('agenda/agendas.php')
 2 SYSTEMPATH\Common.php(1180): CodeIgniter\View\View->render('agenda/agendas', [], true)
 3 APPPATH\Controllers\Agenda.php(14): view('agenda/agendas')
 4 SYSTEMPATH\CodeIgniter.php(932): App\Controllers\Agenda->Agenda()
 5 SYSTEMPATH\CodeIgniter.php(497): CodeIgniter\CodeIgniter->runController(Object(App\Controllers\Agenda))
 6 SYSTEMPATH\CodeIgniter.php(366): CodeIgniter\CodeIgniter->handleRequest(null, Object(Config\Cache), false)
 7 FCPATH\index.php(67): CodeIgniter\CodeIgniter->run()
CRITICAL - 2026-01-13 14:05:40 --> Undefined variable $produtos
in APPPATH\Views\produtos\agendas.php on line 211.
 1 APPPATH\Views\produtos\agendas.php(211): CodeIgniter\Debug\Exceptions->errorHandler(2, 'Undefined variable $produtos', 'C:\\xampp\\htdocs\\web.local\\app\\Views\\produtos\\agendas.php', 211)
 2 SYSTEMPATH\View\View.php(224): include('C:\\xampp\\htdocs\\web.local\\app\\Views\\produtos\\agendas.php')
 3 SYSTEMPATH\View\View.php(227): CodeIgniter\View\View->CodeIgniter\View\{closure}()
 4 SYSTEMPATH\Common.php(1180): CodeIgniter\View\View->render('produtos/agendas', [], true)
 5 APPPATH\Controllers\Agenda.php(14): view('produtos/agendas')
 6 SYSTEMPATH\CodeIgniter.php(932): App\Controllers\Agenda->Agenda()
 7 SYSTEMPATH\CodeIgniter.php(497): CodeIgniter\CodeIgniter->runController(Object(App\Controllers\Agenda))
 8 SYSTEMPATH\CodeIgniter.php(366): CodeIgniter\CodeIgniter->handleRequest(null, Object(Config\Cache), false)
 9 FCPATH\index.php(67): CodeIgniter\CodeIgniter->run()
CRITICAL - 2026-01-13 14:06:06 --> Undefined variable $produtos
in APPPATH\Views\agendas.php on line 211.
 1 APPPATH\Views\agendas.php(211): CodeIgniter\Debug\Exceptions->errorHandler(2, 'Undefined variable $produtos', 'C:\\xampp\\htdocs\\web.local\\app\\Views\\agendas.php', 211)
 2 SYSTEMPATH\View\View.php(224): include('C:\\xampp\\htdocs\\web.local\\app\\Views\\agendas.php')
 3 SYSTEMPATH\View\View.php(227): CodeIgniter\View\View->CodeIgniter\View\{closure}()
 4 SYSTEMPATH\Common.php(1180): CodeIgniter\View\View->render('agendas', [], true)
 5 APPPATH\Controllers\Agenda.php(14): view('agendas')
 6 SYSTEMPATH\CodeIgniter.php(932): App\Controllers\Agenda->Agenda()
 7 SYSTEMPATH\CodeIgniter.php(497): CodeIgniter\CodeIgniter->runController(Object(App\Controllers\Agenda))
 8 SYSTEMPATH\CodeIgniter.php(366): CodeIgniter\CodeIgniter->handleRequest(null, Object(Config\Cache), false)
 9 FCPATH\index.php(67): CodeIgniter\CodeIgniter->run()
CRITICAL - 2026-01-13 14:06:07 --> Undefined variable $produtos
in APPPATH\Views\agendas.php on line 211.
 1 APPPATH\Views\agendas.php(211): CodeIgniter\Debug\Exceptions->errorHandler(2, 'Undefined variable $produtos', 'C:\\xampp\\htdocs\\web.local\\app\\Views\\agendas.php', 211)
 2 SYSTEMPATH\View\View.php(224): include('C:\\xampp\\htdocs\\web.local\\app\\Views\\agendas.php')
 3 SYSTEMPATH\View\View.php(227): CodeIgniter\View\View->CodeIgniter\View\{closure}()
 4 SYSTEMPATH\Common.php(1180): CodeIgniter\View\View->render('agendas', [], true)
 5 APPPATH\Controllers\Agenda.php(14): view('agendas')
 6 SYSTEMPATH\CodeIgniter.php(932): App\Controllers\Agenda->Agenda()
 7 SYSTEMPATH\CodeIgniter.php(497): CodeIgniter\CodeIgniter->runController(Object(App\Controllers\Agenda))
 8 SYSTEMPATH\CodeIgniter.php(366): CodeIgniter\CodeIgniter->handleRequest(null, Object(Config\Cache), false)
 9 FCPATH\index.php(67): CodeIgniter\CodeIgniter->run()
CRITICAL - 2026-01-13 14:06:20 --> Invalid file: "Agenda/agendas.php"
in SYSTEMPATH\Exceptions\FrameworkException.php on line 33.
 1 SYSTEMPATH\View\View.php(212): CodeIgniter\Exceptions\FrameworkException::forInvalidFile('Agenda/agendas.php')
 2 SYSTEMPATH\Common.php(1180): CodeIgniter\View\View->render('Agenda/agendas', [], true)
 3 APPPATH\Controllers\Agenda.php(14): view('Agenda/agendas')
 4 SYSTEMPATH\CodeIgniter.php(932): App\Controllers\Agenda->Agenda()
 5 SYSTEMPATH\CodeIgniter.php(497): CodeIgniter\CodeIgniter->runController(Object(App\Controllers\Agenda))
 6 SYSTEMPATH\CodeIgniter.php(366): CodeIgniter\CodeIgniter->handleRequest(null, Object(Config\Cache), false)
 7 FCPATH\index.php(67): CodeIgniter\CodeIgniter->run()
CRITICAL - 2026-01-13 14:06:57 --> Undefined variable $produtos
in APPPATH\Views\agendas.php on line 211.
 1 APPPATH\Views\agendas.php(211): CodeIgniter\Debug\Exceptions->errorHandler(2, 'Undefined variable $produtos', 'C:\\xampp\\htdocs\\web.local\\app\\Views\\agendas.php', 211)
 2 SYSTEMPATH\View\View.php(224): include('C:\\xampp\\htdocs\\web.local\\app\\Views\\agendas.php')
 3 SYSTEMPATH\View\View.php(227): CodeIgniter\View\View->CodeIgniter\View\{closure}()
 4 SYSTEMPATH\Common.php(1180): CodeIgniter\View\View->render('agendas', [], true)
 5 APPPATH\Controllers\Agenda.php(14): view('agendas')
 6 SYSTEMPATH\CodeIgniter.php(932): App\Controllers\Agenda->Agenda()
 7 SYSTEMPATH\CodeIgniter.php(497): CodeIgniter\CodeIgniter->runController(Object(App\Controllers\Agenda))
 8 SYSTEMPATH\CodeIgniter.php(366): CodeIgniter\CodeIgniter->handleRequest(null, Object(Config\Cache), false)
 9 FCPATH\index.php(67): CodeIgniter\CodeIgniter->run()
CRITICAL - 2026-01-13 14:11:54 --> Undefined variable $produtos
in APPPATH\Views\agendas.php on line 212.
 1 APPPATH\Views\agendas.php(212): CodeIgniter\Debug\Exceptions->errorHandler(2, 'Undefined variable $produtos', 'C:\\xampp\\htdocs\\web.local\\app\\Views\\agendas.php', 212)
 2 SYSTEMPATH\View\View.php(224): include('C:\\xampp\\htdocs\\web.local\\app\\Views\\agendas.php')
 3 SYSTEMPATH\View\View.php(227): CodeIgniter\View\View->CodeIgniter\View\{closure}()
 4 SYSTEMPATH\Common.php(1180): CodeIgniter\View\View->render('agendas', [], true)
 5 APPPATH\Controllers\Agenda.php(14): view('agendas')
 6 SYSTEMPATH\CodeIgniter.php(932): App\Controllers\Agenda->Agenda()
 7 SYSTEMPATH\CodeIgniter.php(497): CodeIgniter\CodeIgniter->runController(Object(App\Controllers\Agenda))
 8 SYSTEMPATH\CodeIgniter.php(366): CodeIgniter\CodeIgniter->handleRequest(null, Object(Config\Cache), false)
 9 FCPATH\index.php(67): CodeIgniter\CodeIgniter->run()
CRITICAL - 2026-01-13 14:12:49 --> Undefined variable $produtos
in APPPATH\Views\agendas.php on line 212.
 1 APPPATH\Views\agendas.php(212): CodeIgniter\Debug\Exceptions->errorHandler(2, 'Undefined variable $produtos', 'C:\\xampp\\htdocs\\web.local\\app\\Views\\agendas.php', 212)
 2 SYSTEMPATH\View\View.php(224): include('C:\\xampp\\htdocs\\web.local\\app\\Views\\agendas.php')
 3 SYSTEMPATH\View\View.php(227): CodeIgniter\View\View->CodeIgniter\View\{closure}()
 4 SYSTEMPATH\Common.php(1180): CodeIgniter\View\View->render('agendas', [], true)
 5 APPPATH\Controllers\Agenda.php(14): view('agendas')
 6 SYSTEMPATH\CodeIgniter.php(932): App\Controllers\Agenda->Agenda()
 7 SYSTEMPATH\CodeIgniter.php(497): CodeIgniter\CodeIgniter->runController(Object(App\Controllers\Agenda))
 8 SYSTEMPATH\CodeIgniter.php(366): CodeIgniter\CodeIgniter->handleRequest(null, Object(Config\Cache), false)
 9 FCPATH\index.php(67): CodeIgniter\CodeIgniter->run()
CRITICAL - 2026-01-13 14:13:25 --> Undefined variable $produtos
in APPPATH\Views\agendas.php on line 212.
 1 APPPATH\Views\agendas.php(212): CodeIgniter\Debug\Exceptions->errorHandler(2, 'Undefined variable $produtos', 'C:\\xampp\\htdocs\\web.local\\app\\Views\\agendas.php', 212)
 2 SYSTEMPATH\View\View.php(224): include('C:\\xampp\\htdocs\\web.local\\app\\Views\\agendas.php')
 3 SYSTEMPATH\View\View.php(227): CodeIgniter\View\View->CodeIgniter\View\{closure}()
 4 SYSTEMPATH\Common.php(1180): CodeIgniter\View\View->render('agendas', [], true)
 5 APPPATH\Controllers\Agenda.php(14): view('agendas')
 6 SYSTEMPATH\CodeIgniter.php(932): App\Controllers\Agenda->Agenda()
 7 SYSTEMPATH\CodeIgniter.php(497): CodeIgniter\CodeIgniter->runController(Object(App\Controllers\Agenda))
 8 SYSTEMPATH\CodeIgniter.php(366): CodeIgniter\CodeIgniter->handleRequest(null, Object(Config\Cache), false)
 9 FCPATH\index.php(67): CodeIgniter\CodeIgniter->run()
CRITICAL - 2026-01-13 14:14:24 --> Undefined variable $produtos
in APPPATH\Views\agendas.php on line 212.
 1 APPPATH\Views\agendas.php(212): CodeIgniter\Debug\Exceptions->errorHandler(2, 'Undefined variable $produtos', 'C:\\xampp\\htdocs\\web.local\\app\\Views\\agendas.php', 212)
 2 SYSTEMPATH\View\View.php(224): include('C:\\xampp\\htdocs\\web.local\\app\\Views\\agendas.php')
 3 SYSTEMPATH\View\View.php(227): CodeIgniter\View\View->CodeIgniter\View\{closure}()
 4 SYSTEMPATH\Common.php(1180): CodeIgniter\View\View->render('agendas', [], true)
 5 APPPATH\Controllers\Agenda.php(14): view('agendas')
 6 SYSTEMPATH\CodeIgniter.php(932): App\Controllers\Agenda->Agenda()
 7 SYSTEMPATH\CodeIgniter.php(497): CodeIgniter\CodeIgniter->runController(Object(App\Controllers\Agenda))
 8 SYSTEMPATH\CodeIgniter.php(366): CodeIgniter\CodeIgniter->handleRequest(null, Object(Config\Cache), false)
 9 FCPATH\index.php(67): CodeIgniter\CodeIgniter->run()
