INFO - 2026-03-20 13:00:26 --> Session: Class initialized using 'CodeIgniter\Session\Handlers\FileHandler' driver.
CRITICAL - 2026-03-20 13:00:31 --> Updates are not allowed unless they contain a "where" or "like" clause.
in SYSTEMPATH\Model.php on line 391.
 1 SYSTEMPATH\BaseModel.php(943): CodeIgniter\Model->doUpdate(null, [...])
 2 SYSTEMPATH\Model.php(756): CodeIgniter\BaseModel->update(null, [...])
 3 APPPATH\Controllers\Termogab.php(77): CodeIgniter\Model->update(null, [...])
 4 SYSTEMPATH\CodeIgniter.php(932): App\Controllers\Termogab->editar()
 5 SYSTEMPATH\CodeIgniter.php(497): CodeIgniter\CodeIgniter->runController(Object(App\Controllers\Termogab))
 6 SYSTEMPATH\CodeIgniter.php(366): CodeIgniter\CodeIgniter->handleRequest(null, Object(Config\Cache), false)
 7 FCPATH\index.php(67): CodeIgniter\CodeIgniter->run()
CRITICAL - 2026-03-20 13:02:34 --> Too few arguments to function App\Controllers\Termogab::editar(), 0 passed in C:\xampp\htdocs\web.local\system\CodeIgniter.php on line 932 and exactly 1 expected
in APPPATH\Controllers\Termogab.php on line 73.
 1 SYSTEMPATH\CodeIgniter.php(932): App\Controllers\Termogab->editar()
 2 SYSTEMPATH\CodeIgniter.php(497): CodeIgniter\CodeIgniter->runController(Object(App\Controllers\Termogab))
 3 SYSTEMPATH\CodeIgniter.php(366): CodeIgniter\CodeIgniter->handleRequest(null, Object(Config\Cache), false)
 4 FCPATH\index.php(67): CodeIgniter\CodeIgniter->run()
ERROR - 2026-03-20 13:02:50 --> mysqli_sql_exception: Cannot add or update a child row: a foreign key constraint fails (`sistema_web`.`visitas_gab`, CONSTRAINT `fk_visita_escola` FOREIGN KEY (`EscolaId`) REFERENCES `escolas` (`EscolaId`) ON DELETE CASCADE) in C:\xampp\htdocs\web.local\system\Database\MySQLi\Connection.php:295
Stack trace:
#0 C:\xampp\htdocs\web.local\system\Database\MySQLi\Connection.php(295): mysqli->query('UPDATE `visitas...', 0)
#1 C:\xampp\htdocs\web.local\system\Database\BaseConnection.php(692): CodeIgniter\Database\MySQLi\Connection->execute('UPDATE `visitas...')
#2 C:\xampp\htdocs\web.local\system\Database\BaseConnection.php(606): CodeIgniter\Database\BaseConnection->simpleQuery('UPDATE `visitas...')
#3 C:\xampp\htdocs\web.local\system\Database\BaseBuilder.php(2476): CodeIgniter\Database\BaseConnection->query('UPDATE `visitas...', Array, false)
#4 C:\xampp\htdocs\web.local\system\Model.php(396): CodeIgniter\Database\BaseBuilder->update()
#5 C:\xampp\htdocs\web.local\system\BaseModel.php(943): CodeIgniter\Model->doUpdate(Array, Array)
#6 C:\xampp\htdocs\web.local\system\Model.php(756): CodeIgniter\BaseModel->update(Array, Array)
#7 C:\xampp\htdocs\web.local\app\Controllers\Termogab.php(77): CodeIgniter\Model->update('1', Array)
#8 C:\xampp\htdocs\web.local\system\CodeIgniter.php(932): App\Controllers\Termogab->editar()
#9 C:\xampp\htdocs\web.local\system\CodeIgniter.php(497): CodeIgniter\CodeIgniter->runController(Object(App\Controllers\Termogab))
#10 C:\xampp\htdocs\web.local\system\CodeIgniter.php(366): CodeIgniter\CodeIgniter->handleRequest(NULL, Object(Config\Cache), false)
#11 C:\xampp\htdocs\web.local\public\index.php(67): CodeIgniter\CodeIgniter->run()
#12 {main}
CRITICAL - 2026-03-20 13:02:50 --> Cannot add or update a child row: a foreign key constraint fails (`sistema_web`.`visitas_gab`, CONSTRAINT `fk_visita_escola` FOREIGN KEY (`EscolaId`) REFERENCES `escolas` (`EscolaId`) ON DELETE CASCADE)
in SYSTEMPATH\Database\MySQLi\Connection.php on line 295.
 1 SYSTEMPATH\Database\MySQLi\Connection.php(295): mysqli->query('UPDATE `visitas_gab` SET `SupervisorId` = \'3\', `EscolaId` = NULL, `DataVisita` = \'\', `Tipo` = \'\'
WHERE `visitas_gab`.`VisitaId` IN (\'1\')', 0)
 2 SYSTEMPATH\Database\BaseConnection.php(692): CodeIgniter\Database\MySQLi\Connection->execute('UPDATE `visitas_gab` SET `SupervisorId` = \'3\', `EscolaId` = NULL, `DataVisita` = \'\', `Tipo` = \'\'
WHERE `visitas_gab`.`VisitaId` IN (\'1\')')
 3 SYSTEMPATH\Database\BaseConnection.php(606): CodeIgniter\Database\BaseConnection->simpleQuery('UPDATE `visitas_gab` SET `SupervisorId` = \'3\', `EscolaId` = NULL, `DataVisita` = \'\', `Tipo` = \'\'
WHERE `visitas_gab`.`VisitaId` IN (\'1\')')
 4 SYSTEMPATH\Database\BaseBuilder.php(2476): CodeIgniter\Database\BaseConnection->query('UPDATE `visitas_gab` SET `SupervisorId` = :SupervisorId:, `EscolaId` = :EscolaId:, `DataVisita` = :DataVisita:, `Tipo` = :Tipo:
WHERE `visitas_gab`.`VisitaId` IN :visitas_gab.VisitaId:', [...], false)
 5 SYSTEMPATH\Model.php(396): CodeIgniter\Database\BaseBuilder->update()
 6 SYSTEMPATH\BaseModel.php(943): CodeIgniter\Model->doUpdate([...], [...])
 7 SYSTEMPATH\Model.php(756): CodeIgniter\BaseModel->update([...], [...])
 8 APPPATH\Controllers\Termogab.php(77): CodeIgniter\Model->update('1', [...])
 9 SYSTEMPATH\CodeIgniter.php(932): App\Controllers\Termogab->editar()
10 SYSTEMPATH\CodeIgniter.php(497): CodeIgniter\CodeIgniter->runController(Object(App\Controllers\Termogab))
11 SYSTEMPATH\CodeIgniter.php(366): CodeIgniter\CodeIgniter->handleRequest(null, Object(Config\Cache), false)
12 FCPATH\index.php(67): CodeIgniter\CodeIgniter->run()
INFO - 2026-03-20 13:03:16 --> Session: Class initialized using 'CodeIgniter\Session\Handlers\FileHandler' driver.
ERROR - 2026-03-20 13:03:24 --> mysqli_sql_exception: Cannot add or update a child row: a foreign key constraint fails (`sistema_web`.`visitas_gab`, CONSTRAINT `fk_visita_supervisor` FOREIGN KEY (`SupervisorId`) REFERENCES `supervisores` (`SupervisorId`) ON DELETE CASCADE) in C:\xampp\htdocs\web.local\system\Database\MySQLi\Connection.php:295
Stack trace:
#0 C:\xampp\htdocs\web.local\system\Database\MySQLi\Connection.php(295): mysqli->query('UPDATE `visitas...', 0)
#1 C:\xampp\htdocs\web.local\system\Database\BaseConnection.php(692): CodeIgniter\Database\MySQLi\Connection->execute('UPDATE `visitas...')
#2 C:\xampp\htdocs\web.local\system\Database\BaseConnection.php(606): CodeIgniter\Database\BaseConnection->simpleQuery('UPDATE `visitas...')
#3 C:\xampp\htdocs\web.local\system\Database\BaseBuilder.php(2476): CodeIgniter\Database\BaseConnection->query('UPDATE `visitas...', Array, false)
#4 C:\xampp\htdocs\web.local\system\Model.php(396): CodeIgniter\Database\BaseBuilder->update()
#5 C:\xampp\htdocs\web.local\system\BaseModel.php(943): CodeIgniter\Model->doUpdate(Array, Array)
#6 C:\xampp\htdocs\web.local\system\Model.php(756): CodeIgniter\BaseModel->update(Array, Array)
#7 C:\xampp\htdocs\web.local\app\Controllers\Termogab.php(77): CodeIgniter\Model->update('2', Array)
#8 C:\xampp\htdocs\web.local\system\CodeIgniter.php(932): App\Controllers\Termogab->editar()
#9 C:\xampp\htdocs\web.local\system\CodeIgniter.php(497): CodeIgniter\CodeIgniter->runController(Object(App\Controllers\Termogab))
#10 C:\xampp\htdocs\web.local\system\CodeIgniter.php(366): CodeIgniter\CodeIgniter->handleRequest(NULL, Object(Config\Cache), false)
#11 C:\xampp\htdocs\web.local\public\index.php(67): CodeIgniter\CodeIgniter->run()
#12 {main}
CRITICAL - 2026-03-20 13:03:24 --> Cannot add or update a child row: a foreign key constraint fails (`sistema_web`.`visitas_gab`, CONSTRAINT `fk_visita_supervisor` FOREIGN KEY (`SupervisorId`) REFERENCES `supervisores` (`SupervisorId`) ON DELETE CASCADE)
in SYSTEMPATH\Database\MySQLi\Connection.php on line 295.
 1 SYSTEMPATH\Database\MySQLi\Connection.php(295): mysqli->query('UPDATE `visitas_gab` SET `SupervisorId` = \'\', `EscolaId` = NULL, `DataVisita` = \'\', `Tipo` = \'\'
WHERE `visitas_gab`.`VisitaId` IN (\'2\')', 0)
 2 SYSTEMPATH\Database\BaseConnection.php(692): CodeIgniter\Database\MySQLi\Connection->execute('UPDATE `visitas_gab` SET `SupervisorId` = \'\', `EscolaId` = NULL, `DataVisita` = \'\', `Tipo` = \'\'
WHERE `visitas_gab`.`VisitaId` IN (\'2\')')
 3 SYSTEMPATH\Database\BaseConnection.php(606): CodeIgniter\Database\BaseConnection->simpleQuery('UPDATE `visitas_gab` SET `SupervisorId` = \'\', `EscolaId` = NULL, `DataVisita` = \'\', `Tipo` = \'\'
WHERE `visitas_gab`.`VisitaId` IN (\'2\')')
 4 SYSTEMPATH\Database\BaseBuilder.php(2476): CodeIgniter\Database\BaseConnection->query('UPDATE `visitas_gab` SET `SupervisorId` = :SupervisorId:, `EscolaId` = :EscolaId:, `DataVisita` = :DataVisita:, `Tipo` = :Tipo:
WHERE `visitas_gab`.`VisitaId` IN :visitas_gab.VisitaId:', [...], false)
 5 SYSTEMPATH\Model.php(396): CodeIgniter\Database\BaseBuilder->update()
 6 SYSTEMPATH\BaseModel.php(943): CodeIgniter\Model->doUpdate([...], [...])
 7 SYSTEMPATH\Model.php(756): CodeIgniter\BaseModel->update([...], [...])
 8 APPPATH\Controllers\Termogab.php(77): CodeIgniter\Model->update('2', [...])
 9 SYSTEMPATH\CodeIgniter.php(932): App\Controllers\Termogab->editar()
10 SYSTEMPATH\CodeIgniter.php(497): CodeIgniter\CodeIgniter->runController(Object(App\Controllers\Termogab))
11 SYSTEMPATH\CodeIgniter.php(366): CodeIgniter\CodeIgniter->handleRequest(null, Object(Config\Cache), false)
12 FCPATH\index.php(67): CodeIgniter\CodeIgniter->run()
CRITICAL - 2026-03-20 13:03:59 --> Updates are not allowed unless they contain a "where" or "like" clause.
in SYSTEMPATH\Model.php on line 391.
 1 SYSTEMPATH\BaseModel.php(943): CodeIgniter\Model->doUpdate(null, [...])
 2 SYSTEMPATH\Model.php(756): CodeIgniter\BaseModel->update(null, [...])
 3 APPPATH\Controllers\Termogab.php(77): CodeIgniter\Model->update(null, [...])
 4 SYSTEMPATH\CodeIgniter.php(932): App\Controllers\Termogab->editar()
 5 SYSTEMPATH\CodeIgniter.php(497): CodeIgniter\CodeIgniter->runController(Object(App\Controllers\Termogab))
 6 SYSTEMPATH\CodeIgniter.php(366): CodeIgniter\CodeIgniter->handleRequest(null, Object(Config\Cache), false)
 7 FCPATH\index.php(67): CodeIgniter\CodeIgniter->run()
CRITICAL - 2026-03-20 13:22:29 --> Updates are not allowed unless they contain a "where" or "like" clause.
in SYSTEMPATH\Model.php on line 391.
 1 SYSTEMPATH\BaseModel.php(943): CodeIgniter\Model->doUpdate(null, [...])
 2 SYSTEMPATH\Model.php(756): CodeIgniter\BaseModel->update(null, [...])
 3 APPPATH\Controllers\Termogab.php(77): CodeIgniter\Model->update(null, [...])
 4 SYSTEMPATH\CodeIgniter.php(932): App\Controllers\Termogab->editar()
 5 SYSTEMPATH\CodeIgniter.php(497): CodeIgniter\CodeIgniter->runController(Object(App\Controllers\Termogab))
 6 SYSTEMPATH\CodeIgniter.php(366): CodeIgniter\CodeIgniter->handleRequest(null, Object(Config\Cache), false)
 7 FCPATH\index.php(67): CodeIgniter\CodeIgniter->run()
ERROR - 2026-03-20 13:26:18 --> mysqli_sql_exception: Cannot add or update a child row: a foreign key constraint fails (`sistema_web`.`visitas_gab`, CONSTRAINT `fk_visita_escola` FOREIGN KEY (`EscolaId`) REFERENCES `escolas` (`EscolaId`) ON DELETE CASCADE) in C:\xampp\htdocs\web.local\system\Database\MySQLi\Connection.php:295
Stack trace:
#0 C:\xampp\htdocs\web.local\system\Database\MySQLi\Connection.php(295): mysqli->query('UPDATE `visitas...', 0)
#1 C:\xampp\htdocs\web.local\system\Database\BaseConnection.php(692): CodeIgniter\Database\MySQLi\Connection->execute('UPDATE `visitas...')
#2 C:\xampp\htdocs\web.local\system\Database\BaseConnection.php(606): CodeIgniter\Database\BaseConnection->simpleQuery('UPDATE `visitas...')
#3 C:\xampp\htdocs\web.local\system\Database\BaseBuilder.php(2476): CodeIgniter\Database\BaseConnection->query('UPDATE `visitas...', Array, false)
#4 C:\xampp\htdocs\web.local\system\Model.php(396): CodeIgniter\Database\BaseBuilder->update()
#5 C:\xampp\htdocs\web.local\system\BaseModel.php(943): CodeIgniter\Model->doUpdate(Array, Array)
#6 C:\xampp\htdocs\web.local\system\Model.php(756): CodeIgniter\BaseModel->update(Array, Array)
#7 C:\xampp\htdocs\web.local\app\Controllers\Termogab.php(77): CodeIgniter\Model->update('2', Array)
#8 C:\xampp\htdocs\web.local\system\CodeIgniter.php(932): App\Controllers\Termogab->editar()
#9 C:\xampp\htdocs\web.local\system\CodeIgniter.php(497): CodeIgniter\CodeIgniter->runController(Object(App\Controllers\Termogab))
#10 C:\xampp\htdocs\web.local\system\CodeIgniter.php(366): CodeIgniter\CodeIgniter->handleRequest(NULL, Object(Config\Cache), false)
#11 C:\xampp\htdocs\web.local\public\index.php(67): CodeIgniter\CodeIgniter->run()
#12 {main}
CRITICAL - 2026-03-20 13:26:18 --> Cannot add or update a child row: a foreign key constraint fails (`sistema_web`.`visitas_gab`, CONSTRAINT `fk_visita_escola` FOREIGN KEY (`EscolaId`) REFERENCES `escolas` (`EscolaId`) ON DELETE CASCADE)
in SYSTEMPATH\Database\MySQLi\Connection.php on line 295.
 1 SYSTEMPATH\Database\MySQLi\Connection.php(295): mysqli->query('UPDATE `visitas_gab` SET `SupervisorId` = \'11\', `EscolaId` = NULL, `DataVisita` = \'\', `Tipo` = \'\'
WHERE `visitas_gab`.`VisitaId` IN (\'2\')', 0)
 2 SYSTEMPATH\Database\BaseConnection.php(692): CodeIgniter\Database\MySQLi\Connection->execute('UPDATE `visitas_gab` SET `SupervisorId` = \'11\', `EscolaId` = NULL, `DataVisita` = \'\', `Tipo` = \'\'
WHERE `visitas_gab`.`VisitaId` IN (\'2\')')
 3 SYSTEMPATH\Database\BaseConnection.php(606): CodeIgniter\Database\BaseConnection->simpleQuery('UPDATE `visitas_gab` SET `SupervisorId` = \'11\', `EscolaId` = NULL, `DataVisita` = \'\', `Tipo` = \'\'
WHERE `visitas_gab`.`VisitaId` IN (\'2\')')
 4 SYSTEMPATH\Database\BaseBuilder.php(2476): CodeIgniter\Database\BaseConnection->query('UPDATE `visitas_gab` SET `SupervisorId` = :SupervisorId:, `EscolaId` = :EscolaId:, `DataVisita` = :DataVisita:, `Tipo` = :Tipo:
WHERE `visitas_gab`.`VisitaId` IN :visitas_gab.VisitaId:', [...], false)
 5 SYSTEMPATH\Model.php(396): CodeIgniter\Database\BaseBuilder->update()
 6 SYSTEMPATH\BaseModel.php(943): CodeIgniter\Model->doUpdate([...], [...])
 7 SYSTEMPATH\Model.php(756): CodeIgniter\BaseModel->update([...], [...])
 8 APPPATH\Controllers\Termogab.php(77): CodeIgniter\Model->update('2', [...])
 9 SYSTEMPATH\CodeIgniter.php(932): App\Controllers\Termogab->editar()
10 SYSTEMPATH\CodeIgniter.php(497): CodeIgniter\CodeIgniter->runController(Object(App\Controllers\Termogab))
11 SYSTEMPATH\CodeIgniter.php(366): CodeIgniter\CodeIgniter->handleRequest(null, Object(Config\Cache), false)
12 FCPATH\index.php(67): CodeIgniter\CodeIgniter->run()
ERROR - 2026-03-20 13:29:21 --> mysqli_sql_exception: Cannot add or update a child row: a foreign key constraint fails (`sistema_web`.`visitas_gab`, CONSTRAINT `fk_visita_escola` FOREIGN KEY (`EscolaId`) REFERENCES `escolas` (`EscolaId`) ON DELETE CASCADE) in C:\xampp\htdocs\web.local\system\Database\MySQLi\Connection.php:295
Stack trace:
#0 C:\xampp\htdocs\web.local\system\Database\MySQLi\Connection.php(295): mysqli->query('UPDATE `visitas...', 0)
#1 C:\xampp\htdocs\web.local\system\Database\BaseConnection.php(692): CodeIgniter\Database\MySQLi\Connection->execute('UPDATE `visitas...')
#2 C:\xampp\htdocs\web.local\system\Database\BaseConnection.php(606): CodeIgniter\Database\BaseConnection->simpleQuery('UPDATE `visitas...')
#3 C:\xampp\htdocs\web.local\system\Database\BaseBuilder.php(2476): CodeIgniter\Database\BaseConnection->query('UPDATE `visitas...', Array, false)
#4 C:\xampp\htdocs\web.local\system\Model.php(396): CodeIgniter\Database\BaseBuilder->update()
#5 C:\xampp\htdocs\web.local\system\BaseModel.php(943): CodeIgniter\Model->doUpdate(Array, Array)
#6 C:\xampp\htdocs\web.local\system\Model.php(756): CodeIgniter\BaseModel->update(Array, Array)
#7 C:\xampp\htdocs\web.local\app\Controllers\Termogab.php(77): CodeIgniter\Model->update('2', Array)
#8 C:\xampp\htdocs\web.local\system\CodeIgniter.php(932): App\Controllers\Termogab->editar()
#9 C:\xampp\htdocs\web.local\system\CodeIgniter.php(497): CodeIgniter\CodeIgniter->runController(Object(App\Controllers\Termogab))
#10 C:\xampp\htdocs\web.local\system\CodeIgniter.php(366): CodeIgniter\CodeIgniter->handleRequest(NULL, Object(Config\Cache), false)
#11 C:\xampp\htdocs\web.local\public\index.php(67): CodeIgniter\CodeIgniter->run()
#12 {main}
CRITICAL - 2026-03-20 13:29:21 --> Cannot add or update a child row: a foreign key constraint fails (`sistema_web`.`visitas_gab`, CONSTRAINT `fk_visita_escola` FOREIGN KEY (`EscolaId`) REFERENCES `escolas` (`EscolaId`) ON DELETE CASCADE)
in SYSTEMPATH\Database\MySQLi\Connection.php on line 295.
 1 SYSTEMPATH\Database\MySQLi\Connection.php(295): mysqli->query('UPDATE `visitas_gab` SET `SupervisorId` = \'10\', `EscolaId` = \'\', `DataVisita` = \'\', `Tipo` = \'\'
WHERE `visitas_gab`.`VisitaId` IN (\'2\')', 0)
 2 SYSTEMPATH\Database\BaseConnection.php(692): CodeIgniter\Database\MySQLi\Connection->execute('UPDATE `visitas_gab` SET `SupervisorId` = \'10\', `EscolaId` = \'\', `DataVisita` = \'\', `Tipo` = \'\'
WHERE `visitas_gab`.`VisitaId` IN (\'2\')')
 3 SYSTEMPATH\Database\BaseConnection.php(606): CodeIgniter\Database\BaseConnection->simpleQuery('UPDATE `visitas_gab` SET `SupervisorId` = \'10\', `EscolaId` = \'\', `DataVisita` = \'\', `Tipo` = \'\'
WHERE `visitas_gab`.`VisitaId` IN (\'2\')')
 4 SYSTEMPATH\Database\BaseBuilder.php(2476): CodeIgniter\Database\BaseConnection->query('UPDATE `visitas_gab` SET `SupervisorId` = :SupervisorId:, `EscolaId` = :EscolaId:, `DataVisita` = :DataVisita:, `Tipo` = :Tipo:
WHERE `visitas_gab`.`VisitaId` IN :visitas_gab.VisitaId:', [...], false)
 5 SYSTEMPATH\Model.php(396): CodeIgniter\Database\BaseBuilder->update()
 6 SYSTEMPATH\BaseModel.php(943): CodeIgniter\Model->doUpdate([...], [...])
 7 SYSTEMPATH\Model.php(756): CodeIgniter\BaseModel->update([...], [...])
 8 APPPATH\Controllers\Termogab.php(77): CodeIgniter\Model->update('2', [...])
 9 SYSTEMPATH\CodeIgniter.php(932): App\Controllers\Termogab->editar()
10 SYSTEMPATH\CodeIgniter.php(497): CodeIgniter\CodeIgniter->runController(Object(App\Controllers\Termogab))
11 SYSTEMPATH\CodeIgniter.php(366): CodeIgniter\CodeIgniter->handleRequest(null, Object(Config\Cache), false)
12 FCPATH\index.php(67): CodeIgniter\CodeIgniter->run()
ERROR - 2026-03-20 13:31:49 --> mysqli_sql_exception: Cannot add or update a child row: a foreign key constraint fails (`sistema_web`.`visitas_gab`, CONSTRAINT `fk_visita_supervisor` FOREIGN KEY (`SupervisorId`) REFERENCES `supervisores` (`SupervisorId`) ON DELETE CASCADE) in C:\xampp\htdocs\web.local\system\Database\MySQLi\Connection.php:295
Stack trace:
#0 C:\xampp\htdocs\web.local\system\Database\MySQLi\Connection.php(295): mysqli->query('UPDATE `visitas...', 0)
#1 C:\xampp\htdocs\web.local\system\Database\BaseConnection.php(692): CodeIgniter\Database\MySQLi\Connection->execute('UPDATE `visitas...')
#2 C:\xampp\htdocs\web.local\system\Database\BaseConnection.php(606): CodeIgniter\Database\BaseConnection->simpleQuery('UPDATE `visitas...')
#3 C:\xampp\htdocs\web.local\system\Database\BaseBuilder.php(2476): CodeIgniter\Database\BaseConnection->query('UPDATE `visitas...', Array, false)
#4 C:\xampp\htdocs\web.local\system\Model.php(396): CodeIgniter\Database\BaseBuilder->update()
#5 C:\xampp\htdocs\web.local\system\BaseModel.php(943): CodeIgniter\Model->doUpdate(Array, Array)
#6 C:\xampp\htdocs\web.local\system\Model.php(756): CodeIgniter\BaseModel->update(Array, Array)
#7 C:\xampp\htdocs\web.local\app\Controllers\Termogab.php(77): CodeIgniter\Model->update('2', Array)
#8 C:\xampp\htdocs\web.local\system\CodeIgniter.php(932): App\Controllers\Termogab->editar()
#9 C:\xampp\htdocs\web.local\system\CodeIgniter.php(497): CodeIgniter\CodeIgniter->runController(Object(App\Controllers\Termogab))
#10 C:\xampp\htdocs\web.local\system\CodeIgniter.php(366): CodeIgniter\CodeIgniter->handleRequest(NULL, Object(Config\Cache), false)
#11 C:\xampp\htdocs\web.local\public\index.php(67): CodeIgniter\CodeIgniter->run()
#12 {main}
CRITICAL - 2026-03-20 13:31:49 --> Cannot add or update a child row: a foreign key constraint fails (`sistema_web`.`visitas_gab`, CONSTRAINT `fk_visita_supervisor` FOREIGN KEY (`SupervisorId`) REFERENCES `supervisores` (`SupervisorId`) ON DELETE CASCADE)
in SYSTEMPATH\Database\MySQLi\Connection.php on line 295.
 1 SYSTEMPATH\Database\MySQLi\Connection.php(295): mysqli->query('UPDATE `visitas_gab` SET `SupervisorId` = \'\', `EscolaId` = \'7\', `DataVisita` = \'\', `Tipo` = \'\'
WHERE `visitas_gab`.`VisitaId` IN (\'2\')', 0)
 2 SYSTEMPATH\Database\BaseConnection.php(692): CodeIgniter\Database\MySQLi\Connection->execute('UPDATE `visitas_gab` SET `SupervisorId` = \'\', `EscolaId` = \'7\', `DataVisita` = \'\', `Tipo` = \'\'
WHERE `visitas_gab`.`VisitaId` IN (\'2\')')
 3 SYSTEMPATH\Database\BaseConnection.php(606): CodeIgniter\Database\BaseConnection->simpleQuery('UPDATE `visitas_gab` SET `SupervisorId` = \'\', `EscolaId` = \'7\', `DataVisita` = \'\', `Tipo` = \'\'
WHERE `visitas_gab`.`VisitaId` IN (\'2\')')
 4 SYSTEMPATH\Database\BaseBuilder.php(2476): CodeIgniter\Database\BaseConnection->query('UPDATE `visitas_gab` SET `SupervisorId` = :SupervisorId:, `EscolaId` = :EscolaId:, `DataVisita` = :DataVisita:, `Tipo` = :Tipo:
WHERE `visitas_gab`.`VisitaId` IN :visitas_gab.VisitaId:', [...], false)
 5 SYSTEMPATH\Model.php(396): CodeIgniter\Database\BaseBuilder->update()
 6 SYSTEMPATH\BaseModel.php(943): CodeIgniter\Model->doUpdate([...], [...])
 7 SYSTEMPATH\Model.php(756): CodeIgniter\BaseModel->update([...], [...])
 8 APPPATH\Controllers\Termogab.php(77): CodeIgniter\Model->update('2', [...])
 9 SYSTEMPATH\CodeIgniter.php(932): App\Controllers\Termogab->editar()
10 SYSTEMPATH\CodeIgniter.php(497): CodeIgniter\CodeIgniter->runController(Object(App\Controllers\Termogab))
11 SYSTEMPATH\CodeIgniter.php(366): CodeIgniter\CodeIgniter->handleRequest(null, Object(Config\Cache), false)
12 FCPATH\index.php(67): CodeIgniter\CodeIgniter->run()
ERROR - 2026-03-20 13:31:56 --> mysqli_sql_exception: Cannot add or update a child row: a foreign key constraint fails (`sistema_web`.`visitas_gab`, CONSTRAINT `fk_visita_escola` FOREIGN KEY (`EscolaId`) REFERENCES `escolas` (`EscolaId`) ON DELETE CASCADE) in C:\xampp\htdocs\web.local\system\Database\MySQLi\Connection.php:295
Stack trace:
#0 C:\xampp\htdocs\web.local\system\Database\MySQLi\Connection.php(295): mysqli->query('UPDATE `visitas...', 0)
#1 C:\xampp\htdocs\web.local\system\Database\BaseConnection.php(692): CodeIgniter\Database\MySQLi\Connection->execute('UPDATE `visitas...')
#2 C:\xampp\htdocs\web.local\system\Database\BaseConnection.php(606): CodeIgniter\Database\BaseConnection->simpleQuery('UPDATE `visitas...')
#3 C:\xampp\htdocs\web.local\system\Database\BaseBuilder.php(2476): CodeIgniter\Database\BaseConnection->query('UPDATE `visitas...', Array, false)
#4 C:\xampp\htdocs\web.local\system\Model.php(396): CodeIgniter\Database\BaseBuilder->update()
#5 C:\xampp\htdocs\web.local\system\BaseModel.php(943): CodeIgniter\Model->doUpdate(Array, Array)
#6 C:\xampp\htdocs\web.local\system\Model.php(756): CodeIgniter\BaseModel->update(Array, Array)
#7 C:\xampp\htdocs\web.local\app\Controllers\Termogab.php(77): CodeIgniter\Model->update('2', Array)
#8 C:\xampp\htdocs\web.local\system\CodeIgniter.php(932): App\Controllers\Termogab->editar()
#9 C:\xampp\htdocs\web.local\system\CodeIgniter.php(497): CodeIgniter\CodeIgniter->runController(Object(App\Controllers\Termogab))
#10 C:\xampp\htdocs\web.local\system\CodeIgniter.php(366): CodeIgniter\CodeIgniter->handleRequest(NULL, Object(Config\Cache), false)
#11 C:\xampp\htdocs\web.local\public\index.php(67): CodeIgniter\CodeIgniter->run()
#12 {main}
CRITICAL - 2026-03-20 13:31:56 --> Cannot add or update a child row: a foreign key constraint fails (`sistema_web`.`visitas_gab`, CONSTRAINT `fk_visita_escola` FOREIGN KEY (`EscolaId`) REFERENCES `escolas` (`EscolaId`) ON DELETE CASCADE)
in SYSTEMPATH\Database\MySQLi\Connection.php on line 295.
 1 SYSTEMPATH\Database\MySQLi\Connection.php(295): mysqli->query('UPDATE `visitas_gab` SET `SupervisorId` = \'7\', `EscolaId` = \'7\', `DataVisita` = \'\', `Tipo` = \'\'
WHERE `visitas_gab`.`VisitaId` IN (\'2\')', 0)
 2 SYSTEMPATH\Database\BaseConnection.php(692): CodeIgniter\Database\MySQLi\Connection->execute('UPDATE `visitas_gab` SET `SupervisorId` = \'7\', `EscolaId` = \'7\', `DataVisita` = \'\', `Tipo` = \'\'
WHERE `visitas_gab`.`VisitaId` IN (\'2\')')
 3 SYSTEMPATH\Database\BaseConnection.php(606): CodeIgniter\Database\BaseConnection->simpleQuery('UPDATE `visitas_gab` SET `SupervisorId` = \'7\', `EscolaId` = \'7\', `DataVisita` = \'\', `Tipo` = \'\'
WHERE `visitas_gab`.`VisitaId` IN (\'2\')')
 4 SYSTEMPATH\Database\BaseBuilder.php(2476): CodeIgniter\Database\BaseConnection->query('UPDATE `visitas_gab` SET `SupervisorId` = :SupervisorId:, `EscolaId` = :EscolaId:, `DataVisita` = :DataVisita:, `Tipo` = :Tipo:
WHERE `visitas_gab`.`VisitaId` IN :visitas_gab.VisitaId:', [...], false)
 5 SYSTEMPATH\Model.php(396): CodeIgniter\Database\BaseBuilder->update()
 6 SYSTEMPATH\BaseModel.php(943): CodeIgniter\Model->doUpdate([...], [...])
 7 SYSTEMPATH\Model.php(756): CodeIgniter\BaseModel->update([...], [...])
 8 APPPATH\Controllers\Termogab.php(77): CodeIgniter\Model->update('2', [...])
 9 SYSTEMPATH\CodeIgniter.php(932): App\Controllers\Termogab->editar()
10 SYSTEMPATH\CodeIgniter.php(497): CodeIgniter\CodeIgniter->runController(Object(App\Controllers\Termogab))
11 SYSTEMPATH\CodeIgniter.php(366): CodeIgniter\CodeIgniter->handleRequest(null, Object(Config\Cache), false)
12 FCPATH\index.php(67): CodeIgniter\CodeIgniter->run()
ERROR - 2026-03-20 13:32:05 --> mysqli_sql_exception: Cannot add or update a child row: a foreign key constraint fails (`sistema_web`.`visitas_gab`, CONSTRAINT `fk_visita_escola` FOREIGN KEY (`EscolaId`) REFERENCES `escolas` (`EscolaId`) ON DELETE CASCADE) in C:\xampp\htdocs\web.local\system\Database\MySQLi\Connection.php:295
Stack trace:
#0 C:\xampp\htdocs\web.local\system\Database\MySQLi\Connection.php(295): mysqli->query('UPDATE `visitas...', 0)
#1 C:\xampp\htdocs\web.local\system\Database\BaseConnection.php(692): CodeIgniter\Database\MySQLi\Connection->execute('UPDATE `visitas...')
#2 C:\xampp\htdocs\web.local\system\Database\BaseConnection.php(606): CodeIgniter\Database\BaseConnection->simpleQuery('UPDATE `visitas...')
#3 C:\xampp\htdocs\web.local\system\Database\BaseBuilder.php(2476): CodeIgniter\Database\BaseConnection->query('UPDATE `visitas...', Array, false)
#4 C:\xampp\htdocs\web.local\system\Model.php(396): CodeIgniter\Database\BaseBuilder->update()
#5 C:\xampp\htdocs\web.local\system\BaseModel.php(943): CodeIgniter\Model->doUpdate(Array, Array)
#6 C:\xampp\htdocs\web.local\system\Model.php(756): CodeIgniter\BaseModel->update(Array, Array)
#7 C:\xampp\htdocs\web.local\app\Controllers\Termogab.php(77): CodeIgniter\Model->update('2', Array)
#8 C:\xampp\htdocs\web.local\system\CodeIgniter.php(932): App\Controllers\Termogab->editar()
#9 C:\xampp\htdocs\web.local\system\CodeIgniter.php(497): CodeIgniter\CodeIgniter->runController(Object(App\Controllers\Termogab))
#10 C:\xampp\htdocs\web.local\system\CodeIgniter.php(366): CodeIgniter\CodeIgniter->handleRequest(NULL, Object(Config\Cache), false)
#11 C:\xampp\htdocs\web.local\public\index.php(67): CodeIgniter\CodeIgniter->run()
#12 {main}
CRITICAL - 2026-03-20 13:32:05 --> Cannot add or update a child row: a foreign key constraint fails (`sistema_web`.`visitas_gab`, CONSTRAINT `fk_visita_escola` FOREIGN KEY (`EscolaId`) REFERENCES `escolas` (`EscolaId`) ON DELETE CASCADE)
in SYSTEMPATH\Database\MySQLi\Connection.php on line 295.
 1 SYSTEMPATH\Database\MySQLi\Connection.php(295): mysqli->query('UPDATE `visitas_gab` SET `SupervisorId` = \'7\', `EscolaId` = \'7\', `DataVisita` = \'123123\', `Tipo` = \'Reclamação\'
WHERE `visitas_gab`.`VisitaId` IN (\'2\')', 0)
 2 SYSTEMPATH\Database\BaseConnection.php(692): CodeIgniter\Database\MySQLi\Connection->execute('UPDATE `visitas_gab` SET `SupervisorId` = \'7\', `EscolaId` = \'7\', `DataVisita` = \'123123\', `Tipo` = \'Reclamação\'
WHERE `visitas_gab`.`VisitaId` IN (\'2\')')
 3 SYSTEMPATH\Database\BaseConnection.php(606): CodeIgniter\Database\BaseConnection->simpleQuery('UPDATE `visitas_gab` SET `SupervisorId` = \'7\', `EscolaId` = \'7\', `DataVisita` = \'123123\', `Tipo` = \'Reclamação\'
WHERE `visitas_gab`.`VisitaId` IN (\'2\')')
 4 SYSTEMPATH\Database\BaseBuilder.php(2476): CodeIgniter\Database\BaseConnection->query('UPDATE `visitas_gab` SET `SupervisorId` = :SupervisorId:, `EscolaId` = :EscolaId:, `DataVisita` = :DataVisita:, `Tipo` = :Tipo:
WHERE `visitas_gab`.`VisitaId` IN :visitas_gab.VisitaId:', [...], false)
 5 SYSTEMPATH\Model.php(396): CodeIgniter\Database\BaseBuilder->update()
 6 SYSTEMPATH\BaseModel.php(943): CodeIgniter\Model->doUpdate([...], [...])
 7 SYSTEMPATH\Model.php(756): CodeIgniter\BaseModel->update([...], [...])
 8 APPPATH\Controllers\Termogab.php(77): CodeIgniter\Model->update('2', [...])
 9 SYSTEMPATH\CodeIgniter.php(932): App\Controllers\Termogab->editar()
10 SYSTEMPATH\CodeIgniter.php(497): CodeIgniter\CodeIgniter->runController(Object(App\Controllers\Termogab))
11 SYSTEMPATH\CodeIgniter.php(366): CodeIgniter\CodeIgniter->handleRequest(null, Object(Config\Cache), false)
12 FCPATH\index.php(67): CodeIgniter\CodeIgniter->run()
ERROR - 2026-03-20 13:32:10 --> mysqli_sql_exception: Cannot add or update a child row: a foreign key constraint fails (`sistema_web`.`visitas_gab`, CONSTRAINT `fk_visita_escola` FOREIGN KEY (`EscolaId`) REFERENCES `escolas` (`EscolaId`) ON DELETE CASCADE) in C:\xampp\htdocs\web.local\system\Database\MySQLi\Connection.php:295
Stack trace:
#0 C:\xampp\htdocs\web.local\system\Database\MySQLi\Connection.php(295): mysqli->query('UPDATE `visitas...', 0)
#1 C:\xampp\htdocs\web.local\system\Database\BaseConnection.php(692): CodeIgniter\Database\MySQLi\Connection->execute('UPDATE `visitas...')
#2 C:\xampp\htdocs\web.local\system\Database\BaseConnection.php(606): CodeIgniter\Database\BaseConnection->simpleQuery('UPDATE `visitas...')
#3 C:\xampp\htdocs\web.local\system\Database\BaseBuilder.php(2476): CodeIgniter\Database\BaseConnection->query('UPDATE `visitas...', Array, false)
#4 C:\xampp\htdocs\web.local\system\Model.php(396): CodeIgniter\Database\BaseBuilder->update()
#5 C:\xampp\htdocs\web.local\system\BaseModel.php(943): CodeIgniter\Model->doUpdate(Array, Array)
#6 C:\xampp\htdocs\web.local\system\Model.php(756): CodeIgniter\BaseModel->update(Array, Array)
#7 C:\xampp\htdocs\web.local\app\Controllers\Termogab.php(77): CodeIgniter\Model->update('2', Array)
#8 C:\xampp\htdocs\web.local\system\CodeIgniter.php(932): App\Controllers\Termogab->editar()
#9 C:\xampp\htdocs\web.local\system\CodeIgniter.php(497): CodeIgniter\CodeIgniter->runController(Object(App\Controllers\Termogab))
#10 C:\xampp\htdocs\web.local\system\CodeIgniter.php(366): CodeIgniter\CodeIgniter->handleRequest(NULL, Object(Config\Cache), false)
#11 C:\xampp\htdocs\web.local\public\index.php(67): CodeIgniter\CodeIgniter->run()
#12 {main}
CRITICAL - 2026-03-20 13:32:10 --> Cannot add or update a child row: a foreign key constraint fails (`sistema_web`.`visitas_gab`, CONSTRAINT `fk_visita_escola` FOREIGN KEY (`EscolaId`) REFERENCES `escolas` (`EscolaId`) ON DELETE CASCADE)
in SYSTEMPATH\Database\MySQLi\Connection.php on line 295.
 1 SYSTEMPATH\Database\MySQLi\Connection.php(295): mysqli->query('UPDATE `visitas_gab` SET `SupervisorId` = \'2\', `EscolaId` = \'7\', `DataVisita` = \'123123\', `Tipo` = \'Reclamação\'
WHERE `visitas_gab`.`VisitaId` IN (\'2\')', 0)
 2 SYSTEMPATH\Database\BaseConnection.php(692): CodeIgniter\Database\MySQLi\Connection->execute('UPDATE `visitas_gab` SET `SupervisorId` = \'2\', `EscolaId` = \'7\', `DataVisita` = \'123123\', `Tipo` = \'Reclamação\'
WHERE `visitas_gab`.`VisitaId` IN (\'2\')')
 3 SYSTEMPATH\Database\BaseConnection.php(606): CodeIgniter\Database\BaseConnection->simpleQuery('UPDATE `visitas_gab` SET `SupervisorId` = \'2\', `EscolaId` = \'7\', `DataVisita` = \'123123\', `Tipo` = \'Reclamação\'
WHERE `visitas_gab`.`VisitaId` IN (\'2\')')
 4 SYSTEMPATH\Database\BaseBuilder.php(2476): CodeIgniter\Database\BaseConnection->query('UPDATE `visitas_gab` SET `SupervisorId` = :SupervisorId:, `EscolaId` = :EscolaId:, `DataVisita` = :DataVisita:, `Tipo` = :Tipo:
WHERE `visitas_gab`.`VisitaId` IN :visitas_gab.VisitaId:', [...], false)
 5 SYSTEMPATH\Model.php(396): CodeIgniter\Database\BaseBuilder->update()
 6 SYSTEMPATH\BaseModel.php(943): CodeIgniter\Model->doUpdate([...], [...])
 7 SYSTEMPATH\Model.php(756): CodeIgniter\BaseModel->update([...], [...])
 8 APPPATH\Controllers\Termogab.php(77): CodeIgniter\Model->update('2', [...])
 9 SYSTEMPATH\CodeIgniter.php(932): App\Controllers\Termogab->editar()
10 SYSTEMPATH\CodeIgniter.php(497): CodeIgniter\CodeIgniter->runController(Object(App\Controllers\Termogab))
11 SYSTEMPATH\CodeIgniter.php(366): CodeIgniter\CodeIgniter->handleRequest(null, Object(Config\Cache), false)
12 FCPATH\index.php(67): CodeIgniter\CodeIgniter->run()
ERROR - 2026-03-20 13:32:15 --> mysqli_sql_exception: Cannot add or update a child row: a foreign key constraint fails (`sistema_web`.`visitas_gab`, CONSTRAINT `fk_visita_supervisor` FOREIGN KEY (`SupervisorId`) REFERENCES `supervisores` (`SupervisorId`) ON DELETE CASCADE) in C:\xampp\htdocs\web.local\system\Database\MySQLi\Connection.php:295
Stack trace:
#0 C:\xampp\htdocs\web.local\system\Database\MySQLi\Connection.php(295): mysqli->query('UPDATE `visitas...', 0)
#1 C:\xampp\htdocs\web.local\system\Database\BaseConnection.php(692): CodeIgniter\Database\MySQLi\Connection->execute('UPDATE `visitas...')
#2 C:\xampp\htdocs\web.local\system\Database\BaseConnection.php(606): CodeIgniter\Database\BaseConnection->simpleQuery('UPDATE `visitas...')
#3 C:\xampp\htdocs\web.local\system\Database\BaseBuilder.php(2476): CodeIgniter\Database\BaseConnection->query('UPDATE `visitas...', Array, false)
#4 C:\xampp\htdocs\web.local\system\Model.php(396): CodeIgniter\Database\BaseBuilder->update()
#5 C:\xampp\htdocs\web.local\system\BaseModel.php(943): CodeIgniter\Model->doUpdate(Array, Array)
#6 C:\xampp\htdocs\web.local\system\Model.php(756): CodeIgniter\BaseModel->update(Array, Array)
#7 C:\xampp\htdocs\web.local\app\Controllers\Termogab.php(77): CodeIgniter\Model->update('2', Array)
#8 C:\xampp\htdocs\web.local\system\CodeIgniter.php(932): App\Controllers\Termogab->editar()
#9 C:\xampp\htdocs\web.local\system\CodeIgniter.php(497): CodeIgniter\CodeIgniter->runController(Object(App\Controllers\Termogab))
#10 C:\xampp\htdocs\web.local\system\CodeIgniter.php(366): CodeIgniter\CodeIgniter->handleRequest(NULL, Object(Config\Cache), false)
#11 C:\xampp\htdocs\web.local\public\index.php(67): CodeIgniter\CodeIgniter->run()
#12 {main}
CRITICAL - 2026-03-20 13:32:15 --> Cannot add or update a child row: a foreign key constraint fails (`sistema_web`.`visitas_gab`, CONSTRAINT `fk_visita_supervisor` FOREIGN KEY (`SupervisorId`) REFERENCES `supervisores` (`SupervisorId`) ON DELETE CASCADE)
in SYSTEMPATH\Database\MySQLi\Connection.php on line 295.
 1 SYSTEMPATH\Database\MySQLi\Connection.php(295): mysqli->query('UPDATE `visitas_gab` SET `SupervisorId` = \'\', `EscolaId` = \'7\', `DataVisita` = \'123123\', `Tipo` = \'Reclamação\'
WHERE `visitas_gab`.`VisitaId` IN (\'2\')', 0)
 2 SYSTEMPATH\Database\BaseConnection.php(692): CodeIgniter\Database\MySQLi\Connection->execute('UPDATE `visitas_gab` SET `SupervisorId` = \'\', `EscolaId` = \'7\', `DataVisita` = \'123123\', `Tipo` = \'Reclamação\'
WHERE `visitas_gab`.`VisitaId` IN (\'2\')')
 3 SYSTEMPATH\Database\BaseConnection.php(606): CodeIgniter\Database\BaseConnection->simpleQuery('UPDATE `visitas_gab` SET `SupervisorId` = \'\', `EscolaId` = \'7\', `DataVisita` = \'123123\', `Tipo` = \'Reclamação\'
WHERE `visitas_gab`.`VisitaId` IN (\'2\')')
 4 SYSTEMPATH\Database\BaseBuilder.php(2476): CodeIgniter\Database\BaseConnection->query('UPDATE `visitas_gab` SET `SupervisorId` = :SupervisorId:, `EscolaId` = :EscolaId:, `DataVisita` = :DataVisita:, `Tipo` = :Tipo:
WHERE `visitas_gab`.`VisitaId` IN :visitas_gab.VisitaId:', [...], false)
 5 SYSTEMPATH\Model.php(396): CodeIgniter\Database\BaseBuilder->update()
 6 SYSTEMPATH\BaseModel.php(943): CodeIgniter\Model->doUpdate([...], [...])
 7 SYSTEMPATH\Model.php(756): CodeIgniter\BaseModel->update([...], [...])
 8 APPPATH\Controllers\Termogab.php(77): CodeIgniter\Model->update('2', [...])
 9 SYSTEMPATH\CodeIgniter.php(932): App\Controllers\Termogab->editar()
10 SYSTEMPATH\CodeIgniter.php(497): CodeIgniter\CodeIgniter->runController(Object(App\Controllers\Termogab))
11 SYSTEMPATH\CodeIgniter.php(366): CodeIgniter\CodeIgniter->handleRequest(null, Object(Config\Cache), false)
12 FCPATH\index.php(67): CodeIgniter\CodeIgniter->run()
INFO - 2026-03-20 13:32:26 --> Session: Class initialized using 'CodeIgniter\Session\Handlers\FileHandler' driver.
ERROR - 2026-03-20 13:33:10 --> mysqli_sql_exception: Cannot add or update a child row: a foreign key constraint fails (`sistema_web`.`visitas_gab`, CONSTRAINT `fk_visita_supervisor` FOREIGN KEY (`SupervisorId`) REFERENCES `supervisores` (`SupervisorId`) ON DELETE CASCADE) in C:\xampp\htdocs\web.local\system\Database\MySQLi\Connection.php:295
Stack trace:
#0 C:\xampp\htdocs\web.local\system\Database\MySQLi\Connection.php(295): mysqli->query('UPDATE `visitas...', 0)
#1 C:\xampp\htdocs\web.local\system\Database\BaseConnection.php(692): CodeIgniter\Database\MySQLi\Connection->execute('UPDATE `visitas...')
#2 C:\xampp\htdocs\web.local\system\Database\BaseConnection.php(606): CodeIgniter\Database\BaseConnection->simpleQuery('UPDATE `visitas...')
#3 C:\xampp\htdocs\web.local\system\Database\BaseBuilder.php(2476): CodeIgniter\Database\BaseConnection->query('UPDATE `visitas...', Array, false)
#4 C:\xampp\htdocs\web.local\system\Model.php(396): CodeIgniter\Database\BaseBuilder->update()
#5 C:\xampp\htdocs\web.local\system\BaseModel.php(943): CodeIgniter\Model->doUpdate(Array, Array)
#6 C:\xampp\htdocs\web.local\system\Model.php(756): CodeIgniter\BaseModel->update(Array, Array)
#7 C:\xampp\htdocs\web.local\app\Controllers\Termogab.php(77): CodeIgniter\Model->update('2', Array)
#8 C:\xampp\htdocs\web.local\system\CodeIgniter.php(932): App\Controllers\Termogab->editar()
#9 C:\xampp\htdocs\web.local\system\CodeIgniter.php(497): CodeIgniter\CodeIgniter->runController(Object(App\Controllers\Termogab))
#10 C:\xampp\htdocs\web.local\system\CodeIgniter.php(366): CodeIgniter\CodeIgniter->handleRequest(NULL, Object(Config\Cache), false)
#11 C:\xampp\htdocs\web.local\public\index.php(67): CodeIgniter\CodeIgniter->run()
#12 {main}
CRITICAL - 2026-03-20 13:33:10 --> Cannot add or update a child row: a foreign key constraint fails (`sistema_web`.`visitas_gab`, CONSTRAINT `fk_visita_supervisor` FOREIGN KEY (`SupervisorId`) REFERENCES `supervisores` (`SupervisorId`) ON DELETE CASCADE)
in SYSTEMPATH\Database\MySQLi\Connection.php on line 295.
 1 SYSTEMPATH\Database\MySQLi\Connection.php(295): mysqli->query('UPDATE `visitas_gab` SET `SupervisorId` = \'\', `EscolaId` = \'2\', `DataVisita` = \'\', `Tipo` = \'\'
WHERE `visitas_gab`.`VisitaId` IN (\'2\')', 0)
 2 SYSTEMPATH\Database\BaseConnection.php(692): CodeIgniter\Database\MySQLi\Connection->execute('UPDATE `visitas_gab` SET `SupervisorId` = \'\', `EscolaId` = \'2\', `DataVisita` = \'\', `Tipo` = \'\'
WHERE `visitas_gab`.`VisitaId` IN (\'2\')')
 3 SYSTEMPATH\Database\BaseConnection.php(606): CodeIgniter\Database\BaseConnection->simpleQuery('UPDATE `visitas_gab` SET `SupervisorId` = \'\', `EscolaId` = \'2\', `DataVisita` = \'\', `Tipo` = \'\'
WHERE `visitas_gab`.`VisitaId` IN (\'2\')')
 4 SYSTEMPATH\Database\BaseBuilder.php(2476): CodeIgniter\Database\BaseConnection->query('UPDATE `visitas_gab` SET `SupervisorId` = :SupervisorId:, `EscolaId` = :EscolaId:, `DataVisita` = :DataVisita:, `Tipo` = :Tipo:
WHERE `visitas_gab`.`VisitaId` IN :visitas_gab.VisitaId:', [...], false)
 5 SYSTEMPATH\Model.php(396): CodeIgniter\Database\BaseBuilder->update()
 6 SYSTEMPATH\BaseModel.php(943): CodeIgniter\Model->doUpdate([...], [...])
 7 SYSTEMPATH\Model.php(756): CodeIgniter\BaseModel->update([...], [...])
 8 APPPATH\Controllers\Termogab.php(77): CodeIgniter\Model->update('2', [...])
 9 SYSTEMPATH\CodeIgniter.php(932): App\Controllers\Termogab->editar()
10 SYSTEMPATH\CodeIgniter.php(497): CodeIgniter\CodeIgniter->runController(Object(App\Controllers\Termogab))
11 SYSTEMPATH\CodeIgniter.php(366): CodeIgniter\CodeIgniter->handleRequest(null, Object(Config\Cache), false)
12 FCPATH\index.php(67): CodeIgniter\CodeIgniter->run()
INFO - 2026-03-20 13:33:15 --> Session: Class initialized using 'CodeIgniter\Session\Handlers\FileHandler' driver.
ERROR - 2026-03-20 13:37:32 --> mysqli_sql_exception: Cannot add or update a child row: a foreign key constraint fails (`sistema_web`.`visitas_gab`, CONSTRAINT `fk_visita_escola` FOREIGN KEY (`EscolaId`) REFERENCES `escolas` (`EscolaId`) ON DELETE CASCADE) in C:\xampp\htdocs\web.local\system\Database\MySQLi\Connection.php:295
Stack trace:
#0 C:\xampp\htdocs\web.local\system\Database\MySQLi\Connection.php(295): mysqli->query('UPDATE `visitas...', 0)
#1 C:\xampp\htdocs\web.local\system\Database\BaseConnection.php(692): CodeIgniter\Database\MySQLi\Connection->execute('UPDATE `visitas...')
#2 C:\xampp\htdocs\web.local\system\Database\BaseConnection.php(606): CodeIgniter\Database\BaseConnection->simpleQuery('UPDATE `visitas...')
#3 C:\xampp\htdocs\web.local\system\Database\BaseBuilder.php(2476): CodeIgniter\Database\BaseConnection->query('UPDATE `visitas...', Array, false)
#4 C:\xampp\htdocs\web.local\system\Model.php(396): CodeIgniter\Database\BaseBuilder->update()
#5 C:\xampp\htdocs\web.local\system\BaseModel.php(943): CodeIgniter\Model->doUpdate(Array, Array)
#6 C:\xampp\htdocs\web.local\system\Model.php(756): CodeIgniter\BaseModel->update(Array, Array)
#7 C:\xampp\htdocs\web.local\app\Controllers\Termogab.php(83): CodeIgniter\Model->update('1', Array)
#8 C:\xampp\htdocs\web.local\system\CodeIgniter.php(932): App\Controllers\Termogab->editar()
#9 C:\xampp\htdocs\web.local\system\CodeIgniter.php(497): CodeIgniter\CodeIgniter->runController(Object(App\Controllers\Termogab))
#10 C:\xampp\htdocs\web.local\system\CodeIgniter.php(366): CodeIgniter\CodeIgniter->handleRequest(NULL, Object(Config\Cache), false)
#11 C:\xampp\htdocs\web.local\public\index.php(67): CodeIgniter\CodeIgniter->run()
#12 {main}
CRITICAL - 2026-03-20 13:37:32 --> Cannot add or update a child row: a foreign key constraint fails (`sistema_web`.`visitas_gab`, CONSTRAINT `fk_visita_escola` FOREIGN KEY (`EscolaId`) REFERENCES `escolas` (`EscolaId`) ON DELETE CASCADE)
in SYSTEMPATH\Database\MySQLi\Connection.php on line 295.
 1 SYSTEMPATH\Database\MySQLi\Connection.php(295): mysqli->query('UPDATE `visitas_gab` SET `SupervisorId` = \'2\', `EscolaId` = \'\', `DataVisita` = \'\', `Tipo` = \'\'
WHERE `visitas_gab`.`VisitaId` IN (\'1\')', 0)
 2 SYSTEMPATH\Database\BaseConnection.php(692): CodeIgniter\Database\MySQLi\Connection->execute('UPDATE `visitas_gab` SET `SupervisorId` = \'2\', `EscolaId` = \'\', `DataVisita` = \'\', `Tipo` = \'\'
WHERE `visitas_gab`.`VisitaId` IN (\'1\')')
 3 SYSTEMPATH\Database\BaseConnection.php(606): CodeIgniter\Database\BaseConnection->simpleQuery('UPDATE `visitas_gab` SET `SupervisorId` = \'2\', `EscolaId` = \'\', `DataVisita` = \'\', `Tipo` = \'\'
WHERE `visitas_gab`.`VisitaId` IN (\'1\')')
 4 SYSTEMPATH\Database\BaseBuilder.php(2476): CodeIgniter\Database\BaseConnection->query('UPDATE `visitas_gab` SET `SupervisorId` = :SupervisorId:, `EscolaId` = :EscolaId:, `DataVisita` = :DataVisita:, `Tipo` = :Tipo:
WHERE `visitas_gab`.`VisitaId` IN :visitas_gab.VisitaId:', [...], false)
 5 SYSTEMPATH\Model.php(396): CodeIgniter\Database\BaseBuilder->update()
 6 SYSTEMPATH\BaseModel.php(943): CodeIgniter\Model->doUpdate([...], [...])
 7 SYSTEMPATH\Model.php(756): CodeIgniter\BaseModel->update([...], [...])
 8 APPPATH\Controllers\Termogab.php(83): CodeIgniter\Model->update('1', [...])
 9 SYSTEMPATH\CodeIgniter.php(932): App\Controllers\Termogab->editar()
10 SYSTEMPATH\CodeIgniter.php(497): CodeIgniter\CodeIgniter->runController(Object(App\Controllers\Termogab))
11 SYSTEMPATH\CodeIgniter.php(366): CodeIgniter\CodeIgniter->handleRequest(null, Object(Config\Cache), false)
12 FCPATH\index.php(67): CodeIgniter\CodeIgniter->run()
ERROR - 2026-03-20 13:39:23 --> mysqli_sql_exception: Cannot add or update a child row: a foreign key constraint fails (`sistema_web`.`visitas_gab`, CONSTRAINT `fk_visita_escola` FOREIGN KEY (`EscolaId`) REFERENCES `escolas` (`EscolaId`) ON DELETE CASCADE) in C:\xampp\htdocs\web.local\system\Database\MySQLi\Connection.php:295
Stack trace:
#0 C:\xampp\htdocs\web.local\system\Database\MySQLi\Connection.php(295): mysqli->query('UPDATE `visitas...', 0)
#1 C:\xampp\htdocs\web.local\system\Database\BaseConnection.php(692): CodeIgniter\Database\MySQLi\Connection->execute('UPDATE `visitas...')
#2 C:\xampp\htdocs\web.local\system\Database\BaseConnection.php(606): CodeIgniter\Database\BaseConnection->simpleQuery('UPDATE `visitas...')
#3 C:\xampp\htdocs\web.local\system\Database\BaseBuilder.php(2476): CodeIgniter\Database\BaseConnection->query('UPDATE `visitas...', Array, false)
#4 C:\xampp\htdocs\web.local\system\Model.php(396): CodeIgniter\Database\BaseBuilder->update()
#5 C:\xampp\htdocs\web.local\system\BaseModel.php(943): CodeIgniter\Model->doUpdate(Array, Array)
#6 C:\xampp\htdocs\web.local\system\Model.php(756): CodeIgniter\BaseModel->update(Array, Array)
#7 C:\xampp\htdocs\web.local\app\Controllers\Termogab.php(83): CodeIgniter\Model->update('1', Array)
#8 C:\xampp\htdocs\web.local\system\CodeIgniter.php(932): App\Controllers\Termogab->editar()
#9 C:\xampp\htdocs\web.local\system\CodeIgniter.php(497): CodeIgniter\CodeIgniter->runController(Object(App\Controllers\Termogab))
#10 C:\xampp\htdocs\web.local\system\CodeIgniter.php(366): CodeIgniter\CodeIgniter->handleRequest(NULL, Object(Config\Cache), false)
#11 C:\xampp\htdocs\web.local\public\index.php(67): CodeIgniter\CodeIgniter->run()
#12 {main}
CRITICAL - 2026-03-20 13:39:23 --> Cannot add or update a child row: a foreign key constraint fails (`sistema_web`.`visitas_gab`, CONSTRAINT `fk_visita_escola` FOREIGN KEY (`EscolaId`) REFERENCES `escolas` (`EscolaId`) ON DELETE CASCADE)
in SYSTEMPATH\Database\MySQLi\Connection.php on line 295.
 1 SYSTEMPATH\Database\MySQLi\Connection.php(295): mysqli->query('UPDATE `visitas_gab` SET `SupervisorId` = \'3\', `EscolaId` = \'\', `DataVisita` = \'\', `Tipo` = \'\'
WHERE `visitas_gab`.`VisitaId` IN (\'1\')', 0)
 2 SYSTEMPATH\Database\BaseConnection.php(692): CodeIgniter\Database\MySQLi\Connection->execute('UPDATE `visitas_gab` SET `SupervisorId` = \'3\', `EscolaId` = \'\', `DataVisita` = \'\', `Tipo` = \'\'
WHERE `visitas_gab`.`VisitaId` IN (\'1\')')
 3 SYSTEMPATH\Database\BaseConnection.php(606): CodeIgniter\Database\BaseConnection->simpleQuery('UPDATE `visitas_gab` SET `SupervisorId` = \'3\', `EscolaId` = \'\', `DataVisita` = \'\', `Tipo` = \'\'
WHERE `visitas_gab`.`VisitaId` IN (\'1\')')
 4 SYSTEMPATH\Database\BaseBuilder.php(2476): CodeIgniter\Database\BaseConnection->query('UPDATE `visitas_gab` SET `SupervisorId` = :SupervisorId:, `EscolaId` = :EscolaId:, `DataVisita` = :DataVisita:, `Tipo` = :Tipo:
WHERE `visitas_gab`.`VisitaId` IN :visitas_gab.VisitaId:', [...], false)
 5 SYSTEMPATH\Model.php(396): CodeIgniter\Database\BaseBuilder->update()
 6 SYSTEMPATH\BaseModel.php(943): CodeIgniter\Model->doUpdate([...], [...])
 7 SYSTEMPATH\Model.php(756): CodeIgniter\BaseModel->update([...], [...])
 8 APPPATH\Controllers\Termogab.php(83): CodeIgniter\Model->update('1', [...])
 9 SYSTEMPATH\CodeIgniter.php(932): App\Controllers\Termogab->editar()
10 SYSTEMPATH\CodeIgniter.php(497): CodeIgniter\CodeIgniter->runController(Object(App\Controllers\Termogab))
11 SYSTEMPATH\CodeIgniter.php(366): CodeIgniter\CodeIgniter->handleRequest(null, Object(Config\Cache), false)
12 FCPATH\index.php(67): CodeIgniter\CodeIgniter->run()
INFO - 2026-03-20 13:40:08 --> Session: Class initialized using 'CodeIgniter\Session\Handlers\FileHandler' driver.
INFO - 2026-03-20 13:40:13 --> Session: Class initialized using 'CodeIgniter\Session\Handlers\FileHandler' driver.
