ERROR - 2026-03-09 12:15:15 --> mysqli_sql_exception: Unknown column 'Qtde' in 'field list' in C:\xampp\htdocs\web.local\system\Database\MySQLi\Connection.php:295
Stack trace:
#0 C:\xampp\htdocs\web.local\system\Database\MySQLi\Connection.php(295): mysqli->query('INSERT INTO `ba...', 0)
#1 C:\xampp\htdocs\web.local\system\Database\BaseConnection.php(692): CodeIgniter\Database\MySQLi\Connection->execute('INSERT INTO `ba...')
#2 C:\xampp\htdocs\web.local\system\Database\BaseConnection.php(606): CodeIgniter\Database\BaseConnection->simpleQuery('INSERT INTO `ba...')
#3 C:\xampp\htdocs\web.local\system\Database\BaseBuilder.php(2309): CodeIgniter\Database\BaseConnection->query('INSERT INTO `ba...', Array, false)
#4 C:\xampp\htdocs\web.local\system\Model.php(330): CodeIgniter\Database\BaseBuilder->insert()
#5 C:\xampp\htdocs\web.local\system\BaseModel.php(782): CodeIgniter\Model->doInsert(Array)
#6 C:\xampp\htdocs\web.local\system\Model.php(730): CodeIgniter\BaseModel->insert(Array, true)
#7 C:\xampp\htdocs\web.local\app\Controllers\Bancogab.php(32): CodeIgniter\Model->insert(Array)
#8 C:\xampp\htdocs\web.local\system\CodeIgniter.php(932): App\Controllers\Bancogab->cadastrar()
#9 C:\xampp\htdocs\web.local\system\CodeIgniter.php(497): CodeIgniter\CodeIgniter->runController(Object(App\Controllers\Bancogab))
#10 C:\xampp\htdocs\web.local\system\CodeIgniter.php(366): CodeIgniter\CodeIgniter->handleRequest(NULL, Object(Config\Cache), false)
#11 C:\xampp\htdocs\web.local\public\index.php(67): CodeIgniter\CodeIgniter->run()
#12 {main}
CRITICAL - 2026-03-09 12:15:15 --> Unknown column 'Qtde' in 'field list'
in SYSTEMPATH\Database\MySQLi\Connection.php on line 295.
 1 SYSTEMPATH\Database\MySQLi\Connection.php(295): mysqli->query('INSERT INTO `bancogabs` (`Nome`, `Setor`, `Data`, `Qtde`, `Status`) VALUES (\'Igor\', \'uidsafviu\', \'qwuivrfiuq\', \'2iurviu\', \'iasvfi\')', 0)
 2 SYSTEMPATH\Database\BaseConnection.php(692): CodeIgniter\Database\MySQLi\Connection->execute('INSERT INTO `bancogabs` (`Nome`, `Setor`, `Data`, `Qtde`, `Status`) VALUES (\'Igor\', \'uidsafviu\', \'qwuivrfiuq\', \'2iurviu\', \'iasvfi\')')
 3 SYSTEMPATH\Database\BaseConnection.php(606): CodeIgniter\Database\BaseConnection->simpleQuery('INSERT INTO `bancogabs` (`Nome`, `Setor`, `Data`, `Qtde`, `Status`) VALUES (\'Igor\', \'uidsafviu\', \'qwuivrfiuq\', \'2iurviu\', \'iasvfi\')')
 4 SYSTEMPATH\Database\BaseBuilder.php(2309): CodeIgniter\Database\BaseConnection->query('INSERT INTO `bancogabs` (`Nome`, `Setor`, `Data`, `Qtde`, `Status`) VALUES (:Nome:, :Setor:, :Data:, :Qtde:, :Status:)', [...], false)
 5 SYSTEMPATH\Model.php(330): CodeIgniter\Database\BaseBuilder->insert()
 6 SYSTEMPATH\BaseModel.php(782): CodeIgniter\Model->doInsert([...])
 7 SYSTEMPATH\Model.php(730): CodeIgniter\BaseModel->insert([...], true)
 8 APPPATH\Controllers\Bancogab.php(32): CodeIgniter\Model->insert([...])
 9 SYSTEMPATH\CodeIgniter.php(932): App\Controllers\Bancogab->cadastrar()
10 SYSTEMPATH\CodeIgniter.php(497): CodeIgniter\CodeIgniter->runController(Object(App\Controllers\Bancogab))
11 SYSTEMPATH\CodeIgniter.php(366): CodeIgniter\CodeIgniter->handleRequest(null, Object(Config\Cache), false)
12 FCPATH\index.php(67): CodeIgniter\CodeIgniter->run()
CRITICAL - 2026-03-09 13:06:56 --> Undefined array key "AgendaId"
in APPPATH\Views\bancogab.php on line 202.
 1 APPPATH\Views\bancogab.php(202): CodeIgniter\Debug\Exceptions->errorHandler(2, 'Undefined array key "AgendaId"', 'C:\\xampp\\htdocs\\web.local\\app\\Views\\bancogab.php', 202)
 2 SYSTEMPATH\View\View.php(224): include('C:\\xampp\\htdocs\\web.local\\app\\Views\\bancogab.php')
 3 SYSTEMPATH\View\View.php(227): CodeIgniter\View\View->CodeIgniter\View\{closure}()
 4 SYSTEMPATH\Common.php(1180): CodeIgniter\View\View->render('bancogab', [], true)
 5 APPPATH\Controllers\Bancogab.php(21): view('bancogab', [...])
 6 SYSTEMPATH\CodeIgniter.php(932): App\Controllers\Bancogab->Bancogab()
 7 SYSTEMPATH\CodeIgniter.php(497): CodeIgniter\CodeIgniter->runController(Object(App\Controllers\Bancogab))
 8 SYSTEMPATH\CodeIgniter.php(366): CodeIgniter\CodeIgniter->handleRequest(null, Object(Config\Cache), false)
 9 FCPATH\index.php(67): CodeIgniter\CodeIgniter->run()
CRITICAL - 2026-03-09 13:07:31 --> Undefined array key "status"
in APPPATH\Views\bancogab.php on line 206.
 1 APPPATH\Views\bancogab.php(206): CodeIgniter\Debug\Exceptions->errorHandler(2, 'Undefined array key "status"', 'C:\\xampp\\htdocs\\web.local\\app\\Views\\bancogab.php', 206)
 2 SYSTEMPATH\View\View.php(224): include('C:\\xampp\\htdocs\\web.local\\app\\Views\\bancogab.php')
 3 SYSTEMPATH\View\View.php(227): CodeIgniter\View\View->CodeIgniter\View\{closure}()
 4 SYSTEMPATH\Common.php(1180): CodeIgniter\View\View->render('bancogab', [], true)
 5 APPPATH\Controllers\Bancogab.php(21): view('bancogab', [...])
 6 SYSTEMPATH\CodeIgniter.php(932): App\Controllers\Bancogab->Bancogab()
 7 SYSTEMPATH\CodeIgniter.php(497): CodeIgniter\CodeIgniter->runController(Object(App\Controllers\Bancogab))
 8 SYSTEMPATH\CodeIgniter.php(366): CodeIgniter\CodeIgniter->handleRequest(null, Object(Config\Cache), false)
 9 FCPATH\index.php(67): CodeIgniter\CodeIgniter->run()
CRITICAL - 2026-03-09 14:03:34 --> Undefined variable $visited
in APPPATH\Views\bancogab.php on line 213.
 1 APPPATH\Views\bancogab.php(213): CodeIgniter\Debug\Exceptions->errorHandler(2, 'Undefined variable $visited', 'C:\\xampp\\htdocs\\web.local\\app\\Views\\bancogab.php', 213)
 2 SYSTEMPATH\View\View.php(224): include('C:\\xampp\\htdocs\\web.local\\app\\Views\\bancogab.php')
 3 SYSTEMPATH\View\View.php(227): CodeIgniter\View\View->CodeIgniter\View\{closure}()
 4 SYSTEMPATH\Common.php(1180): CodeIgniter\View\View->render('bancogab', [], true)
 5 APPPATH\Controllers\Bancogab.php(25): view('bancogab', [...])
 6 SYSTEMPATH\CodeIgniter.php(932): App\Controllers\Bancogab->Bancogab()
 7 SYSTEMPATH\CodeIgniter.php(497): CodeIgniter\CodeIgniter->runController(Object(App\Controllers\Bancogab))
 8 SYSTEMPATH\CodeIgniter.php(366): CodeIgniter\CodeIgniter->handleRequest(null, Object(Config\Cache), false)
 9 FCPATH\index.php(67): CodeIgniter\CodeIgniter->run()
CRITICAL - 2026-03-09 14:05:41 --> Undefined array key "Hora"
in APPPATH\Views\bancogab.php on line 217.
 1 APPPATH\Views\bancogab.php(217): CodeIgniter\Debug\Exceptions->errorHandler(2, 'Undefined array key "Hora"', 'C:\\xampp\\htdocs\\web.local\\app\\Views\\bancogab.php', 217)
 2 SYSTEMPATH\View\View.php(224): include('C:\\xampp\\htdocs\\web.local\\app\\Views\\bancogab.php')
 3 SYSTEMPATH\View\View.php(227): CodeIgniter\View\View->CodeIgniter\View\{closure}()
 4 SYSTEMPATH\Common.php(1180): CodeIgniter\View\View->render('bancogab', [], true)
 5 APPPATH\Controllers\Bancogab.php(25): view('bancogab', [...])
 6 SYSTEMPATH\CodeIgniter.php(932): App\Controllers\Bancogab->Bancogab()
 7 SYSTEMPATH\CodeIgniter.php(497): CodeIgniter\CodeIgniter->runController(Object(App\Controllers\Bancogab))
 8 SYSTEMPATH\CodeIgniter.php(366): CodeIgniter\CodeIgniter->handleRequest(null, Object(Config\Cache), false)
 9 FCPATH\index.php(67): CodeIgniter\CodeIgniter->run()
