CRITICAL - 2026-05-11 11:49:57 --> There is no data to insert.
in SYSTEMPATH\BaseModel.php on line 762.
 1 SYSTEMPATH\BaseModel.php(762): CodeIgniter\Database\Exceptions\DataException::forEmptyDataset('insert')
 2 SYSTEMPATH\Model.php(730): CodeIgniter\BaseModel->insert([], true)
 3 APPPATH\Controllers\Processo.php(32): CodeIgniter\Model->insert([...])
 4 SYSTEMPATH\CodeIgniter.php(932): App\Controllers\Processo->cadastrar()
 5 SYSTEMPATH\CodeIgniter.php(497): CodeIgniter\CodeIgniter->runController(Object(App\Controllers\Processo))
 6 SYSTEMPATH\CodeIgniter.php(366): CodeIgniter\CodeIgniter->handleRequest(null, Object(Config\Cache), false)
 7 FCPATH\index.php(67): CodeIgniter\CodeIgniter->run()
CRITICAL - 2026-05-11 11:51:31 --> There is no data to insert.
in SYSTEMPATH\BaseModel.php on line 762.
 1 SYSTEMPATH\BaseModel.php(762): CodeIgniter\Database\Exceptions\DataException::forEmptyDataset('insert')
 2 SYSTEMPATH\Model.php(730): CodeIgniter\BaseModel->insert([], true)
 3 APPPATH\Controllers\Processo.php(32): CodeIgniter\Model->insert([...])
 4 SYSTEMPATH\CodeIgniter.php(932): App\Controllers\Processo->cadastrar()
 5 SYSTEMPATH\CodeIgniter.php(497): CodeIgniter\CodeIgniter->runController(Object(App\Controllers\Processo))
 6 SYSTEMPATH\CodeIgniter.php(366): CodeIgniter\CodeIgniter->handleRequest(null, Object(Config\Cache), false)
 7 FCPATH\index.php(67): CodeIgniter\CodeIgniter->run()
CRITICAL - 2026-05-11 11:52:50 --> There is no data to insert.
in SYSTEMPATH\BaseModel.php on line 762.
 1 SYSTEMPATH\BaseModel.php(762): CodeIgniter\Database\Exceptions\DataException::forEmptyDataset('insert')
 2 SYSTEMPATH\Model.php(730): CodeIgniter\BaseModel->insert([], true)
 3 APPPATH\Controllers\Processo.php(32): CodeIgniter\Model->insert([...])
 4 SYSTEMPATH\CodeIgniter.php(932): App\Controllers\Processo->cadastrar()
 5 SYSTEMPATH\CodeIgniter.php(497): CodeIgniter\CodeIgniter->runController(Object(App\Controllers\Processo))
 6 SYSTEMPATH\CodeIgniter.php(366): CodeIgniter\CodeIgniter->handleRequest(null, Object(Config\Cache), false)
 7 FCPATH\index.php(67): CodeIgniter\CodeIgniter->run()
CRITICAL - 2026-05-11 11:52:52 --> There is no data to insert.
in SYSTEMPATH\BaseModel.php on line 762.
 1 SYSTEMPATH\BaseModel.php(762): CodeIgniter\Database\Exceptions\DataException::forEmptyDataset('insert')
 2 SYSTEMPATH\Model.php(730): CodeIgniter\BaseModel->insert([], true)
 3 APPPATH\Controllers\Processo.php(32): CodeIgniter\Model->insert([...])
 4 SYSTEMPATH\CodeIgniter.php(932): App\Controllers\Processo->cadastrar()
 5 SYSTEMPATH\CodeIgniter.php(497): CodeIgniter\CodeIgniter->runController(Object(App\Controllers\Processo))
 6 SYSTEMPATH\CodeIgniter.php(366): CodeIgniter\CodeIgniter->handleRequest(null, Object(Config\Cache), false)
 7 FCPATH\index.php(67): CodeIgniter\CodeIgniter->run()
CRITICAL - 2026-05-11 11:56:12 --> Undefined variable $processo
in APPPATH\Views\processogab.php on line 183.
 1 APPPATH\Views\processogab.php(183): CodeIgniter\Debug\Exceptions->errorHandler(2, 'Undefined variable $processo', 'C:\\xampp\\htdocs\\web.local\\app\\Views\\processogab.php', 183)
 2 SYSTEMPATH\View\View.php(224): include('C:\\xampp\\htdocs\\web.local\\app\\Views\\processogab.php')
 3 SYSTEMPATH\View\View.php(227): CodeIgniter\View\View->CodeIgniter\View\{closure}()
 4 SYSTEMPATH\Common.php(1180): CodeIgniter\View\View->render('processogab', [], true)
 5 APPPATH\Controllers\Processo.php(21): view('processogab', [...])
 6 SYSTEMPATH\CodeIgniter.php(932): App\Controllers\Processo->Processo()
 7 SYSTEMPATH\CodeIgniter.php(497): CodeIgniter\CodeIgniter->runController(Object(App\Controllers\Processo))
 8 SYSTEMPATH\CodeIgniter.php(366): CodeIgniter\CodeIgniter->handleRequest(null, Object(Config\Cache), false)
 9 FCPATH\index.php(67): CodeIgniter\CodeIgniter->run()
CRITICAL - 2026-05-11 11:56:13 --> Undefined variable $processo
in APPPATH\Views\processogab.php on line 183.
 1 APPPATH\Views\processogab.php(183): CodeIgniter\Debug\Exceptions->errorHandler(2, 'Undefined variable $processo', 'C:\\xampp\\htdocs\\web.local\\app\\Views\\processogab.php', 183)
 2 SYSTEMPATH\View\View.php(224): include('C:\\xampp\\htdocs\\web.local\\app\\Views\\processogab.php')
 3 SYSTEMPATH\View\View.php(227): CodeIgniter\View\View->CodeIgniter\View\{closure}()
 4 SYSTEMPATH\Common.php(1180): CodeIgniter\View\View->render('processogab', [], true)
 5 APPPATH\Controllers\Processo.php(21): view('processogab', [...])
 6 SYSTEMPATH\CodeIgniter.php(932): App\Controllers\Processo->Processo()
 7 SYSTEMPATH\CodeIgniter.php(497): CodeIgniter\CodeIgniter->runController(Object(App\Controllers\Processo))
 8 SYSTEMPATH\CodeIgniter.php(366): CodeIgniter\CodeIgniter->handleRequest(null, Object(Config\Cache), false)
 9 FCPATH\index.php(67): CodeIgniter\CodeIgniter->run()
CRITICAL - 2026-05-11 11:56:14 --> Undefined variable $processo
in APPPATH\Views\processogab.php on line 183.
 1 APPPATH\Views\processogab.php(183): CodeIgniter\Debug\Exceptions->errorHandler(2, 'Undefined variable $processo', 'C:\\xampp\\htdocs\\web.local\\app\\Views\\processogab.php', 183)
 2 SYSTEMPATH\View\View.php(224): include('C:\\xampp\\htdocs\\web.local\\app\\Views\\processogab.php')
 3 SYSTEMPATH\View\View.php(227): CodeIgniter\View\View->CodeIgniter\View\{closure}()
 4 SYSTEMPATH\Common.php(1180): CodeIgniter\View\View->render('processogab', [], true)
 5 APPPATH\Controllers\Processo.php(21): view('processogab', [...])
 6 SYSTEMPATH\CodeIgniter.php(932): App\Controllers\Processo->Processo()
 7 SYSTEMPATH\CodeIgniter.php(497): CodeIgniter\CodeIgniter->runController(Object(App\Controllers\Processo))
 8 SYSTEMPATH\CodeIgniter.php(366): CodeIgniter\CodeIgniter->handleRequest(null, Object(Config\Cache), false)
 9 FCPATH\index.php(67): CodeIgniter\CodeIgniter->run()
CRITICAL - 2026-05-11 11:56:16 --> Undefined variable $processo
in APPPATH\Views\processogab.php on line 183.
 1 APPPATH\Views\processogab.php(183): CodeIgniter\Debug\Exceptions->errorHandler(2, 'Undefined variable $processo', 'C:\\xampp\\htdocs\\web.local\\app\\Views\\processogab.php', 183)
 2 SYSTEMPATH\View\View.php(224): include('C:\\xampp\\htdocs\\web.local\\app\\Views\\processogab.php')
 3 SYSTEMPATH\View\View.php(227): CodeIgniter\View\View->CodeIgniter\View\{closure}()
 4 SYSTEMPATH\Common.php(1180): CodeIgniter\View\View->render('processogab', [], true)
 5 APPPATH\Controllers\Processo.php(21): view('processogab', [...])
 6 SYSTEMPATH\CodeIgniter.php(932): App\Controllers\Processo->Processo()
 7 SYSTEMPATH\CodeIgniter.php(497): CodeIgniter\CodeIgniter->runController(Object(App\Controllers\Processo))
 8 SYSTEMPATH\CodeIgniter.php(366): CodeIgniter\CodeIgniter->handleRequest(null, Object(Config\Cache), false)
 9 FCPATH\index.php(67): CodeIgniter\CodeIgniter->run()
CRITICAL - 2026-05-11 11:56:22 --> Undefined variable $processos
in APPPATH\Views\processogab.php on line 183.
 1 APPPATH\Views\processogab.php(183): CodeIgniter\Debug\Exceptions->errorHandler(2, 'Undefined variable $processos', 'C:\\xampp\\htdocs\\web.local\\app\\Views\\processogab.php', 183)
 2 SYSTEMPATH\View\View.php(224): include('C:\\xampp\\htdocs\\web.local\\app\\Views\\processogab.php')
 3 SYSTEMPATH\View\View.php(227): CodeIgniter\View\View->CodeIgniter\View\{closure}()
 4 SYSTEMPATH\Common.php(1180): CodeIgniter\View\View->render('processogab', [], true)
 5 APPPATH\Controllers\Processo.php(21): view('processogab', [...])
 6 SYSTEMPATH\CodeIgniter.php(932): App\Controllers\Processo->Processo()
 7 SYSTEMPATH\CodeIgniter.php(497): CodeIgniter\CodeIgniter->runController(Object(App\Controllers\Processo))
 8 SYSTEMPATH\CodeIgniter.php(366): CodeIgniter\CodeIgniter->handleRequest(null, Object(Config\Cache), false)
 9 FCPATH\index.php(67): CodeIgniter\CodeIgniter->run()
CRITICAL - 2026-05-11 11:56:22 --> Undefined variable $processos
in APPPATH\Views\processogab.php on line 183.
 1 APPPATH\Views\processogab.php(183): CodeIgniter\Debug\Exceptions->errorHandler(2, 'Undefined variable $processos', 'C:\\xampp\\htdocs\\web.local\\app\\Views\\processogab.php', 183)
 2 SYSTEMPATH\View\View.php(224): include('C:\\xampp\\htdocs\\web.local\\app\\Views\\processogab.php')
 3 SYSTEMPATH\View\View.php(227): CodeIgniter\View\View->CodeIgniter\View\{closure}()
 4 SYSTEMPATH\Common.php(1180): CodeIgniter\View\View->render('processogab', [], true)
 5 APPPATH\Controllers\Processo.php(21): view('processogab', [...])
 6 SYSTEMPATH\CodeIgniter.php(932): App\Controllers\Processo->Processo()
 7 SYSTEMPATH\CodeIgniter.php(497): CodeIgniter\CodeIgniter->runController(Object(App\Controllers\Processo))
 8 SYSTEMPATH\CodeIgniter.php(366): CodeIgniter\CodeIgniter->handleRequest(null, Object(Config\Cache), false)
 9 FCPATH\index.php(67): CodeIgniter\CodeIgniter->run()
CRITICAL - 2026-05-11 11:56:30 --> Undefined variable $processos
in APPPATH\Views\processogab.php on line 183.
 1 APPPATH\Views\processogab.php(183): CodeIgniter\Debug\Exceptions->errorHandler(2, 'Undefined variable $processos', 'C:\\xampp\\htdocs\\web.local\\app\\Views\\processogab.php', 183)
 2 SYSTEMPATH\View\View.php(224): include('C:\\xampp\\htdocs\\web.local\\app\\Views\\processogab.php')
 3 SYSTEMPATH\View\View.php(227): CodeIgniter\View\View->CodeIgniter\View\{closure}()
 4 SYSTEMPATH\Common.php(1180): CodeIgniter\View\View->render('processogab', [], true)
 5 APPPATH\Controllers\Processo.php(21): view('processogab', [...])
 6 SYSTEMPATH\CodeIgniter.php(932): App\Controllers\Processo->Processo()
 7 SYSTEMPATH\CodeIgniter.php(497): CodeIgniter\CodeIgniter->runController(Object(App\Controllers\Processo))
 8 SYSTEMPATH\CodeIgniter.php(366): CodeIgniter\CodeIgniter->handleRequest(null, Object(Config\Cache), false)
 9 FCPATH\index.php(67): CodeIgniter\CodeIgniter->run()
CRITICAL - 2026-05-11 11:56:30 --> Undefined variable $processos
in APPPATH\Views\processogab.php on line 183.
 1 APPPATH\Views\processogab.php(183): CodeIgniter\Debug\Exceptions->errorHandler(2, 'Undefined variable $processos', 'C:\\xampp\\htdocs\\web.local\\app\\Views\\processogab.php', 183)
 2 SYSTEMPATH\View\View.php(224): include('C:\\xampp\\htdocs\\web.local\\app\\Views\\processogab.php')
 3 SYSTEMPATH\View\View.php(227): CodeIgniter\View\View->CodeIgniter\View\{closure}()
 4 SYSTEMPATH\Common.php(1180): CodeIgniter\View\View->render('processogab', [], true)
 5 APPPATH\Controllers\Processo.php(21): view('processogab', [...])
 6 SYSTEMPATH\CodeIgniter.php(932): App\Controllers\Processo->Processo()
 7 SYSTEMPATH\CodeIgniter.php(497): CodeIgniter\CodeIgniter->runController(Object(App\Controllers\Processo))
 8 SYSTEMPATH\CodeIgniter.php(366): CodeIgniter\CodeIgniter->handleRequest(null, Object(Config\Cache), false)
 9 FCPATH\index.php(67): CodeIgniter\CodeIgniter->run()
CRITICAL - 2026-05-11 11:56:31 --> Undefined variable $processos
in APPPATH\Views\processogab.php on line 183.
 1 APPPATH\Views\processogab.php(183): CodeIgniter\Debug\Exceptions->errorHandler(2, 'Undefined variable $processos', 'C:\\xampp\\htdocs\\web.local\\app\\Views\\processogab.php', 183)
 2 SYSTEMPATH\View\View.php(224): include('C:\\xampp\\htdocs\\web.local\\app\\Views\\processogab.php')
 3 SYSTEMPATH\View\View.php(227): CodeIgniter\View\View->CodeIgniter\View\{closure}()
 4 SYSTEMPATH\Common.php(1180): CodeIgniter\View\View->render('processogab', [], true)
 5 APPPATH\Controllers\Processo.php(21): view('processogab', [...])
 6 SYSTEMPATH\CodeIgniter.php(932): App\Controllers\Processo->Processo()
 7 SYSTEMPATH\CodeIgniter.php(497): CodeIgniter\CodeIgniter->runController(Object(App\Controllers\Processo))
 8 SYSTEMPATH\CodeIgniter.php(366): CodeIgniter\CodeIgniter->handleRequest(null, Object(Config\Cache), false)
 9 FCPATH\index.php(67): CodeIgniter\CodeIgniter->run()
CRITICAL - 2026-05-11 11:56:31 --> Undefined variable $processos
in APPPATH\Views\processogab.php on line 183.
 1 APPPATH\Views\processogab.php(183): CodeIgniter\Debug\Exceptions->errorHandler(2, 'Undefined variable $processos', 'C:\\xampp\\htdocs\\web.local\\app\\Views\\processogab.php', 183)
 2 SYSTEMPATH\View\View.php(224): include('C:\\xampp\\htdocs\\web.local\\app\\Views\\processogab.php')
 3 SYSTEMPATH\View\View.php(227): CodeIgniter\View\View->CodeIgniter\View\{closure}()
 4 SYSTEMPATH\Common.php(1180): CodeIgniter\View\View->render('processogab', [], true)
 5 APPPATH\Controllers\Processo.php(21): view('processogab', [...])
 6 SYSTEMPATH\CodeIgniter.php(932): App\Controllers\Processo->Processo()
 7 SYSTEMPATH\CodeIgniter.php(497): CodeIgniter\CodeIgniter->runController(Object(App\Controllers\Processo))
 8 SYSTEMPATH\CodeIgniter.php(366): CodeIgniter\CodeIgniter->handleRequest(null, Object(Config\Cache), false)
 9 FCPATH\index.php(67): CodeIgniter\CodeIgniter->run()
CRITICAL - 2026-05-11 11:59:46 --> Undefined variable $processo
in APPPATH\Views\processogab.php on line 183.
 1 APPPATH\Views\processogab.php(183): CodeIgniter\Debug\Exceptions->errorHandler(2, 'Undefined variable $processo', 'C:\\xampp\\htdocs\\web.local\\app\\Views\\processogab.php', 183)
 2 SYSTEMPATH\View\View.php(224): include('C:\\xampp\\htdocs\\web.local\\app\\Views\\processogab.php')
 3 SYSTEMPATH\View\View.php(227): CodeIgniter\View\View->CodeIgniter\View\{closure}()
 4 SYSTEMPATH\Common.php(1180): CodeIgniter\View\View->render('processogab', [], true)
 5 APPPATH\Controllers\Processo.php(21): view('processogab', [...])
 6 SYSTEMPATH\CodeIgniter.php(932): App\Controllers\Processo->Processo()
 7 SYSTEMPATH\CodeIgniter.php(497): CodeIgniter\CodeIgniter->runController(Object(App\Controllers\Processo))
 8 SYSTEMPATH\CodeIgniter.php(366): CodeIgniter\CodeIgniter->handleRequest(null, Object(Config\Cache), false)
 9 FCPATH\index.php(67): CodeIgniter\CodeIgniter->run()
CRITICAL - 2026-05-11 11:59:47 --> Undefined variable $processo
in APPPATH\Views\processogab.php on line 183.
 1 APPPATH\Views\processogab.php(183): CodeIgniter\Debug\Exceptions->errorHandler(2, 'Undefined variable $processo', 'C:\\xampp\\htdocs\\web.local\\app\\Views\\processogab.php', 183)
 2 SYSTEMPATH\View\View.php(224): include('C:\\xampp\\htdocs\\web.local\\app\\Views\\processogab.php')
 3 SYSTEMPATH\View\View.php(227): CodeIgniter\View\View->CodeIgniter\View\{closure}()
 4 SYSTEMPATH\Common.php(1180): CodeIgniter\View\View->render('processogab', [], true)
 5 APPPATH\Controllers\Processo.php(21): view('processogab', [...])
 6 SYSTEMPATH\CodeIgniter.php(932): App\Controllers\Processo->Processo()
 7 SYSTEMPATH\CodeIgniter.php(497): CodeIgniter\CodeIgniter->runController(Object(App\Controllers\Processo))
 8 SYSTEMPATH\CodeIgniter.php(366): CodeIgniter\CodeIgniter->handleRequest(null, Object(Config\Cache), false)
 9 FCPATH\index.php(67): CodeIgniter\CodeIgniter->run()
CRITICAL - 2026-05-11 12:00:14 --> Undefined variable $processos
in APPPATH\Views\processogab.php on line 183.
 1 APPPATH\Views\processogab.php(183): CodeIgniter\Debug\Exceptions->errorHandler(2, 'Undefined variable $processos', 'C:\\xampp\\htdocs\\web.local\\app\\Views\\processogab.php', 183)
 2 SYSTEMPATH\View\View.php(224): include('C:\\xampp\\htdocs\\web.local\\app\\Views\\processogab.php')
 3 SYSTEMPATH\View\View.php(227): CodeIgniter\View\View->CodeIgniter\View\{closure}()
 4 SYSTEMPATH\Common.php(1180): CodeIgniter\View\View->render('processogab', [], true)
 5 APPPATH\Controllers\Processo.php(21): view('processogab', [...])
 6 SYSTEMPATH\CodeIgniter.php(932): App\Controllers\Processo->Processo()
 7 SYSTEMPATH\CodeIgniter.php(497): CodeIgniter\CodeIgniter->runController(Object(App\Controllers\Processo))
 8 SYSTEMPATH\CodeIgniter.php(366): CodeIgniter\CodeIgniter->handleRequest(null, Object(Config\Cache), false)
 9 FCPATH\index.php(67): CodeIgniter\CodeIgniter->run()
CRITICAL - 2026-05-11 12:00:14 --> Undefined variable $processos
in APPPATH\Views\processogab.php on line 183.
 1 APPPATH\Views\processogab.php(183): CodeIgniter\Debug\Exceptions->errorHandler(2, 'Undefined variable $processos', 'C:\\xampp\\htdocs\\web.local\\app\\Views\\processogab.php', 183)
 2 SYSTEMPATH\View\View.php(224): include('C:\\xampp\\htdocs\\web.local\\app\\Views\\processogab.php')
 3 SYSTEMPATH\View\View.php(227): CodeIgniter\View\View->CodeIgniter\View\{closure}()
 4 SYSTEMPATH\Common.php(1180): CodeIgniter\View\View->render('processogab', [], true)
 5 APPPATH\Controllers\Processo.php(21): view('processogab', [...])
 6 SYSTEMPATH\CodeIgniter.php(932): App\Controllers\Processo->Processo()
 7 SYSTEMPATH\CodeIgniter.php(497): CodeIgniter\CodeIgniter->runController(Object(App\Controllers\Processo))
 8 SYSTEMPATH\CodeIgniter.php(366): CodeIgniter\CodeIgniter->handleRequest(null, Object(Config\Cache), false)
 9 FCPATH\index.php(67): CodeIgniter\CodeIgniter->run()
CRITICAL - 2026-05-11 12:01:27 --> There is no data to insert.
in SYSTEMPATH\BaseModel.php on line 762.
 1 SYSTEMPATH\BaseModel.php(762): CodeIgniter\Database\Exceptions\DataException::forEmptyDataset('insert')
 2 SYSTEMPATH\Model.php(730): CodeIgniter\BaseModel->insert([], true)
 3 APPPATH\Controllers\Processo.php(32): CodeIgniter\Model->insert([...])
 4 SYSTEMPATH\CodeIgniter.php(932): App\Controllers\Processo->cadastrar()
 5 SYSTEMPATH\CodeIgniter.php(497): CodeIgniter\CodeIgniter->runController(Object(App\Controllers\Processo))
 6 SYSTEMPATH\CodeIgniter.php(366): CodeIgniter\CodeIgniter->handleRequest(null, Object(Config\Cache), false)
 7 FCPATH\index.php(67): CodeIgniter\CodeIgniter->run()
CRITICAL - 2026-05-11 12:02:07 --> There is no data to insert.
in SYSTEMPATH\BaseModel.php on line 762.
 1 SYSTEMPATH\BaseModel.php(762): CodeIgniter\Database\Exceptions\DataException::forEmptyDataset('insert')
 2 SYSTEMPATH\Model.php(730): CodeIgniter\BaseModel->insert([], true)
 3 APPPATH\Controllers\Processo.php(32): CodeIgniter\Model->insert([...])
 4 SYSTEMPATH\CodeIgniter.php(932): App\Controllers\Processo->cadastrar()
 5 SYSTEMPATH\CodeIgniter.php(497): CodeIgniter\CodeIgniter->runController(Object(App\Controllers\Processo))
 6 SYSTEMPATH\CodeIgniter.php(366): CodeIgniter\CodeIgniter->handleRequest(null, Object(Config\Cache), false)
 7 FCPATH\index.php(67): CodeIgniter\CodeIgniter->run()
CRITICAL - 2026-05-11 12:29:22 --> Undefined array key "ProcessoId"
in APPPATH\Views\processogab.php on line 198.
 1 APPPATH\Views\processogab.php(198): CodeIgniter\Debug\Exceptions->errorHandler(2, 'Undefined array key "ProcessoId"', 'C:\\xampp\\htdocs\\web.local\\app\\Views\\processogab.php', 198)
 2 SYSTEMPATH\View\View.php(224): include('C:\\xampp\\htdocs\\web.local\\app\\Views\\processogab.php')
 3 SYSTEMPATH\View\View.php(227): CodeIgniter\View\View->CodeIgniter\View\{closure}()
 4 SYSTEMPATH\Common.php(1180): CodeIgniter\View\View->render('processogab', [], true)
 5 APPPATH\Controllers\Processo.php(35): view('processogab', [...])
 6 SYSTEMPATH\CodeIgniter.php(932): App\Controllers\Processo->Processo()
 7 SYSTEMPATH\CodeIgniter.php(497): CodeIgniter\CodeIgniter->runController(Object(App\Controllers\Processo))
 8 SYSTEMPATH\CodeIgniter.php(366): CodeIgniter\CodeIgniter->handleRequest(null, Object(Config\Cache), false)
 9 FCPATH\index.php(67): CodeIgniter\CodeIgniter->run()
