CRITICAL - 2026-03-23 11:56:12 --> Undefined array key "Nome"
in APPPATH\Views\bancogab.php on line 197.
 1 APPPATH\Views\bancogab.php(197): CodeIgniter\Debug\Exceptions->errorHandler(2, 'Undefined array key "Nome"', 'C:\\xampp\\htdocs\\web.local\\app\\Views\\bancogab.php', 197)
 2 SYSTEMPATH\View\View.php(224): include('C:\\xampp\\htdocs\\web.local\\app\\Views\\bancogab.php')
 3 SYSTEMPATH\View\View.php(227): CodeIgniter\View\View->CodeIgniter\View\{closure}()
 4 SYSTEMPATH\Common.php(1180): CodeIgniter\View\View->render('bancogab', [], true)
 5 APPPATH\Controllers\Bancogab.php(27): view('bancogab', [...])
 6 SYSTEMPATH\CodeIgniter.php(932): App\Controllers\Bancogab->Bancogab()
 7 SYSTEMPATH\CodeIgniter.php(497): CodeIgniter\CodeIgniter->runController(Object(App\Controllers\Bancogab))
 8 SYSTEMPATH\CodeIgniter.php(366): CodeIgniter\CodeIgniter->handleRequest(null, Object(Config\Cache), false)
 9 FCPATH\index.php(67): CodeIgniter\CodeIgniter->run()
CRITICAL - 2026-03-23 11:56:39 --> Undefined array key "Nome"
in APPPATH\Views\bancogab.php on line 197.
 1 APPPATH\Views\bancogab.php(197): CodeIgniter\Debug\Exceptions->errorHandler(2, 'Undefined array key "Nome"', 'C:\\xampp\\htdocs\\web.local\\app\\Views\\bancogab.php', 197)
 2 SYSTEMPATH\View\View.php(224): include('C:\\xampp\\htdocs\\web.local\\app\\Views\\bancogab.php')
 3 SYSTEMPATH\View\View.php(227): CodeIgniter\View\View->CodeIgniter\View\{closure}()
 4 SYSTEMPATH\Common.php(1180): CodeIgniter\View\View->render('bancogab', [], true)
 5 APPPATH\Controllers\Bancogab.php(27): view('bancogab', [...])
 6 SYSTEMPATH\CodeIgniter.php(932): App\Controllers\Bancogab->Bancogab()
 7 SYSTEMPATH\CodeIgniter.php(497): CodeIgniter\CodeIgniter->runController(Object(App\Controllers\Bancogab))
 8 SYSTEMPATH\CodeIgniter.php(366): CodeIgniter\CodeIgniter->handleRequest(null, Object(Config\Cache), false)
 9 FCPATH\index.php(67): CodeIgniter\CodeIgniter->run()
CRITICAL - 2026-03-23 11:57:47 --> Undefined array key "Nome"
in APPPATH\Views\bancogab.php on line 197.
 1 APPPATH\Views\bancogab.php(197): CodeIgniter\Debug\Exceptions->errorHandler(2, 'Undefined array key "Nome"', 'C:\\xampp\\htdocs\\web.local\\app\\Views\\bancogab.php', 197)
 2 SYSTEMPATH\View\View.php(224): include('C:\\xampp\\htdocs\\web.local\\app\\Views\\bancogab.php')
 3 SYSTEMPATH\View\View.php(227): CodeIgniter\View\View->CodeIgniter\View\{closure}()
 4 SYSTEMPATH\Common.php(1180): CodeIgniter\View\View->render('bancogab', [], true)
 5 APPPATH\Controllers\Bancogab.php(27): view('bancogab', [...])
 6 SYSTEMPATH\CodeIgniter.php(932): App\Controllers\Bancogab->Bancogab()
 7 SYSTEMPATH\CodeIgniter.php(497): CodeIgniter\CodeIgniter->runController(Object(App\Controllers\Bancogab))
 8 SYSTEMPATH\CodeIgniter.php(366): CodeIgniter\CodeIgniter->handleRequest(null, Object(Config\Cache), false)
 9 FCPATH\index.php(67): CodeIgniter\CodeIgniter->run()
CRITICAL - 2026-03-23 11:57:50 --> Undefined array key "Nome"
in APPPATH\Views\bancogab.php on line 197.
 1 APPPATH\Views\bancogab.php(197): CodeIgniter\Debug\Exceptions->errorHandler(2, 'Undefined array key "Nome"', 'C:\\xampp\\htdocs\\web.local\\app\\Views\\bancogab.php', 197)
 2 SYSTEMPATH\View\View.php(224): include('C:\\xampp\\htdocs\\web.local\\app\\Views\\bancogab.php')
 3 SYSTEMPATH\View\View.php(227): CodeIgniter\View\View->CodeIgniter\View\{closure}()
 4 SYSTEMPATH\Common.php(1180): CodeIgniter\View\View->render('bancogab', [], true)
 5 APPPATH\Controllers\Bancogab.php(27): view('bancogab', [...])
 6 SYSTEMPATH\CodeIgniter.php(932): App\Controllers\Bancogab->Bancogab()
 7 SYSTEMPATH\CodeIgniter.php(497): CodeIgniter\CodeIgniter->runController(Object(App\Controllers\Bancogab))
 8 SYSTEMPATH\CodeIgniter.php(366): CodeIgniter\CodeIgniter->handleRequest(null, Object(Config\Cache), false)
 9 FCPATH\index.php(67): CodeIgniter\CodeIgniter->run()
CRITICAL - 2026-03-23 12:18:53 --> Undefined variable $termo
in APPPATH\Controllers\Bancogab.php on line 77.
 1 APPPATH\Controllers\Bancogab.php(77): CodeIgniter\Debug\Exceptions->errorHandler(2, 'Undefined variable $termo', 'C:\\xampp\\htdocs\\web.local\\app\\Controllers\\Bancogab.php', 77)
 2 SYSTEMPATH\CodeIgniter.php(932): App\Controllers\Bancogab->buscarServidores()
 3 SYSTEMPATH\CodeIgniter.php(497): CodeIgniter\CodeIgniter->runController(Object(App\Controllers\Bancogab))
 4 SYSTEMPATH\CodeIgniter.php(366): CodeIgniter\CodeIgniter->handleRequest(null, Object(Config\Cache), false)
 5 FCPATH\index.php(67): CodeIgniter\CodeIgniter->run()
CRITICAL - 2026-03-23 12:18:53 --> Undefined variable $termo
in APPPATH\Controllers\Bancogab.php on line 77.
 1 APPPATH\Controllers\Bancogab.php(77): CodeIgniter\Debug\Exceptions->errorHandler(2, 'Undefined variable $termo', 'C:\\xampp\\htdocs\\web.local\\app\\Controllers\\Bancogab.php', 77)
 2 SYSTEMPATH\CodeIgniter.php(932): App\Controllers\Bancogab->buscarServidores()
 3 SYSTEMPATH\CodeIgniter.php(497): CodeIgniter\CodeIgniter->runController(Object(App\Controllers\Bancogab))
 4 SYSTEMPATH\CodeIgniter.php(366): CodeIgniter\CodeIgniter->handleRequest(null, Object(Config\Cache), false)
 5 FCPATH\index.php(67): CodeIgniter\CodeIgniter->run()
CRITICAL - 2026-03-23 12:18:54 --> Undefined variable $termo
in APPPATH\Controllers\Bancogab.php on line 77.
 1 APPPATH\Controllers\Bancogab.php(77): CodeIgniter\Debug\Exceptions->errorHandler(2, 'Undefined variable $termo', 'C:\\xampp\\htdocs\\web.local\\app\\Controllers\\Bancogab.php', 77)
 2 SYSTEMPATH\CodeIgniter.php(932): App\Controllers\Bancogab->buscarServidores()
 3 SYSTEMPATH\CodeIgniter.php(497): CodeIgniter\CodeIgniter->runController(Object(App\Controllers\Bancogab))
 4 SYSTEMPATH\CodeIgniter.php(366): CodeIgniter\CodeIgniter->handleRequest(null, Object(Config\Cache), false)
 5 FCPATH\index.php(67): CodeIgniter\CodeIgniter->run()
CRITICAL - 2026-03-23 12:18:54 --> Undefined variable $termo
in APPPATH\Controllers\Bancogab.php on line 77.
 1 APPPATH\Controllers\Bancogab.php(77): CodeIgniter\Debug\Exceptions->errorHandler(2, 'Undefined variable $termo', 'C:\\xampp\\htdocs\\web.local\\app\\Controllers\\Bancogab.php', 77)
 2 SYSTEMPATH\CodeIgniter.php(932): App\Controllers\Bancogab->buscarServidores()
 3 SYSTEMPATH\CodeIgniter.php(497): CodeIgniter\CodeIgniter->runController(Object(App\Controllers\Bancogab))
 4 SYSTEMPATH\CodeIgniter.php(366): CodeIgniter\CodeIgniter->handleRequest(null, Object(Config\Cache), false)
 5 FCPATH\index.php(67): CodeIgniter\CodeIgniter->run()
CRITICAL - 2026-03-23 12:18:54 --> Undefined variable $termo
in APPPATH\Controllers\Bancogab.php on line 77.
 1 APPPATH\Controllers\Bancogab.php(77): CodeIgniter\Debug\Exceptions->errorHandler(2, 'Undefined variable $termo', 'C:\\xampp\\htdocs\\web.local\\app\\Controllers\\Bancogab.php', 77)
 2 SYSTEMPATH\CodeIgniter.php(932): App\Controllers\Bancogab->buscarServidores()
 3 SYSTEMPATH\CodeIgniter.php(497): CodeIgniter\CodeIgniter->runController(Object(App\Controllers\Bancogab))
 4 SYSTEMPATH\CodeIgniter.php(366): CodeIgniter\CodeIgniter->handleRequest(null, Object(Config\Cache), false)
 5 FCPATH\index.php(67): CodeIgniter\CodeIgniter->run()
CRITICAL - 2026-03-23 12:18:54 --> Undefined variable $termo
in APPPATH\Controllers\Bancogab.php on line 77.
 1 APPPATH\Controllers\Bancogab.php(77): CodeIgniter\Debug\Exceptions->errorHandler(2, 'Undefined variable $termo', 'C:\\xampp\\htdocs\\web.local\\app\\Controllers\\Bancogab.php', 77)
 2 SYSTEMPATH\CodeIgniter.php(932): App\Controllers\Bancogab->buscarServidores()
 3 SYSTEMPATH\CodeIgniter.php(497): CodeIgniter\CodeIgniter->runController(Object(App\Controllers\Bancogab))
 4 SYSTEMPATH\CodeIgniter.php(366): CodeIgniter\CodeIgniter->handleRequest(null, Object(Config\Cache), false)
 5 FCPATH\index.php(67): CodeIgniter\CodeIgniter->run()
CRITICAL - 2026-03-23 12:18:54 --> Undefined variable $termo
in APPPATH\Controllers\Bancogab.php on line 77.
 1 APPPATH\Controllers\Bancogab.php(77): CodeIgniter\Debug\Exceptions->errorHandler(2, 'Undefined variable $termo', 'C:\\xampp\\htdocs\\web.local\\app\\Controllers\\Bancogab.php', 77)
 2 SYSTEMPATH\CodeIgniter.php(932): App\Controllers\Bancogab->buscarServidores()
 3 SYSTEMPATH\CodeIgniter.php(497): CodeIgniter\CodeIgniter->runController(Object(App\Controllers\Bancogab))
 4 SYSTEMPATH\CodeIgniter.php(366): CodeIgniter\CodeIgniter->handleRequest(null, Object(Config\Cache), false)
 5 FCPATH\index.php(67): CodeIgniter\CodeIgniter->run()
ERROR - 2026-03-23 12:22:16 --> mysqli_sql_exception: Unknown column 'Setor' in 'field list' in C:\xampp\htdocs\web.local\system\Database\MySQLi\Connection.php:295
Stack trace:
#0 C:\xampp\htdocs\web.local\system\Database\MySQLi\Connection.php(295): mysqli->query('INSERT INTO `ba...', 0)
#1 C:\xampp\htdocs\web.local\system\Database\BaseConnection.php(692): CodeIgniter\Database\MySQLi\Connection->execute('INSERT INTO `ba...')
#2 C:\xampp\htdocs\web.local\system\Database\BaseConnection.php(606): CodeIgniter\Database\BaseConnection->simpleQuery('INSERT INTO `ba...')
#3 C:\xampp\htdocs\web.local\system\Database\BaseBuilder.php(2309): CodeIgniter\Database\BaseConnection->query('INSERT INTO `ba...', Array, false)
#4 C:\xampp\htdocs\web.local\system\Model.php(330): CodeIgniter\Database\BaseBuilder->insert()
#5 C:\xampp\htdocs\web.local\system\BaseModel.php(782): CodeIgniter\Model->doInsert(Array)
#6 C:\xampp\htdocs\web.local\system\Model.php(730): CodeIgniter\BaseModel->insert(Array, true)
#7 C:\xampp\htdocs\web.local\app\Controllers\Bancogab.php(38): CodeIgniter\Model->insert(Array)
#8 C:\xampp\htdocs\web.local\system\CodeIgniter.php(932): App\Controllers\Bancogab->cadastrar()
#9 C:\xampp\htdocs\web.local\system\CodeIgniter.php(497): CodeIgniter\CodeIgniter->runController(Object(App\Controllers\Bancogab))
#10 C:\xampp\htdocs\web.local\system\CodeIgniter.php(366): CodeIgniter\CodeIgniter->handleRequest(NULL, Object(Config\Cache), false)
#11 C:\xampp\htdocs\web.local\public\index.php(67): CodeIgniter\CodeIgniter->run()
#12 {main}
CRITICAL - 2026-03-23 12:22:16 --> Unknown column 'Setor' in 'field list'
in SYSTEMPATH\Database\MySQLi\Connection.php on line 295.
 1 SYSTEMPATH\Database\MySQLi\Connection.php(295): mysqli->query('INSERT INTO `bancogabs` (`Setor`, `Data`, `Horas`) VALUES (\'aa\', \'2026-03-11\', \'12\')', 0)
 2 SYSTEMPATH\Database\BaseConnection.php(692): CodeIgniter\Database\MySQLi\Connection->execute('INSERT INTO `bancogabs` (`Setor`, `Data`, `Horas`) VALUES (\'aa\', \'2026-03-11\', \'12\')')
 3 SYSTEMPATH\Database\BaseConnection.php(606): CodeIgniter\Database\BaseConnection->simpleQuery('INSERT INTO `bancogabs` (`Setor`, `Data`, `Horas`) VALUES (\'aa\', \'2026-03-11\', \'12\')')
 4 SYSTEMPATH\Database\BaseBuilder.php(2309): CodeIgniter\Database\BaseConnection->query('INSERT INTO `bancogabs` (`Setor`, `Data`, `Horas`) VALUES (:Setor:, :Data:, :Horas:)', [...], false)
 5 SYSTEMPATH\Model.php(330): CodeIgniter\Database\BaseBuilder->insert()
 6 SYSTEMPATH\BaseModel.php(782): CodeIgniter\Model->doInsert([...])
 7 SYSTEMPATH\Model.php(730): CodeIgniter\BaseModel->insert([...], true)
 8 APPPATH\Controllers\Bancogab.php(38): CodeIgniter\Model->insert([...])
 9 SYSTEMPATH\CodeIgniter.php(932): App\Controllers\Bancogab->cadastrar()
10 SYSTEMPATH\CodeIgniter.php(497): CodeIgniter\CodeIgniter->runController(Object(App\Controllers\Bancogab))
11 SYSTEMPATH\CodeIgniter.php(366): CodeIgniter\CodeIgniter->handleRequest(null, Object(Config\Cache), false)
12 FCPATH\index.php(67): CodeIgniter\CodeIgniter->run()
ERROR - 2026-03-23 12:22:35 --> mysqli_sql_exception: Unknown column 'Setor' in 'field list' in C:\xampp\htdocs\web.local\system\Database\MySQLi\Connection.php:295
Stack trace:
#0 C:\xampp\htdocs\web.local\system\Database\MySQLi\Connection.php(295): mysqli->query('INSERT INTO `ba...', 0)
#1 C:\xampp\htdocs\web.local\system\Database\BaseConnection.php(692): CodeIgniter\Database\MySQLi\Connection->execute('INSERT INTO `ba...')
#2 C:\xampp\htdocs\web.local\system\Database\BaseConnection.php(606): CodeIgniter\Database\BaseConnection->simpleQuery('INSERT INTO `ba...')
#3 C:\xampp\htdocs\web.local\system\Database\BaseBuilder.php(2309): CodeIgniter\Database\BaseConnection->query('INSERT INTO `ba...', Array, false)
#4 C:\xampp\htdocs\web.local\system\Model.php(330): CodeIgniter\Database\BaseBuilder->insert()
#5 C:\xampp\htdocs\web.local\system\BaseModel.php(782): CodeIgniter\Model->doInsert(Array)
#6 C:\xampp\htdocs\web.local\system\Model.php(730): CodeIgniter\BaseModel->insert(Array, true)
#7 C:\xampp\htdocs\web.local\app\Controllers\Bancogab.php(38): CodeIgniter\Model->insert(Array)
#8 C:\xampp\htdocs\web.local\system\CodeIgniter.php(932): App\Controllers\Bancogab->cadastrar()
#9 C:\xampp\htdocs\web.local\system\CodeIgniter.php(497): CodeIgniter\CodeIgniter->runController(Object(App\Controllers\Bancogab))
#10 C:\xampp\htdocs\web.local\system\CodeIgniter.php(366): CodeIgniter\CodeIgniter->handleRequest(NULL, Object(Config\Cache), false)
#11 C:\xampp\htdocs\web.local\public\index.php(67): CodeIgniter\CodeIgniter->run()
#12 {main}
CRITICAL - 2026-03-23 12:22:35 --> Unknown column 'Setor' in 'field list'
in SYSTEMPATH\Database\MySQLi\Connection.php on line 295.
 1 SYSTEMPATH\Database\MySQLi\Connection.php(295): mysqli->query('INSERT INTO `bancogabs` (`Setor`, `Data`, `Horas`) VALUES (\'6\', \'2026-03-11\', \'12\')', 0)
 2 SYSTEMPATH\Database\BaseConnection.php(692): CodeIgniter\Database\MySQLi\Connection->execute('INSERT INTO `bancogabs` (`Setor`, `Data`, `Horas`) VALUES (\'6\', \'2026-03-11\', \'12\')')
 3 SYSTEMPATH\Database\BaseConnection.php(606): CodeIgniter\Database\BaseConnection->simpleQuery('INSERT INTO `bancogabs` (`Setor`, `Data`, `Horas`) VALUES (\'6\', \'2026-03-11\', \'12\')')
 4 SYSTEMPATH\Database\BaseBuilder.php(2309): CodeIgniter\Database\BaseConnection->query('INSERT INTO `bancogabs` (`Setor`, `Data`, `Horas`) VALUES (:Setor:, :Data:, :Horas:)', [...], false)
 5 SYSTEMPATH\Model.php(330): CodeIgniter\Database\BaseBuilder->insert()
 6 SYSTEMPATH\BaseModel.php(782): CodeIgniter\Model->doInsert([...])
 7 SYSTEMPATH\Model.php(730): CodeIgniter\BaseModel->insert([...], true)
 8 APPPATH\Controllers\Bancogab.php(38): CodeIgniter\Model->insert([...])
 9 SYSTEMPATH\CodeIgniter.php(932): App\Controllers\Bancogab->cadastrar()
10 SYSTEMPATH\CodeIgniter.php(497): CodeIgniter\CodeIgniter->runController(Object(App\Controllers\Bancogab))
11 SYSTEMPATH\CodeIgniter.php(366): CodeIgniter\CodeIgniter->handleRequest(null, Object(Config\Cache), false)
12 FCPATH\index.php(67): CodeIgniter\CodeIgniter->run()
ERROR - 2026-03-23 12:39:11 --> mysqli_sql_exception: Unknown column 'Setor' in 'field list' in C:\xampp\htdocs\web.local\system\Database\MySQLi\Connection.php:295
Stack trace:
#0 C:\xampp\htdocs\web.local\system\Database\MySQLi\Connection.php(295): mysqli->query('INSERT INTO `ba...', 0)
#1 C:\xampp\htdocs\web.local\system\Database\BaseConnection.php(692): CodeIgniter\Database\MySQLi\Connection->execute('INSERT INTO `ba...')
#2 C:\xampp\htdocs\web.local\system\Database\BaseConnection.php(606): CodeIgniter\Database\BaseConnection->simpleQuery('INSERT INTO `ba...')
#3 C:\xampp\htdocs\web.local\system\Database\BaseBuilder.php(2309): CodeIgniter\Database\BaseConnection->query('INSERT INTO `ba...', Array, false)
#4 C:\xampp\htdocs\web.local\system\Model.php(330): CodeIgniter\Database\BaseBuilder->insert()
#5 C:\xampp\htdocs\web.local\system\BaseModel.php(782): CodeIgniter\Model->doInsert(Array)
#6 C:\xampp\htdocs\web.local\system\Model.php(730): CodeIgniter\BaseModel->insert(Array, true)
#7 C:\xampp\htdocs\web.local\app\Controllers\Bancogab.php(38): CodeIgniter\Model->insert(Array)
#8 C:\xampp\htdocs\web.local\system\CodeIgniter.php(932): App\Controllers\Bancogab->cadastrar()
#9 C:\xampp\htdocs\web.local\system\CodeIgniter.php(497): CodeIgniter\CodeIgniter->runController(Object(App\Controllers\Bancogab))
#10 C:\xampp\htdocs\web.local\system\CodeIgniter.php(366): CodeIgniter\CodeIgniter->handleRequest(NULL, Object(Config\Cache), false)
#11 C:\xampp\htdocs\web.local\public\index.php(67): CodeIgniter\CodeIgniter->run()
#12 {main}
CRITICAL - 2026-03-23 12:39:12 --> Unknown column 'Setor' in 'field list'
in SYSTEMPATH\Database\MySQLi\Connection.php on line 295.
 1 SYSTEMPATH\Database\MySQLi\Connection.php(295): mysqli->query('INSERT INTO `bancogabs` (`Setor`, `Data`, `Horas`) VALUES (\'6\', \'2026-03-11\', \'12\')', 0)
 2 SYSTEMPATH\Database\BaseConnection.php(692): CodeIgniter\Database\MySQLi\Connection->execute('INSERT INTO `bancogabs` (`Setor`, `Data`, `Horas`) VALUES (\'6\', \'2026-03-11\', \'12\')')
 3 SYSTEMPATH\Database\BaseConnection.php(606): CodeIgniter\Database\BaseConnection->simpleQuery('INSERT INTO `bancogabs` (`Setor`, `Data`, `Horas`) VALUES (\'6\', \'2026-03-11\', \'12\')')
 4 SYSTEMPATH\Database\BaseBuilder.php(2309): CodeIgniter\Database\BaseConnection->query('INSERT INTO `bancogabs` (`Setor`, `Data`, `Horas`) VALUES (:Setor:, :Data:, :Horas:)', [...], false)
 5 SYSTEMPATH\Model.php(330): CodeIgniter\Database\BaseBuilder->insert()
 6 SYSTEMPATH\BaseModel.php(782): CodeIgniter\Model->doInsert([...])
 7 SYSTEMPATH\Model.php(730): CodeIgniter\BaseModel->insert([...], true)
 8 APPPATH\Controllers\Bancogab.php(38): CodeIgniter\Model->insert([...])
 9 SYSTEMPATH\CodeIgniter.php(932): App\Controllers\Bancogab->cadastrar()
10 SYSTEMPATH\CodeIgniter.php(497): CodeIgniter\CodeIgniter->runController(Object(App\Controllers\Bancogab))
11 SYSTEMPATH\CodeIgniter.php(366): CodeIgniter\CodeIgniter->handleRequest(null, Object(Config\Cache), false)
12 FCPATH\index.php(67): CodeIgniter\CodeIgniter->run()
ERROR - 2026-03-23 12:59:50 --> mysqli_sql_exception: Unknown column 'secao.nomeSecao' in 'field list' in C:\xampp\htdocs\web.local\system\Database\MySQLi\Connection.php:295
Stack trace:
#0 C:\xampp\htdocs\web.local\system\Database\MySQLi\Connection.php(295): mysqli->query('SELECT `bancoga...', 0)
#1 C:\xampp\htdocs\web.local\system\Database\BaseConnection.php(692): CodeIgniter\Database\MySQLi\Connection->execute('SELECT `bancoga...')
#2 C:\xampp\htdocs\web.local\system\Database\BaseConnection.php(606): CodeIgniter\Database\BaseConnection->simpleQuery('SELECT `bancoga...')
#3 C:\xampp\htdocs\web.local\system\Database\BaseBuilder.php(1616): CodeIgniter\Database\BaseConnection->query('SELECT `bancoga...', Array, false)
#4 C:\xampp\htdocs\web.local\system\Model.php(241): CodeIgniter\Database\BaseBuilder->get()
#5 C:\xampp\htdocs\web.local\system\BaseModel.php(618): CodeIgniter\Model->doFindAll(0, 0)
#6 C:\xampp\htdocs\web.local\app\Controllers\Bancogab.php(32): CodeIgniter\BaseModel->findAll()
#7 C:\xampp\htdocs\web.local\system\CodeIgniter.php(932): App\Controllers\Bancogab->Bancogab()
#8 C:\xampp\htdocs\web.local\system\CodeIgniter.php(497): CodeIgniter\CodeIgniter->runController(Object(App\Controllers\Bancogab))
#9 C:\xampp\htdocs\web.local\system\CodeIgniter.php(366): CodeIgniter\CodeIgniter->handleRequest(NULL, Object(Config\Cache), false)
#10 C:\xampp\htdocs\web.local\public\index.php(67): CodeIgniter\CodeIgniter->run()
#11 {main}
CRITICAL - 2026-03-23 12:59:50 --> Unknown column 'secao.nomeSecao' in 'field list'
in SYSTEMPATH\Database\MySQLi\Connection.php on line 295.
 1 SYSTEMPATH\Database\MySQLi\Connection.php(295): mysqli->query('SELECT `bancogabs`.*, `servidores`.`nome`, `servidores`.`ultimoNome`, `secao`.`nomeSecao`, `servico`.`nomeServico`, COALESCE(secao.nomeSecao, `servico`.`nomeServico`, \'Não informado\') as lotacao
FROM `bancogabs`
LEFT JOIN `servidores` ON `servidores`.`servidorID` = `bancogabs`.`servidor_id`
LEFT JOIN `secao` ON `secao`.`SecaoId` = `servidores`.`secao`
LEFT JOIN `servico` ON `servico`.`ServicoId` = `servidores`.`servico`', 0)
 2 SYSTEMPATH\Database\BaseConnection.php(692): CodeIgniter\Database\MySQLi\Connection->execute('SELECT `bancogabs`.*, `servidores`.`nome`, `servidores`.`ultimoNome`, `secao`.`nomeSecao`, `servico`.`nomeServico`, COALESCE(secao.nomeSecao, `servico`.`nomeServico`, \'Não informado\') as lotacao
FROM `bancogabs`
LEFT JOIN `servidores` ON `servidores`.`servidorID` = `bancogabs`.`servidor_id`
LEFT JOIN `secao` ON `secao`.`SecaoId` = `servidores`.`secao`
LEFT JOIN `servico` ON `servico`.`ServicoId` = `servidores`.`servico`')
 3 SYSTEMPATH\Database\BaseConnection.php(606): CodeIgniter\Database\BaseConnection->simpleQuery('SELECT `bancogabs`.*, `servidores`.`nome`, `servidores`.`ultimoNome`, `secao`.`nomeSecao`, `servico`.`nomeServico`, COALESCE(secao.nomeSecao, `servico`.`nomeServico`, \'Não informado\') as lotacao
FROM `bancogabs`
LEFT JOIN `servidores` ON `servidores`.`servidorID` = `bancogabs`.`servidor_id`
LEFT JOIN `secao` ON `secao`.`SecaoId` = `servidores`.`secao`
LEFT JOIN `servico` ON `servico`.`ServicoId` = `servidores`.`servico`')
 4 SYSTEMPATH\Database\BaseBuilder.php(1616): CodeIgniter\Database\BaseConnection->query('SELECT `bancogabs`.*, `servidores`.`nome`, `servidores`.`ultimoNome`, `secao`.`nomeSecao`, `servico`.`nomeServico`, COALESCE(secao.nomeSecao, `servico`.`nomeServico`, \'Não informado\') as lotacao
FROM `bancogabs`
LEFT JOIN `servidores` ON `servidores`.`servidorID` = `bancogabs`.`servidor_id`
LEFT JOIN `secao` ON `secao`.`SecaoId` = `servidores`.`secao`
LEFT JOIN `servico` ON `servico`.`ServicoId` = `servidores`.`servico`', [], false)
 5 SYSTEMPATH\Model.php(241): CodeIgniter\Database\BaseBuilder->get()
 6 SYSTEMPATH\BaseModel.php(618): CodeIgniter\Model->doFindAll(0, 0)
 7 APPPATH\Controllers\Bancogab.php(32): CodeIgniter\BaseModel->findAll()
 8 SYSTEMPATH\CodeIgniter.php(932): App\Controllers\Bancogab->Bancogab()
 9 SYSTEMPATH\CodeIgniter.php(497): CodeIgniter\CodeIgniter->runController(Object(App\Controllers\Bancogab))
10 SYSTEMPATH\CodeIgniter.php(366): CodeIgniter\CodeIgniter->handleRequest(null, Object(Config\Cache), false)
11 FCPATH\index.php(67): CodeIgniter\CodeIgniter->run()
CRITICAL - 2026-03-23 13:50:48 --> CodeIgniter\Database\BaseBuilder::like(): Argument #2 ($match) must be of type string, null given, called in C:\xampp\htdocs\web.local\system\Model.php on line 836
in SYSTEMPATH\Database\BaseBuilder.php on line 984.
 1 SYSTEMPATH\Model.php(836): CodeIgniter\Database\BaseBuilder->like('nome', null)
 2 APPPATH\Controllers\Bancogab.php(95): CodeIgniter\Model->__call('like', [...])
 3 SYSTEMPATH\CodeIgniter.php(932): App\Controllers\Bancogab->buscarServidores()
 4 SYSTEMPATH\CodeIgniter.php(497): CodeIgniter\CodeIgniter->runController(Object(App\Controllers\Bancogab))
 5 SYSTEMPATH\CodeIgniter.php(366): CodeIgniter\CodeIgniter->handleRequest(null, Object(Config\Cache), false)
 6 FCPATH\index.php(67): CodeIgniter\CodeIgniter->run()
