ERROR - 2026-04-23 12:12:16 --> mysqli_sql_exception: Unknown table 'sistema_web.visitas' in C:\xampp\htdocs\web.local\system\Database\MySQLi\Connection.php:295
Stack trace:
#0 C:\xampp\htdocs\web.local\system\Database\MySQLi\Connection.php(295): mysqli->query('SELECT `visitas...', 0)
#1 C:\xampp\htdocs\web.local\system\Database\BaseConnection.php(692): CodeIgniter\Database\MySQLi\Connection->execute('SELECT `visitas...')
#2 C:\xampp\htdocs\web.local\system\Database\BaseConnection.php(606): CodeIgniter\Database\BaseConnection->simpleQuery('SELECT `visitas...')
#3 C:\xampp\htdocs\web.local\system\Database\BaseBuilder.php(1616): CodeIgniter\Database\BaseConnection->query('SELECT `visitas...', Array, false)
#4 C:\xampp\htdocs\web.local\system\Model.php(241): CodeIgniter\Database\BaseBuilder->get()
#5 C:\xampp\htdocs\web.local\system\BaseModel.php(618): CodeIgniter\Model->doFindAll(0, 0)
#6 C:\xampp\htdocs\web.local\app\Controllers\Dashboard.php(45): CodeIgniter\BaseModel->findAll()
#7 C:\xampp\htdocs\web.local\system\CodeIgniter.php(932): App\Controllers\Dashboard->index()
#8 C:\xampp\htdocs\web.local\system\CodeIgniter.php(497): CodeIgniter\CodeIgniter->runController(Object(App\Controllers\Dashboard))
#9 C:\xampp\htdocs\web.local\system\CodeIgniter.php(366): CodeIgniter\CodeIgniter->handleRequest(NULL, Object(Config\Cache), false)
#10 C:\xampp\htdocs\web.local\public\index.php(67): CodeIgniter\CodeIgniter->run()
#11 {main}
CRITICAL - 2026-04-23 12:12:16 --> Unknown table 'sistema_web.visitas'
in SYSTEMPATH\Database\MySQLi\Connection.php on line 295.
 1 SYSTEMPATH\Database\MySQLi\Connection.php(295): mysqli->query('SELECT `visitas`.*, `escolas`.`Nome`, `escolas`.`Endereco`
FROM `agendas`
JOIN `escolas` ON `escolas`.`EscolaId` = `visitas`.`EscolaId`
WHERE `visitas`.`status` = \'Pendente\'', 0)
 2 SYSTEMPATH\Database\BaseConnection.php(692): CodeIgniter\Database\MySQLi\Connection->execute('SELECT `visitas`.*, `escolas`.`Nome`, `escolas`.`Endereco`
FROM `agendas`
JOIN `escolas` ON `escolas`.`EscolaId` = `visitas`.`EscolaId`
WHERE `visitas`.`status` = \'Pendente\'')
 3 SYSTEMPATH\Database\BaseConnection.php(606): CodeIgniter\Database\BaseConnection->simpleQuery('SELECT `visitas`.*, `escolas`.`Nome`, `escolas`.`Endereco`
FROM `agendas`
JOIN `escolas` ON `escolas`.`EscolaId` = `visitas`.`EscolaId`
WHERE `visitas`.`status` = \'Pendente\'')
 4 SYSTEMPATH\Database\BaseBuilder.php(1616): CodeIgniter\Database\BaseConnection->query('SELECT `visitas`.*, `escolas`.`Nome`, `escolas`.`Endereco`
FROM `agendas`
JOIN `escolas` ON `escolas`.`EscolaId` = `visitas`.`EscolaId`
WHERE `visitas`.`status` = :visitas.status:', [...], false)
 5 SYSTEMPATH\Model.php(241): CodeIgniter\Database\BaseBuilder->get()
 6 SYSTEMPATH\BaseModel.php(618): CodeIgniter\Model->doFindAll(0, 0)
 7 APPPATH\Controllers\Dashboard.php(45): CodeIgniter\BaseModel->findAll()
 8 SYSTEMPATH\CodeIgniter.php(932): App\Controllers\Dashboard->index()
 9 SYSTEMPATH\CodeIgniter.php(497): CodeIgniter\CodeIgniter->runController(Object(App\Controllers\Dashboard))
10 SYSTEMPATH\CodeIgniter.php(366): CodeIgniter\CodeIgniter->handleRequest(null, Object(Config\Cache), false)
11 FCPATH\index.php(67): CodeIgniter\CodeIgniter->run()
ERROR - 2026-04-23 14:28:47 --> mysqli_sql_exception: Unknown column 'agendas.tecnico_id' in 'on clause' in C:\xampp\htdocs\web.local\system\Database\MySQLi\Connection.php:295
Stack trace:
#0 C:\xampp\htdocs\web.local\system\Database\MySQLi\Connection.php(295): mysqli->query('SELECT `s`.`nom...', 0)
#1 C:\xampp\htdocs\web.local\system\Database\BaseConnection.php(692): CodeIgniter\Database\MySQLi\Connection->execute('SELECT `s`.`nom...')
#2 C:\xampp\htdocs\web.local\system\Database\BaseConnection.php(606): CodeIgniter\Database\BaseConnection->simpleQuery('SELECT `s`.`nom...')
#3 C:\xampp\htdocs\web.local\system\Database\BaseBuilder.php(1616): CodeIgniter\Database\BaseConnection->query('SELECT `s`.`nom...', Array, false)
#4 C:\xampp\htdocs\web.local\system\Model.php(836): CodeIgniter\Database\BaseBuilder->get()
#5 C:\xampp\htdocs\web.local\app\Controllers\Dashboardgab.php(30): CodeIgniter\Model->__call('get', Array)
#6 C:\xampp\htdocs\web.local\system\CodeIgniter.php(932): App\Controllers\Dashboardgab->index()
#7 C:\xampp\htdocs\web.local\system\CodeIgniter.php(497): CodeIgniter\CodeIgniter->runController(Object(App\Controllers\Dashboardgab))
#8 C:\xampp\htdocs\web.local\system\CodeIgniter.php(366): CodeIgniter\CodeIgniter->handleRequest(NULL, Object(Config\Cache), false)
#9 C:\xampp\htdocs\web.local\public\index.php(67): CodeIgniter\CodeIgniter->run()
#10 {main}
CRITICAL - 2026-04-23 14:28:47 --> Unknown column 'agendas.tecnico_id' in 'on clause'
in SYSTEMPATH\Database\MySQLi\Connection.php on line 295.
 1 SYSTEMPATH\Database\MySQLi\Connection.php(295): mysqli->query('SELECT `s`.`nome`, COUNT(*) as total
FROM `visitas_gab`
JOIN `supervisores` `s` ON `s`.`SupervisorId` = `agendas`.`tecnico_id`
GROUP BY `s`.`nome`', 0)
 2 SYSTEMPATH\Database\BaseConnection.php(692): CodeIgniter\Database\MySQLi\Connection->execute('SELECT `s`.`nome`, COUNT(*) as total
FROM `visitas_gab`
JOIN `supervisores` `s` ON `s`.`SupervisorId` = `agendas`.`tecnico_id`
GROUP BY `s`.`nome`')
 3 SYSTEMPATH\Database\BaseConnection.php(606): CodeIgniter\Database\BaseConnection->simpleQuery('SELECT `s`.`nome`, COUNT(*) as total
FROM `visitas_gab`
JOIN `supervisores` `s` ON `s`.`SupervisorId` = `agendas`.`tecnico_id`
GROUP BY `s`.`nome`')
 4 SYSTEMPATH\Database\BaseBuilder.php(1616): CodeIgniter\Database\BaseConnection->query('SELECT `s`.`nome`, COUNT(*) as total
FROM `visitas_gab`
JOIN `supervisores` `s` ON `s`.`SupervisorId` = `agendas`.`tecnico_id`
GROUP BY `s`.`nome`', [...], false)
 5 SYSTEMPATH\Model.php(836): CodeIgniter\Database\BaseBuilder->get()
 6 APPPATH\Controllers\Dashboardgab.php(30): CodeIgniter\Model->__call('get', [])
 7 SYSTEMPATH\CodeIgniter.php(932): App\Controllers\Dashboardgab->index()
 8 SYSTEMPATH\CodeIgniter.php(497): CodeIgniter\CodeIgniter->runController(Object(App\Controllers\Dashboardgab))
 9 SYSTEMPATH\CodeIgniter.php(366): CodeIgniter\CodeIgniter->handleRequest(null, Object(Config\Cache), false)
10 FCPATH\index.php(67): CodeIgniter\CodeIgniter->run()
ERROR - 2026-04-23 14:29:54 --> mysqli_sql_exception: Unknown column 'agendas.tecnico_id' in 'on clause' in C:\xampp\htdocs\web.local\system\Database\MySQLi\Connection.php:295
Stack trace:
#0 C:\xampp\htdocs\web.local\system\Database\MySQLi\Connection.php(295): mysqli->query('SELECT `t`.`nom...', 0)
#1 C:\xampp\htdocs\web.local\system\Database\BaseConnection.php(692): CodeIgniter\Database\MySQLi\Connection->execute('SELECT `t`.`nom...')
#2 C:\xampp\htdocs\web.local\system\Database\BaseConnection.php(606): CodeIgniter\Database\BaseConnection->simpleQuery('SELECT `t`.`nom...')
#3 C:\xampp\htdocs\web.local\system\Database\BaseBuilder.php(1616): CodeIgniter\Database\BaseConnection->query('SELECT `t`.`nom...', Array, false)
#4 C:\xampp\htdocs\web.local\system\Model.php(836): CodeIgniter\Database\BaseBuilder->get()
#5 C:\xampp\htdocs\web.local\app\Controllers\Dashboard.php(25): CodeIgniter\Model->__call('get', Array)
#6 C:\xampp\htdocs\web.local\system\CodeIgniter.php(932): App\Controllers\Dashboard->index()
#7 C:\xampp\htdocs\web.local\system\CodeIgniter.php(497): CodeIgniter\CodeIgniter->runController(Object(App\Controllers\Dashboard))
#8 C:\xampp\htdocs\web.local\system\CodeIgniter.php(366): CodeIgniter\CodeIgniter->handleRequest(NULL, Object(Config\Cache), false)
#9 C:\xampp\htdocs\web.local\public\index.php(67): CodeIgniter\CodeIgniter->run()
#10 {main}
CRITICAL - 2026-04-23 14:29:54 --> Unknown column 'agendas.tecnico_id' in 'on clause'
in SYSTEMPATH\Database\MySQLi\Connection.php on line 295.
 1 SYSTEMPATH\Database\MySQLi\Connection.php(295): mysqli->query('SELECT `t`.`nome`, COUNT(*) as total
FROM `visitas`
JOIN `tecnicos_fields` `t` ON `t`.`tecnico_id` = `agendas`.`tecnico_id`
GROUP BY `s`.`nome`', 0)
 2 SYSTEMPATH\Database\BaseConnection.php(692): CodeIgniter\Database\MySQLi\Connection->execute('SELECT `t`.`nome`, COUNT(*) as total
FROM `visitas`
JOIN `tecnicos_fields` `t` ON `t`.`tecnico_id` = `agendas`.`tecnico_id`
GROUP BY `s`.`nome`')
 3 SYSTEMPATH\Database\BaseConnection.php(606): CodeIgniter\Database\BaseConnection->simpleQuery('SELECT `t`.`nome`, COUNT(*) as total
FROM `visitas`
JOIN `tecnicos_fields` `t` ON `t`.`tecnico_id` = `agendas`.`tecnico_id`
GROUP BY `s`.`nome`')
 4 SYSTEMPATH\Database\BaseBuilder.php(1616): CodeIgniter\Database\BaseConnection->query('SELECT `t`.`nome`, COUNT(*) as total
FROM `visitas`
JOIN `tecnicos_fields` `t` ON `t`.`tecnico_id` = `agendas`.`tecnico_id`
GROUP BY `s`.`nome`', [], false)
 5 SYSTEMPATH\Model.php(836): CodeIgniter\Database\BaseBuilder->get()
 6 APPPATH\Controllers\Dashboard.php(25): CodeIgniter\Model->__call('get', [])
 7 SYSTEMPATH\CodeIgniter.php(932): App\Controllers\Dashboard->index()
 8 SYSTEMPATH\CodeIgniter.php(497): CodeIgniter\CodeIgniter->runController(Object(App\Controllers\Dashboard))
 9 SYSTEMPATH\CodeIgniter.php(366): CodeIgniter\CodeIgniter->handleRequest(null, Object(Config\Cache), false)
10 FCPATH\index.php(67): CodeIgniter\CodeIgniter->run()
CRITICAL - 2026-04-23 14:33:21 --> Undefined variable $porTecnico
in APPPATH\Controllers\Dashboard.php on line 62.
 1 APPPATH\Controllers\Dashboard.php(62): CodeIgniter\Debug\Exceptions->errorHandler(2, 'Undefined variable $porTecnico', 'C:\\xampp\\htdocs\\web.local\\app\\Controllers\\Dashboard.php', 62)
 2 SYSTEMPATH\CodeIgniter.php(932): App\Controllers\Dashboard->index()
 3 SYSTEMPATH\CodeIgniter.php(497): CodeIgniter\CodeIgniter->runController(Object(App\Controllers\Dashboard))
 4 SYSTEMPATH\CodeIgniter.php(366): CodeIgniter\CodeIgniter->handleRequest(null, Object(Config\Cache), false)
 5 FCPATH\index.php(67): CodeIgniter\CodeIgniter->run()
ERROR - 2026-04-23 14:33:32 --> mysqli_sql_exception: Unknown column 'agendas.tecnico_id' in 'on clause' in C:\xampp\htdocs\web.local\system\Database\MySQLi\Connection.php:295
Stack trace:
#0 C:\xampp\htdocs\web.local\system\Database\MySQLi\Connection.php(295): mysqli->query('SELECT `t`.`nom...', 0)
#1 C:\xampp\htdocs\web.local\system\Database\BaseConnection.php(692): CodeIgniter\Database\MySQLi\Connection->execute('SELECT `t`.`nom...')
#2 C:\xampp\htdocs\web.local\system\Database\BaseConnection.php(606): CodeIgniter\Database\BaseConnection->simpleQuery('SELECT `t`.`nom...')
#3 C:\xampp\htdocs\web.local\system\Database\BaseBuilder.php(1616): CodeIgniter\Database\BaseConnection->query('SELECT `t`.`nom...', Array, false)
#4 C:\xampp\htdocs\web.local\system\Model.php(836): CodeIgniter\Database\BaseBuilder->get()
#5 C:\xampp\htdocs\web.local\app\Controllers\Dashboard.php(25): CodeIgniter\Model->__call('get', Array)
#6 C:\xampp\htdocs\web.local\system\CodeIgniter.php(932): App\Controllers\Dashboard->index()
#7 C:\xampp\htdocs\web.local\system\CodeIgniter.php(497): CodeIgniter\CodeIgniter->runController(Object(App\Controllers\Dashboard))
#8 C:\xampp\htdocs\web.local\system\CodeIgniter.php(366): CodeIgniter\CodeIgniter->handleRequest(NULL, Object(Config\Cache), false)
#9 C:\xampp\htdocs\web.local\public\index.php(67): CodeIgniter\CodeIgniter->run()
#10 {main}
CRITICAL - 2026-04-23 14:33:32 --> Unknown column 'agendas.tecnico_id' in 'on clause'
in SYSTEMPATH\Database\MySQLi\Connection.php on line 295.
 1 SYSTEMPATH\Database\MySQLi\Connection.php(295): mysqli->query('SELECT `t`.`nome`, COUNT(*) as total
FROM `visitas`
JOIN `tecnicos_fields` `t` ON `t`.`tecnico_id` = `agendas`.`tecnico_id`
GROUP BY `s`.`nome`', 0)
 2 SYSTEMPATH\Database\BaseConnection.php(692): CodeIgniter\Database\MySQLi\Connection->execute('SELECT `t`.`nome`, COUNT(*) as total
FROM `visitas`
JOIN `tecnicos_fields` `t` ON `t`.`tecnico_id` = `agendas`.`tecnico_id`
GROUP BY `s`.`nome`')
 3 SYSTEMPATH\Database\BaseConnection.php(606): CodeIgniter\Database\BaseConnection->simpleQuery('SELECT `t`.`nome`, COUNT(*) as total
FROM `visitas`
JOIN `tecnicos_fields` `t` ON `t`.`tecnico_id` = `agendas`.`tecnico_id`
GROUP BY `s`.`nome`')
 4 SYSTEMPATH\Database\BaseBuilder.php(1616): CodeIgniter\Database\BaseConnection->query('SELECT `t`.`nome`, COUNT(*) as total
FROM `visitas`
JOIN `tecnicos_fields` `t` ON `t`.`tecnico_id` = `agendas`.`tecnico_id`
GROUP BY `s`.`nome`', [], false)
 5 SYSTEMPATH\Model.php(836): CodeIgniter\Database\BaseBuilder->get()
 6 APPPATH\Controllers\Dashboard.php(25): CodeIgniter\Model->__call('get', [])
 7 SYSTEMPATH\CodeIgniter.php(932): App\Controllers\Dashboard->index()
 8 SYSTEMPATH\CodeIgniter.php(497): CodeIgniter\CodeIgniter->runController(Object(App\Controllers\Dashboard))
 9 SYSTEMPATH\CodeIgniter.php(366): CodeIgniter\CodeIgniter->handleRequest(null, Object(Config\Cache), false)
10 FCPATH\index.php(67): CodeIgniter\CodeIgniter->run()
ERROR - 2026-04-23 14:34:37 --> mysqli_sql_exception: Unknown column 'agendas.tecnico_id' in 'on clause' in C:\xampp\htdocs\web.local\system\Database\MySQLi\Connection.php:295
Stack trace:
#0 C:\xampp\htdocs\web.local\system\Database\MySQLi\Connection.php(295): mysqli->query('SELECT `t`.`nom...', 0)
#1 C:\xampp\htdocs\web.local\system\Database\BaseConnection.php(692): CodeIgniter\Database\MySQLi\Connection->execute('SELECT `t`.`nom...')
#2 C:\xampp\htdocs\web.local\system\Database\BaseConnection.php(606): CodeIgniter\Database\BaseConnection->simpleQuery('SELECT `t`.`nom...')
#3 C:\xampp\htdocs\web.local\system\Database\BaseBuilder.php(1616): CodeIgniter\Database\BaseConnection->query('SELECT `t`.`nom...', Array, false)
#4 C:\xampp\htdocs\web.local\system\Model.php(836): CodeIgniter\Database\BaseBuilder->get()
#5 C:\xampp\htdocs\web.local\app\Controllers\Dashboard.php(25): CodeIgniter\Model->__call('get', Array)
#6 C:\xampp\htdocs\web.local\system\CodeIgniter.php(932): App\Controllers\Dashboard->index()
#7 C:\xampp\htdocs\web.local\system\CodeIgniter.php(497): CodeIgniter\CodeIgniter->runController(Object(App\Controllers\Dashboard))
#8 C:\xampp\htdocs\web.local\system\CodeIgniter.php(366): CodeIgniter\CodeIgniter->handleRequest(NULL, Object(Config\Cache), false)
#9 C:\xampp\htdocs\web.local\public\index.php(67): CodeIgniter\CodeIgniter->run()
#10 {main}
CRITICAL - 2026-04-23 14:34:37 --> Unknown column 'agendas.tecnico_id' in 'on clause'
in SYSTEMPATH\Database\MySQLi\Connection.php on line 295.
 1 SYSTEMPATH\Database\MySQLi\Connection.php(295): mysqli->query('SELECT `t`.`nome`, COUNT(*) as total
FROM `visitas`
JOIN `tecnicos_fields` `t` ON `t`.`tecnico_id` = `agendas`.`tecnico_id`
GROUP BY `t`.`nome`', 0)
 2 SYSTEMPATH\Database\BaseConnection.php(692): CodeIgniter\Database\MySQLi\Connection->execute('SELECT `t`.`nome`, COUNT(*) as total
FROM `visitas`
JOIN `tecnicos_fields` `t` ON `t`.`tecnico_id` = `agendas`.`tecnico_id`
GROUP BY `t`.`nome`')
 3 SYSTEMPATH\Database\BaseConnection.php(606): CodeIgniter\Database\BaseConnection->simpleQuery('SELECT `t`.`nome`, COUNT(*) as total
FROM `visitas`
JOIN `tecnicos_fields` `t` ON `t`.`tecnico_id` = `agendas`.`tecnico_id`
GROUP BY `t`.`nome`')
 4 SYSTEMPATH\Database\BaseBuilder.php(1616): CodeIgniter\Database\BaseConnection->query('SELECT `t`.`nome`, COUNT(*) as total
FROM `visitas`
JOIN `tecnicos_fields` `t` ON `t`.`tecnico_id` = `agendas`.`tecnico_id`
GROUP BY `t`.`nome`', [], false)
 5 SYSTEMPATH\Model.php(836): CodeIgniter\Database\BaseBuilder->get()
 6 APPPATH\Controllers\Dashboard.php(25): CodeIgniter\Model->__call('get', [])
 7 SYSTEMPATH\CodeIgniter.php(932): App\Controllers\Dashboard->index()
 8 SYSTEMPATH\CodeIgniter.php(497): CodeIgniter\CodeIgniter->runController(Object(App\Controllers\Dashboard))
 9 SYSTEMPATH\CodeIgniter.php(366): CodeIgniter\CodeIgniter->handleRequest(null, Object(Config\Cache), false)
10 FCPATH\index.php(67): CodeIgniter\CodeIgniter->run()
ERROR - 2026-04-23 14:43:18 --> mysqli_sql_exception: Unknown column 'agendas.tecnico_id' in 'on clause' in C:\xampp\htdocs\web.local\system\Database\MySQLi\Connection.php:295
Stack trace:
#0 C:\xampp\htdocs\web.local\system\Database\MySQLi\Connection.php(295): mysqli->query('SELECT `t`.`nom...', 0)
#1 C:\xampp\htdocs\web.local\system\Database\BaseConnection.php(692): CodeIgniter\Database\MySQLi\Connection->execute('SELECT `t`.`nom...')
#2 C:\xampp\htdocs\web.local\system\Database\BaseConnection.php(606): CodeIgniter\Database\BaseConnection->simpleQuery('SELECT `t`.`nom...')
#3 C:\xampp\htdocs\web.local\system\Database\BaseBuilder.php(1616): CodeIgniter\Database\BaseConnection->query('SELECT `t`.`nom...', Array, false)
#4 C:\xampp\htdocs\web.local\system\Model.php(836): CodeIgniter\Database\BaseBuilder->get()
#5 C:\xampp\htdocs\web.local\app\Controllers\Dashboard.php(25): CodeIgniter\Model->__call('get', Array)
#6 C:\xampp\htdocs\web.local\system\CodeIgniter.php(932): App\Controllers\Dashboard->index()
#7 C:\xampp\htdocs\web.local\system\CodeIgniter.php(497): CodeIgniter\CodeIgniter->runController(Object(App\Controllers\Dashboard))
#8 C:\xampp\htdocs\web.local\system\CodeIgniter.php(366): CodeIgniter\CodeIgniter->handleRequest(NULL, Object(Config\Cache), false)
#9 C:\xampp\htdocs\web.local\public\index.php(67): CodeIgniter\CodeIgniter->run()
#10 {main}
CRITICAL - 2026-04-23 14:43:18 --> Unknown column 'agendas.tecnico_id' in 'on clause'
in SYSTEMPATH\Database\MySQLi\Connection.php on line 295.
 1 SYSTEMPATH\Database\MySQLi\Connection.php(295): mysqli->query('SELECT `t`.`nome`, COUNT(*) as total
FROM `visitas`
JOIN `tecnicos_fields` `t` ON `t`.`tecnico_id` = `agendas`.`tecnico_id`
GROUP BY `t`.`nome`', 0)
 2 SYSTEMPATH\Database\BaseConnection.php(692): CodeIgniter\Database\MySQLi\Connection->execute('SELECT `t`.`nome`, COUNT(*) as total
FROM `visitas`
JOIN `tecnicos_fields` `t` ON `t`.`tecnico_id` = `agendas`.`tecnico_id`
GROUP BY `t`.`nome`')
 3 SYSTEMPATH\Database\BaseConnection.php(606): CodeIgniter\Database\BaseConnection->simpleQuery('SELECT `t`.`nome`, COUNT(*) as total
FROM `visitas`
JOIN `tecnicos_fields` `t` ON `t`.`tecnico_id` = `agendas`.`tecnico_id`
GROUP BY `t`.`nome`')
 4 SYSTEMPATH\Database\BaseBuilder.php(1616): CodeIgniter\Database\BaseConnection->query('SELECT `t`.`nome`, COUNT(*) as total
FROM `visitas`
JOIN `tecnicos_fields` `t` ON `t`.`tecnico_id` = `agendas`.`tecnico_id`
GROUP BY `t`.`nome`', [], false)
 5 SYSTEMPATH\Model.php(836): CodeIgniter\Database\BaseBuilder->get()
 6 APPPATH\Controllers\Dashboard.php(25): CodeIgniter\Model->__call('get', [])
 7 SYSTEMPATH\CodeIgniter.php(932): App\Controllers\Dashboard->index()
 8 SYSTEMPATH\CodeIgniter.php(497): CodeIgniter\CodeIgniter->runController(Object(App\Controllers\Dashboard))
 9 SYSTEMPATH\CodeIgniter.php(366): CodeIgniter\CodeIgniter->handleRequest(null, Object(Config\Cache), false)
10 FCPATH\index.php(67): CodeIgniter\CodeIgniter->run()
ERROR - 2026-04-23 14:43:59 --> mysqli_sql_exception: Unknown column 'agendas.tecnico_id' in 'on clause' in C:\xampp\htdocs\web.local\system\Database\MySQLi\Connection.php:295
Stack trace:
#0 C:\xampp\htdocs\web.local\system\Database\MySQLi\Connection.php(295): mysqli->query('SELECT `t`.`nom...', 0)
#1 C:\xampp\htdocs\web.local\system\Database\BaseConnection.php(692): CodeIgniter\Database\MySQLi\Connection->execute('SELECT `t`.`nom...')
#2 C:\xampp\htdocs\web.local\system\Database\BaseConnection.php(606): CodeIgniter\Database\BaseConnection->simpleQuery('SELECT `t`.`nom...')
#3 C:\xampp\htdocs\web.local\system\Database\BaseBuilder.php(1616): CodeIgniter\Database\BaseConnection->query('SELECT `t`.`nom...', Array, false)
#4 C:\xampp\htdocs\web.local\system\Model.php(836): CodeIgniter\Database\BaseBuilder->get()
#5 C:\xampp\htdocs\web.local\app\Controllers\Dashboard.php(25): CodeIgniter\Model->__call('get', Array)
#6 C:\xampp\htdocs\web.local\system\CodeIgniter.php(932): App\Controllers\Dashboard->index()
#7 C:\xampp\htdocs\web.local\system\CodeIgniter.php(497): CodeIgniter\CodeIgniter->runController(Object(App\Controllers\Dashboard))
#8 C:\xampp\htdocs\web.local\system\CodeIgniter.php(366): CodeIgniter\CodeIgniter->handleRequest(NULL, Object(Config\Cache), false)
#9 C:\xampp\htdocs\web.local\public\index.php(67): CodeIgniter\CodeIgniter->run()
#10 {main}
CRITICAL - 2026-04-23 14:43:59 --> Unknown column 'agendas.tecnico_id' in 'on clause'
in SYSTEMPATH\Database\MySQLi\Connection.php on line 295.
 1 SYSTEMPATH\Database\MySQLi\Connection.php(295): mysqli->query('SELECT `t`.`nome`, COUNT(*) as total
FROM `visitas`
JOIN `tecnicos_fields` `t` ON `t`.`tecnico_id` = `agendas`.`tecnico_id`
GROUP BY `t`.`nome`', 0)
 2 SYSTEMPATH\Database\BaseConnection.php(692): CodeIgniter\Database\MySQLi\Connection->execute('SELECT `t`.`nome`, COUNT(*) as total
FROM `visitas`
JOIN `tecnicos_fields` `t` ON `t`.`tecnico_id` = `agendas`.`tecnico_id`
GROUP BY `t`.`nome`')
 3 SYSTEMPATH\Database\BaseConnection.php(606): CodeIgniter\Database\BaseConnection->simpleQuery('SELECT `t`.`nome`, COUNT(*) as total
FROM `visitas`
JOIN `tecnicos_fields` `t` ON `t`.`tecnico_id` = `agendas`.`tecnico_id`
GROUP BY `t`.`nome`')
 4 SYSTEMPATH\Database\BaseBuilder.php(1616): CodeIgniter\Database\BaseConnection->query('SELECT `t`.`nome`, COUNT(*) as total
FROM `visitas`
JOIN `tecnicos_fields` `t` ON `t`.`tecnico_id` = `agendas`.`tecnico_id`
GROUP BY `t`.`nome`', [], false)
 5 SYSTEMPATH\Model.php(836): CodeIgniter\Database\BaseBuilder->get()
 6 APPPATH\Controllers\Dashboard.php(25): CodeIgniter\Model->__call('get', [])
 7 SYSTEMPATH\CodeIgniter.php(932): App\Controllers\Dashboard->index()
 8 SYSTEMPATH\CodeIgniter.php(497): CodeIgniter\CodeIgniter->runController(Object(App\Controllers\Dashboard))
 9 SYSTEMPATH\CodeIgniter.php(366): CodeIgniter\CodeIgniter->handleRequest(null, Object(Config\Cache), false)
10 FCPATH\index.php(67): CodeIgniter\CodeIgniter->run()
ERROR - 2026-04-23 14:44:03 --> mysqli_sql_exception: Unknown column 'agendas.tecnico_id' in 'on clause' in C:\xampp\htdocs\web.local\system\Database\MySQLi\Connection.php:295
Stack trace:
#0 C:\xampp\htdocs\web.local\system\Database\MySQLi\Connection.php(295): mysqli->query('SELECT `t`.`nom...', 0)
#1 C:\xampp\htdocs\web.local\system\Database\BaseConnection.php(692): CodeIgniter\Database\MySQLi\Connection->execute('SELECT `t`.`nom...')
#2 C:\xampp\htdocs\web.local\system\Database\BaseConnection.php(606): CodeIgniter\Database\BaseConnection->simpleQuery('SELECT `t`.`nom...')
#3 C:\xampp\htdocs\web.local\system\Database\BaseBuilder.php(1616): CodeIgniter\Database\BaseConnection->query('SELECT `t`.`nom...', Array, false)
#4 C:\xampp\htdocs\web.local\system\Model.php(836): CodeIgniter\Database\BaseBuilder->get()
#5 C:\xampp\htdocs\web.local\app\Controllers\Dashboard.php(25): CodeIgniter\Model->__call('get', Array)
#6 C:\xampp\htdocs\web.local\system\CodeIgniter.php(932): App\Controllers\Dashboard->index()
#7 C:\xampp\htdocs\web.local\system\CodeIgniter.php(497): CodeIgniter\CodeIgniter->runController(Object(App\Controllers\Dashboard))
#8 C:\xampp\htdocs\web.local\system\CodeIgniter.php(366): CodeIgniter\CodeIgniter->handleRequest(NULL, Object(Config\Cache), false)
#9 C:\xampp\htdocs\web.local\public\index.php(67): CodeIgniter\CodeIgniter->run()
#10 {main}
CRITICAL - 2026-04-23 14:44:03 --> Unknown column 'agendas.tecnico_id' in 'on clause'
in SYSTEMPATH\Database\MySQLi\Connection.php on line 295.
 1 SYSTEMPATH\Database\MySQLi\Connection.php(295): mysqli->query('SELECT `t`.`nome`, COUNT(*) as total
FROM `visitas`
JOIN `tecnicos_fields` `t` ON `t`.`tecnico_id` = `agendas`.`tecnico_id`
GROUP BY `t`.`nome`', 0)
 2 SYSTEMPATH\Database\BaseConnection.php(692): CodeIgniter\Database\MySQLi\Connection->execute('SELECT `t`.`nome`, COUNT(*) as total
FROM `visitas`
JOIN `tecnicos_fields` `t` ON `t`.`tecnico_id` = `agendas`.`tecnico_id`
GROUP BY `t`.`nome`')
 3 SYSTEMPATH\Database\BaseConnection.php(606): CodeIgniter\Database\BaseConnection->simpleQuery('SELECT `t`.`nome`, COUNT(*) as total
FROM `visitas`
JOIN `tecnicos_fields` `t` ON `t`.`tecnico_id` = `agendas`.`tecnico_id`
GROUP BY `t`.`nome`')
 4 SYSTEMPATH\Database\BaseBuilder.php(1616): CodeIgniter\Database\BaseConnection->query('SELECT `t`.`nome`, COUNT(*) as total
FROM `visitas`
JOIN `tecnicos_fields` `t` ON `t`.`tecnico_id` = `agendas`.`tecnico_id`
GROUP BY `t`.`nome`', [], false)
 5 SYSTEMPATH\Model.php(836): CodeIgniter\Database\BaseBuilder->get()
 6 APPPATH\Controllers\Dashboard.php(25): CodeIgniter\Model->__call('get', [])
 7 SYSTEMPATH\CodeIgniter.php(932): App\Controllers\Dashboard->index()
 8 SYSTEMPATH\CodeIgniter.php(497): CodeIgniter\CodeIgniter->runController(Object(App\Controllers\Dashboard))
 9 SYSTEMPATH\CodeIgniter.php(366): CodeIgniter\CodeIgniter->handleRequest(null, Object(Config\Cache), false)
10 FCPATH\index.php(67): CodeIgniter\CodeIgniter->run()
