ERROR - 2026-07-06 13:11:56 --> mysqli_sql_exception: Cannot add or update a child row: a foreign key constraint fails (`sistema_web`.`processos`, CONSTRAINT `fk_processos_escola` FOREIGN KEY (`escola`) REFERENCES `escolas` (`Nome`)) in C:\xampp\htdocs\web.local\system\Database\MySQLi\Connection.php:295
Stack trace:
#0 C:\xampp\htdocs\web.local\system\Database\MySQLi\Connection.php(295): mysqli->query('INSERT INTO `pr...', 0)
#1 C:\xampp\htdocs\web.local\system\Database\BaseConnection.php(692): CodeIgniter\Database\MySQLi\Connection->execute('INSERT INTO `pr...')
#2 C:\xampp\htdocs\web.local\system\Database\BaseConnection.php(606): CodeIgniter\Database\BaseConnection->simpleQuery('INSERT INTO `pr...')
#3 C:\xampp\htdocs\web.local\system\Database\BaseBuilder.php(2309): CodeIgniter\Database\BaseConnection->query('INSERT INTO `pr...', Array, false)
#4 C:\xampp\htdocs\web.local\system\Model.php(330): CodeIgniter\Database\BaseBuilder->insert()
#5 C:\xampp\htdocs\web.local\system\BaseModel.php(782): CodeIgniter\Model->doInsert(Array)
#6 C:\xampp\htdocs\web.local\system\Model.php(730): CodeIgniter\BaseModel->insert(Array, true)
#7 C:\xampp\htdocs\web.local\app\Controllers\Nova.php(41): CodeIgniter\Model->insert(Array)
#8 C:\xampp\htdocs\web.local\system\CodeIgniter.php(932): App\Controllers\Nova->cadastrar()
#9 C:\xampp\htdocs\web.local\system\CodeIgniter.php(497): CodeIgniter\CodeIgniter->runController(Object(App\Controllers\Nova))
#10 C:\xampp\htdocs\web.local\system\CodeIgniter.php(366): CodeIgniter\CodeIgniter->handleRequest(NULL, Object(Config\Cache), false)
#11 C:\xampp\htdocs\web.local\public\index.php(67): CodeIgniter\CodeIgniter->run()
#12 {main}
CRITICAL - 2026-07-06 13:11:57 --> Cannot add or update a child row: a foreign key constraint fails (`sistema_web`.`processos`, CONSTRAINT `fk_processos_escola` FOREIGN KEY (`escola`) REFERENCES `escolas` (`Nome`))
in SYSTEMPATH\Database\MySQLi\Connection.php on line 295.
 1 SYSTEMPATH\Database\MySQLi\Connection.php(295): mysqli->query('INSERT INTO `processos` (`assunto`, `escola`, `dataEntrada`, `dataSaida`, `mesaDestino`, `comarca`) VALUES (\'aaaaaa\', \'24\', \'2026-07-07\', \'2026-07-08\', \'222\', \'1212\')', 0)
 2 SYSTEMPATH\Database\BaseConnection.php(692): CodeIgniter\Database\MySQLi\Connection->execute('INSERT INTO `processos` (`assunto`, `escola`, `dataEntrada`, `dataSaida`, `mesaDestino`, `comarca`) VALUES (\'aaaaaa\', \'24\', \'2026-07-07\', \'2026-07-08\', \'222\', \'1212\')')
 3 SYSTEMPATH\Database\BaseConnection.php(606): CodeIgniter\Database\BaseConnection->simpleQuery('INSERT INTO `processos` (`assunto`, `escola`, `dataEntrada`, `dataSaida`, `mesaDestino`, `comarca`) VALUES (\'aaaaaa\', \'24\', \'2026-07-07\', \'2026-07-08\', \'222\', \'1212\')')
 4 SYSTEMPATH\Database\BaseBuilder.php(2309): CodeIgniter\Database\BaseConnection->query('INSERT INTO `processos` (`assunto`, `escola`, `dataEntrada`, `dataSaida`, `mesaDestino`, `comarca`) VALUES (:assunto:, :escola:, :dataEntrada:, :dataSaida:, :mesaDestino:, :comarca:)', [...], false)
 5 SYSTEMPATH\Model.php(330): CodeIgniter\Database\BaseBuilder->insert()
 6 SYSTEMPATH\BaseModel.php(782): CodeIgniter\Model->doInsert([...])
 7 SYSTEMPATH\Model.php(730): CodeIgniter\BaseModel->insert([...], true)
 8 APPPATH\Controllers\Nova.php(41): CodeIgniter\Model->insert([...])
 9 SYSTEMPATH\CodeIgniter.php(932): App\Controllers\Nova->cadastrar()
10 SYSTEMPATH\CodeIgniter.php(497): CodeIgniter\CodeIgniter->runController(Object(App\Controllers\Nova))
11 SYSTEMPATH\CodeIgniter.php(366): CodeIgniter\CodeIgniter->handleRequest(null, Object(Config\Cache), false)
12 FCPATH\index.php(67): CodeIgniter\CodeIgniter->run()
CRITICAL - 2026-07-06 13:26:07 --> Too few arguments to function App\Controllers\Nova::excluir(), 0 passed in C:\xampp\htdocs\web.local\system\CodeIgniter.php on line 932 and exactly 1 expected
in APPPATH\Controllers\Nova.php on line 54.
 1 SYSTEMPATH\CodeIgniter.php(932): App\Controllers\Nova->excluir()
 2 SYSTEMPATH\CodeIgniter.php(497): CodeIgniter\CodeIgniter->runController(Object(App\Controllers\Nova))
 3 SYSTEMPATH\CodeIgniter.php(366): CodeIgniter\CodeIgniter->handleRequest(null, Object(Config\Cache), false)
 4 FCPATH\index.php(67): CodeIgniter\CodeIgniter->run()
CRITICAL - 2026-07-06 13:30:23 --> Too few arguments to function App\Controllers\Nova::excluir(), 0 passed in C:\xampp\htdocs\web.local\system\CodeIgniter.php on line 932 and exactly 1 expected
in APPPATH\Controllers\Nova.php on line 54.
 1 SYSTEMPATH\CodeIgniter.php(932): App\Controllers\Nova->excluir()
 2 SYSTEMPATH\CodeIgniter.php(497): CodeIgniter\CodeIgniter->runController(Object(App\Controllers\Nova))
 3 SYSTEMPATH\CodeIgniter.php(366): CodeIgniter\CodeIgniter->handleRequest(null, Object(Config\Cache), false)
 4 FCPATH\index.php(67): CodeIgniter\CodeIgniter->run()
CRITICAL - 2026-07-06 14:09:40 --> Too few arguments to function App\Controllers\Nova::excluir(), 0 passed in C:\xampp\htdocs\web.local\system\CodeIgniter.php on line 932 and exactly 1 expected
in APPPATH\Controllers\Nova.php on line 66.
 1 SYSTEMPATH\CodeIgniter.php(932): App\Controllers\Nova->excluir()
 2 SYSTEMPATH\CodeIgniter.php(497): CodeIgniter\CodeIgniter->runController(Object(App\Controllers\Nova))
 3 SYSTEMPATH\CodeIgniter.php(366): CodeIgniter\CodeIgniter->handleRequest(null, Object(Config\Cache), false)
 4 FCPATH\index.php(67): CodeIgniter\CodeIgniter->run()
CRITICAL - 2026-07-06 14:17:54 --> Too few arguments to function App\Controllers\Nova::excluir(), 0 passed in C:\xampp\htdocs\web.local\system\CodeIgniter.php on line 932 and exactly 1 expected
in APPPATH\Controllers\Nova.php on line 66.
 1 SYSTEMPATH\CodeIgniter.php(932): App\Controllers\Nova->excluir()
 2 SYSTEMPATH\CodeIgniter.php(497): CodeIgniter\CodeIgniter->runController(Object(App\Controllers\Nova))
 3 SYSTEMPATH\CodeIgniter.php(366): CodeIgniter\CodeIgniter->handleRequest(null, Object(Config\Cache), false)
 4 FCPATH\index.php(67): CodeIgniter\CodeIgniter->run()
ERROR - 2026-07-06 14:18:13 --> mysqli_sql_exception: Duplicate entry 'Alberto Augusto, Pastor' for key 'escola' in C:\xampp\htdocs\web.local\system\Database\MySQLi\Connection.php:295
Stack trace:
#0 C:\xampp\htdocs\web.local\system\Database\MySQLi\Connection.php(295): mysqli->query('INSERT INTO `pr...', 0)
#1 C:\xampp\htdocs\web.local\system\Database\BaseConnection.php(692): CodeIgniter\Database\MySQLi\Connection->execute('INSERT INTO `pr...')
#2 C:\xampp\htdocs\web.local\system\Database\BaseConnection.php(606): CodeIgniter\Database\BaseConnection->simpleQuery('INSERT INTO `pr...')
#3 C:\xampp\htdocs\web.local\system\Database\BaseBuilder.php(2309): CodeIgniter\Database\BaseConnection->query('INSERT INTO `pr...', Array, false)
#4 C:\xampp\htdocs\web.local\system\Model.php(330): CodeIgniter\Database\BaseBuilder->insert()
#5 C:\xampp\htdocs\web.local\system\BaseModel.php(782): CodeIgniter\Model->doInsert(Array)
#6 C:\xampp\htdocs\web.local\system\Model.php(730): CodeIgniter\BaseModel->insert(Array, true)
#7 C:\xampp\htdocs\web.local\app\Controllers\Nova.php(44): CodeIgniter\Model->insert(Array)
#8 C:\xampp\htdocs\web.local\system\CodeIgniter.php(932): App\Controllers\Nova->cadastrar()
#9 C:\xampp\htdocs\web.local\system\CodeIgniter.php(497): CodeIgniter\CodeIgniter->runController(Object(App\Controllers\Nova))
#10 C:\xampp\htdocs\web.local\system\CodeIgniter.php(366): CodeIgniter\CodeIgniter->handleRequest(NULL, Object(Config\Cache), false)
#11 C:\xampp\htdocs\web.local\public\index.php(67): CodeIgniter\CodeIgniter->run()
#12 {main}
CRITICAL - 2026-07-06 14:18:13 --> Duplicate entry 'Alberto Augusto, Pastor' for key 'escola'
in SYSTEMPATH\Database\MySQLi\Connection.php on line 295.
 1 SYSTEMPATH\Database\MySQLi\Connection.php(295): mysqli->query('INSERT INTO `processos` (`numeroSEI`, `assunto`, `escola`, `dataEntrada`, `dataSaida`, `mesaDestino`, `comarca`) VALUES (\'1111\', \'\', \'Alberto Augusto, Pastor\', \'\', \'\', \'\', \'\')', 0)
 2 SYSTEMPATH\Database\BaseConnection.php(692): CodeIgniter\Database\MySQLi\Connection->execute('INSERT INTO `processos` (`numeroSEI`, `assunto`, `escola`, `dataEntrada`, `dataSaida`, `mesaDestino`, `comarca`) VALUES (\'1111\', \'\', \'Alberto Augusto, Pastor\', \'\', \'\', \'\', \'\')')
 3 SYSTEMPATH\Database\BaseConnection.php(606): CodeIgniter\Database\BaseConnection->simpleQuery('INSERT INTO `processos` (`numeroSEI`, `assunto`, `escola`, `dataEntrada`, `dataSaida`, `mesaDestino`, `comarca`) VALUES (\'1111\', \'\', \'Alberto Augusto, Pastor\', \'\', \'\', \'\', \'\')')
 4 SYSTEMPATH\Database\BaseBuilder.php(2309): CodeIgniter\Database\BaseConnection->query('INSERT INTO `processos` (`numeroSEI`, `assunto`, `escola`, `dataEntrada`, `dataSaida`, `mesaDestino`, `comarca`) VALUES (:numeroSEI:, :assunto:, :escola:, :dataEntrada:, :dataSaida:, :mesaDestino:, :comarca:)', [...], false)
 5 SYSTEMPATH\Model.php(330): CodeIgniter\Database\BaseBuilder->insert()
 6 SYSTEMPATH\BaseModel.php(782): CodeIgniter\Model->doInsert([...])
 7 SYSTEMPATH\Model.php(730): CodeIgniter\BaseModel->insert([...], true)
 8 APPPATH\Controllers\Nova.php(44): CodeIgniter\Model->insert([...])
 9 SYSTEMPATH\CodeIgniter.php(932): App\Controllers\Nova->cadastrar()
10 SYSTEMPATH\CodeIgniter.php(497): CodeIgniter\CodeIgniter->runController(Object(App\Controllers\Nova))
11 SYSTEMPATH\CodeIgniter.php(366): CodeIgniter\CodeIgniter->handleRequest(null, Object(Config\Cache), false)
12 FCPATH\index.php(67): CodeIgniter\CodeIgniter->run()
CRITICAL - 2026-07-06 14:36:49 --> Too few arguments to function App\Controllers\Nova::excluir(), 0 passed in C:\xampp\htdocs\web.local\system\CodeIgniter.php on line 932 and exactly 1 expected
in APPPATH\Controllers\Nova.php on line 72.
 1 SYSTEMPATH\CodeIgniter.php(932): App\Controllers\Nova->excluir()
 2 SYSTEMPATH\CodeIgniter.php(497): CodeIgniter\CodeIgniter->runController(Object(App\Controllers\Nova))
 3 SYSTEMPATH\CodeIgniter.php(366): CodeIgniter\CodeIgniter->handleRequest(null, Object(Config\Cache), false)
 4 FCPATH\index.php(67): CodeIgniter\CodeIgniter->run()
CRITICAL - 2026-07-06 15:11:10 --> Too few arguments to function App\Controllers\Nova::excluir(), 0 passed in C:\xampp\htdocs\web.local\system\CodeIgniter.php on line 932 and exactly 1 expected
in APPPATH\Controllers\Nova.php on line 75.
 1 SYSTEMPATH\CodeIgniter.php(932): App\Controllers\Nova->excluir()
 2 SYSTEMPATH\CodeIgniter.php(497): CodeIgniter\CodeIgniter->runController(Object(App\Controllers\Nova))
 3 SYSTEMPATH\CodeIgniter.php(366): CodeIgniter\CodeIgniter->handleRequest(null, Object(Config\Cache), false)
 4 FCPATH\index.php(67): CodeIgniter\CodeIgniter->run()
CRITICAL - 2026-07-06 16:53:31 --> Undefined variable $totalTime
in SYSTEMPATH\Debug\Toolbar\Views\toolbar.tpl.php on line 40.
 1 SYSTEMPATH\Debug\Toolbar\Views\toolbar.tpl.php(40): CodeIgniter\Debug\Exceptions->errorHandler(2, 'Undefined variable $totalTime', 'C:\\xampp\\htdocs\\web.local\\system\\Debug\\Toolbar\\Views\\toolbar.tpl.php', 40)
 2 SYSTEMPATH\Debug\Toolbar.php(511): include('C:\\xampp\\htdocs\\web.local\\system\\Debug\\Toolbar\\Views\\toolbar.tpl.php')
 3 SYSTEMPATH\Debug\Toolbar.php(474): CodeIgniter\Debug\Toolbar->format([...], 'html')
 4 APPPATH\Config\Events.php(46): CodeIgniter\Debug\Toolbar->respond()
 5 SYSTEMPATH\Events\Events.php(149): CodeIgniter\Events\Events::Config\{closure}()
 6 SYSTEMPATH\CodeIgniter.php(348): CodeIgniter\Events\Events::trigger('pre_system')
 7 FCPATH\index.php(67): CodeIgniter\CodeIgniter->run()
