ERROR - 2026-08-04 10:20:17 --> mysqli_sql_exception: Cannot add or update a child row: a foreign key constraint fails (`sistema_web`.`itens`, CONSTRAINT `fk_itens_kit` FOREIGN KEY (`numero_mochila`) REFERENCES `kits` (`id_kit`) ON DELETE CASCADE ON UPDATE CASCADE) in C:\xampp\htdocs\web.local\system\Database\MySQLi\Connection.php:295
Stack trace:
#0 C:\xampp\htdocs\web.local\system\Database\MySQLi\Connection.php(295): mysqli->query('INSERT INTO `it...', 0)
#1 C:\xampp\htdocs\web.local\system\Database\BaseConnection.php(692): CodeIgniter\Database\MySQLi\Connection->execute('INSERT INTO `it...')
#2 C:\xampp\htdocs\web.local\system\Database\BaseConnection.php(606): CodeIgniter\Database\BaseConnection->simpleQuery('INSERT INTO `it...')
#3 C:\xampp\htdocs\web.local\system\Database\BaseBuilder.php(2309): CodeIgniter\Database\BaseConnection->query('INSERT INTO `it...', Array, false)
#4 C:\xampp\htdocs\web.local\app\Models\InventarioModel.php(194): CodeIgniter\Database\BaseBuilder->insert(Array)
#5 C:\xampp\htdocs\web.local\app\Controllers\Inventario.php(29): App\Models\InventarioModel->saveKit(Array)
#6 C:\xampp\htdocs\web.local\system\CodeIgniter.php(932): App\Controllers\Inventario->salvar()
#7 C:\xampp\htdocs\web.local\system\CodeIgniter.php(497): CodeIgniter\CodeIgniter->runController(Object(App\Controllers\Inventario))
#8 C:\xampp\htdocs\web.local\system\CodeIgniter.php(366): CodeIgniter\CodeIgniter->handleRequest(NULL, Object(Config\Cache), false)
#9 C:\xampp\htdocs\web.local\public\index.php(67): CodeIgniter\CodeIgniter->run()
#10 {main}
ERROR - 2026-08-04 10:20:17 --> mysqli_sql_exception: Cannot add or update a child row: a foreign key constraint fails (`sistema_web`.`itens`, CONSTRAINT `fk_itens_kit` FOREIGN KEY (`numero_mochila`) REFERENCES `kits` (`id_kit`) ON DELETE CASCADE ON UPDATE CASCADE) in C:\xampp\htdocs\web.local\system\Database\MySQLi\Connection.php:295
Stack trace:
#0 C:\xampp\htdocs\web.local\system\Database\MySQLi\Connection.php(295): mysqli->query('INSERT INTO `it...', 0)
#1 C:\xampp\htdocs\web.local\system\Database\BaseConnection.php(692): CodeIgniter\Database\MySQLi\Connection->execute('INSERT INTO `it...')
#2 C:\xampp\htdocs\web.local\system\Database\BaseConnection.php(606): CodeIgniter\Database\BaseConnection->simpleQuery('INSERT INTO `it...')
#3 C:\xampp\htdocs\web.local\system\Database\BaseBuilder.php(2309): CodeIgniter\Database\BaseConnection->query('INSERT INTO `it...', Array, false)
#4 C:\xampp\htdocs\web.local\app\Models\InventarioModel.php(194): CodeIgniter\Database\BaseBuilder->insert(Array)
#5 C:\xampp\htdocs\web.local\app\Controllers\Inventario.php(29): App\Models\InventarioModel->saveKit(Array)
#6 C:\xampp\htdocs\web.local\system\CodeIgniter.php(932): App\Controllers\Inventario->salvar()
#7 C:\xampp\htdocs\web.local\system\CodeIgniter.php(497): CodeIgniter\CodeIgniter->runController(Object(App\Controllers\Inventario))
#8 C:\xampp\htdocs\web.local\system\CodeIgniter.php(366): CodeIgniter\CodeIgniter->handleRequest(NULL, Object(Config\Cache), false)
#9 C:\xampp\htdocs\web.local\public\index.php(67): CodeIgniter\CodeIgniter->run()
#10 {main}
ERROR - 2026-08-04 10:20:17 --> mysqli_sql_exception: Cannot add or update a child row: a foreign key constraint fails (`sistema_web`.`itens`, CONSTRAINT `fk_itens_kit` FOREIGN KEY (`numero_mochila`) REFERENCES `kits` (`id_kit`) ON DELETE CASCADE ON UPDATE CASCADE) in C:\xampp\htdocs\web.local\system\Database\MySQLi\Connection.php:295
Stack trace:
#0 C:\xampp\htdocs\web.local\system\Database\MySQLi\Connection.php(295): mysqli->query('INSERT INTO `it...', 0)
#1 C:\xampp\htdocs\web.local\system\Database\BaseConnection.php(692): CodeIgniter\Database\MySQLi\Connection->execute('INSERT INTO `it...')
#2 C:\xampp\htdocs\web.local\system\Database\BaseConnection.php(606): CodeIgniter\Database\BaseConnection->simpleQuery('INSERT INTO `it...')
#3 C:\xampp\htdocs\web.local\system\Database\BaseBuilder.php(2309): CodeIgniter\Database\BaseConnection->query('INSERT INTO `it...', Array, false)
#4 C:\xampp\htdocs\web.local\app\Models\InventarioModel.php(194): CodeIgniter\Database\BaseBuilder->insert(Array)
#5 C:\xampp\htdocs\web.local\app\Controllers\Inventario.php(29): App\Models\InventarioModel->saveKit(Array)
#6 C:\xampp\htdocs\web.local\system\CodeIgniter.php(932): App\Controllers\Inventario->salvar()
#7 C:\xampp\htdocs\web.local\system\CodeIgniter.php(497): CodeIgniter\CodeIgniter->runController(Object(App\Controllers\Inventario))
#8 C:\xampp\htdocs\web.local\system\CodeIgniter.php(366): CodeIgniter\CodeIgniter->handleRequest(NULL, Object(Config\Cache), false)
#9 C:\xampp\htdocs\web.local\public\index.php(67): CodeIgniter\CodeIgniter->run()
#10 {main}
INFO - 2026-08-04 10:20:18 --> Session: Class initialized using 'CodeIgniter\Session\Handlers\FileHandler' driver.
ERROR - 2026-08-04 10:21:48 --> mysqli_sql_exception: Cannot add or update a child row: a foreign key constraint fails (`sistema_web`.`itens`, CONSTRAINT `fk_itens_kit` FOREIGN KEY (`numero_mochila`) REFERENCES `kits` (`id_kit`) ON DELETE CASCADE ON UPDATE CASCADE) in C:\xampp\htdocs\web.local\system\Database\MySQLi\Connection.php:295
Stack trace:
#0 C:\xampp\htdocs\web.local\system\Database\MySQLi\Connection.php(295): mysqli->query('INSERT INTO `it...', 0)
#1 C:\xampp\htdocs\web.local\system\Database\BaseConnection.php(692): CodeIgniter\Database\MySQLi\Connection->execute('INSERT INTO `it...')
#2 C:\xampp\htdocs\web.local\system\Database\BaseConnection.php(606): CodeIgniter\Database\BaseConnection->simpleQuery('INSERT INTO `it...')
#3 C:\xampp\htdocs\web.local\system\Database\BaseBuilder.php(2309): CodeIgniter\Database\BaseConnection->query('INSERT INTO `it...', Array, false)
#4 C:\xampp\htdocs\web.local\app\Models\InventarioModel.php(194): CodeIgniter\Database\BaseBuilder->insert(Array)
#5 C:\xampp\htdocs\web.local\app\Controllers\Inventario.php(29): App\Models\InventarioModel->saveKit(Array)
#6 C:\xampp\htdocs\web.local\system\CodeIgniter.php(932): App\Controllers\Inventario->salvar()
#7 C:\xampp\htdocs\web.local\system\CodeIgniter.php(497): CodeIgniter\CodeIgniter->runController(Object(App\Controllers\Inventario))
#8 C:\xampp\htdocs\web.local\system\CodeIgniter.php(366): CodeIgniter\CodeIgniter->handleRequest(NULL, Object(Config\Cache), false)
#9 C:\xampp\htdocs\web.local\public\index.php(67): CodeIgniter\CodeIgniter->run()
#10 {main}
ERROR - 2026-08-04 10:21:48 --> mysqli_sql_exception: Cannot add or update a child row: a foreign key constraint fails (`sistema_web`.`itens`, CONSTRAINT `fk_itens_kit` FOREIGN KEY (`numero_mochila`) REFERENCES `kits` (`id_kit`) ON DELETE CASCADE ON UPDATE CASCADE) in C:\xampp\htdocs\web.local\system\Database\MySQLi\Connection.php:295
Stack trace:
#0 C:\xampp\htdocs\web.local\system\Database\MySQLi\Connection.php(295): mysqli->query('INSERT INTO `it...', 0)
#1 C:\xampp\htdocs\web.local\system\Database\BaseConnection.php(692): CodeIgniter\Database\MySQLi\Connection->execute('INSERT INTO `it...')
#2 C:\xampp\htdocs\web.local\system\Database\BaseConnection.php(606): CodeIgniter\Database\BaseConnection->simpleQuery('INSERT INTO `it...')
#3 C:\xampp\htdocs\web.local\system\Database\BaseBuilder.php(2309): CodeIgniter\Database\BaseConnection->query('INSERT INTO `it...', Array, false)
#4 C:\xampp\htdocs\web.local\app\Models\InventarioModel.php(194): CodeIgniter\Database\BaseBuilder->insert(Array)
#5 C:\xampp\htdocs\web.local\app\Controllers\Inventario.php(29): App\Models\InventarioModel->saveKit(Array)
#6 C:\xampp\htdocs\web.local\system\CodeIgniter.php(932): App\Controllers\Inventario->salvar()
#7 C:\xampp\htdocs\web.local\system\CodeIgniter.php(497): CodeIgniter\CodeIgniter->runController(Object(App\Controllers\Inventario))
#8 C:\xampp\htdocs\web.local\system\CodeIgniter.php(366): CodeIgniter\CodeIgniter->handleRequest(NULL, Object(Config\Cache), false)
#9 C:\xampp\htdocs\web.local\public\index.php(67): CodeIgniter\CodeIgniter->run()
#10 {main}
ERROR - 2026-08-04 10:21:48 --> mysqli_sql_exception: Cannot add or update a child row: a foreign key constraint fails (`sistema_web`.`itens`, CONSTRAINT `fk_itens_kit` FOREIGN KEY (`numero_mochila`) REFERENCES `kits` (`id_kit`) ON DELETE CASCADE ON UPDATE CASCADE) in C:\xampp\htdocs\web.local\system\Database\MySQLi\Connection.php:295
Stack trace:
#0 C:\xampp\htdocs\web.local\system\Database\MySQLi\Connection.php(295): mysqli->query('INSERT INTO `it...', 0)
#1 C:\xampp\htdocs\web.local\system\Database\BaseConnection.php(692): CodeIgniter\Database\MySQLi\Connection->execute('INSERT INTO `it...')
#2 C:\xampp\htdocs\web.local\system\Database\BaseConnection.php(606): CodeIgniter\Database\BaseConnection->simpleQuery('INSERT INTO `it...')
#3 C:\xampp\htdocs\web.local\system\Database\BaseBuilder.php(2309): CodeIgniter\Database\BaseConnection->query('INSERT INTO `it...', Array, false)
#4 C:\xampp\htdocs\web.local\app\Models\InventarioModel.php(194): CodeIgniter\Database\BaseBuilder->insert(Array)
#5 C:\xampp\htdocs\web.local\app\Controllers\Inventario.php(29): App\Models\InventarioModel->saveKit(Array)
#6 C:\xampp\htdocs\web.local\system\CodeIgniter.php(932): App\Controllers\Inventario->salvar()
#7 C:\xampp\htdocs\web.local\system\CodeIgniter.php(497): CodeIgniter\CodeIgniter->runController(Object(App\Controllers\Inventario))
#8 C:\xampp\htdocs\web.local\system\CodeIgniter.php(366): CodeIgniter\CodeIgniter->handleRequest(NULL, Object(Config\Cache), false)
#9 C:\xampp\htdocs\web.local\public\index.php(67): CodeIgniter\CodeIgniter->run()
#10 {main}
INFO - 2026-08-04 10:21:48 --> Session: Class initialized using 'CodeIgniter\Session\Handlers\FileHandler' driver.
ERROR - 2026-08-04 10:22:05 --> mysqli_sql_exception: Cannot add or update a child row: a foreign key constraint fails (`sistema_web`.`itens`, CONSTRAINT `fk_itens_kit` FOREIGN KEY (`numero_mochila`) REFERENCES `kits` (`id_kit`) ON DELETE CASCADE ON UPDATE CASCADE) in C:\xampp\htdocs\web.local\system\Database\MySQLi\Connection.php:295
Stack trace:
#0 C:\xampp\htdocs\web.local\system\Database\MySQLi\Connection.php(295): mysqli->query('INSERT INTO `it...', 0)
#1 C:\xampp\htdocs\web.local\system\Database\BaseConnection.php(692): CodeIgniter\Database\MySQLi\Connection->execute('INSERT INTO `it...')
#2 C:\xampp\htdocs\web.local\system\Database\BaseConnection.php(606): CodeIgniter\Database\BaseConnection->simpleQuery('INSERT INTO `it...')
#3 C:\xampp\htdocs\web.local\system\Database\BaseBuilder.php(2309): CodeIgniter\Database\BaseConnection->query('INSERT INTO `it...', Array, false)
#4 C:\xampp\htdocs\web.local\app\Models\InventarioModel.php(190): CodeIgniter\Database\BaseBuilder->insert(Array)
#5 C:\xampp\htdocs\web.local\app\Controllers\Inventario.php(29): App\Models\InventarioModel->saveKit(Array)
#6 C:\xampp\htdocs\web.local\system\CodeIgniter.php(932): App\Controllers\Inventario->salvar()
#7 C:\xampp\htdocs\web.local\system\CodeIgniter.php(497): CodeIgniter\CodeIgniter->runController(Object(App\Controllers\Inventario))
#8 C:\xampp\htdocs\web.local\system\CodeIgniter.php(366): CodeIgniter\CodeIgniter->handleRequest(NULL, Object(Config\Cache), false)
#9 C:\xampp\htdocs\web.local\public\index.php(67): CodeIgniter\CodeIgniter->run()
#10 {main}
ERROR - 2026-08-04 10:22:05 --> mysqli_sql_exception: Cannot add or update a child row: a foreign key constraint fails (`sistema_web`.`itens`, CONSTRAINT `fk_itens_kit` FOREIGN KEY (`numero_mochila`) REFERENCES `kits` (`id_kit`) ON DELETE CASCADE ON UPDATE CASCADE) in C:\xampp\htdocs\web.local\system\Database\MySQLi\Connection.php:295
Stack trace:
#0 C:\xampp\htdocs\web.local\system\Database\MySQLi\Connection.php(295): mysqli->query('INSERT INTO `it...', 0)
#1 C:\xampp\htdocs\web.local\system\Database\BaseConnection.php(692): CodeIgniter\Database\MySQLi\Connection->execute('INSERT INTO `it...')
#2 C:\xampp\htdocs\web.local\system\Database\BaseConnection.php(606): CodeIgniter\Database\BaseConnection->simpleQuery('INSERT INTO `it...')
#3 C:\xampp\htdocs\web.local\system\Database\BaseBuilder.php(2309): CodeIgniter\Database\BaseConnection->query('INSERT INTO `it...', Array, false)
#4 C:\xampp\htdocs\web.local\app\Models\InventarioModel.php(190): CodeIgniter\Database\BaseBuilder->insert(Array)
#5 C:\xampp\htdocs\web.local\app\Controllers\Inventario.php(29): App\Models\InventarioModel->saveKit(Array)
#6 C:\xampp\htdocs\web.local\system\CodeIgniter.php(932): App\Controllers\Inventario->salvar()
#7 C:\xampp\htdocs\web.local\system\CodeIgniter.php(497): CodeIgniter\CodeIgniter->runController(Object(App\Controllers\Inventario))
#8 C:\xampp\htdocs\web.local\system\CodeIgniter.php(366): CodeIgniter\CodeIgniter->handleRequest(NULL, Object(Config\Cache), false)
#9 C:\xampp\htdocs\web.local\public\index.php(67): CodeIgniter\CodeIgniter->run()
#10 {main}
ERROR - 2026-08-04 10:22:05 --> mysqli_sql_exception: Cannot add or update a child row: a foreign key constraint fails (`sistema_web`.`itens`, CONSTRAINT `fk_itens_kit` FOREIGN KEY (`numero_mochila`) REFERENCES `kits` (`id_kit`) ON DELETE CASCADE ON UPDATE CASCADE) in C:\xampp\htdocs\web.local\system\Database\MySQLi\Connection.php:295
Stack trace:
#0 C:\xampp\htdocs\web.local\system\Database\MySQLi\Connection.php(295): mysqli->query('INSERT INTO `it...', 0)
#1 C:\xampp\htdocs\web.local\system\Database\BaseConnection.php(692): CodeIgniter\Database\MySQLi\Connection->execute('INSERT INTO `it...')
#2 C:\xampp\htdocs\web.local\system\Database\BaseConnection.php(606): CodeIgniter\Database\BaseConnection->simpleQuery('INSERT INTO `it...')
#3 C:\xampp\htdocs\web.local\system\Database\BaseBuilder.php(2309): CodeIgniter\Database\BaseConnection->query('INSERT INTO `it...', Array, false)
#4 C:\xampp\htdocs\web.local\app\Models\InventarioModel.php(190): CodeIgniter\Database\BaseBuilder->insert(Array)
#5 C:\xampp\htdocs\web.local\app\Controllers\Inventario.php(29): App\Models\InventarioModel->saveKit(Array)
#6 C:\xampp\htdocs\web.local\system\CodeIgniter.php(932): App\Controllers\Inventario->salvar()
#7 C:\xampp\htdocs\web.local\system\CodeIgniter.php(497): CodeIgniter\CodeIgniter->runController(Object(App\Controllers\Inventario))
#8 C:\xampp\htdocs\web.local\system\CodeIgniter.php(366): CodeIgniter\CodeIgniter->handleRequest(NULL, Object(Config\Cache), false)
#9 C:\xampp\htdocs\web.local\public\index.php(67): CodeIgniter\CodeIgniter->run()
#10 {main}
INFO - 2026-08-04 10:22:05 --> Session: Class initialized using 'CodeIgniter\Session\Handlers\FileHandler' driver.
ERROR - 2026-08-04 10:31:45 --> mysqli_sql_exception: Cannot add or update a child row: a foreign key constraint fails (`sistema_web`.`itens`, CONSTRAINT `fk_itens_kit` FOREIGN KEY (`numero_mochila`) REFERENCES `kits` (`id_kit`) ON DELETE CASCADE ON UPDATE CASCADE) in C:\xampp\htdocs\web.local\system\Database\MySQLi\Connection.php:295
Stack trace:
#0 C:\xampp\htdocs\web.local\system\Database\MySQLi\Connection.php(295): mysqli->query('INSERT INTO `it...', 0)
#1 C:\xampp\htdocs\web.local\system\Database\BaseConnection.php(692): CodeIgniter\Database\MySQLi\Connection->execute('INSERT INTO `it...')
#2 C:\xampp\htdocs\web.local\system\Database\BaseConnection.php(606): CodeIgniter\Database\BaseConnection->simpleQuery('INSERT INTO `it...')
#3 C:\xampp\htdocs\web.local\system\Database\BaseBuilder.php(2309): CodeIgniter\Database\BaseConnection->query('INSERT INTO `it...', Array, false)
#4 C:\xampp\htdocs\web.local\app\Models\InventarioModel.php(198): CodeIgniter\Database\BaseBuilder->insert(Array)
#5 C:\xampp\htdocs\web.local\app\Controllers\Inventario.php(29): App\Models\InventarioModel->saveKit(Array)
#6 C:\xampp\htdocs\web.local\system\CodeIgniter.php(932): App\Controllers\Inventario->salvar()
#7 C:\xampp\htdocs\web.local\system\CodeIgniter.php(497): CodeIgniter\CodeIgniter->runController(Object(App\Controllers\Inventario))
#8 C:\xampp\htdocs\web.local\system\CodeIgniter.php(366): CodeIgniter\CodeIgniter->handleRequest(NULL, Object(Config\Cache), false)
#9 C:\xampp\htdocs\web.local\public\index.php(67): CodeIgniter\CodeIgniter->run()
#10 {main}
ERROR - 2026-08-04 10:31:45 --> mysqli_sql_exception: Cannot add or update a child row: a foreign key constraint fails (`sistema_web`.`itens`, CONSTRAINT `fk_itens_kit` FOREIGN KEY (`numero_mochila`) REFERENCES `kits` (`id_kit`) ON DELETE CASCADE ON UPDATE CASCADE) in C:\xampp\htdocs\web.local\system\Database\MySQLi\Connection.php:295
Stack trace:
#0 C:\xampp\htdocs\web.local\system\Database\MySQLi\Connection.php(295): mysqli->query('INSERT INTO `it...', 0)
#1 C:\xampp\htdocs\web.local\system\Database\BaseConnection.php(692): CodeIgniter\Database\MySQLi\Connection->execute('INSERT INTO `it...')
#2 C:\xampp\htdocs\web.local\system\Database\BaseConnection.php(606): CodeIgniter\Database\BaseConnection->simpleQuery('INSERT INTO `it...')
#3 C:\xampp\htdocs\web.local\system\Database\BaseBuilder.php(2309): CodeIgniter\Database\BaseConnection->query('INSERT INTO `it...', Array, false)
#4 C:\xampp\htdocs\web.local\app\Models\InventarioModel.php(198): CodeIgniter\Database\BaseBuilder->insert(Array)
#5 C:\xampp\htdocs\web.local\app\Controllers\Inventario.php(29): App\Models\InventarioModel->saveKit(Array)
#6 C:\xampp\htdocs\web.local\system\CodeIgniter.php(932): App\Controllers\Inventario->salvar()
#7 C:\xampp\htdocs\web.local\system\CodeIgniter.php(497): CodeIgniter\CodeIgniter->runController(Object(App\Controllers\Inventario))
#8 C:\xampp\htdocs\web.local\system\CodeIgniter.php(366): CodeIgniter\CodeIgniter->handleRequest(NULL, Object(Config\Cache), false)
#9 C:\xampp\htdocs\web.local\public\index.php(67): CodeIgniter\CodeIgniter->run()
#10 {main}
ERROR - 2026-08-04 10:31:45 --> mysqli_sql_exception: Cannot add or update a child row: a foreign key constraint fails (`sistema_web`.`itens`, CONSTRAINT `fk_itens_kit` FOREIGN KEY (`numero_mochila`) REFERENCES `kits` (`id_kit`) ON DELETE CASCADE ON UPDATE CASCADE) in C:\xampp\htdocs\web.local\system\Database\MySQLi\Connection.php:295
Stack trace:
#0 C:\xampp\htdocs\web.local\system\Database\MySQLi\Connection.php(295): mysqli->query('INSERT INTO `it...', 0)
#1 C:\xampp\htdocs\web.local\system\Database\BaseConnection.php(692): CodeIgniter\Database\MySQLi\Connection->execute('INSERT INTO `it...')
#2 C:\xampp\htdocs\web.local\system\Database\BaseConnection.php(606): CodeIgniter\Database\BaseConnection->simpleQuery('INSERT INTO `it...')
#3 C:\xampp\htdocs\web.local\system\Database\BaseBuilder.php(2309): CodeIgniter\Database\BaseConnection->query('INSERT INTO `it...', Array, false)
#4 C:\xampp\htdocs\web.local\app\Models\InventarioModel.php(198): CodeIgniter\Database\BaseBuilder->insert(Array)
#5 C:\xampp\htdocs\web.local\app\Controllers\Inventario.php(29): App\Models\InventarioModel->saveKit(Array)
#6 C:\xampp\htdocs\web.local\system\CodeIgniter.php(932): App\Controllers\Inventario->salvar()
#7 C:\xampp\htdocs\web.local\system\CodeIgniter.php(497): CodeIgniter\CodeIgniter->runController(Object(App\Controllers\Inventario))
#8 C:\xampp\htdocs\web.local\system\CodeIgniter.php(366): CodeIgniter\CodeIgniter->handleRequest(NULL, Object(Config\Cache), false)
#9 C:\xampp\htdocs\web.local\public\index.php(67): CodeIgniter\CodeIgniter->run()
#10 {main}
INFO - 2026-08-04 10:31:45 --> Session: Class initialized using 'CodeIgniter\Session\Handlers\FileHandler' driver.
ERROR - 2026-08-04 10:34:48 --> mysqli_sql_exception: Cannot add or update a child row: a foreign key constraint fails (`sistema_web`.`itens`, CONSTRAINT `fk_itens_kit` FOREIGN KEY (`numero_mochila`) REFERENCES `kits` (`id_kit`) ON DELETE CASCADE ON UPDATE CASCADE) in C:\xampp\htdocs\web.local\system\Database\MySQLi\Connection.php:295
Stack trace:
#0 C:\xampp\htdocs\web.local\system\Database\MySQLi\Connection.php(295): mysqli->query('INSERT INTO `it...', 0)
#1 C:\xampp\htdocs\web.local\system\Database\BaseConnection.php(692): CodeIgniter\Database\MySQLi\Connection->execute('INSERT INTO `it...')
#2 C:\xampp\htdocs\web.local\system\Database\BaseConnection.php(606): CodeIgniter\Database\BaseConnection->simpleQuery('INSERT INTO `it...')
#3 C:\xampp\htdocs\web.local\system\Database\BaseBuilder.php(2309): CodeIgniter\Database\BaseConnection->query('INSERT INTO `it...', Array, false)
#4 C:\xampp\htdocs\web.local\app\Models\InventarioModel.php(205): CodeIgniter\Database\BaseBuilder->insert(Array)
#5 C:\xampp\htdocs\web.local\app\Controllers\Inventario.php(29): App\Models\InventarioModel->saveKit(Array)
#6 C:\xampp\htdocs\web.local\system\CodeIgniter.php(932): App\Controllers\Inventario->salvar()
#7 C:\xampp\htdocs\web.local\system\CodeIgniter.php(497): CodeIgniter\CodeIgniter->runController(Object(App\Controllers\Inventario))
#8 C:\xampp\htdocs\web.local\system\CodeIgniter.php(366): CodeIgniter\CodeIgniter->handleRequest(NULL, Object(Config\Cache), false)
#9 C:\xampp\htdocs\web.local\public\index.php(67): CodeIgniter\CodeIgniter->run()
#10 {main}
ERROR - 2026-08-04 10:34:48 --> mysqli_sql_exception: Cannot add or update a child row: a foreign key constraint fails (`sistema_web`.`itens`, CONSTRAINT `fk_itens_kit` FOREIGN KEY (`numero_mochila`) REFERENCES `kits` (`id_kit`) ON DELETE CASCADE ON UPDATE CASCADE) in C:\xampp\htdocs\web.local\system\Database\MySQLi\Connection.php:295
Stack trace:
#0 C:\xampp\htdocs\web.local\system\Database\MySQLi\Connection.php(295): mysqli->query('INSERT INTO `it...', 0)
#1 C:\xampp\htdocs\web.local\system\Database\BaseConnection.php(692): CodeIgniter\Database\MySQLi\Connection->execute('INSERT INTO `it...')
#2 C:\xampp\htdocs\web.local\system\Database\BaseConnection.php(606): CodeIgniter\Database\BaseConnection->simpleQuery('INSERT INTO `it...')
#3 C:\xampp\htdocs\web.local\system\Database\BaseBuilder.php(2309): CodeIgniter\Database\BaseConnection->query('INSERT INTO `it...', Array, false)
#4 C:\xampp\htdocs\web.local\app\Models\InventarioModel.php(205): CodeIgniter\Database\BaseBuilder->insert(Array)
#5 C:\xampp\htdocs\web.local\app\Controllers\Inventario.php(29): App\Models\InventarioModel->saveKit(Array)
#6 C:\xampp\htdocs\web.local\system\CodeIgniter.php(932): App\Controllers\Inventario->salvar()
#7 C:\xampp\htdocs\web.local\system\CodeIgniter.php(497): CodeIgniter\CodeIgniter->runController(Object(App\Controllers\Inventario))
#8 C:\xampp\htdocs\web.local\system\CodeIgniter.php(366): CodeIgniter\CodeIgniter->handleRequest(NULL, Object(Config\Cache), false)
#9 C:\xampp\htdocs\web.local\public\index.php(67): CodeIgniter\CodeIgniter->run()
#10 {main}
ERROR - 2026-08-04 10:34:48 --> mysqli_sql_exception: Cannot add or update a child row: a foreign key constraint fails (`sistema_web`.`itens`, CONSTRAINT `fk_itens_kit` FOREIGN KEY (`numero_mochila`) REFERENCES `kits` (`id_kit`) ON DELETE CASCADE ON UPDATE CASCADE) in C:\xampp\htdocs\web.local\system\Database\MySQLi\Connection.php:295
Stack trace:
#0 C:\xampp\htdocs\web.local\system\Database\MySQLi\Connection.php(295): mysqli->query('INSERT INTO `it...', 0)
#1 C:\xampp\htdocs\web.local\system\Database\BaseConnection.php(692): CodeIgniter\Database\MySQLi\Connection->execute('INSERT INTO `it...')
#2 C:\xampp\htdocs\web.local\system\Database\BaseConnection.php(606): CodeIgniter\Database\BaseConnection->simpleQuery('INSERT INTO `it...')
#3 C:\xampp\htdocs\web.local\system\Database\BaseBuilder.php(2309): CodeIgniter\Database\BaseConnection->query('INSERT INTO `it...', Array, false)
#4 C:\xampp\htdocs\web.local\app\Models\InventarioModel.php(205): CodeIgniter\Database\BaseBuilder->insert(Array)
#5 C:\xampp\htdocs\web.local\app\Controllers\Inventario.php(29): App\Models\InventarioModel->saveKit(Array)
#6 C:\xampp\htdocs\web.local\system\CodeIgniter.php(932): App\Controllers\Inventario->salvar()
#7 C:\xampp\htdocs\web.local\system\CodeIgniter.php(497): CodeIgniter\CodeIgniter->runController(Object(App\Controllers\Inventario))
#8 C:\xampp\htdocs\web.local\system\CodeIgniter.php(366): CodeIgniter\CodeIgniter->handleRequest(NULL, Object(Config\Cache), false)
#9 C:\xampp\htdocs\web.local\public\index.php(67): CodeIgniter\CodeIgniter->run()
#10 {main}
INFO - 2026-08-04 10:34:48 --> Session: Class initialized using 'CodeIgniter\Session\Handlers\FileHandler' driver.
INFO - 2026-08-04 10:35:32 --> Session: Class initialized using 'CodeIgniter\Session\Handlers\FileHandler' driver.
INFO - 2026-08-04 10:36:34 --> Session: Class initialized using 'CodeIgniter\Session\Handlers\FileHandler' driver.
INFO - 2026-08-04 10:36:52 --> Session: Class initialized using 'CodeIgniter\Session\Handlers\FileHandler' driver.
INFO - 2026-08-04 10:37:06 --> Session: Class initialized using 'CodeIgniter\Session\Handlers\FileHandler' driver.
INFO - 2026-08-04 10:38:31 --> Session: Class initialized using 'CodeIgniter\Session\Handlers\FileHandler' driver.
INFO - 2026-08-04 11:08:24 --> Session: Class initialized using 'CodeIgniter\Session\Handlers\FileHandler' driver.
ERROR - 2026-08-04 11:08:32 --> mysqli_sql_exception: Cannot add or update a child row: a foreign key constraint fails (`sistema_web`.`itens`, CONSTRAINT `fk_itens_kit` FOREIGN KEY (`numero_mochila`) REFERENCES `kits` (`id_kit`) ON DELETE CASCADE ON UPDATE CASCADE) in C:\xampp\htdocs\web.local\system\Database\MySQLi\Connection.php:295
Stack trace:
#0 C:\xampp\htdocs\web.local\system\Database\MySQLi\Connection.php(295): mysqli->query('UPDATE `itens` ...', 0)
#1 C:\xampp\htdocs\web.local\system\Database\BaseConnection.php(692): CodeIgniter\Database\MySQLi\Connection->execute('UPDATE `itens` ...')
#2 C:\xampp\htdocs\web.local\system\Database\BaseConnection.php(606): CodeIgniter\Database\BaseConnection->simpleQuery('UPDATE `itens` ...')
#3 C:\xampp\htdocs\web.local\system\Database\BaseBuilder.php(2476): CodeIgniter\Database\BaseConnection->query('UPDATE `itens` ...', Array, false)
#4 C:\xampp\htdocs\web.local\app\Models\InventarioModel.php(134): CodeIgniter\Database\BaseBuilder->update()
#5 C:\xampp\htdocs\web.local\app\Controllers\Inventario.php(29): App\Models\InventarioModel->saveKit(Array)
#6 C:\xampp\htdocs\web.local\system\CodeIgniter.php(932): App\Controllers\Inventario->salvar()
#7 C:\xampp\htdocs\web.local\system\CodeIgniter.php(497): CodeIgniter\CodeIgniter->runController(Object(App\Controllers\Inventario))
#8 C:\xampp\htdocs\web.local\system\CodeIgniter.php(366): CodeIgniter\CodeIgniter->handleRequest(NULL, Object(Config\Cache), false)
#9 C:\xampp\htdocs\web.local\public\index.php(67): CodeIgniter\CodeIgniter->run()
#10 {main}
INFO - 2026-08-04 11:08:32 --> Session: Class initialized using 'CodeIgniter\Session\Handlers\FileHandler' driver.
INFO - 2026-08-04 11:08:36 --> Session: Class initialized using 'CodeIgniter\Session\Handlers\FileHandler' driver.
INFO - 2026-08-04 11:08:41 --> Session: Class initialized using 'CodeIgniter\Session\Handlers\FileHandler' driver.
INFO - 2026-08-04 11:08:42 --> Session: Class initialized using 'CodeIgniter\Session\Handlers\FileHandler' driver.
INFO - 2026-08-04 11:08:45 --> Session: Class initialized using 'CodeIgniter\Session\Handlers\FileHandler' driver.
INFO - 2026-08-04 11:08:47 --> Session: Class initialized using 'CodeIgniter\Session\Handlers\FileHandler' driver.
INFO - 2026-08-04 11:08:51 --> Session: Class initialized using 'CodeIgniter\Session\Handlers\FileHandler' driver.
ERROR - 2026-08-04 11:09:03 --> mysqli_sql_exception: Cannot add or update a child row: a foreign key constraint fails (`sistema_web`.`itens`, CONSTRAINT `fk_itens_kit` FOREIGN KEY (`numero_mochila`) REFERENCES `kits` (`id_kit`) ON DELETE CASCADE ON UPDATE CASCADE) in C:\xampp\htdocs\web.local\system\Database\MySQLi\Connection.php:295
Stack trace:
#0 C:\xampp\htdocs\web.local\system\Database\MySQLi\Connection.php(295): mysqli->query('INSERT INTO `it...', 0)
#1 C:\xampp\htdocs\web.local\system\Database\BaseConnection.php(692): CodeIgniter\Database\MySQLi\Connection->execute('INSERT INTO `it...')
#2 C:\xampp\htdocs\web.local\system\Database\BaseConnection.php(606): CodeIgniter\Database\BaseConnection->simpleQuery('INSERT INTO `it...')
#3 C:\xampp\htdocs\web.local\system\Database\BaseBuilder.php(2309): CodeIgniter\Database\BaseConnection->query('INSERT INTO `it...', Array, false)
#4 C:\xampp\htdocs\web.local\app\Models\InventarioModel.php(222): CodeIgniter\Database\BaseBuilder->insert(Array)
#5 C:\xampp\htdocs\web.local\app\Controllers\Inventario.php(29): App\Models\InventarioModel->saveKit(Array)
#6 C:\xampp\htdocs\web.local\system\CodeIgniter.php(932): App\Controllers\Inventario->salvar()
#7 C:\xampp\htdocs\web.local\system\CodeIgniter.php(497): CodeIgniter\CodeIgniter->runController(Object(App\Controllers\Inventario))
#8 C:\xampp\htdocs\web.local\system\CodeIgniter.php(366): CodeIgniter\CodeIgniter->handleRequest(NULL, Object(Config\Cache), false)
#9 C:\xampp\htdocs\web.local\public\index.php(67): CodeIgniter\CodeIgniter->run()
#10 {main}
ERROR - 2026-08-04 11:09:03 --> mysqli_sql_exception: Cannot add or update a child row: a foreign key constraint fails (`sistema_web`.`itens`, CONSTRAINT `fk_itens_kit` FOREIGN KEY (`numero_mochila`) REFERENCES `kits` (`id_kit`) ON DELETE CASCADE ON UPDATE CASCADE) in C:\xampp\htdocs\web.local\system\Database\MySQLi\Connection.php:295
Stack trace:
#0 C:\xampp\htdocs\web.local\system\Database\MySQLi\Connection.php(295): mysqli->query('INSERT INTO `it...', 0)
#1 C:\xampp\htdocs\web.local\system\Database\BaseConnection.php(692): CodeIgniter\Database\MySQLi\Connection->execute('INSERT INTO `it...')
#2 C:\xampp\htdocs\web.local\system\Database\BaseConnection.php(606): CodeIgniter\Database\BaseConnection->simpleQuery('INSERT INTO `it...')
#3 C:\xampp\htdocs\web.local\system\Database\BaseBuilder.php(2309): CodeIgniter\Database\BaseConnection->query('INSERT INTO `it...', Array, false)
#4 C:\xampp\htdocs\web.local\app\Models\InventarioModel.php(222): CodeIgniter\Database\BaseBuilder->insert(Array)
#5 C:\xampp\htdocs\web.local\app\Controllers\Inventario.php(29): App\Models\InventarioModel->saveKit(Array)
#6 C:\xampp\htdocs\web.local\system\CodeIgniter.php(932): App\Controllers\Inventario->salvar()
#7 C:\xampp\htdocs\web.local\system\CodeIgniter.php(497): CodeIgniter\CodeIgniter->runController(Object(App\Controllers\Inventario))
#8 C:\xampp\htdocs\web.local\system\CodeIgniter.php(366): CodeIgniter\CodeIgniter->handleRequest(NULL, Object(Config\Cache), false)
#9 C:\xampp\htdocs\web.local\public\index.php(67): CodeIgniter\CodeIgniter->run()
#10 {main}
ERROR - 2026-08-04 11:09:03 --> mysqli_sql_exception: Cannot add or update a child row: a foreign key constraint fails (`sistema_web`.`itens`, CONSTRAINT `fk_itens_kit` FOREIGN KEY (`numero_mochila`) REFERENCES `kits` (`id_kit`) ON DELETE CASCADE ON UPDATE CASCADE) in C:\xampp\htdocs\web.local\system\Database\MySQLi\Connection.php:295
Stack trace:
#0 C:\xampp\htdocs\web.local\system\Database\MySQLi\Connection.php(295): mysqli->query('INSERT INTO `it...', 0)
#1 C:\xampp\htdocs\web.local\system\Database\BaseConnection.php(692): CodeIgniter\Database\MySQLi\Connection->execute('INSERT INTO `it...')
#2 C:\xampp\htdocs\web.local\system\Database\BaseConnection.php(606): CodeIgniter\Database\BaseConnection->simpleQuery('INSERT INTO `it...')
#3 C:\xampp\htdocs\web.local\system\Database\BaseBuilder.php(2309): CodeIgniter\Database\BaseConnection->query('INSERT INTO `it...', Array, false)
#4 C:\xampp\htdocs\web.local\app\Models\InventarioModel.php(222): CodeIgniter\Database\BaseBuilder->insert(Array)
#5 C:\xampp\htdocs\web.local\app\Controllers\Inventario.php(29): App\Models\InventarioModel->saveKit(Array)
#6 C:\xampp\htdocs\web.local\system\CodeIgniter.php(932): App\Controllers\Inventario->salvar()
#7 C:\xampp\htdocs\web.local\system\CodeIgniter.php(497): CodeIgniter\CodeIgniter->runController(Object(App\Controllers\Inventario))
#8 C:\xampp\htdocs\web.local\system\CodeIgniter.php(366): CodeIgniter\CodeIgniter->handleRequest(NULL, Object(Config\Cache), false)
#9 C:\xampp\htdocs\web.local\public\index.php(67): CodeIgniter\CodeIgniter->run()
#10 {main}
INFO - 2026-08-04 11:09:03 --> Session: Class initialized using 'CodeIgniter\Session\Handlers\FileHandler' driver.
ERROR - 2026-08-04 11:09:35 --> mysqli_sql_exception: Cannot add or update a child row: a foreign key constraint fails (`sistema_web`.`itens`, CONSTRAINT `fk_itens_kit` FOREIGN KEY (`numero_mochila`) REFERENCES `kits` (`id_kit`) ON DELETE CASCADE ON UPDATE CASCADE) in C:\xampp\htdocs\web.local\system\Database\MySQLi\Connection.php:295
Stack trace:
#0 C:\xampp\htdocs\web.local\system\Database\MySQLi\Connection.php(295): mysqli->query('INSERT INTO `it...', 0)
#1 C:\xampp\htdocs\web.local\system\Database\BaseConnection.php(692): CodeIgniter\Database\MySQLi\Connection->execute('INSERT INTO `it...')
#2 C:\xampp\htdocs\web.local\system\Database\BaseConnection.php(606): CodeIgniter\Database\BaseConnection->simpleQuery('INSERT INTO `it...')
#3 C:\xampp\htdocs\web.local\system\Database\BaseBuilder.php(2309): CodeIgniter\Database\BaseConnection->query('INSERT INTO `it...', Array, false)
#4 C:\xampp\htdocs\web.local\app\Models\InventarioModel.php(222): CodeIgniter\Database\BaseBuilder->insert(Array)
#5 C:\xampp\htdocs\web.local\app\Controllers\Inventario.php(29): App\Models\InventarioModel->saveKit(Array)
#6 C:\xampp\htdocs\web.local\system\CodeIgniter.php(932): App\Controllers\Inventario->salvar()
#7 C:\xampp\htdocs\web.local\system\CodeIgniter.php(497): CodeIgniter\CodeIgniter->runController(Object(App\Controllers\Inventario))
#8 C:\xampp\htdocs\web.local\system\CodeIgniter.php(366): CodeIgniter\CodeIgniter->handleRequest(NULL, Object(Config\Cache), false)
#9 C:\xampp\htdocs\web.local\public\index.php(67): CodeIgniter\CodeIgniter->run()
#10 {main}
ERROR - 2026-08-04 11:09:35 --> mysqli_sql_exception: Cannot add or update a child row: a foreign key constraint fails (`sistema_web`.`itens`, CONSTRAINT `fk_itens_kit` FOREIGN KEY (`numero_mochila`) REFERENCES `kits` (`id_kit`) ON DELETE CASCADE ON UPDATE CASCADE) in C:\xampp\htdocs\web.local\system\Database\MySQLi\Connection.php:295
Stack trace:
#0 C:\xampp\htdocs\web.local\system\Database\MySQLi\Connection.php(295): mysqli->query('INSERT INTO `it...', 0)
#1 C:\xampp\htdocs\web.local\system\Database\BaseConnection.php(692): CodeIgniter\Database\MySQLi\Connection->execute('INSERT INTO `it...')
#2 C:\xampp\htdocs\web.local\system\Database\BaseConnection.php(606): CodeIgniter\Database\BaseConnection->simpleQuery('INSERT INTO `it...')
#3 C:\xampp\htdocs\web.local\system\Database\BaseBuilder.php(2309): CodeIgniter\Database\BaseConnection->query('INSERT INTO `it...', Array, false)
#4 C:\xampp\htdocs\web.local\app\Models\InventarioModel.php(222): CodeIgniter\Database\BaseBuilder->insert(Array)
#5 C:\xampp\htdocs\web.local\app\Controllers\Inventario.php(29): App\Models\InventarioModel->saveKit(Array)
#6 C:\xampp\htdocs\web.local\system\CodeIgniter.php(932): App\Controllers\Inventario->salvar()
#7 C:\xampp\htdocs\web.local\system\CodeIgniter.php(497): CodeIgniter\CodeIgniter->runController(Object(App\Controllers\Inventario))
#8 C:\xampp\htdocs\web.local\system\CodeIgniter.php(366): CodeIgniter\CodeIgniter->handleRequest(NULL, Object(Config\Cache), false)
#9 C:\xampp\htdocs\web.local\public\index.php(67): CodeIgniter\CodeIgniter->run()
#10 {main}
ERROR - 2026-08-04 11:09:35 --> mysqli_sql_exception: Cannot add or update a child row: a foreign key constraint fails (`sistema_web`.`itens`, CONSTRAINT `fk_itens_kit` FOREIGN KEY (`numero_mochila`) REFERENCES `kits` (`id_kit`) ON DELETE CASCADE ON UPDATE CASCADE) in C:\xampp\htdocs\web.local\system\Database\MySQLi\Connection.php:295
Stack trace:
#0 C:\xampp\htdocs\web.local\system\Database\MySQLi\Connection.php(295): mysqli->query('INSERT INTO `it...', 0)
#1 C:\xampp\htdocs\web.local\system\Database\BaseConnection.php(692): CodeIgniter\Database\MySQLi\Connection->execute('INSERT INTO `it...')
#2 C:\xampp\htdocs\web.local\system\Database\BaseConnection.php(606): CodeIgniter\Database\BaseConnection->simpleQuery('INSERT INTO `it...')
#3 C:\xampp\htdocs\web.local\system\Database\BaseBuilder.php(2309): CodeIgniter\Database\BaseConnection->query('INSERT INTO `it...', Array, false)
#4 C:\xampp\htdocs\web.local\app\Models\InventarioModel.php(222): CodeIgniter\Database\BaseBuilder->insert(Array)
#5 C:\xampp\htdocs\web.local\app\Controllers\Inventario.php(29): App\Models\InventarioModel->saveKit(Array)
#6 C:\xampp\htdocs\web.local\system\CodeIgniter.php(932): App\Controllers\Inventario->salvar()
#7 C:\xampp\htdocs\web.local\system\CodeIgniter.php(497): CodeIgniter\CodeIgniter->runController(Object(App\Controllers\Inventario))
#8 C:\xampp\htdocs\web.local\system\CodeIgniter.php(366): CodeIgniter\CodeIgniter->handleRequest(NULL, Object(Config\Cache), false)
#9 C:\xampp\htdocs\web.local\public\index.php(67): CodeIgniter\CodeIgniter->run()
#10 {main}
INFO - 2026-08-04 11:09:35 --> Session: Class initialized using 'CodeIgniter\Session\Handlers\FileHandler' driver.
INFO - 2026-08-04 11:09:50 --> Session: Class initialized using 'CodeIgniter\Session\Handlers\FileHandler' driver.
ERROR - 2026-08-04 11:13:56 --> mysqli_sql_exception: Column 'numero' cannot be null in C:\xampp\htdocs\web.local\system\Database\MySQLi\Connection.php:295
Stack trace:
#0 C:\xampp\htdocs\web.local\system\Database\MySQLi\Connection.php(295): mysqli->query('INSERT INTO `ki...', 0)
#1 C:\xampp\htdocs\web.local\system\Database\BaseConnection.php(692): CodeIgniter\Database\MySQLi\Connection->execute('INSERT INTO `ki...')
#2 C:\xampp\htdocs\web.local\system\Database\BaseConnection.php(606): CodeIgniter\Database\BaseConnection->simpleQuery('INSERT INTO `ki...')
#3 C:\xampp\htdocs\web.local\system\Database\BaseBuilder.php(2309): CodeIgniter\Database\BaseConnection->query('INSERT INTO `ki...', Array, false)
#4 C:\xampp\htdocs\web.local\app\Models\InventarioModel.php(155): CodeIgniter\Database\BaseBuilder->insert(Array)
#5 C:\xampp\htdocs\web.local\app\Controllers\Inventario.php(29): App\Models\InventarioModel->saveKit(Array)
#6 C:\xampp\htdocs\web.local\system\CodeIgniter.php(932): App\Controllers\Inventario->salvar()
#7 C:\xampp\htdocs\web.local\system\CodeIgniter.php(497): CodeIgniter\CodeIgniter->runController(Object(App\Controllers\Inventario))
#8 C:\xampp\htdocs\web.local\system\CodeIgniter.php(366): CodeIgniter\CodeIgniter->handleRequest(NULL, Object(Config\Cache), false)
#9 C:\xampp\htdocs\web.local\public\index.php(67): CodeIgniter\CodeIgniter->run()
#10 {main}
ERROR - 2026-08-04 11:13:56 --> mysqli_sql_exception: Cannot add or update a child row: a foreign key constraint fails (`sistema_web`.`itens`, CONSTRAINT `fk_itens_kit` FOREIGN KEY (`numero_mochila`) REFERENCES `kits` (`id_kit`) ON DELETE CASCADE ON UPDATE CASCADE) in C:\xampp\htdocs\web.local\system\Database\MySQLi\Connection.php:295
Stack trace:
#0 C:\xampp\htdocs\web.local\system\Database\MySQLi\Connection.php(295): mysqli->query('INSERT INTO `it...', 0)
#1 C:\xampp\htdocs\web.local\system\Database\BaseConnection.php(692): CodeIgniter\Database\MySQLi\Connection->execute('INSERT INTO `it...')
#2 C:\xampp\htdocs\web.local\system\Database\BaseConnection.php(606): CodeIgniter\Database\BaseConnection->simpleQuery('INSERT INTO `it...')
#3 C:\xampp\htdocs\web.local\system\Database\BaseBuilder.php(2309): CodeIgniter\Database\BaseConnection->query('INSERT INTO `it...', Array, false)
#4 C:\xampp\htdocs\web.local\app\Models\InventarioModel.php(229): CodeIgniter\Database\BaseBuilder->insert(Array)
#5 C:\xampp\htdocs\web.local\app\Controllers\Inventario.php(29): App\Models\InventarioModel->saveKit(Array)
#6 C:\xampp\htdocs\web.local\system\CodeIgniter.php(932): App\Controllers\Inventario->salvar()
#7 C:\xampp\htdocs\web.local\system\CodeIgniter.php(497): CodeIgniter\CodeIgniter->runController(Object(App\Controllers\Inventario))
#8 C:\xampp\htdocs\web.local\system\CodeIgniter.php(366): CodeIgniter\CodeIgniter->handleRequest(NULL, Object(Config\Cache), false)
#9 C:\xampp\htdocs\web.local\public\index.php(67): CodeIgniter\CodeIgniter->run()
#10 {main}
ERROR - 2026-08-04 11:13:56 --> mysqli_sql_exception: Cannot add or update a child row: a foreign key constraint fails (`sistema_web`.`itens`, CONSTRAINT `fk_itens_kit` FOREIGN KEY (`numero_mochila`) REFERENCES `kits` (`id_kit`) ON DELETE CASCADE ON UPDATE CASCADE) in C:\xampp\htdocs\web.local\system\Database\MySQLi\Connection.php:295
Stack trace:
#0 C:\xampp\htdocs\web.local\system\Database\MySQLi\Connection.php(295): mysqli->query('INSERT INTO `it...', 0)
#1 C:\xampp\htdocs\web.local\system\Database\BaseConnection.php(692): CodeIgniter\Database\MySQLi\Connection->execute('INSERT INTO `it...')
#2 C:\xampp\htdocs\web.local\system\Database\BaseConnection.php(606): CodeIgniter\Database\BaseConnection->simpleQuery('INSERT INTO `it...')
#3 C:\xampp\htdocs\web.local\system\Database\BaseBuilder.php(2309): CodeIgniter\Database\BaseConnection->query('INSERT INTO `it...', Array, false)
#4 C:\xampp\htdocs\web.local\app\Models\InventarioModel.php(229): CodeIgniter\Database\BaseBuilder->insert(Array)
#5 C:\xampp\htdocs\web.local\app\Controllers\Inventario.php(29): App\Models\InventarioModel->saveKit(Array)
#6 C:\xampp\htdocs\web.local\system\CodeIgniter.php(932): App\Controllers\Inventario->salvar()
#7 C:\xampp\htdocs\web.local\system\CodeIgniter.php(497): CodeIgniter\CodeIgniter->runController(Object(App\Controllers\Inventario))
#8 C:\xampp\htdocs\web.local\system\CodeIgniter.php(366): CodeIgniter\CodeIgniter->handleRequest(NULL, Object(Config\Cache), false)
#9 C:\xampp\htdocs\web.local\public\index.php(67): CodeIgniter\CodeIgniter->run()
#10 {main}
ERROR - 2026-08-04 11:13:56 --> mysqli_sql_exception: Cannot add or update a child row: a foreign key constraint fails (`sistema_web`.`itens`, CONSTRAINT `fk_itens_kit` FOREIGN KEY (`numero_mochila`) REFERENCES `kits` (`id_kit`) ON DELETE CASCADE ON UPDATE CASCADE) in C:\xampp\htdocs\web.local\system\Database\MySQLi\Connection.php:295
Stack trace:
#0 C:\xampp\htdocs\web.local\system\Database\MySQLi\Connection.php(295): mysqli->query('INSERT INTO `it...', 0)
#1 C:\xampp\htdocs\web.local\system\Database\BaseConnection.php(692): CodeIgniter\Database\MySQLi\Connection->execute('INSERT INTO `it...')
#2 C:\xampp\htdocs\web.local\system\Database\BaseConnection.php(606): CodeIgniter\Database\BaseConnection->simpleQuery('INSERT INTO `it...')
#3 C:\xampp\htdocs\web.local\system\Database\BaseBuilder.php(2309): CodeIgniter\Database\BaseConnection->query('INSERT INTO `it...', Array, false)
#4 C:\xampp\htdocs\web.local\app\Models\InventarioModel.php(229): CodeIgniter\Database\BaseBuilder->insert(Array)
#5 C:\xampp\htdocs\web.local\app\Controllers\Inventario.php(29): App\Models\InventarioModel->saveKit(Array)
#6 C:\xampp\htdocs\web.local\system\CodeIgniter.php(932): App\Controllers\Inventario->salvar()
#7 C:\xampp\htdocs\web.local\system\CodeIgniter.php(497): CodeIgniter\CodeIgniter->runController(Object(App\Controllers\Inventario))
#8 C:\xampp\htdocs\web.local\system\CodeIgniter.php(366): CodeIgniter\CodeIgniter->handleRequest(NULL, Object(Config\Cache), false)
#9 C:\xampp\htdocs\web.local\public\index.php(67): CodeIgniter\CodeIgniter->run()
#10 {main}
INFO - 2026-08-04 11:13:56 --> Session: Class initialized using 'CodeIgniter\Session\Handlers\FileHandler' driver.
INFO - 2026-08-04 11:15:03 --> Session: Class initialized using 'CodeIgniter\Session\Handlers\FileHandler' driver.
INFO - 2026-08-04 11:15:05 --> Session: Class initialized using 'CodeIgniter\Session\Handlers\FileHandler' driver.
ERROR - 2026-08-04 11:15:17 --> mysqli_sql_exception: Cannot add or update a child row: a foreign key constraint fails (`sistema_web`.`itens`, CONSTRAINT `fk_itens_kit` FOREIGN KEY (`numero_mochila`) REFERENCES `kits` (`id_kit`) ON DELETE CASCADE ON UPDATE CASCADE) in C:\xampp\htdocs\web.local\system\Database\MySQLi\Connection.php:295
Stack trace:
#0 C:\xampp\htdocs\web.local\system\Database\MySQLi\Connection.php(295): mysqli->query('INSERT INTO `it...', 0)
#1 C:\xampp\htdocs\web.local\system\Database\BaseConnection.php(692): CodeIgniter\Database\MySQLi\Connection->execute('INSERT INTO `it...')
#2 C:\xampp\htdocs\web.local\system\Database\BaseConnection.php(606): CodeIgniter\Database\BaseConnection->simpleQuery('INSERT INTO `it...')
#3 C:\xampp\htdocs\web.local\system\Database\BaseBuilder.php(2309): CodeIgniter\Database\BaseConnection->query('INSERT INTO `it...', Array, false)
#4 C:\xampp\htdocs\web.local\app\Models\InventarioModel.php(227): CodeIgniter\Database\BaseBuilder->insert(Array)
#5 C:\xampp\htdocs\web.local\app\Controllers\Inventario.php(29): App\Models\InventarioModel->saveKit(Array)
#6 C:\xampp\htdocs\web.local\system\CodeIgniter.php(932): App\Controllers\Inventario->salvar()
#7 C:\xampp\htdocs\web.local\system\CodeIgniter.php(497): CodeIgniter\CodeIgniter->runController(Object(App\Controllers\Inventario))
#8 C:\xampp\htdocs\web.local\system\CodeIgniter.php(366): CodeIgniter\CodeIgniter->handleRequest(NULL, Object(Config\Cache), false)
#9 C:\xampp\htdocs\web.local\public\index.php(67): CodeIgniter\CodeIgniter->run()
#10 {main}
ERROR - 2026-08-04 11:15:17 --> mysqli_sql_exception: Cannot add or update a child row: a foreign key constraint fails (`sistema_web`.`itens`, CONSTRAINT `fk_itens_kit` FOREIGN KEY (`numero_mochila`) REFERENCES `kits` (`id_kit`) ON DELETE CASCADE ON UPDATE CASCADE) in C:\xampp\htdocs\web.local\system\Database\MySQLi\Connection.php:295
Stack trace:
#0 C:\xampp\htdocs\web.local\system\Database\MySQLi\Connection.php(295): mysqli->query('INSERT INTO `it...', 0)
#1 C:\xampp\htdocs\web.local\system\Database\BaseConnection.php(692): CodeIgniter\Database\MySQLi\Connection->execute('INSERT INTO `it...')
#2 C:\xampp\htdocs\web.local\system\Database\BaseConnection.php(606): CodeIgniter\Database\BaseConnection->simpleQuery('INSERT INTO `it...')
#3 C:\xampp\htdocs\web.local\system\Database\BaseBuilder.php(2309): CodeIgniter\Database\BaseConnection->query('INSERT INTO `it...', Array, false)
#4 C:\xampp\htdocs\web.local\app\Models\InventarioModel.php(227): CodeIgniter\Database\BaseBuilder->insert(Array)
#5 C:\xampp\htdocs\web.local\app\Controllers\Inventario.php(29): App\Models\InventarioModel->saveKit(Array)
#6 C:\xampp\htdocs\web.local\system\CodeIgniter.php(932): App\Controllers\Inventario->salvar()
#7 C:\xampp\htdocs\web.local\system\CodeIgniter.php(497): CodeIgniter\CodeIgniter->runController(Object(App\Controllers\Inventario))
#8 C:\xampp\htdocs\web.local\system\CodeIgniter.php(366): CodeIgniter\CodeIgniter->handleRequest(NULL, Object(Config\Cache), false)
#9 C:\xampp\htdocs\web.local\public\index.php(67): CodeIgniter\CodeIgniter->run()
#10 {main}
ERROR - 2026-08-04 11:15:17 --> mysqli_sql_exception: Cannot add or update a child row: a foreign key constraint fails (`sistema_web`.`itens`, CONSTRAINT `fk_itens_kit` FOREIGN KEY (`numero_mochila`) REFERENCES `kits` (`id_kit`) ON DELETE CASCADE ON UPDATE CASCADE) in C:\xampp\htdocs\web.local\system\Database\MySQLi\Connection.php:295
Stack trace:
#0 C:\xampp\htdocs\web.local\system\Database\MySQLi\Connection.php(295): mysqli->query('INSERT INTO `it...', 0)
#1 C:\xampp\htdocs\web.local\system\Database\BaseConnection.php(692): CodeIgniter\Database\MySQLi\Connection->execute('INSERT INTO `it...')
#2 C:\xampp\htdocs\web.local\system\Database\BaseConnection.php(606): CodeIgniter\Database\BaseConnection->simpleQuery('INSERT INTO `it...')
#3 C:\xampp\htdocs\web.local\system\Database\BaseBuilder.php(2309): CodeIgniter\Database\BaseConnection->query('INSERT INTO `it...', Array, false)
#4 C:\xampp\htdocs\web.local\app\Models\InventarioModel.php(227): CodeIgniter\Database\BaseBuilder->insert(Array)
#5 C:\xampp\htdocs\web.local\app\Controllers\Inventario.php(29): App\Models\InventarioModel->saveKit(Array)
#6 C:\xampp\htdocs\web.local\system\CodeIgniter.php(932): App\Controllers\Inventario->salvar()
#7 C:\xampp\htdocs\web.local\system\CodeIgniter.php(497): CodeIgniter\CodeIgniter->runController(Object(App\Controllers\Inventario))
#8 C:\xampp\htdocs\web.local\system\CodeIgniter.php(366): CodeIgniter\CodeIgniter->handleRequest(NULL, Object(Config\Cache), false)
#9 C:\xampp\htdocs\web.local\public\index.php(67): CodeIgniter\CodeIgniter->run()
#10 {main}
INFO - 2026-08-04 11:15:17 --> Session: Class initialized using 'CodeIgniter\Session\Handlers\FileHandler' driver.
INFO - 2026-08-04 11:15:57 --> Session: Class initialized using 'CodeIgniter\Session\Handlers\FileHandler' driver.
ERROR - 2026-08-04 11:16:18 --> mysqli_sql_exception: Cannot add or update a child row: a foreign key constraint fails (`sistema_web`.`itens`, CONSTRAINT `fk_itens_kit` FOREIGN KEY (`numero_mochila`) REFERENCES `kits` (`id_kit`) ON DELETE CASCADE ON UPDATE CASCADE) in C:\xampp\htdocs\web.local\system\Database\MySQLi\Connection.php:295
Stack trace:
#0 C:\xampp\htdocs\web.local\system\Database\MySQLi\Connection.php(295): mysqli->query('INSERT INTO `it...', 0)
#1 C:\xampp\htdocs\web.local\system\Database\BaseConnection.php(692): CodeIgniter\Database\MySQLi\Connection->execute('INSERT INTO `it...')
#2 C:\xampp\htdocs\web.local\system\Database\BaseConnection.php(606): CodeIgniter\Database\BaseConnection->simpleQuery('INSERT INTO `it...')
#3 C:\xampp\htdocs\web.local\system\Database\BaseBuilder.php(2309): CodeIgniter\Database\BaseConnection->query('INSERT INTO `it...', Array, false)
#4 C:\xampp\htdocs\web.local\app\Models\InventarioModel.php(227): CodeIgniter\Database\BaseBuilder->insert(Array)
#5 C:\xampp\htdocs\web.local\app\Controllers\Inventario.php(29): App\Models\InventarioModel->saveKit(Array)
#6 C:\xampp\htdocs\web.local\system\CodeIgniter.php(932): App\Controllers\Inventario->salvar()
#7 C:\xampp\htdocs\web.local\system\CodeIgniter.php(497): CodeIgniter\CodeIgniter->runController(Object(App\Controllers\Inventario))
#8 C:\xampp\htdocs\web.local\system\CodeIgniter.php(366): CodeIgniter\CodeIgniter->handleRequest(NULL, Object(Config\Cache), false)
#9 C:\xampp\htdocs\web.local\public\index.php(67): CodeIgniter\CodeIgniter->run()
#10 {main}
ERROR - 2026-08-04 11:16:18 --> mysqli_sql_exception: Cannot add or update a child row: a foreign key constraint fails (`sistema_web`.`itens`, CONSTRAINT `fk_itens_kit` FOREIGN KEY (`numero_mochila`) REFERENCES `kits` (`id_kit`) ON DELETE CASCADE ON UPDATE CASCADE) in C:\xampp\htdocs\web.local\system\Database\MySQLi\Connection.php:295
Stack trace:
#0 C:\xampp\htdocs\web.local\system\Database\MySQLi\Connection.php(295): mysqli->query('INSERT INTO `it...', 0)
#1 C:\xampp\htdocs\web.local\system\Database\BaseConnection.php(692): CodeIgniter\Database\MySQLi\Connection->execute('INSERT INTO `it...')
#2 C:\xampp\htdocs\web.local\system\Database\BaseConnection.php(606): CodeIgniter\Database\BaseConnection->simpleQuery('INSERT INTO `it...')
#3 C:\xampp\htdocs\web.local\system\Database\BaseBuilder.php(2309): CodeIgniter\Database\BaseConnection->query('INSERT INTO `it...', Array, false)
#4 C:\xampp\htdocs\web.local\app\Models\InventarioModel.php(227): CodeIgniter\Database\BaseBuilder->insert(Array)
#5 C:\xampp\htdocs\web.local\app\Controllers\Inventario.php(29): App\Models\InventarioModel->saveKit(Array)
#6 C:\xampp\htdocs\web.local\system\CodeIgniter.php(932): App\Controllers\Inventario->salvar()
#7 C:\xampp\htdocs\web.local\system\CodeIgniter.php(497): CodeIgniter\CodeIgniter->runController(Object(App\Controllers\Inventario))
#8 C:\xampp\htdocs\web.local\system\CodeIgniter.php(366): CodeIgniter\CodeIgniter->handleRequest(NULL, Object(Config\Cache), false)
#9 C:\xampp\htdocs\web.local\public\index.php(67): CodeIgniter\CodeIgniter->run()
#10 {main}
ERROR - 2026-08-04 11:16:18 --> mysqli_sql_exception: Cannot add or update a child row: a foreign key constraint fails (`sistema_web`.`itens`, CONSTRAINT `fk_itens_kit` FOREIGN KEY (`numero_mochila`) REFERENCES `kits` (`id_kit`) ON DELETE CASCADE ON UPDATE CASCADE) in C:\xampp\htdocs\web.local\system\Database\MySQLi\Connection.php:295
Stack trace:
#0 C:\xampp\htdocs\web.local\system\Database\MySQLi\Connection.php(295): mysqli->query('INSERT INTO `it...', 0)
#1 C:\xampp\htdocs\web.local\system\Database\BaseConnection.php(692): CodeIgniter\Database\MySQLi\Connection->execute('INSERT INTO `it...')
#2 C:\xampp\htdocs\web.local\system\Database\BaseConnection.php(606): CodeIgniter\Database\BaseConnection->simpleQuery('INSERT INTO `it...')
#3 C:\xampp\htdocs\web.local\system\Database\BaseBuilder.php(2309): CodeIgniter\Database\BaseConnection->query('INSERT INTO `it...', Array, false)
#4 C:\xampp\htdocs\web.local\app\Models\InventarioModel.php(227): CodeIgniter\Database\BaseBuilder->insert(Array)
#5 C:\xampp\htdocs\web.local\app\Controllers\Inventario.php(29): App\Models\InventarioModel->saveKit(Array)
#6 C:\xampp\htdocs\web.local\system\CodeIgniter.php(932): App\Controllers\Inventario->salvar()
#7 C:\xampp\htdocs\web.local\system\CodeIgniter.php(497): CodeIgniter\CodeIgniter->runController(Object(App\Controllers\Inventario))
#8 C:\xampp\htdocs\web.local\system\CodeIgniter.php(366): CodeIgniter\CodeIgniter->handleRequest(NULL, Object(Config\Cache), false)
#9 C:\xampp\htdocs\web.local\public\index.php(67): CodeIgniter\CodeIgniter->run()
#10 {main}
INFO - 2026-08-04 11:16:18 --> Session: Class initialized using 'CodeIgniter\Session\Handlers\FileHandler' driver.
INFO - 2026-08-04 11:18:40 --> Session: Class initialized using 'CodeIgniter\Session\Handlers\FileHandler' driver.
INFO - 2026-08-04 11:18:56 --> Session: Class initialized using 'CodeIgniter\Session\Handlers\FileHandler' driver.
ERROR - 2026-08-04 11:19:08 --> mysqli_sql_exception: Cannot add or update a child row: a foreign key constraint fails (`sistema_web`.`itens`, CONSTRAINT `fk_itens_kit` FOREIGN KEY (`numero_mochila`) REFERENCES `kits` (`id_kit`) ON DELETE CASCADE ON UPDATE CASCADE) in C:\xampp\htdocs\web.local\system\Database\MySQLi\Connection.php:295
Stack trace:
#0 C:\xampp\htdocs\web.local\system\Database\MySQLi\Connection.php(295): mysqli->query('UPDATE `itens` ...', 0)
#1 C:\xampp\htdocs\web.local\system\Database\BaseConnection.php(692): CodeIgniter\Database\MySQLi\Connection->execute('UPDATE `itens` ...')
#2 C:\xampp\htdocs\web.local\system\Database\BaseConnection.php(606): CodeIgniter\Database\BaseConnection->simpleQuery('UPDATE `itens` ...')
#3 C:\xampp\htdocs\web.local\system\Database\BaseBuilder.php(2476): CodeIgniter\Database\BaseConnection->query('UPDATE `itens` ...', Array, false)
#4 C:\xampp\htdocs\web.local\app\Models\InventarioModel.php(139): CodeIgniter\Database\BaseBuilder->update()
#5 C:\xampp\htdocs\web.local\app\Controllers\Inventario.php(29): App\Models\InventarioModel->saveKit(Array)
#6 C:\xampp\htdocs\web.local\system\CodeIgniter.php(932): App\Controllers\Inventario->salvar()
#7 C:\xampp\htdocs\web.local\system\CodeIgniter.php(497): CodeIgniter\CodeIgniter->runController(Object(App\Controllers\Inventario))
#8 C:\xampp\htdocs\web.local\system\CodeIgniter.php(366): CodeIgniter\CodeIgniter->handleRequest(NULL, Object(Config\Cache), false)
#9 C:\xampp\htdocs\web.local\public\index.php(67): CodeIgniter\CodeIgniter->run()
#10 {main}
INFO - 2026-08-04 11:19:08 --> Session: Class initialized using 'CodeIgniter\Session\Handlers\FileHandler' driver.
ERROR - 2026-08-04 11:19:15 --> mysqli_sql_exception: Cannot add or update a child row: a foreign key constraint fails (`sistema_web`.`itens`, CONSTRAINT `fk_itens_kit` FOREIGN KEY (`numero_mochila`) REFERENCES `kits` (`id_kit`) ON DELETE CASCADE ON UPDATE CASCADE) in C:\xampp\htdocs\web.local\system\Database\MySQLi\Connection.php:295
Stack trace:
#0 C:\xampp\htdocs\web.local\system\Database\MySQLi\Connection.php(295): mysqli->query('UPDATE `itens` ...', 0)
#1 C:\xampp\htdocs\web.local\system\Database\BaseConnection.php(692): CodeIgniter\Database\MySQLi\Connection->execute('UPDATE `itens` ...')
#2 C:\xampp\htdocs\web.local\system\Database\BaseConnection.php(606): CodeIgniter\Database\BaseConnection->simpleQuery('UPDATE `itens` ...')
#3 C:\xampp\htdocs\web.local\system\Database\BaseBuilder.php(2476): CodeIgniter\Database\BaseConnection->query('UPDATE `itens` ...', Array, false)
#4 C:\xampp\htdocs\web.local\app\Models\InventarioModel.php(139): CodeIgniter\Database\BaseBuilder->update()
#5 C:\xampp\htdocs\web.local\app\Controllers\Inventario.php(29): App\Models\InventarioModel->saveKit(Array)
#6 C:\xampp\htdocs\web.local\system\CodeIgniter.php(932): App\Controllers\Inventario->salvar()
#7 C:\xampp\htdocs\web.local\system\CodeIgniter.php(497): CodeIgniter\CodeIgniter->runController(Object(App\Controllers\Inventario))
#8 C:\xampp\htdocs\web.local\system\CodeIgniter.php(366): CodeIgniter\CodeIgniter->handleRequest(NULL, Object(Config\Cache), false)
#9 C:\xampp\htdocs\web.local\public\index.php(67): CodeIgniter\CodeIgniter->run()
#10 {main}
INFO - 2026-08-04 11:19:15 --> Session: Class initialized using 'CodeIgniter\Session\Handlers\FileHandler' driver.
INFO - 2026-08-04 11:19:19 --> Session: Class initialized using 'CodeIgniter\Session\Handlers\FileHandler' driver.
ERROR - 2026-08-04 11:19:26 --> mysqli_sql_exception: Cannot add or update a child row: a foreign key constraint fails (`sistema_web`.`itens`, CONSTRAINT `fk_itens_kit` FOREIGN KEY (`numero_mochila`) REFERENCES `kits` (`id_kit`) ON DELETE CASCADE ON UPDATE CASCADE) in C:\xampp\htdocs\web.local\system\Database\MySQLi\Connection.php:295
Stack trace:
#0 C:\xampp\htdocs\web.local\system\Database\MySQLi\Connection.php(295): mysqli->query('UPDATE `itens` ...', 0)
#1 C:\xampp\htdocs\web.local\system\Database\BaseConnection.php(692): CodeIgniter\Database\MySQLi\Connection->execute('UPDATE `itens` ...')
#2 C:\xampp\htdocs\web.local\system\Database\BaseConnection.php(606): CodeIgniter\Database\BaseConnection->simpleQuery('UPDATE `itens` ...')
#3 C:\xampp\htdocs\web.local\system\Database\BaseBuilder.php(2476): CodeIgniter\Database\BaseConnection->query('UPDATE `itens` ...', Array, false)
#4 C:\xampp\htdocs\web.local\app\Models\InventarioModel.php(139): CodeIgniter\Database\BaseBuilder->update()
#5 C:\xampp\htdocs\web.local\app\Controllers\Inventario.php(29): App\Models\InventarioModel->saveKit(Array)
#6 C:\xampp\htdocs\web.local\system\CodeIgniter.php(932): App\Controllers\Inventario->salvar()
#7 C:\xampp\htdocs\web.local\system\CodeIgniter.php(497): CodeIgniter\CodeIgniter->runController(Object(App\Controllers\Inventario))
#8 C:\xampp\htdocs\web.local\system\CodeIgniter.php(366): CodeIgniter\CodeIgniter->handleRequest(NULL, Object(Config\Cache), false)
#9 C:\xampp\htdocs\web.local\public\index.php(67): CodeIgniter\CodeIgniter->run()
#10 {main}
INFO - 2026-08-04 11:19:26 --> Session: Class initialized using 'CodeIgniter\Session\Handlers\FileHandler' driver.
ERROR - 2026-08-04 11:21:49 --> mysqli_sql_exception: Cannot add or update a child row: a foreign key constraint fails (`sistema_web`.`itens`, CONSTRAINT `fk_itens_kit` FOREIGN KEY (`numero_mochila`) REFERENCES `kits` (`id_kit`) ON DELETE CASCADE ON UPDATE CASCADE) in C:\xampp\htdocs\web.local\system\Database\MySQLi\Connection.php:295
Stack trace:
#0 C:\xampp\htdocs\web.local\system\Database\MySQLi\Connection.php(295): mysqli->query('UPDATE `itens` ...', 0)
#1 C:\xampp\htdocs\web.local\system\Database\BaseConnection.php(692): CodeIgniter\Database\MySQLi\Connection->execute('UPDATE `itens` ...')
#2 C:\xampp\htdocs\web.local\system\Database\BaseConnection.php(606): CodeIgniter\Database\BaseConnection->simpleQuery('UPDATE `itens` ...')
#3 C:\xampp\htdocs\web.local\system\Database\BaseBuilder.php(2476): CodeIgniter\Database\BaseConnection->query('UPDATE `itens` ...', Array, false)
#4 C:\xampp\htdocs\web.local\app\Models\InventarioModel.php(139): CodeIgniter\Database\BaseBuilder->update()
#5 C:\xampp\htdocs\web.local\app\Controllers\Inventario.php(29): App\Models\InventarioModel->saveKit(Array)
#6 C:\xampp\htdocs\web.local\system\CodeIgniter.php(932): App\Controllers\Inventario->salvar()
#7 C:\xampp\htdocs\web.local\system\CodeIgniter.php(497): CodeIgniter\CodeIgniter->runController(Object(App\Controllers\Inventario))
#8 C:\xampp\htdocs\web.local\system\CodeIgniter.php(366): CodeIgniter\CodeIgniter->handleRequest(NULL, Object(Config\Cache), false)
#9 C:\xampp\htdocs\web.local\public\index.php(67): CodeIgniter\CodeIgniter->run()
#10 {main}
INFO - 2026-08-04 11:21:49 --> Session: Class initialized using 'CodeIgniter\Session\Handlers\FileHandler' driver.
ERROR - 2026-08-04 11:21:57 --> mysqli_sql_exception: Cannot add or update a child row: a foreign key constraint fails (`sistema_web`.`itens`, CONSTRAINT `fk_itens_kit` FOREIGN KEY (`numero_mochila`) REFERENCES `kits` (`id_kit`) ON DELETE CASCADE ON UPDATE CASCADE) in C:\xampp\htdocs\web.local\system\Database\MySQLi\Connection.php:295
Stack trace:
#0 C:\xampp\htdocs\web.local\system\Database\MySQLi\Connection.php(295): mysqli->query('UPDATE `itens` ...', 0)
#1 C:\xampp\htdocs\web.local\system\Database\BaseConnection.php(692): CodeIgniter\Database\MySQLi\Connection->execute('UPDATE `itens` ...')
#2 C:\xampp\htdocs\web.local\system\Database\BaseConnection.php(606): CodeIgniter\Database\BaseConnection->simpleQuery('UPDATE `itens` ...')
#3 C:\xampp\htdocs\web.local\system\Database\BaseBuilder.php(2476): CodeIgniter\Database\BaseConnection->query('UPDATE `itens` ...', Array, false)
#4 C:\xampp\htdocs\web.local\app\Models\InventarioModel.php(139): CodeIgniter\Database\BaseBuilder->update()
#5 C:\xampp\htdocs\web.local\app\Controllers\Inventario.php(29): App\Models\InventarioModel->saveKit(Array)
#6 C:\xampp\htdocs\web.local\system\CodeIgniter.php(932): App\Controllers\Inventario->salvar()
#7 C:\xampp\htdocs\web.local\system\CodeIgniter.php(497): CodeIgniter\CodeIgniter->runController(Object(App\Controllers\Inventario))
#8 C:\xampp\htdocs\web.local\system\CodeIgniter.php(366): CodeIgniter\CodeIgniter->handleRequest(NULL, Object(Config\Cache), false)
#9 C:\xampp\htdocs\web.local\public\index.php(67): CodeIgniter\CodeIgniter->run()
#10 {main}
INFO - 2026-08-04 11:21:57 --> Session: Class initialized using 'CodeIgniter\Session\Handlers\FileHandler' driver.
INFO - 2026-08-04 11:22:13 --> Session: Class initialized using 'CodeIgniter\Session\Handlers\FileHandler' driver.
ERROR - 2026-08-04 11:22:16 --> mysqli_sql_exception: Cannot add or update a child row: a foreign key constraint fails (`sistema_web`.`itens`, CONSTRAINT `fk_itens_kit` FOREIGN KEY (`numero_mochila`) REFERENCES `kits` (`id_kit`) ON DELETE CASCADE ON UPDATE CASCADE) in C:\xampp\htdocs\web.local\system\Database\MySQLi\Connection.php:295
Stack trace:
#0 C:\xampp\htdocs\web.local\system\Database\MySQLi\Connection.php(295): mysqli->query('UPDATE `itens` ...', 0)
#1 C:\xampp\htdocs\web.local\system\Database\BaseConnection.php(692): CodeIgniter\Database\MySQLi\Connection->execute('UPDATE `itens` ...')
#2 C:\xampp\htdocs\web.local\system\Database\BaseConnection.php(606): CodeIgniter\Database\BaseConnection->simpleQuery('UPDATE `itens` ...')
#3 C:\xampp\htdocs\web.local\system\Database\BaseBuilder.php(2476): CodeIgniter\Database\BaseConnection->query('UPDATE `itens` ...', Array, false)
#4 C:\xampp\htdocs\web.local\app\Models\InventarioModel.php(139): CodeIgniter\Database\BaseBuilder->update()
#5 C:\xampp\htdocs\web.local\app\Controllers\Inventario.php(29): App\Models\InventarioModel->saveKit(Array)
#6 C:\xampp\htdocs\web.local\system\CodeIgniter.php(932): App\Controllers\Inventario->salvar()
#7 C:\xampp\htdocs\web.local\system\CodeIgniter.php(497): CodeIgniter\CodeIgniter->runController(Object(App\Controllers\Inventario))
#8 C:\xampp\htdocs\web.local\system\CodeIgniter.php(366): CodeIgniter\CodeIgniter->handleRequest(NULL, Object(Config\Cache), false)
#9 C:\xampp\htdocs\web.local\public\index.php(67): CodeIgniter\CodeIgniter->run()
#10 {main}
INFO - 2026-08-04 11:22:16 --> Session: Class initialized using 'CodeIgniter\Session\Handlers\FileHandler' driver.
INFO - 2026-08-04 11:29:39 --> Session: Class initialized using 'CodeIgniter\Session\Handlers\FileHandler' driver.
INFO - 2026-08-04 11:29:53 --> Session: Class initialized using 'CodeIgniter\Session\Handlers\FileHandler' driver.
INFO - 2026-08-04 11:30:02 --> Session: Class initialized using 'CodeIgniter\Session\Handlers\FileHandler' driver.
INFO - 2026-08-04 11:31:13 --> Session: Class initialized using 'CodeIgniter\Session\Handlers\FileHandler' driver.
INFO - 2026-08-04 11:31:15 --> Session: Class initialized using 'CodeIgniter\Session\Handlers\FileHandler' driver.
INFO - 2026-08-04 11:31:17 --> Session: Class initialized using 'CodeIgniter\Session\Handlers\FileHandler' driver.
INFO - 2026-08-04 11:31:19 --> Session: Class initialized using 'CodeIgniter\Session\Handlers\FileHandler' driver.
INFO - 2026-08-04 11:31:20 --> Session: Class initialized using 'CodeIgniter\Session\Handlers\FileHandler' driver.
INFO - 2026-08-04 11:31:22 --> Session: Class initialized using 'CodeIgniter\Session\Handlers\FileHandler' driver.
INFO - 2026-08-04 11:31:38 --> Session: Class initialized using 'CodeIgniter\Session\Handlers\FileHandler' driver.
INFO - 2026-08-04 11:31:46 --> Session: Class initialized using 'CodeIgniter\Session\Handlers\FileHandler' driver.
INFO - 2026-08-04 11:33:24 --> Session: Class initialized using 'CodeIgniter\Session\Handlers\FileHandler' driver.
INFO - 2026-08-04 11:33:28 --> Session: Class initialized using 'CodeIgniter\Session\Handlers\FileHandler' driver.
INFO - 2026-08-04 11:35:10 --> Session: Class initialized using 'CodeIgniter\Session\Handlers\FileHandler' driver.
INFO - 2026-08-04 11:40:58 --> Session: Class initialized using 'CodeIgniter\Session\Handlers\FileHandler' driver.
INFO - 2026-08-04 11:46:20 --> Session: Class initialized using 'CodeIgniter\Session\Handlers\FileHandler' driver.
INFO - 2026-08-04 11:46:25 --> Session: Class initialized using 'CodeIgniter\Session\Handlers\FileHandler' driver.
INFO - 2026-08-04 11:46:30 --> Session: Class initialized using 'CodeIgniter\Session\Handlers\FileHandler' driver.
INFO - 2026-08-04 11:46:47 --> Session: Class initialized using 'CodeIgniter\Session\Handlers\FileHandler' driver.
INFO - 2026-08-04 11:47:02 --> Session: Class initialized using 'CodeIgniter\Session\Handlers\FileHandler' driver.
ERROR - 2026-08-04 11:47:06 --> mysqli_sql_exception: Duplicate entry '0' for key 'PRIMARY' in C:\xampp\htdocs\web.local\system\Database\MySQLi\Connection.php:295
Stack trace:
#0 C:\xampp\htdocs\web.local\system\Database\MySQLi\Connection.php(295): mysqli->query('UPDATE `kits` S...', 0)
#1 C:\xampp\htdocs\web.local\system\Database\BaseConnection.php(692): CodeIgniter\Database\MySQLi\Connection->execute('UPDATE `kits` S...')
#2 C:\xampp\htdocs\web.local\system\Database\BaseConnection.php(606): CodeIgniter\Database\BaseConnection->simpleQuery('UPDATE `kits` S...')
#3 C:\xampp\htdocs\web.local\system\Database\BaseBuilder.php(2476): CodeIgniter\Database\BaseConnection->query('UPDATE `kits` S...', Array, false)
#4 C:\xampp\htdocs\web.local\app\Models\InventarioModel.php(146): CodeIgniter\Database\BaseBuilder->update(Array)
#5 C:\xampp\htdocs\web.local\app\Controllers\Inventario.php(29): App\Models\InventarioModel->saveKit(Array)
#6 C:\xampp\htdocs\web.local\system\CodeIgniter.php(932): App\Controllers\Inventario->salvar()
#7 C:\xampp\htdocs\web.local\system\CodeIgniter.php(497): CodeIgniter\CodeIgniter->runController(Object(App\Controllers\Inventario))
#8 C:\xampp\htdocs\web.local\system\CodeIgniter.php(366): CodeIgniter\CodeIgniter->handleRequest(NULL, Object(Config\Cache), false)
#9 C:\xampp\htdocs\web.local\public\index.php(67): CodeIgniter\CodeIgniter->run()
#10 {main}
INFO - 2026-08-04 11:47:06 --> Session: Class initialized using 'CodeIgniter\Session\Handlers\FileHandler' driver.
ERROR - 2026-08-04 11:47:10 --> mysqli_sql_exception: Duplicate entry '0' for key 'PRIMARY' in C:\xampp\htdocs\web.local\system\Database\MySQLi\Connection.php:295
Stack trace:
#0 C:\xampp\htdocs\web.local\system\Database\MySQLi\Connection.php(295): mysqli->query('UPDATE `kits` S...', 0)
#1 C:\xampp\htdocs\web.local\system\Database\BaseConnection.php(692): CodeIgniter\Database\MySQLi\Connection->execute('UPDATE `kits` S...')
#2 C:\xampp\htdocs\web.local\system\Database\BaseConnection.php(606): CodeIgniter\Database\BaseConnection->simpleQuery('UPDATE `kits` S...')
#3 C:\xampp\htdocs\web.local\system\Database\BaseBuilder.php(2476): CodeIgniter\Database\BaseConnection->query('UPDATE `kits` S...', Array, false)
#4 C:\xampp\htdocs\web.local\app\Models\InventarioModel.php(146): CodeIgniter\Database\BaseBuilder->update(Array)
#5 C:\xampp\htdocs\web.local\app\Controllers\Inventario.php(29): App\Models\InventarioModel->saveKit(Array)
#6 C:\xampp\htdocs\web.local\system\CodeIgniter.php(932): App\Controllers\Inventario->salvar()
#7 C:\xampp\htdocs\web.local\system\CodeIgniter.php(497): CodeIgniter\CodeIgniter->runController(Object(App\Controllers\Inventario))
#8 C:\xampp\htdocs\web.local\system\CodeIgniter.php(366): CodeIgniter\CodeIgniter->handleRequest(NULL, Object(Config\Cache), false)
#9 C:\xampp\htdocs\web.local\public\index.php(67): CodeIgniter\CodeIgniter->run()
#10 {main}
INFO - 2026-08-04 11:47:10 --> Session: Class initialized using 'CodeIgniter\Session\Handlers\FileHandler' driver.
ERROR - 2026-08-04 11:47:14 --> mysqli_sql_exception: Duplicate entry '0' for key 'PRIMARY' in C:\xampp\htdocs\web.local\system\Database\MySQLi\Connection.php:295
Stack trace:
#0 C:\xampp\htdocs\web.local\system\Database\MySQLi\Connection.php(295): mysqli->query('UPDATE `kits` S...', 0)
#1 C:\xampp\htdocs\web.local\system\Database\BaseConnection.php(692): CodeIgniter\Database\MySQLi\Connection->execute('UPDATE `kits` S...')
#2 C:\xampp\htdocs\web.local\system\Database\BaseConnection.php(606): CodeIgniter\Database\BaseConnection->simpleQuery('UPDATE `kits` S...')
#3 C:\xampp\htdocs\web.local\system\Database\BaseBuilder.php(2476): CodeIgniter\Database\BaseConnection->query('UPDATE `kits` S...', Array, false)
#4 C:\xampp\htdocs\web.local\app\Models\InventarioModel.php(146): CodeIgniter\Database\BaseBuilder->update(Array)
#5 C:\xampp\htdocs\web.local\app\Controllers\Inventario.php(29): App\Models\InventarioModel->saveKit(Array)
#6 C:\xampp\htdocs\web.local\system\CodeIgniter.php(932): App\Controllers\Inventario->salvar()
#7 C:\xampp\htdocs\web.local\system\CodeIgniter.php(497): CodeIgniter\CodeIgniter->runController(Object(App\Controllers\Inventario))
#8 C:\xampp\htdocs\web.local\system\CodeIgniter.php(366): CodeIgniter\CodeIgniter->handleRequest(NULL, Object(Config\Cache), false)
#9 C:\xampp\htdocs\web.local\public\index.php(67): CodeIgniter\CodeIgniter->run()
#10 {main}
INFO - 2026-08-04 11:47:15 --> Session: Class initialized using 'CodeIgniter\Session\Handlers\FileHandler' driver.
INFO - 2026-08-04 11:51:08 --> Session: Class initialized using 'CodeIgniter\Session\Handlers\FileHandler' driver.
ERROR - 2026-08-04 11:51:15 --> mysqli_sql_exception: Duplicate entry '0' for key 'PRIMARY' in C:\xampp\htdocs\web.local\system\Database\MySQLi\Connection.php:295
Stack trace:
#0 C:\xampp\htdocs\web.local\system\Database\MySQLi\Connection.php(295): mysqli->query('UPDATE `kits` S...', 0)
#1 C:\xampp\htdocs\web.local\system\Database\BaseConnection.php(692): CodeIgniter\Database\MySQLi\Connection->execute('UPDATE `kits` S...')
#2 C:\xampp\htdocs\web.local\system\Database\BaseConnection.php(606): CodeIgniter\Database\BaseConnection->simpleQuery('UPDATE `kits` S...')
#3 C:\xampp\htdocs\web.local\system\Database\BaseBuilder.php(2476): CodeIgniter\Database\BaseConnection->query('UPDATE `kits` S...', Array, false)
#4 C:\xampp\htdocs\web.local\app\Models\InventarioModel.php(146): CodeIgniter\Database\BaseBuilder->update(Array)
#5 C:\xampp\htdocs\web.local\app\Controllers\Inventario.php(29): App\Models\InventarioModel->saveKit(Array)
#6 C:\xampp\htdocs\web.local\system\CodeIgniter.php(932): App\Controllers\Inventario->salvar()
#7 C:\xampp\htdocs\web.local\system\CodeIgniter.php(497): CodeIgniter\CodeIgniter->runController(Object(App\Controllers\Inventario))
#8 C:\xampp\htdocs\web.local\system\CodeIgniter.php(366): CodeIgniter\CodeIgniter->handleRequest(NULL, Object(Config\Cache), false)
#9 C:\xampp\htdocs\web.local\public\index.php(67): CodeIgniter\CodeIgniter->run()
#10 {main}
INFO - 2026-08-04 11:51:15 --> Session: Class initialized using 'CodeIgniter\Session\Handlers\FileHandler' driver.
INFO - 2026-08-04 12:09:21 --> Session: Class initialized using 'CodeIgniter\Session\Handlers\FileHandler' driver.
INFO - 2026-08-04 12:09:32 --> Session: Class initialized using 'CodeIgniter\Session\Handlers\FileHandler' driver.
INFO - 2026-08-04 12:09:37 --> Session: Class initialized using 'CodeIgniter\Session\Handlers\FileHandler' driver.
INFO - 2026-08-04 12:09:58 --> Session: Class initialized using 'CodeIgniter\Session\Handlers\FileHandler' driver.
INFO - 2026-08-04 12:24:46 --> Session: Class initialized using 'CodeIgniter\Session\Handlers\FileHandler' driver.
INFO - 2026-08-04 12:24:51 --> Session: Class initialized using 'CodeIgniter\Session\Handlers\FileHandler' driver.
INFO - 2026-08-04 12:25:00 --> Session: Class initialized using 'CodeIgniter\Session\Handlers\FileHandler' driver.
INFO - 2026-08-04 12:25:05 --> Session: Class initialized using 'CodeIgniter\Session\Handlers\FileHandler' driver.
INFO - 2026-08-04 12:25:17 --> Session: Class initialized using 'CodeIgniter\Session\Handlers\FileHandler' driver.
INFO - 2026-08-04 12:58:49 --> Session: Class initialized using 'CodeIgniter\Session\Handlers\FileHandler' driver.
INFO - 2026-08-04 12:59:04 --> Session: Class initialized using 'CodeIgniter\Session\Handlers\FileHandler' driver.
ERROR - 2026-08-04 13:41:56 --> mysqli_sql_exception: Cannot add or update a child row: a foreign key constraint fails (`sistema_web`.`itens`, CONSTRAINT `fk_itens_categoria` FOREIGN KEY (`categoria`) REFERENCES `kits` (`categoria`) ON DELETE CASCADE ON UPDATE CASCADE) in C:\xampp\htdocs\web.local\system\Database\MySQLi\Connection.php:295
Stack trace:
#0 C:\xampp\htdocs\web.local\system\Database\MySQLi\Connection.php(295): mysqli->query('INSERT INTO `it...', 0)
#1 C:\xampp\htdocs\web.local\system\Database\BaseConnection.php(692): CodeIgniter\Database\MySQLi\Connection->execute('INSERT INTO `it...')
#2 C:\xampp\htdocs\web.local\system\Database\BaseConnection.php(606): CodeIgniter\Database\BaseConnection->simpleQuery('INSERT INTO `it...')
#3 C:\xampp\htdocs\web.local\system\Database\BaseBuilder.php(2309): CodeIgniter\Database\BaseConnection->query('INSERT INTO `it...', Array, false)
#4 C:\xampp\htdocs\web.local\system\Model.php(330): CodeIgniter\Database\BaseBuilder->insert()
#5 C:\xampp\htdocs\web.local\system\BaseModel.php(782): CodeIgniter\Model->doInsert(Array)
#6 C:\xampp\htdocs\web.local\system\Model.php(730): CodeIgniter\BaseModel->insert(Array, true)
#7 C:\xampp\htdocs\web.local\app\Models\EquipamentosModel.php(102): CodeIgniter\Model->insert(Array)
#8 C:\xampp\htdocs\web.local\app\Controllers\Equipamentos.php(27): App\Models\EquipamentosModel->salvar(Array)
#9 C:\xampp\htdocs\web.local\system\CodeIgniter.php(932): App\Controllers\Equipamentos->salvar()
#10 C:\xampp\htdocs\web.local\system\CodeIgniter.php(497): CodeIgniter\CodeIgniter->runController(Object(App\Controllers\Equipamentos))
#11 C:\xampp\htdocs\web.local\system\CodeIgniter.php(366): CodeIgniter\CodeIgniter->handleRequest(NULL, Object(Config\Cache), false)
#12 C:\xampp\htdocs\web.local\public\index.php(67): CodeIgniter\CodeIgniter->run()
#13 {main}
INFO - 2026-08-04 13:41:57 --> Session: Class initialized using 'CodeIgniter\Session\Handlers\FileHandler' driver.
ERROR - 2026-08-04 13:43:20 --> mysqli_sql_exception: Cannot add or update a child row: a foreign key constraint fails (`sistema_web`.`itens`, CONSTRAINT `fk_itens_categoria` FOREIGN KEY (`categoria`) REFERENCES `kits` (`categoria`) ON DELETE CASCADE ON UPDATE CASCADE) in C:\xampp\htdocs\web.local\system\Database\MySQLi\Connection.php:295
Stack trace:
#0 C:\xampp\htdocs\web.local\system\Database\MySQLi\Connection.php(295): mysqli->query('INSERT INTO `it...', 0)
#1 C:\xampp\htdocs\web.local\system\Database\BaseConnection.php(692): CodeIgniter\Database\MySQLi\Connection->execute('INSERT INTO `it...')
#2 C:\xampp\htdocs\web.local\system\Database\BaseConnection.php(606): CodeIgniter\Database\BaseConnection->simpleQuery('INSERT INTO `it...')
#3 C:\xampp\htdocs\web.local\system\Database\BaseBuilder.php(2309): CodeIgniter\Database\BaseConnection->query('INSERT INTO `it...', Array, false)
#4 C:\xampp\htdocs\web.local\system\Model.php(330): CodeIgniter\Database\BaseBuilder->insert()
#5 C:\xampp\htdocs\web.local\system\BaseModel.php(782): CodeIgniter\Model->doInsert(Array)
#6 C:\xampp\htdocs\web.local\system\Model.php(730): CodeIgniter\BaseModel->insert(Array, true)
#7 C:\xampp\htdocs\web.local\app\Models\EquipamentosModel.php(102): CodeIgniter\Model->insert(Array)
#8 C:\xampp\htdocs\web.local\app\Controllers\Equipamentos.php(27): App\Models\EquipamentosModel->salvar(Array)
#9 C:\xampp\htdocs\web.local\system\CodeIgniter.php(932): App\Controllers\Equipamentos->salvar()
#10 C:\xampp\htdocs\web.local\system\CodeIgniter.php(497): CodeIgniter\CodeIgniter->runController(Object(App\Controllers\Equipamentos))
#11 C:\xampp\htdocs\web.local\system\CodeIgniter.php(366): CodeIgniter\CodeIgniter->handleRequest(NULL, Object(Config\Cache), false)
#12 C:\xampp\htdocs\web.local\public\index.php(67): CodeIgniter\CodeIgniter->run()
#13 {main}
INFO - 2026-08-04 13:43:20 --> Session: Class initialized using 'CodeIgniter\Session\Handlers\FileHandler' driver.
ERROR - 2026-08-04 13:52:05 --> mysqli_sql_exception: Cannot add or update a child row: a foreign key constraint fails (`sistema_web`.`itens`, CONSTRAINT `fk_itens_categoria` FOREIGN KEY (`categoria`) REFERENCES `kits` (`categoria`) ON DELETE CASCADE ON UPDATE CASCADE) in C:\xampp\htdocs\web.local\system\Database\MySQLi\Connection.php:295
Stack trace:
#0 C:\xampp\htdocs\web.local\system\Database\MySQLi\Connection.php(295): mysqli->query('INSERT INTO `it...', 0)
#1 C:\xampp\htdocs\web.local\system\Database\BaseConnection.php(692): CodeIgniter\Database\MySQLi\Connection->execute('INSERT INTO `it...')
#2 C:\xampp\htdocs\web.local\system\Database\BaseConnection.php(606): CodeIgniter\Database\BaseConnection->simpleQuery('INSERT INTO `it...')
#3 C:\xampp\htdocs\web.local\system\Database\BaseBuilder.php(2309): CodeIgniter\Database\BaseConnection->query('INSERT INTO `it...', Array, false)
#4 C:\xampp\htdocs\web.local\system\Model.php(330): CodeIgniter\Database\BaseBuilder->insert()
#5 C:\xampp\htdocs\web.local\system\BaseModel.php(782): CodeIgniter\Model->doInsert(Array)
#6 C:\xampp\htdocs\web.local\system\Model.php(730): CodeIgniter\BaseModel->insert(Array, true)
#7 C:\xampp\htdocs\web.local\app\Models\EquipamentosModel.php(102): CodeIgniter\Model->insert(Array)
#8 C:\xampp\htdocs\web.local\app\Controllers\Equipamentos.php(27): App\Models\EquipamentosModel->salvar(Array)
#9 C:\xampp\htdocs\web.local\system\CodeIgniter.php(932): App\Controllers\Equipamentos->salvar()
#10 C:\xampp\htdocs\web.local\system\CodeIgniter.php(497): CodeIgniter\CodeIgniter->runController(Object(App\Controllers\Equipamentos))
#11 C:\xampp\htdocs\web.local\system\CodeIgniter.php(366): CodeIgniter\CodeIgniter->handleRequest(NULL, Object(Config\Cache), false)
#12 C:\xampp\htdocs\web.local\public\index.php(67): CodeIgniter\CodeIgniter->run()
#13 {main}
INFO - 2026-08-04 13:52:06 --> Session: Class initialized using 'CodeIgniter\Session\Handlers\FileHandler' driver.
ERROR - 2026-08-04 13:53:30 --> mysqli_sql_exception: Cannot add or update a child row: a foreign key constraint fails (`sistema_web`.`itens`, CONSTRAINT `fk_itens_categoria` FOREIGN KEY (`categoria`) REFERENCES `kits` (`categoria`) ON DELETE CASCADE ON UPDATE CASCADE) in C:\xampp\htdocs\web.local\system\Database\MySQLi\Connection.php:295
Stack trace:
#0 C:\xampp\htdocs\web.local\system\Database\MySQLi\Connection.php(295): mysqli->query('INSERT INTO `it...', 0)
#1 C:\xampp\htdocs\web.local\system\Database\BaseConnection.php(692): CodeIgniter\Database\MySQLi\Connection->execute('INSERT INTO `it...')
#2 C:\xampp\htdocs\web.local\system\Database\BaseConnection.php(606): CodeIgniter\Database\BaseConnection->simpleQuery('INSERT INTO `it...')
#3 C:\xampp\htdocs\web.local\system\Database\BaseBuilder.php(2309): CodeIgniter\Database\BaseConnection->query('INSERT INTO `it...', Array, false)
#4 C:\xampp\htdocs\web.local\system\Model.php(330): CodeIgniter\Database\BaseBuilder->insert()
#5 C:\xampp\htdocs\web.local\system\BaseModel.php(782): CodeIgniter\Model->doInsert(Array)
#6 C:\xampp\htdocs\web.local\system\Model.php(730): CodeIgniter\BaseModel->insert(Array, true)
#7 C:\xampp\htdocs\web.local\app\Models\EquipamentosModel.php(102): CodeIgniter\Model->insert(Array)
#8 C:\xampp\htdocs\web.local\app\Controllers\Equipamentos.php(27): App\Models\EquipamentosModel->salvar(Array)
#9 C:\xampp\htdocs\web.local\system\CodeIgniter.php(932): App\Controllers\Equipamentos->salvar()
#10 C:\xampp\htdocs\web.local\system\CodeIgniter.php(497): CodeIgniter\CodeIgniter->runController(Object(App\Controllers\Equipamentos))
#11 C:\xampp\htdocs\web.local\system\CodeIgniter.php(366): CodeIgniter\CodeIgniter->handleRequest(NULL, Object(Config\Cache), false)
#12 C:\xampp\htdocs\web.local\public\index.php(67): CodeIgniter\CodeIgniter->run()
#13 {main}
INFO - 2026-08-04 13:53:30 --> Session: Class initialized using 'CodeIgniter\Session\Handlers\FileHandler' driver.
INFO - 2026-08-04 13:55:04 --> Session: Class initialized using 'CodeIgniter\Session\Handlers\FileHandler' driver.
INFO - 2026-08-04 13:55:16 --> Session: Class initialized using 'CodeIgniter\Session\Handlers\FileHandler' driver.
INFO - 2026-08-04 13:55:27 --> Session: Class initialized using 'CodeIgniter\Session\Handlers\FileHandler' driver.
ERROR - 2026-08-04 13:56:20 --> mysqli_sql_exception: Cannot add or update a child row: a foreign key constraint fails (`sistema_web`.`itens`, CONSTRAINT `fk_itens_categoria` FOREIGN KEY (`categoria`) REFERENCES `kits` (`categoria`) ON DELETE CASCADE ON UPDATE CASCADE) in C:\xampp\htdocs\web.local\system\Database\MySQLi\Connection.php:295
Stack trace:
#0 C:\xampp\htdocs\web.local\system\Database\MySQLi\Connection.php(295): mysqli->query('INSERT INTO `it...', 0)
#1 C:\xampp\htdocs\web.local\system\Database\BaseConnection.php(692): CodeIgniter\Database\MySQLi\Connection->execute('INSERT INTO `it...')
#2 C:\xampp\htdocs\web.local\system\Database\BaseConnection.php(606): CodeIgniter\Database\BaseConnection->simpleQuery('INSERT INTO `it...')
#3 C:\xampp\htdocs\web.local\system\Database\BaseBuilder.php(2309): CodeIgniter\Database\BaseConnection->query('INSERT INTO `it...', Array, false)
#4 C:\xampp\htdocs\web.local\system\Model.php(330): CodeIgniter\Database\BaseBuilder->insert()
#5 C:\xampp\htdocs\web.local\system\BaseModel.php(782): CodeIgniter\Model->doInsert(Array)
#6 C:\xampp\htdocs\web.local\system\Model.php(730): CodeIgniter\BaseModel->insert(Array, true)
#7 C:\xampp\htdocs\web.local\app\Models\EquipamentosModel.php(102): CodeIgniter\Model->insert(Array)
#8 C:\xampp\htdocs\web.local\app\Controllers\Equipamentos.php(27): App\Models\EquipamentosModel->salvar(Array)
#9 C:\xampp\htdocs\web.local\system\CodeIgniter.php(932): App\Controllers\Equipamentos->salvar()
#10 C:\xampp\htdocs\web.local\system\CodeIgniter.php(497): CodeIgniter\CodeIgniter->runController(Object(App\Controllers\Equipamentos))
#11 C:\xampp\htdocs\web.local\system\CodeIgniter.php(366): CodeIgniter\CodeIgniter->handleRequest(NULL, Object(Config\Cache), false)
#12 C:\xampp\htdocs\web.local\public\index.php(67): CodeIgniter\CodeIgniter->run()
#13 {main}
INFO - 2026-08-04 13:56:20 --> Session: Class initialized using 'CodeIgniter\Session\Handlers\FileHandler' driver.
ERROR - 2026-08-04 13:57:58 --> mysqli_sql_exception: Cannot add or update a child row: a foreign key constraint fails (`sistema_web`.`itens`, CONSTRAINT `fk_itens_categoria` FOREIGN KEY (`categoria`) REFERENCES `kits` (`categoria`) ON DELETE CASCADE ON UPDATE CASCADE) in C:\xampp\htdocs\web.local\system\Database\MySQLi\Connection.php:295
Stack trace:
#0 C:\xampp\htdocs\web.local\system\Database\MySQLi\Connection.php(295): mysqli->query('INSERT INTO `it...', 0)
#1 C:\xampp\htdocs\web.local\system\Database\BaseConnection.php(692): CodeIgniter\Database\MySQLi\Connection->execute('INSERT INTO `it...')
#2 C:\xampp\htdocs\web.local\system\Database\BaseConnection.php(606): CodeIgniter\Database\BaseConnection->simpleQuery('INSERT INTO `it...')
#3 C:\xampp\htdocs\web.local\system\Database\BaseBuilder.php(2309): CodeIgniter\Database\BaseConnection->query('INSERT INTO `it...', Array, false)
#4 C:\xampp\htdocs\web.local\system\Model.php(330): CodeIgniter\Database\BaseBuilder->insert()
#5 C:\xampp\htdocs\web.local\system\BaseModel.php(782): CodeIgniter\Model->doInsert(Array)
#6 C:\xampp\htdocs\web.local\system\Model.php(730): CodeIgniter\BaseModel->insert(Array, true)
#7 C:\xampp\htdocs\web.local\app\Models\EquipamentosModel.php(103): CodeIgniter\Model->insert(Array)
#8 C:\xampp\htdocs\web.local\app\Controllers\Equipamentos.php(27): App\Models\EquipamentosModel->salvar(Array)
#9 C:\xampp\htdocs\web.local\system\CodeIgniter.php(932): App\Controllers\Equipamentos->salvar()
#10 C:\xampp\htdocs\web.local\system\CodeIgniter.php(497): CodeIgniter\CodeIgniter->runController(Object(App\Controllers\Equipamentos))
#11 C:\xampp\htdocs\web.local\system\CodeIgniter.php(366): CodeIgniter\CodeIgniter->handleRequest(NULL, Object(Config\Cache), false)
#12 C:\xampp\htdocs\web.local\public\index.php(67): CodeIgniter\CodeIgniter->run()
#13 {main}
INFO - 2026-08-04 13:57:58 --> Session: Class initialized using 'CodeIgniter\Session\Handlers\FileHandler' driver.
