CRITICAL - 2026-07-30 11:49:26 --> Undefined variable $availableMochilas
in APPPATH\Views\inventario.php on line 22.
 1 APPPATH\Views\inventario.php(22): CodeIgniter\Debug\Exceptions->errorHandler(2, 'Undefined variable $availableMochilas', 'C:\\xampp\\htdocs\\web.local\\app\\Views\\inventario.php', 22)
 2 SYSTEMPATH\View\View.php(224): include('C:\\xampp\\htdocs\\web.local\\app\\Views\\inventario.php')
 3 SYSTEMPATH\View\View.php(227): CodeIgniter\View\View->CodeIgniter\View\{closure}()
 4 SYSTEMPATH\Common.php(1180): CodeIgniter\View\View->render('inventario', [], true)
 5 APPPATH\Controllers\Inventario.php(18): view('inventario', [...])
 6 SYSTEMPATH\CodeIgniter.php(932): App\Controllers\Inventario->index()
 7 SYSTEMPATH\CodeIgniter.php(497): CodeIgniter\CodeIgniter->runController(Object(App\Controllers\Inventario))
 8 SYSTEMPATH\CodeIgniter.php(366): CodeIgniter\CodeIgniter->handleRequest(null, Object(Config\Cache), false)
 9 FCPATH\index.php(67): CodeIgniter\CodeIgniter->run()
ERROR - 2026-07-30 12:34:27 --> mysqli_sql_exception: Column 'id_notebook' cannot be null in C:\xampp\htdocs\web.local\system\Database\MySQLi\Connection.php:295
Stack trace:
#0 C:\xampp\htdocs\web.local\system\Database\MySQLi\Connection.php(295): mysqli->query('INSERT INTO `ki...', 0)
#1 C:\xampp\htdocs\web.local\system\Database\BaseConnection.php(692): CodeIgniter\Database\MySQLi\Connection->execute('INSERT INTO `ki...')
#2 C:\xampp\htdocs\web.local\system\Database\BaseConnection.php(606): CodeIgniter\Database\BaseConnection->simpleQuery('INSERT INTO `ki...')
#3 C:\xampp\htdocs\web.local\system\Database\BaseBuilder.php(2309): CodeIgniter\Database\BaseConnection->query('INSERT INTO `ki...', Array, false)
#4 C:\xampp\htdocs\web.local\app\Models\InventarioModel.php(71): CodeIgniter\Database\BaseBuilder->insert(Array)
#5 C:\xampp\htdocs\web.local\app\Controllers\Inventario.php(28): App\Models\InventarioModel->saveKit(Array)
#6 C:\xampp\htdocs\web.local\system\CodeIgniter.php(932): App\Controllers\Inventario->salvar()
#7 C:\xampp\htdocs\web.local\system\CodeIgniter.php(497): CodeIgniter\CodeIgniter->runController(Object(App\Controllers\Inventario))
#8 C:\xampp\htdocs\web.local\system\CodeIgniter.php(366): CodeIgniter\CodeIgniter->handleRequest(NULL, Object(Config\Cache), false)
#9 C:\xampp\htdocs\web.local\public\index.php(67): CodeIgniter\CodeIgniter->run()
#10 {main}
INFO - 2026-07-30 12:34:28 --> Session: Class initialized using 'CodeIgniter\Session\Handlers\FileHandler' driver.
ERROR - 2026-07-30 13:03:51 --> mysqli_sql_exception: Column 'id_notebook' cannot be null in C:\xampp\htdocs\web.local\system\Database\MySQLi\Connection.php:295
Stack trace:
#0 C:\xampp\htdocs\web.local\system\Database\MySQLi\Connection.php(295): mysqli->query('INSERT INTO `ki...', 0)
#1 C:\xampp\htdocs\web.local\system\Database\BaseConnection.php(692): CodeIgniter\Database\MySQLi\Connection->execute('INSERT INTO `ki...')
#2 C:\xampp\htdocs\web.local\system\Database\BaseConnection.php(606): CodeIgniter\Database\BaseConnection->simpleQuery('INSERT INTO `ki...')
#3 C:\xampp\htdocs\web.local\system\Database\BaseBuilder.php(2309): CodeIgniter\Database\BaseConnection->query('INSERT INTO `ki...', Array, false)
#4 C:\xampp\htdocs\web.local\app\Models\InventarioModel.php(71): CodeIgniter\Database\BaseBuilder->insert(Array)
#5 C:\xampp\htdocs\web.local\app\Controllers\Inventario.php(28): App\Models\InventarioModel->saveKit(Array)
#6 C:\xampp\htdocs\web.local\system\CodeIgniter.php(932): App\Controllers\Inventario->salvar()
#7 C:\xampp\htdocs\web.local\system\CodeIgniter.php(497): CodeIgniter\CodeIgniter->runController(Object(App\Controllers\Inventario))
#8 C:\xampp\htdocs\web.local\system\CodeIgniter.php(366): CodeIgniter\CodeIgniter->handleRequest(NULL, Object(Config\Cache), false)
#9 C:\xampp\htdocs\web.local\public\index.php(67): CodeIgniter\CodeIgniter->run()
#10 {main}
INFO - 2026-07-30 13:03:51 --> Session: Class initialized using 'CodeIgniter\Session\Handlers\FileHandler' driver.
ERROR - 2026-07-30 13:05:58 --> mysqli_sql_exception: Column 'id_notebook' cannot be null in C:\xampp\htdocs\web.local\system\Database\MySQLi\Connection.php:295
Stack trace:
#0 C:\xampp\htdocs\web.local\system\Database\MySQLi\Connection.php(295): mysqli->query('INSERT INTO `ki...', 0)
#1 C:\xampp\htdocs\web.local\system\Database\BaseConnection.php(692): CodeIgniter\Database\MySQLi\Connection->execute('INSERT INTO `ki...')
#2 C:\xampp\htdocs\web.local\system\Database\BaseConnection.php(606): CodeIgniter\Database\BaseConnection->simpleQuery('INSERT INTO `ki...')
#3 C:\xampp\htdocs\web.local\system\Database\BaseBuilder.php(2309): CodeIgniter\Database\BaseConnection->query('INSERT INTO `ki...', Array, false)
#4 C:\xampp\htdocs\web.local\app\Models\InventarioModel.php(71): CodeIgniter\Database\BaseBuilder->insert(Array)
#5 C:\xampp\htdocs\web.local\app\Controllers\Inventario.php(28): App\Models\InventarioModel->saveKit(Array)
#6 C:\xampp\htdocs\web.local\system\CodeIgniter.php(932): App\Controllers\Inventario->salvar()
#7 C:\xampp\htdocs\web.local\system\CodeIgniter.php(497): CodeIgniter\CodeIgniter->runController(Object(App\Controllers\Inventario))
#8 C:\xampp\htdocs\web.local\system\CodeIgniter.php(366): CodeIgniter\CodeIgniter->handleRequest(NULL, Object(Config\Cache), false)
#9 C:\xampp\htdocs\web.local\public\index.php(67): CodeIgniter\CodeIgniter->run()
#10 {main}
INFO - 2026-07-30 13:05:58 --> Session: Class initialized using 'CodeIgniter\Session\Handlers\FileHandler' driver.
ERROR - 2026-07-30 13:14:35 --> mysqli_sql_exception: Column 'id_notebook' cannot be null in C:\xampp\htdocs\web.local\system\Database\MySQLi\Connection.php:295
Stack trace:
#0 C:\xampp\htdocs\web.local\system\Database\MySQLi\Connection.php(295): mysqli->query('INSERT INTO `ki...', 0)
#1 C:\xampp\htdocs\web.local\system\Database\BaseConnection.php(692): CodeIgniter\Database\MySQLi\Connection->execute('INSERT INTO `ki...')
#2 C:\xampp\htdocs\web.local\system\Database\BaseConnection.php(606): CodeIgniter\Database\BaseConnection->simpleQuery('INSERT INTO `ki...')
#3 C:\xampp\htdocs\web.local\system\Database\BaseBuilder.php(2309): CodeIgniter\Database\BaseConnection->query('INSERT INTO `ki...', Array, false)
#4 C:\xampp\htdocs\web.local\app\Models\InventarioModel.php(72): CodeIgniter\Database\BaseBuilder->insert(Array)
#5 C:\xampp\htdocs\web.local\app\Controllers\Inventario.php(28): App\Models\InventarioModel->saveKit(Array)
#6 C:\xampp\htdocs\web.local\system\CodeIgniter.php(932): App\Controllers\Inventario->salvar()
#7 C:\xampp\htdocs\web.local\system\CodeIgniter.php(497): CodeIgniter\CodeIgniter->runController(Object(App\Controllers\Inventario))
#8 C:\xampp\htdocs\web.local\system\CodeIgniter.php(366): CodeIgniter\CodeIgniter->handleRequest(NULL, Object(Config\Cache), false)
#9 C:\xampp\htdocs\web.local\public\index.php(67): CodeIgniter\CodeIgniter->run()
#10 {main}
INFO - 2026-07-30 13:14:35 --> Session: Class initialized using 'CodeIgniter\Session\Handlers\FileHandler' driver.
