ERROR - 2026-07-22 13:28:53 --> mysqli_sql_exception: Table 'sistema_web.emprestimoequi' doesn't exist in C:\xampp\htdocs\web.local\system\Database\MySQLi\Connection.php:295
Stack trace:
#0 C:\xampp\htdocs\web.local\system\Database\MySQLi\Connection.php(295): mysqli->query('SELECT *\nFROM `...', 0)
#1 C:\xampp\htdocs\web.local\system\Database\BaseConnection.php(692): CodeIgniter\Database\MySQLi\Connection->execute('SELECT *\nFROM `...')
#2 C:\xampp\htdocs\web.local\system\Database\BaseConnection.php(606): CodeIgniter\Database\BaseConnection->simpleQuery('SELECT *\nFROM `...')
#3 C:\xampp\htdocs\web.local\system\Database\BaseBuilder.php(1616): CodeIgniter\Database\BaseConnection->query('SELECT *\nFROM `...', Array, false)
#4 C:\xampp\htdocs\web.local\system\Model.php(241): CodeIgniter\Database\BaseBuilder->get()
#5 C:\xampp\htdocs\web.local\system\BaseModel.php(618): CodeIgniter\Model->doFindAll(0, 0)
#6 C:\xampp\htdocs\web.local\app\Controllers\Emprestimoequi.php(16): CodeIgniter\BaseModel->findAll()
#7 C:\xampp\htdocs\web.local\system\CodeIgniter.php(932): App\Controllers\Emprestimoequi->index()
#8 C:\xampp\htdocs\web.local\system\CodeIgniter.php(497): CodeIgniter\CodeIgniter->runController(Object(App\Controllers\Emprestimoequi))
#9 C:\xampp\htdocs\web.local\system\CodeIgniter.php(366): CodeIgniter\CodeIgniter->handleRequest(NULL, Object(Config\Cache), false)
#10 C:\xampp\htdocs\web.local\public\index.php(67): CodeIgniter\CodeIgniter->run()
#11 {main}
CRITICAL - 2026-07-22 13:28:53 --> Table 'sistema_web.emprestimoequi' doesn't exist
in SYSTEMPATH\Database\MySQLi\Connection.php on line 295.
 1 SYSTEMPATH\Database\MySQLi\Connection.php(295): mysqli->query('SELECT *
FROM `emprestimoequi`', 0)
 2 SYSTEMPATH\Database\BaseConnection.php(692): CodeIgniter\Database\MySQLi\Connection->execute('SELECT *
FROM `emprestimoequi`')
 3 SYSTEMPATH\Database\BaseConnection.php(606): CodeIgniter\Database\BaseConnection->simpleQuery('SELECT *
FROM `emprestimoequi`')
 4 SYSTEMPATH\Database\BaseBuilder.php(1616): CodeIgniter\Database\BaseConnection->query('SELECT *
FROM `emprestimoequi`', [], false)
 5 SYSTEMPATH\Model.php(241): CodeIgniter\Database\BaseBuilder->get()
 6 SYSTEMPATH\BaseModel.php(618): CodeIgniter\Model->doFindAll(0, 0)
 7 APPPATH\Controllers\Emprestimoequi.php(16): CodeIgniter\BaseModel->findAll()
 8 SYSTEMPATH\CodeIgniter.php(932): App\Controllers\Emprestimoequi->index()
 9 SYSTEMPATH\CodeIgniter.php(497): CodeIgniter\CodeIgniter->runController(Object(App\Controllers\Emprestimoequi))
10 SYSTEMPATH\CodeIgniter.php(366): CodeIgniter\CodeIgniter->handleRequest(null, Object(Config\Cache), false)
11 FCPATH\index.php(67): CodeIgniter\CodeIgniter->run()
ERROR - 2026-07-22 13:34:10 --> mysqli_sql_exception: Column 'numero_chamado' cannot be null in C:\xampp\htdocs\web.local\system\Database\MySQLi\Connection.php:295
Stack trace:
#0 C:\xampp\htdocs\web.local\system\Database\MySQLi\Connection.php(295): mysqli->query('INSERT INTO `em...', 0)
#1 C:\xampp\htdocs\web.local\system\Database\BaseConnection.php(692): CodeIgniter\Database\MySQLi\Connection->execute('INSERT INTO `em...')
#2 C:\xampp\htdocs\web.local\system\Database\BaseConnection.php(606): CodeIgniter\Database\BaseConnection->simpleQuery('INSERT INTO `em...')
#3 C:\xampp\htdocs\web.local\system\Database\BaseBuilder.php(2309): CodeIgniter\Database\BaseConnection->query('INSERT INTO `em...', Array, false)
#4 C:\xampp\htdocs\web.local\system\Model.php(330): CodeIgniter\Database\BaseBuilder->insert()
#5 C:\xampp\htdocs\web.local\system\BaseModel.php(782): CodeIgniter\Model->doInsert(Array)
#6 C:\xampp\htdocs\web.local\system\Model.php(730): CodeIgniter\BaseModel->insert(Array, true)
#7 C:\xampp\htdocs\web.local\app\Controllers\Emprestimoequi.php(46): CodeIgniter\Model->insert(Array)
#8 C:\xampp\htdocs\web.local\system\CodeIgniter.php(932): App\Controllers\Emprestimoequi->salvar()
#9 C:\xampp\htdocs\web.local\system\CodeIgniter.php(497): CodeIgniter\CodeIgniter->runController(Object(App\Controllers\Emprestimoequi))
#10 C:\xampp\htdocs\web.local\system\CodeIgniter.php(366): CodeIgniter\CodeIgniter->handleRequest(NULL, Object(Config\Cache), false)
#11 C:\xampp\htdocs\web.local\public\index.php(67): CodeIgniter\CodeIgniter->run()
#12 {main}
CRITICAL - 2026-07-22 13:34:10 --> Column 'numero_chamado' cannot be null
in SYSTEMPATH\Database\MySQLi\Connection.php on line 295.
 1 SYSTEMPATH\Database\MySQLi\Connection.php(295): mysqli->query('INSERT INTO `emprestimo_equips` (`numero_mochila`, `nome_recebedor`, `email_recebedor`, `secao`, `nome_responsavel`, `status_equipamento`, `numero_chamado`, `data_emprestimo`, `data_devolucao`, `obs`) VALUES (\'1\', \'teste\', \'blabla@educacao.sp.gov.br\', \'7\', \'teste2\', \'emprestado\', NULL, \'2026-07-22T10:33\', \'\', \'\')', 0)
 2 SYSTEMPATH\Database\BaseConnection.php(692): CodeIgniter\Database\MySQLi\Connection->execute('INSERT INTO `emprestimo_equips` (`numero_mochila`, `nome_recebedor`, `email_recebedor`, `secao`, `nome_responsavel`, `status_equipamento`, `numero_chamado`, `data_emprestimo`, `data_devolucao`, `obs`) VALUES (\'1\', \'teste\', \'blabla@educacao.sp.gov.br\', \'7\', \'teste2\', \'emprestado\', NULL, \'2026-07-22T10:33\', \'\', \'\')')
 3 SYSTEMPATH\Database\BaseConnection.php(606): CodeIgniter\Database\BaseConnection->simpleQuery('INSERT INTO `emprestimo_equips` (`numero_mochila`, `nome_recebedor`, `email_recebedor`, `secao`, `nome_responsavel`, `status_equipamento`, `numero_chamado`, `data_emprestimo`, `data_devolucao`, `obs`) VALUES (\'1\', \'teste\', \'blabla@educacao.sp.gov.br\', \'7\', \'teste2\', \'emprestado\', NULL, \'2026-07-22T10:33\', \'\', \'\')')
 4 SYSTEMPATH\Database\BaseBuilder.php(2309): CodeIgniter\Database\BaseConnection->query('INSERT INTO `emprestimo_equips` (`numero_mochila`, `nome_recebedor`, `email_recebedor`, `secao`, `nome_responsavel`, `status_equipamento`, `numero_chamado`, `data_emprestimo`, `data_devolucao`, `obs`) VALUES (:numero_mochila:, :nome_recebedor:, :email_recebedor:, :secao:, :nome_responsavel:, :status_equipamento:, :numero_chamado:, :data_emprestimo:, :data_devolucao:, :obs:)', [...], false)
 5 SYSTEMPATH\Model.php(330): CodeIgniter\Database\BaseBuilder->insert()
 6 SYSTEMPATH\BaseModel.php(782): CodeIgniter\Model->doInsert([...])
 7 SYSTEMPATH\Model.php(730): CodeIgniter\BaseModel->insert([...], true)
 8 APPPATH\Controllers\Emprestimoequi.php(46): CodeIgniter\Model->insert([...])
 9 SYSTEMPATH\CodeIgniter.php(932): App\Controllers\Emprestimoequi->salvar()
10 SYSTEMPATH\CodeIgniter.php(497): CodeIgniter\CodeIgniter->runController(Object(App\Controllers\Emprestimoequi))
11 SYSTEMPATH\CodeIgniter.php(366): CodeIgniter\CodeIgniter->handleRequest(null, Object(Config\Cache), false)
12 FCPATH\index.php(67): CodeIgniter\CodeIgniter->run()
ERROR - 2026-07-22 13:36:35 --> mysqli_sql_exception: Column 'numero_chamado' cannot be null in C:\xampp\htdocs\web.local\system\Database\MySQLi\Connection.php:295
Stack trace:
#0 C:\xampp\htdocs\web.local\system\Database\MySQLi\Connection.php(295): mysqli->query('INSERT INTO `em...', 0)
#1 C:\xampp\htdocs\web.local\system\Database\BaseConnection.php(692): CodeIgniter\Database\MySQLi\Connection->execute('INSERT INTO `em...')
#2 C:\xampp\htdocs\web.local\system\Database\BaseConnection.php(606): CodeIgniter\Database\BaseConnection->simpleQuery('INSERT INTO `em...')
#3 C:\xampp\htdocs\web.local\system\Database\BaseBuilder.php(2309): CodeIgniter\Database\BaseConnection->query('INSERT INTO `em...', Array, false)
#4 C:\xampp\htdocs\web.local\system\Model.php(330): CodeIgniter\Database\BaseBuilder->insert()
#5 C:\xampp\htdocs\web.local\system\BaseModel.php(782): CodeIgniter\Model->doInsert(Array)
#6 C:\xampp\htdocs\web.local\system\Model.php(730): CodeIgniter\BaseModel->insert(Array, true)
#7 C:\xampp\htdocs\web.local\app\Controllers\Emprestimoequi.php(46): CodeIgniter\Model->insert(Array)
#8 C:\xampp\htdocs\web.local\system\CodeIgniter.php(932): App\Controllers\Emprestimoequi->salvar()
#9 C:\xampp\htdocs\web.local\system\CodeIgniter.php(497): CodeIgniter\CodeIgniter->runController(Object(App\Controllers\Emprestimoequi))
#10 C:\xampp\htdocs\web.local\system\CodeIgniter.php(366): CodeIgniter\CodeIgniter->handleRequest(NULL, Object(Config\Cache), false)
#11 C:\xampp\htdocs\web.local\public\index.php(67): CodeIgniter\CodeIgniter->run()
#12 {main}
CRITICAL - 2026-07-22 13:36:35 --> Column 'numero_chamado' cannot be null
in SYSTEMPATH\Database\MySQLi\Connection.php on line 295.
 1 SYSTEMPATH\Database\MySQLi\Connection.php(295): mysqli->query('INSERT INTO `emprestimo_equips` (`numero_mochila`, `nome_recebedor`, `email_recebedor`, `secao`, `nome_responsavel`, `status_equipamento`, `numero_chamado`, `data_emprestimo`, `data_devolucao`, `obs`) VALUES (\'3\', \'teste\', \'blabla@educacao.sp.gov.br\', \'2\', \'teste2\', \'disponível para empréstimo\', NULL, \'2026-07-22T10:36\', \'\', \'\')', 0)
 2 SYSTEMPATH\Database\BaseConnection.php(692): CodeIgniter\Database\MySQLi\Connection->execute('INSERT INTO `emprestimo_equips` (`numero_mochila`, `nome_recebedor`, `email_recebedor`, `secao`, `nome_responsavel`, `status_equipamento`, `numero_chamado`, `data_emprestimo`, `data_devolucao`, `obs`) VALUES (\'3\', \'teste\', \'blabla@educacao.sp.gov.br\', \'2\', \'teste2\', \'disponível para empréstimo\', NULL, \'2026-07-22T10:36\', \'\', \'\')')
 3 SYSTEMPATH\Database\BaseConnection.php(606): CodeIgniter\Database\BaseConnection->simpleQuery('INSERT INTO `emprestimo_equips` (`numero_mochila`, `nome_recebedor`, `email_recebedor`, `secao`, `nome_responsavel`, `status_equipamento`, `numero_chamado`, `data_emprestimo`, `data_devolucao`, `obs`) VALUES (\'3\', \'teste\', \'blabla@educacao.sp.gov.br\', \'2\', \'teste2\', \'disponível para empréstimo\', NULL, \'2026-07-22T10:36\', \'\', \'\')')
 4 SYSTEMPATH\Database\BaseBuilder.php(2309): CodeIgniter\Database\BaseConnection->query('INSERT INTO `emprestimo_equips` (`numero_mochila`, `nome_recebedor`, `email_recebedor`, `secao`, `nome_responsavel`, `status_equipamento`, `numero_chamado`, `data_emprestimo`, `data_devolucao`, `obs`) VALUES (:numero_mochila:, :nome_recebedor:, :email_recebedor:, :secao:, :nome_responsavel:, :status_equipamento:, :numero_chamado:, :data_emprestimo:, :data_devolucao:, :obs:)', [...], false)
 5 SYSTEMPATH\Model.php(330): CodeIgniter\Database\BaseBuilder->insert()
 6 SYSTEMPATH\BaseModel.php(782): CodeIgniter\Model->doInsert([...])
 7 SYSTEMPATH\Model.php(730): CodeIgniter\BaseModel->insert([...], true)
 8 APPPATH\Controllers\Emprestimoequi.php(46): CodeIgniter\Model->insert([...])
 9 SYSTEMPATH\CodeIgniter.php(932): App\Controllers\Emprestimoequi->salvar()
10 SYSTEMPATH\CodeIgniter.php(497): CodeIgniter\CodeIgniter->runController(Object(App\Controllers\Emprestimoequi))
11 SYSTEMPATH\CodeIgniter.php(366): CodeIgniter\CodeIgniter->handleRequest(null, Object(Config\Cache), false)
12 FCPATH\index.php(67): CodeIgniter\CodeIgniter->run()
ERROR - 2026-07-22 13:46:17 --> mysqli_sql_exception: Column 'numero_chamado' cannot be null in C:\xampp\htdocs\web.local\system\Database\MySQLi\Connection.php:295
Stack trace:
#0 C:\xampp\htdocs\web.local\system\Database\MySQLi\Connection.php(295): mysqli->query('INSERT INTO `em...', 0)
#1 C:\xampp\htdocs\web.local\system\Database\BaseConnection.php(692): CodeIgniter\Database\MySQLi\Connection->execute('INSERT INTO `em...')
#2 C:\xampp\htdocs\web.local\system\Database\BaseConnection.php(606): CodeIgniter\Database\BaseConnection->simpleQuery('INSERT INTO `em...')
#3 C:\xampp\htdocs\web.local\system\Database\BaseBuilder.php(2309): CodeIgniter\Database\BaseConnection->query('INSERT INTO `em...', Array, false)
#4 C:\xampp\htdocs\web.local\system\Model.php(330): CodeIgniter\Database\BaseBuilder->insert()
#5 C:\xampp\htdocs\web.local\system\BaseModel.php(782): CodeIgniter\Model->doInsert(Array)
#6 C:\xampp\htdocs\web.local\system\Model.php(730): CodeIgniter\BaseModel->insert(Array, true)
#7 C:\xampp\htdocs\web.local\app\Controllers\Emprestimoequi.php(46): CodeIgniter\Model->insert(Array)
#8 C:\xampp\htdocs\web.local\system\CodeIgniter.php(932): App\Controllers\Emprestimoequi->salvar()
#9 C:\xampp\htdocs\web.local\system\CodeIgniter.php(497): CodeIgniter\CodeIgniter->runController(Object(App\Controllers\Emprestimoequi))
#10 C:\xampp\htdocs\web.local\system\CodeIgniter.php(366): CodeIgniter\CodeIgniter->handleRequest(NULL, Object(Config\Cache), false)
#11 C:\xampp\htdocs\web.local\public\index.php(67): CodeIgniter\CodeIgniter->run()
#12 {main}
CRITICAL - 2026-07-22 13:46:17 --> Column 'numero_chamado' cannot be null
in SYSTEMPATH\Database\MySQLi\Connection.php on line 295.
 1 SYSTEMPATH\Database\MySQLi\Connection.php(295): mysqli->query('INSERT INTO `emprestimo_equips` (`numero_mochila`, `nome_recebedor`, `email_recebedor`, `secao`, `nome_responsavel`, `status_equipamento`, `numero_chamado`, `data_emprestimo`, `data_devolucao`, `obs`) VALUES (\'1\', \'teste\', \'desvinit@servidor.educacao.sp.gov.br\', \'1\', \'teste2\', \'disponível para empréstimo\', NULL, \'2026-07-09T10:46\', \'\', \'\')', 0)
 2 SYSTEMPATH\Database\BaseConnection.php(692): CodeIgniter\Database\MySQLi\Connection->execute('INSERT INTO `emprestimo_equips` (`numero_mochila`, `nome_recebedor`, `email_recebedor`, `secao`, `nome_responsavel`, `status_equipamento`, `numero_chamado`, `data_emprestimo`, `data_devolucao`, `obs`) VALUES (\'1\', \'teste\', \'desvinit@servidor.educacao.sp.gov.br\', \'1\', \'teste2\', \'disponível para empréstimo\', NULL, \'2026-07-09T10:46\', \'\', \'\')')
 3 SYSTEMPATH\Database\BaseConnection.php(606): CodeIgniter\Database\BaseConnection->simpleQuery('INSERT INTO `emprestimo_equips` (`numero_mochila`, `nome_recebedor`, `email_recebedor`, `secao`, `nome_responsavel`, `status_equipamento`, `numero_chamado`, `data_emprestimo`, `data_devolucao`, `obs`) VALUES (\'1\', \'teste\', \'desvinit@servidor.educacao.sp.gov.br\', \'1\', \'teste2\', \'disponível para empréstimo\', NULL, \'2026-07-09T10:46\', \'\', \'\')')
 4 SYSTEMPATH\Database\BaseBuilder.php(2309): CodeIgniter\Database\BaseConnection->query('INSERT INTO `emprestimo_equips` (`numero_mochila`, `nome_recebedor`, `email_recebedor`, `secao`, `nome_responsavel`, `status_equipamento`, `numero_chamado`, `data_emprestimo`, `data_devolucao`, `obs`) VALUES (:numero_mochila:, :nome_recebedor:, :email_recebedor:, :secao:, :nome_responsavel:, :status_equipamento:, :numero_chamado:, :data_emprestimo:, :data_devolucao:, :obs:)', [...], false)
 5 SYSTEMPATH\Model.php(330): CodeIgniter\Database\BaseBuilder->insert()
 6 SYSTEMPATH\BaseModel.php(782): CodeIgniter\Model->doInsert([...])
 7 SYSTEMPATH\Model.php(730): CodeIgniter\BaseModel->insert([...], true)
 8 APPPATH\Controllers\Emprestimoequi.php(46): CodeIgniter\Model->insert([...])
 9 SYSTEMPATH\CodeIgniter.php(932): App\Controllers\Emprestimoequi->salvar()
10 SYSTEMPATH\CodeIgniter.php(497): CodeIgniter\CodeIgniter->runController(Object(App\Controllers\Emprestimoequi))
11 SYSTEMPATH\CodeIgniter.php(366): CodeIgniter\CodeIgniter->handleRequest(null, Object(Config\Cache), false)
12 FCPATH\index.php(67): CodeIgniter\CodeIgniter->run()
